Archive member included to satisfy reference by file (symbol)

C:/devkitPro/libctru/lib\libcitro3d.a(base.o)
                              main.o (C3D_Init)
C:/devkitPro/libctru/lib\libcitro3d.a(renderqueue.o)
                              C:/devkitPro/libctru/lib\libcitro3d.a(base.o) (C3Di_RenderQueueEnableVBlank)
C:/devkitPro/libctru/lib\libcitro3d.a(texture.o)
                              C:/devkitPro/libctru/lib\libcitro3d.a(base.o) (C3Di_SetTex)
C:/devkitPro/libctru/lib\libcitro3d.a(framebuffer.o)
                              C:/devkitPro/libctru/lib\libcitro3d.a(renderqueue.o) (C3D_CalcColorBufSize)
C:/devkitPro/libctru/lib\libcitro3d.a(texenv.o)
                              main.o (C3D_GetTexEnv)
C:/devkitPro/libctru/lib\libcitro3d.a(buffers.o)
                              main.o (BufInfo_Init)
C:/devkitPro/libctru/lib\libcitro3d.a(drawArrays.o)
                              main.o (C3D_DrawArrays)
C:/devkitPro/libctru/lib\libcitro3d.a(effect.o)
                              C:/devkitPro/libctru/lib\libcitro3d.a(base.o) (C3D_DepthMap)
C:/devkitPro/libctru/lib\libcitro3d.a(attribs.o)
                              main.o (AttrInfo_Init)
C:/devkitPro/libctru/lib\libcitro3d.a(immediate.o)
                              C:/devkitPro/libctru/lib\libcitro3d.a(base.o) (C3D_ImmSendAttrib)
C:/devkitPro/libctru/lib\libcitro3d.a(uniforms.o)
                              C:/devkitPro/libctru/lib\libcitro3d.a(base.o) (C3D_UpdateUniforms)
C:/devkitPro/libctru/lib\libcitro3d.a(mtx_orthotilt.o)
                              main.o (Mtx_OrthoTilt)
C:/devkitPro/libctru/lib\libctru.a(vram.o)
                              C:/devkitPro/libctru/lib\libcitro3d.a(renderqueue.o) (vramAlloc)
C:/devkitPro/libctru/lib\libctru.a(linear.o)
                              main.o (linearAlloc)
C:/devkitPro/libctru/lib\libctru.a(mem_pool.o)
                              C:/devkitPro/libctru/lib\libctru.a(vram.o) (MemPool::Allocate(MemChunk&, unsigned long, int))
C:/devkitPro/libctru/lib\libctru.a(os.o)
                              C:/devkitPro/libctru/lib\libcitro3d.a(texture.o) (osConvertVirtToPhys)
C:/devkitPro/libctru/lib\libctru.a(gfx.o)
                              main.o (gfxInitDefault)
C:/devkitPro/libctru/lib\libctru.a(shaderProgram.o)
                              main.o (shaderInstanceGetUniformLocation)
C:/devkitPro/libctru/lib\libctru.a(shbin.o)
                              main.o (DVLB_ParseFile)
C:/devkitPro/libctru/lib\libctru.a(gx.o)
                              C:/devkitPro/libctru/lib\libcitro3d.a(renderqueue.o) (GX_BindQueue)
C:/devkitPro/libctru/lib\libctru.a(gxqueue.o)
                              C:/devkitPro/libctru/lib\libcitro3d.a(renderqueue.o) (gxCmdQueueClear)
C:/devkitPro/libctru/lib\libctru.a(gpu.o)
                              C:/devkitPro/libctru/lib\libcitro3d.a(base.o) (GPUCMD_Add)
C:/devkitPro/libctru/lib\libctru.a(gspgpu.o)
                              C:/devkitPro/libctru/lib\libctru.a(gfx.o) (gspInit)
C:/devkitPro/libctru/lib\libctru.a(apt.o)
                              C:/devkitPro/libctru/lib\libcitro3d.a(base.o) (aptHook)
C:/devkitPro/libctru/lib\libctru.a(hid.o)
                              main.o (hidScanInput)
C:/devkitPro/libctru/lib\libctru.a(ptmsysm.o)
                              C:/devkitPro/libctru/lib\libctru.a(os.o) (ptmSysmInit)
C:/devkitPro/libctru/lib\libctru.a(rbtree_init.o)
                              C:/devkitPro/libctru/lib\libctru.a(vram.o) (rbtree_init)
C:/devkitPro/libctru/lib\libctru.a(rbtree_insert.o)
                              C:/devkitPro/libctru/lib\libctru.a(vram.o) (rbtree_insert)
C:/devkitPro/libctru/lib\libctru.a(rbtree_rotate.o)
                              C:/devkitPro/libctru/lib\libctru.a(rbtree_insert.o) (rbtree_rotate)
C:/devkitPro/libctru/lib\libctru.a(rbtree_remove.o)
                              C:/devkitPro/libctru/lib\libctru.a(vram.o) (rbtree_remove)
C:/devkitPro/libctru/lib\libctru.a(rbtree_find.o)
                              C:/devkitPro/libctru/lib\libctru.a(vram.o) (rbtree_find)
C:/devkitPro/libctru/lib\libctru.a(allocateHeaps.o)
                              C:/devkitPro/libctru/lib\libcitro3d.a(renderqueue.o) (__ctru_linear_heap_size)
C:/devkitPro/libctru/lib\libctru.a(ctru_init.o)
                              C:/devkitPro/libctru/lib\libctru.a(apt.o) (__system_retAddr)
C:/devkitPro/libctru/lib\libctru.a(initArgv.o)
                              C:/devkitPro/libctru/lib\libctru.a(ctru_init.o) (__system_initArgv)
C:/devkitPro/libctru/lib\libctru.a(svc.o)
                              C:/devkitPro/libctru/lib\libctru.a(allocateHeaps.o) (svcControlMemory)
C:/devkitPro/libctru/lib\libctru.a(stack_adjust.o)
                              c:/devkitpro/devkitarm/bin/../lib/gcc/arm-none-eabi/10.2.0/../../../../arm-none-eabi/lib/armv6k/fpu/3dsx_crt0.o (initSystem)
C:/devkitPro/libctru/lib\libctru.a(synchronization.o)
[...]
Memory Configuration

Name             Origin             Length             Attributes
*default*        0x0000000000000000 0xffffffffffffffff

Linker script and memory map

                0x0000000000100000                PROVIDE (__start__ = 0x100000)
                0x0000000000100000                . = __start__

.text           0x0000000000100000     0xeee4
 *(.crt0)
 .crt0          0x0000000000100000       0x94 c:/devkitpro/devkitarm/bin/../lib/gcc/arm-none-eabi/10.2.0/../../../../arm-none-eabi/lib/armv6k/fpu/3dsx_crt0.o
                0x0000000000100000                _start
                0x0000000000100008                __service_ptr
                0x000000000010000c                __apt_appid
                0x0000000000100010                __heap_size
                0x0000000000100014                __linear_heap_size
                0x0000000000100018                __system_arglist
                0x000000000010001c                __system_runflags
 *(.init)
 .init          0x0000000000100094        0xc c:/devkitpro/devkitarm/bin/../lib/gcc/arm-none-eabi/10.2.0/armv6k/fpu/crti.o
                0x0000000000100094                _init
 .init          0x00000000001000a0        0xc c:/devkitpro/devkitarm/bin/../lib/gcc/arm-none-eabi/10.2.0/armv6k/fpu/crtn.o
                0x00000000001000ac                . = ALIGN (0x4)
 *(.text)
 .text          0x00000000001000ac       0xd4 c:/devkitpro/devkitarm/bin/../lib/gcc/arm-none-eabi/10.2.0/armv6k/fpu\libgcc.a(_aeabi_ldivmod.o)
                0x00000000001000ac                __aeabi_ldivmod
 .text          0x0000000000100180        0x4 c:/devkitpro/devkitarm/bin/../lib/gcc/arm-none-eabi/10.2.0/armv6k/fpu\libgcc.a(_dvmd_tls.o)
                0x0000000000100180                __aeabi_idiv0
                0x0000000000100180                __aeabi_ldiv0
 *fill*         0x0000000000100184       0x1c 
 .text          0x00000000001001a0      0x390 c:/devkitpro/devkitarm/bin/../lib/gcc/arm-none-eabi/10.2.0/../../../../arm-none-eabi/lib/armv6k/fpu\libg.a(lib_a-strcmp.o)
                0x00000000001001a8                strcmp
 .text          0x0000000000100530      0x20c c:/devkitpro/devkitarm/bin/../lib/gcc/arm-none-eabi/10.2.0/armv6k/fpu\libgcc.a(_udivsi3.o)
                0x0000000000100530                __aeabi_uidiv
                0x0000000000100530                __udivsi3
                0x000000000010071c                __aeabi_uidivmod
 *(.text.*)
 .text.__do_global_dtors_aux
                0x000000000010073c       0x40 c:/devkitpro/devkitarm/bin/../lib/gcc/arm-none-eabi/10.2.0/armv6k/fpu/crtbegin.o
 .text.frame_dummy
                0x000000000010077c       0x2c c:/devkitpro/devkitarm/bin/../lib/gcc/arm-none-eabi/10.2.0/armv6k/fpu/crtbegin.o
 .text.startup.main
                0x00000000001007a8      0x29c main.o
                0x00000000001007a8                main
 .text.C3Di_LightEnvUpdate
                0x0000000000100a44        0x4 C:/devkitPro/libctru/lib\libcitro3d.a(base.o)
                0x0000000000100a44                C3Di_LightEnvUpdate
 .text.C3Di_LightEnvDirty
                0x0000000000100a48        0x4 C:/devkitPro/libctru/lib\libcitro3d.a(base.o)
                0x0000000000100a48                C3Di_LightEnvDirty
 .text.C3Di_ProcTexUpdate
                0x0000000000100a4c        0x4 C:/devkitPro/libctru/lib\libcitro3d.a(base.o)
                0x0000000000100a4c                C3Di_ProcTexUpdate
 .text.C3Di_ProcTexDirty
                0x0000000000100a50        0x4 C:/devkitPro/libctru/lib\libcitro3d.a(base.o)
                0x0000000000100a50                C3Di_ProcTexDirty
 .text.C3Di_AptEventHook
                0x0000000000100a54       0xb4 C:/devkitPro/libctru/lib\libcitro3d.a(base.o)
 .text.C3Di_GasUpdate
                0x0000000000100b08        0x4 C:/devkitPro/libctru/lib\libcitro3d.a(base.o)
                0x0000000000100b08                C3Di_GasUpdate
 .text.C3D_Init
                0x0000000000100b0c      0x1e0 C:/devkitPro/libctru/lib\libcitro3d.a(base.o)
                0x0000000000100b0c                C3D_Init
 .text.C3D_SetViewport
                0x0000000000100cec       0x98 C:/devkitPro/libctru/lib\libcitro3d.a(base.o)
                0x0000000000100cec                C3D_SetViewport
 .text.C3Di_UpdateContext
                0x0000000000100d84      0x4ec C:/devkitPro/libctru/lib\libcitro3d.a(base.o)
                0x0000000000100d84                C3Di_UpdateContext
 .text.C3Di_SplitFrame
                0x0000000000101270       0xe0 C:/devkitPro/libctru/lib\libcitro3d.a(base.o)
                0x0000000000101270                C3Di_SplitFrame
 .text.C3D_Fini
                0x0000000000101350       0x44 C:/devkitPro/libctru/lib\libcitro3d.a(base.o)
                0x0000000000101350                C3D_Fini
 .text.C3D_BindProgram
                0x0000000000101394      0x108 C:/devkitPro/libctru/lib\libcitro3d.a(base.o)
                0x0000000000101394                C3D_BindProgram
 .text.C3D_FixedAttribGetWritePtr
                0x000000000010149c       0x60 C:/devkitPro/libctru/lib\libcitro3d.a(base.o)
                0x000000000010149c                C3D_FixedAttribGetWritePtr
 .text.onVBlank0
                0x00000000001014fc       0x4c C:/devkitPro/libctru/lib\libcitro3d.a(renderqueue.o)
 .text.onVBlank1
                0x0000000000101548       0x4c C:/devkitPro/libctru/lib\libcitro3d.a(renderqueue.o)
 .text.C3Di_RenderTargetDestroy
                0x0000000000101594       0x80 C:/devkitPro/libctru/lib\libcitro3d.a(renderqueue.o)
 .text.onQueueFinish
                0x0000000000101614       0xf4 C:/devkitPro/libctru/lib\libcitro3d.a(renderqueue.o)
 .text.C3Di_RenderQueueEnableVBlank
                0x0000000000101708       0x38 C:/devkitPro/libctru/lib\libcitro3d.a(renderqueue.o)
                0x0000000000101708                C3Di_RenderQueueEnableVBlank
 .text.C3Di_RenderQueueDisableVBlank
                0x0000000000101740       0x30 C:/devkitPro/libctru/lib\libcitro3d.a(renderqueue.o)
                0x0000000000101740                C3Di_RenderQueueDisableVBlank
 .text.C3Di_RenderQueueInit
                0x0000000000101770       0x60 C:/devkitPro/libctru/lib\libcitro3d.a(renderqueue.o)
                0x0000000000101770                C3Di_RenderQueueInit
 .text.C3Di_RenderQueueExit
                0x00000000001017d0       0xb0 C:/devkitPro/libctru/lib\libcitro3d.a(renderqueue.o)
                0x00000000001017d0                C3Di_RenderQueueExit
 .text.C3Di_RenderQueueWaitDone
                0x0000000000101880       0x34 C:/devkitPro/libctru/lib\libcitro3d.a(renderqueue.o)
                0x0000000000101880                C3Di_RenderQueueWaitDone
 .text.C3D_FrameBegin
                0x00000000001018b4       0xe4 C:/devkitPro/libctru/lib\libcitro3d.a(renderqueue.o)
                0x00000000001018b4                C3D_FrameBegin
 .text.C3D_FrameDrawOn
                0x0000000000101998       0x48 C:/devkitPro/libctru/lib\libcitro3d.a(renderqueue.o)
                0x0000000000101998                C3D_FrameDrawOn
 .text.C3D_FrameEnd
                0x00000000001019e0      0x1d8 C:/devkitPro/libctru/lib\libcitro3d.a(renderqueue.o)
                0x00000000001019e0                C3D_FrameEnd
 .text.C3D_RenderTargetCreate
                0x0000000000101bb8      0x128 C:/devkitPro/libctru/lib\libcitro3d.a(renderqueue.o)
                0x0000000000101bb8                C3D_RenderTargetCreate
 .text.C3D_RenderTargetSetOutput
                0x0000000000101ce0       0xa8 C:/devkitPro/libctru/lib\libcitro3d.a(renderqueue.o)
                0x0000000000101ce0                C3D_RenderTargetSetOutput
 .text.C3Di_SetTex
                0x0000000000101d88      0x16c C:/devkitPro/libctru/lib\libcitro3d.a(texture.o)
                0x0000000000101d88                C3Di_SetTex
 .text.C3D_CalcColorBufSize
                0x0000000000101ef4       0x1c C:/devkitPro/libctru/lib\libcitro3d.a(framebuffer.o)
                0x0000000000101ef4                C3D_CalcColorBufSize
 .text.C3D_CalcDepthBufSize
                0x0000000000101f10       0x1c C:/devkitPro/libctru/lib\libcitro3d.a(framebuffer.o)
                0x0000000000101f10                C3D_CalcDepthBufSize
 .text.C3D_SetFrameBuf
                0x0000000000101f2c       0x44 C:/devkitPro/libctru/lib\libcitro3d.a(framebuffer.o)
                0x0000000000101f2c                C3D_SetFrameBuf
 .text.C3Di_FrameBufBind
                0x0000000000101f70      0x16c C:/devkitPro/libctru/lib\libcitro3d.a(framebuffer.o)
                0x0000000000101f70                C3Di_FrameBufBind
 .text.C3D_FrameBufClear
                0x00000000001020dc       0xcc C:/devkitPro/libctru/lib\libcitro3d.a(framebuffer.o)
                0x00000000001020dc                C3D_FrameBufClear
 .text.C3D_FrameBufTransfer
                0x00000000001021a8       0x44 C:/devkitPro/libctru/lib\libcitro3d.a(framebuffer.o)
                0x00000000001021a8                C3D_FrameBufTransfer
 .text.C3D_GetTexEnv
                0x00000000001021ec       0x34 C:/devkitPro/libctru/lib\libcitro3d.a(texenv.o)
                0x00000000001021ec                C3D_GetTexEnv
 .text.C3Di_TexEnvBind
                0x0000000000102220       0x24 C:/devkitPro/libctru/lib\libcitro3d.a(texenv.o)
                0x0000000000102220                C3Di_TexEnvBind
 .text.BufInfo_Init
                0x0000000000102244       0x24 C:/devkitPro/libctru/lib\libcitro3d.a(buffers.o)
                0x0000000000102244                BufInfo_Init
 .text.BufInfo_Add
                0x0000000000102268       0x80 C:/devkitPro/libctru/lib\libcitro3d.a(buffers.o)
                0x0000000000102268                BufInfo_Add
 .text.C3D_GetBufInfo
                0x00000000001022e8       0x20 C:/devkitPro/libctru/lib\libcitro3d.a(buffers.o)
                0x00000000001022e8                C3D_GetBufInfo
 .text.C3Di_BufInfoBind
                0x0000000000102308       0x48 C:/devkitPro/libctru/lib\libcitro3d.a(buffers.o)
                0x0000000000102308                C3Di_BufInfoBind
 .text.C3D_DrawArrays
                0x0000000000102350      0x148 C:/devkitPro/libctru/lib\libcitro3d.a(drawArrays.o)
                0x0000000000102350                C3D_DrawArrays
 .text.C3D_DepthMap
                0x0000000000102498       0x40 C:/devkitPro/libctru/lib\libcitro3d.a(effect.o)
                0x0000000000102498                C3D_DepthMap
 .text.C3D_CullFace
                0x00000000001024d8       0x1c C:/devkitPro/libctru/lib\libcitro3d.a(effect.o)
                0x00000000001024d8                C3D_CullFace
 .text.C3D_StencilTest
                0x00000000001024f4       0x40 C:/devkitPro/libctru/lib\libcitro3d.a(effect.o)
                0x00000000001024f4                C3D_StencilTest
 .text.C3D_StencilOp
                0x0000000000102534       0x24 C:/devkitPro/libctru/lib\libcitro3d.a(effect.o)
                0x0000000000102534                C3D_StencilOp
 .text.C3D_BlendingColor
                0x0000000000102558       0x1c C:/devkitPro/libctru/lib\libcitro3d.a(effect.o)
                0x0000000000102558                C3D_BlendingColor
 .text.C3D_EarlyDepthTest
                0x0000000000102574       0x24 C:/devkitPro/libctru/lib\libcitro3d.a(effect.o)
                0x0000000000102574                C3D_EarlyDepthTest
 .text.C3D_DepthTest
                0x0000000000102598       0x2c C:/devkitPro/libctru/lib\libcitro3d.a(effect.o)
                0x0000000000102598                C3D_DepthTest
 .text.C3D_AlphaTest
                0x00000000001025c4       0x2c C:/devkitPro/libctru/lib\libcitro3d.a(effect.o)
                0x00000000001025c4                C3D_AlphaTest
 .text.C3D_AlphaBlend
                0x00000000001025f0       0x50 C:/devkitPro/libctru/lib\libcitro3d.a(effect.o)
                0x00000000001025f0                C3D_AlphaBlend
 .text.C3D_FragOpMode
                0x0000000000102640       0x30 C:/devkitPro/libctru/lib\libcitro3d.a(effect.o)
                0x0000000000102640                C3D_FragOpMode
 .text.C3D_FragOpShadow
                0x0000000000102670       0x44 C:/devkitPro/libctru/lib\libcitro3d.a(effect.o)
                0x0000000000102670                C3D_FragOpShadow
 .text.C3Di_EffectBind
                0x00000000001026b4      0x1ac C:/devkitPro/libctru/lib\libcitro3d.a(effect.o)
                0x00000000001026b4                C3Di_EffectBind
 .text.AttrInfo_Init
                0x0000000000102860       0x28 C:/devkitPro/libctru/lib\libcitro3d.a(attribs.o)
                0x0000000000102860                AttrInfo_Init
 .text.AttrInfo_AddLoader
                0x0000000000102888       0x98 C:/devkitPro/libctru/lib\libcitro3d.a(attribs.o)
                0x0000000000102888                AttrInfo_AddLoader
 .text.AttrInfo_AddFixed
                0x0000000000102920       0x60 C:/devkitPro/libctru/lib\libcitro3d.a(attribs.o)
                0x0000000000102920                AttrInfo_AddFixed
 .text.C3D_GetAttrInfo
                0x0000000000102980       0x20 C:/devkitPro/libctru/lib\libcitro3d.a(attribs.o)
                0x0000000000102980                C3D_GetAttrInfo
 .text.C3Di_AttrInfoBind
                0x00000000001029a0       0x80 C:/devkitPro/libctru/lib\libcitro3d.a(attribs.o)
                0x00000000001029a0                C3Di_AttrInfoBind
 .text.C3D_ImmSendAttrib
                0x0000000000102a20       0xa8 C:/devkitPro/libctru/lib\libcitro3d.a(immediate.o)
                0x0000000000102a20                C3D_ImmSendAttrib
 .text.C3D_UpdateUniforms
                0x0000000000102ac8      0x29c C:/devkitPro/libctru/lib\libcitro3d.a(uniforms.o)
                0x0000000000102ac8                C3D_UpdateUniforms
 .text.C3Di_DirtyUniforms
                0x0000000000102d64       0xc0 C:/devkitPro/libctru/lib\libcitro3d.a(uniforms.o)
                0x0000000000102d64                C3Di_DirtyUniforms
 .text.C3Di_LoadShaderUniforms
                0x0000000000102e24       0xd8 C:/devkitPro/libctru/lib\libcitro3d.a(uniforms.o)
                0x0000000000102e24                C3Di_LoadShaderUniforms
 .text.C3Di_ClearShaderUniforms
                0x0000000000102efc       0x28 C:/devkitPro/libctru/lib\libcitro3d.a(uniforms.o)
                0x0000000000102efc                C3Di_ClearShaderUniforms
 .text.Mtx_OrthoTilt
                0x0000000000102f24       0xcc C:/devkitPro/libctru/lib\libcitro3d.a(mtx_orthotilt.o)
                0x0000000000102f24                Mtx_OrthoTilt
 .text._ZL21addrMapNodeComparatorPK11rbtree_nodeS1_
                0x0000000000102ff0       0x24 C:/devkitPro/libctru/lib\libctru.a(vram.o)
 .text._ZL21addrMapNodeDestructorP11rbtree_node
                0x0000000000103014        0x4 C:/devkitPro/libctru/lib\libctru.a(vram.o)
 .text.vramMemAlign
                0x0000000000103018      0x114 C:/devkitPro/libctru/lib\libctru.a(vram.o)
                0x0000000000103018                vramMemAlign
 .text.vramAlloc
                0x000000000010312c        0x8 C:/devkitPro/libctru/lib\libctru.a(vram.o)
                0x000000000010312c                vramAlloc
 .text.vramFree
                0x0000000000103134       0x5c C:/devkitPro/libctru/lib\libctru.a(vram.o)
                0x0000000000103134                vramFree
 .text._ZL21addrMapNodeComparatorPK11rbtree_nodeS1_
                0x0000000000103190       0x24 C:/devkitPro/libctru/lib\libctru.a(linear.o)
 .text._ZL21addrMapNodeDestructorP11rbtree_node
                0x00000000001031b4        0x4 C:/devkitPro/libctru/lib\libctru.a(linear.o)
 .text.linearMemAlign
                0x00000000001031b8      0x120 C:/devkitPro/libctru/lib\libctru.a(linear.o)
                0x00000000001031b8                linearMemAlign
 .text.linearAlloc
                0x00000000001032d8        0x8 C:/devkitPro/libctru/lib\libctru.a(linear.o)
                0x00000000001032d8                linearAlloc
 .text.linearFree
                0x00000000001032e0       0x5c C:/devkitPro/libctru/lib\libctru.a(linear.o)
                0x00000000001032e0                linearFree
 .text._ZN7MemPool13CoalesceRightEP8MemBlock
                0x000000000010333c       0x84 C:/devkitPro/libctru/lib\libctru.a(mem_pool.o)
                0x000000000010333c                MemPool::CoalesceRight(MemBlock*)
 .text._ZN7MemPool8AllocateER8MemChunkmi
                0x00000000001033c0      0x170 C:/devkitPro/libctru/lib\libctru.a(mem_pool.o)
                0x00000000001033c0                MemPool::Allocate(MemChunk&, unsigned long, int)
 .text._ZN7MemPool10DeallocateERK8MemChunk
                0x0000000000103530       0xfc C:/devkitPro/libctru/lib\libctru.a(mem_pool.o)
                0x0000000000103530                MemPool::Deallocate(MemChunk const&)
 .text.osConvertVirtToPhys
                0x000000000010362c       0x74 C:/devkitPro/libctru/lib\libctru.a(os.o)
                0x000000000010362c                osConvertVirtToPhys
 .text.osGetTimeRef
                0x00000000001036a0       0x54 C:/devkitPro/libctru/lib\libctru.a(os.o)
                0x00000000001036a0                osGetTimeRef
 .text.osGetTime
                0x00000000001036f4       0xe4 C:/devkitPro/libctru/lib\libctru.a(os.o)
                0x00000000001036f4                osGetTime
 .text.__libctru_gtod
                0x00000000001037d8       0x74 C:/devkitPro/libctru/lib\libctru.a(os.o)
                0x00000000001037d8                __libctru_gtod
 .text.__ctru_speedup_config
                0x000000000010384c       0x34 C:/devkitPro/libctru/lib\libctru.a(os.o)
                0x000000000010384c                __ctru_speedup_config
 .text.gfxPresentFramebuffer
                0x0000000000103880       0xd0 C:/devkitPro/libctru/lib\libctru.a(gfx.o)
 .text.gfxSetScreenFormat
                0x0000000000103950       0xec C:/devkitPro/libctru/lib\libctru.a(gfx.o)
                0x0000000000103950                gfxSetScreenFormat
 .text.gfxInit  0x0000000000103a3c      0x108 C:/devkitPro/libctru/lib\libctru.a(gfx.o)
                0x0000000000103a3c                gfxInit
 .text.gfxInitDefault
                0x0000000000103b44       0x10 C:/devkitPro/libctru/lib\libctru.a(gfx.o)
                0x0000000000103b44                gfxInitDefault
 .text.gfxExit  0x0000000000103b54       0xb4 C:/devkitPro/libctru/lib\libctru.a(gfx.o)
                0x0000000000103b54                gfxExit
 .text.gfxGetFramebuffer
                0x0000000000103c08       0xa0 C:/devkitPro/libctru/lib\libctru.a(gfx.o)
                0x0000000000103c08                gfxGetFramebuffer
 .text.gfxScreenSwapBuffers
                0x0000000000103ca8       0x30 C:/devkitPro/libctru/lib\libctru.a(gfx.o)
                0x0000000000103ca8                gfxScreenSwapBuffers
 .text.shaderInstanceInit
                0x0000000000103cd8      0x1e0 C:/devkitPro/libctru/lib\libctru.a(shaderProgram.o)
                0x0000000000103cd8                shaderInstanceInit
 .text.shaderInstanceGetUniformLocation
                0x0000000000103eb8       0x18 C:/devkitPro/libctru/lib\libctru.a(shaderProgram.o)
                0x0000000000103eb8                shaderInstanceGetUniformLocation
 .text.shaderProgramInit
                0x0000000000103ed0       0x1c C:/devkitPro/libctru/lib\libctru.a(shaderProgram.o)
                0x0000000000103ed0                shaderProgramInit
 .text.shaderProgramFree
                0x0000000000103eec       0x64 C:/devkitPro/libctru/lib\libctru.a(shaderProgram.o)
                0x0000000000103eec                shaderProgramFree
 .text.shaderProgramSetVsh
                0x0000000000103f50       0x80 C:/devkitPro/libctru/lib\libctru.a(shaderProgram.o)
                0x0000000000103f50                shaderProgramSetVsh
 .text.shaderProgramConfigure
                0x0000000000103fd0      0x8c0 C:/devkitPro/libctru/lib\libctru.a(shaderProgram.o)
                0x0000000000103fd0                shaderProgramConfigure
 .text.DVLE_GenerateOutmap.part.0
                0x0000000000104890      0x1f8 C:/devkitPro/libctru/lib\libctru.a(shbin.o)
 .text.DVLB_ParseFile
                0x0000000000104a88      0x1cc C:/devkitPro/libctru/lib\libctru.a(shbin.o)
                0x0000000000104a88                DVLB_ParseFile
 .text.DVLB_Free
                0x0000000000104c54       0x38 C:/devkitPro/libctru/lib\libctru.a(shbin.o)
                0x0000000000104c54                DVLB_Free
 .text.DVLE_GetUniformRegister
                0x0000000000104c8c       0x74 C:/devkitPro/libctru/lib\libctru.a(shbin.o)
                0x0000000000104c8c                DVLE_GetUniformRegister
 .text.GX_BindQueue
                0x0000000000104d00       0x10 C:/devkitPro/libctru/lib\libctru.a(gx.o)
                0x0000000000104d00                GX_BindQueue
 .text.GX_ProcessCommandList
                0x0000000000104d10       0x78 C:/devkitPro/libctru/lib\libctru.a(gx.o)
                0x0000000000104d10                GX_ProcessCommandList
 .text.GX_MemoryFill
                0x0000000000104d88       0x74 C:/devkitPro/libctru/lib\libctru.a(gx.o)
                0x0000000000104d88                GX_MemoryFill
 .text.GX_DisplayTransfer
                0x0000000000104dfc       0x70 C:/devkitPro/libctru/lib\libctru.a(gx.o)
                0x0000000000104dfc                GX_DisplayTransfer
 .text.gxCmdQueueDoCommands.part.0
                0x0000000000104e6c       0x68 C:/devkitPro/libctru/lib\libctru.a(gxqueue.o)
 .text.gxCmdQueueInterrupt
                0x0000000000104ed4       0xc8 C:/devkitPro/libctru/lib\libctru.a(gxqueue.o)
                0x0000000000104ed4                gxCmdQueueInterrupt
 .text.gxCmdQueueClear
                0x0000000000104f9c       0x4c C:/devkitPro/libctru/lib\libctru.a(gxqueue.o)
                0x0000000000104f9c                gxCmdQueueClear
 .text.gxCmdQueueAdd
                0x0000000000104fe8       0xf8 C:/devkitPro/libctru/lib\libctru.a(gxqueue.o)
                0x0000000000104fe8                gxCmdQueueAdd
 .text.gxCmdQueueRun
                0x00000000001050e0       0x80 C:/devkitPro/libctru/lib\libctru.a(gxqueue.o)
                0x00000000001050e0                gxCmdQueueRun
 .text.gxCmdQueueStop
                0x0000000000105160       0x60 C:/devkitPro/libctru/lib\libctru.a(gxqueue.o)
                0x0000000000105160                gxCmdQueueStop
 .text.gxCmdQueueWait
                0x00000000001051c0       0x74 C:/devkitPro/libctru/lib\libctru.a(gxqueue.o)
                0x00000000001051c0                gxCmdQueueWait
 .text.GPUCMD_Add
                0x0000000000105234      0x13c C:/devkitPro/libctru/lib\libctru.a(gpu.o)
                0x0000000000105234                GPUCMD_Add
 .text.GPUCMD_Split
                0x0000000000105370       0xac C:/devkitPro/libctru/lib\libctru.a(gpu.o)
                0x0000000000105370                GPUCMD_Split
 .text.f32tof16
                0x000000000010541c       0x40 C:/devkitPro/libctru/lib\libctru.a(gpu.o)
                0x000000000010541c                f32tof16
 .text.f32tof24
                0x000000000010545c       0x40 C:/devkitPro/libctru/lib\libctru.a(gpu.o)
                0x000000000010545c                f32tof24
 .text.f32tof31
                0x000000000010549c       0x44 C:/devkitPro/libctru/lib\libctru.a(gpu.o)
                0x000000000010549c                f32tof31
 .text.gspHardwareInit
                0x00000000001054e0      0xc58 C:/devkitPro/libctru/lib\libctru.a(gspgpu.o)
 .text.gspInit  0x0000000000106138      0x254 C:/devkitPro/libctru/lib\libctru.a(gspgpu.o)
                0x0000000000106138                gspInit
 .text.gspExit  0x000000000010638c       0xf0 C:/devkitPro/libctru/lib\libctru.a(gspgpu.o)
                0x000000000010638c                gspExit
 .text.gspHasGpuRight
                0x000000000010647c       0x10 C:/devkitPro/libctru/lib\libctru.a(gspgpu.o)
                0x000000000010647c                gspHasGpuRight
 .text.gspPresentBuffer
                0x000000000010648c       0x98 C:/devkitPro/libctru/lib\libctru.a(gspgpu.o)
                0x000000000010648c                gspPresentBuffer
 .text.gspSetEventCallback
                0x0000000000106524       0x30 C:/devkitPro/libctru/lib\libctru.a(gspgpu.o)
                0x0000000000106524                gspSetEventCallback
 .text.gspWaitForEvent
                0x0000000000106554       0x50 C:/devkitPro/libctru/lib\libctru.a(gspgpu.o)
                0x0000000000106554                gspWaitForEvent
 .text.gspWaitForAnyEvent
                0x00000000001065a4       0x4c C:/devkitPro/libctru/lib\libctru.a(gspgpu.o)
                0x00000000001065a4                gspWaitForAnyEvent
 .text.gspEventThreadMain
                0x00000000001065f0      0x160 C:/devkitPro/libctru/lib\libctru.a(gspgpu.o)
 .text.gspSubmitGxCommand
                0x0000000000106750      0x130 C:/devkitPro/libctru/lib\libctru.a(gspgpu.o)
                0x0000000000106750                gspSubmitGxCommand
 .text.GSPGPU_FlushDataCache
                0x0000000000106880       0x50 C:/devkitPro/libctru/lib\libctru.a(gspgpu.o)
                0x0000000000106880                GSPGPU_FlushDataCache
 .text.GSPGPU_SetLcdForceBlack
                0x00000000001068d0       0x34 C:/devkitPro/libctru/lib\libctru.a(gspgpu.o)
                0x00000000001068d0                GSPGPU_SetLcdForceBlack
 .text.GSPGPU_AcquireRight
                0x0000000000106904       0x68 C:/devkitPro/libctru/lib\libctru.a(gspgpu.o)
                0x0000000000106904                GSPGPU_AcquireRight
 .text.GSPGPU_ReleaseRight
                0x000000000010696c       0x48 C:/devkitPro/libctru/lib\libctru.a(gspgpu.o)
                0x000000000010696c                GSPGPU_ReleaseRight
 .text.GSPGPU_ImportDisplayCaptureInfo
                0x00000000001069b4       0x7c C:/devkitPro/libctru/lib\libctru.a(gspgpu.o)
                0x00000000001069b4                GSPGPU_ImportDisplayCaptureInfo
 .text.GSPGPU_SaveVramSysArea
                0x0000000000106a30       0x2c C:/devkitPro/libctru/lib\libctru.a(gspgpu.o)
                0x0000000000106a30                GSPGPU_SaveVramSysArea
 .text.GSPGPU_RestoreVramSysArea
                0x0000000000106a5c       0x2c C:/devkitPro/libctru/lib\libctru.a(gspgpu.o)
                0x0000000000106a5c                GSPGPU_RestoreVramSysArea
 .text.aptConvertScreenForCapture
                0x0000000000106a88      0x1b0 C:/devkitPro/libctru/lib\libctru.a(apt.o)
 .text.aptDspSleep
                0x0000000000106c38        0x8 C:/devkitPro/libctru/lib\libctru.a(apt.o)
                0x0000000000106c38                aptDspSleep
 .text.aptDspWakeup
                0x0000000000106c40        0x4 C:/devkitPro/libctru/lib\libctru.a(apt.o)
                0x0000000000106c40                aptDspWakeup
 .text.aptDspCancel
                0x0000000000106c44        0x4 C:/devkitPro/libctru/lib\libctru.a(apt.o)
                0x0000000000106c44                aptDspCancel
 .text.aptSendCommand
                0x0000000000106c48      0x15c C:/devkitPro/libctru/lib\libctru.a(apt.o)
                0x0000000000106c48                aptSendCommand
 .text.aptExitProcess
                0x0000000000106da4       0x38 C:/devkitPro/libctru/lib\libctru.a(apt.o)
 .text.aptExit  0x0000000000106ddc      0x2f0 C:/devkitPro/libctru/lib\libctru.a(apt.o)
                0x0000000000106ddc                aptExit
 .text.aptHandleSleep
                0x00000000001070cc       0xd8 C:/devkitPro/libctru/lib\libctru.a(apt.o)
                0x00000000001070cc                aptHandleSleep
 .text.aptHook  0x00000000001071a4       0x30 C:/devkitPro/libctru/lib\libctru.a(apt.o)
                0x00000000001071a4                aptHook
 .text.aptUnhook
                0x00000000001071d4       0x30 C:/devkitPro/libctru/lib\libctru.a(apt.o)
                0x00000000001071d4                aptUnhook
 .text.APT_SleepIfShellClosed
                0x0000000000107204       0x84 C:/devkitPro/libctru/lib\libctru.a(apt.o)
                0x0000000000107204                APT_SleepIfShellClosed
 .text.aptSetSleepAllowed
                0x0000000000107288       0x84 C:/devkitPro/libctru/lib\libctru.a(apt.o)
                0x0000000000107288                aptSetSleepAllowed
 .text.APT_UnlockTransition
                0x000000000010730c       0x84 C:/devkitPro/libctru/lib\libctru.a(apt.o)
                0x000000000010730c                APT_UnlockTransition
 .text.aptEventHandler
                0x0000000000107390      0x484 C:/devkitPro/libctru/lib\libctru.a(apt.o)
 .text.APT_ReceiveParameter
                0x0000000000107814       0xb0 C:/devkitPro/libctru/lib\libctru.a(apt.o)
                0x0000000000107814                APT_ReceiveParameter
 .text.aptReceiveParameter.constprop.0
                0x00000000001078c4       0xb0 C:/devkitPro/libctru/lib\libctru.a(apt.o)
 *fill*         0x0000000000107974        0x4 
 .text.aptScreenTransfer
                0x0000000000107978      0x2bc C:/devkitPro/libctru/lib\libctru.a(apt.o)
 .text.aptWaitForWakeUp.isra.0
                0x0000000000107c34      0x2d0 C:/devkitPro/libctru/lib\libctru.a(apt.o)
 .text.aptJumpToHomeMenu
                0x0000000000107f04       0xf8 C:/devkitPro/libctru/lib\libctru.a(apt.o)
                0x0000000000107f04                aptJumpToHomeMenu
 .text.aptMainLoop
                0x0000000000107ffc       0x4c C:/devkitPro/libctru/lib\libctru.a(apt.o)
                0x0000000000107ffc                aptMainLoop
 .text.aptInit  0x0000000000108048      0x234 C:/devkitPro/libctru/lib\libctru.a(apt.o)
                0x0000000000108048                aptInit
 .text.APT_CheckNew3DS
                0x000000000010827c       0x7c C:/devkitPro/libctru/lib\libctru.a(apt.o)
                0x000000000010827c                APT_CheckNew3DS
 .text.hidShouldUseIrrst
                0x00000000001082f8       0x24 C:/devkitPro/libctru/lib\libctru.a(hid.o)
                0x00000000001082f8                hidShouldUseIrrst
 .text.hidInit  0x000000000010831c      0x18c C:/devkitPro/libctru/lib\libctru.a(hid.o)
                0x000000000010831c                hidInit
 .text.hidExit  0x00000000001084a8       0xe8 C:/devkitPro/libctru/lib\libctru.a(hid.o)
                0x00000000001084a8                hidExit
 .text.hidScanInput
                0x0000000000108590      0x294 C:/devkitPro/libctru/lib\libctru.a(hid.o)
                0x0000000000108590                hidScanInput
 .text.hidKeysDown
                0x0000000000108824       0x10 C:/devkitPro/libctru/lib\libctru.a(hid.o)
                0x0000000000108824                hidKeysDown
 .text.ptmSysmInit
                0x0000000000108834       0x74 C:/devkitPro/libctru/lib\libctru.a(ptmsysm.o)
                0x0000000000108834                ptmSysmInit
 .text.ptmSysmExit
                0x00000000001088a8       0x3c C:/devkitPro/libctru/lib\libctru.a(ptmsysm.o)
                0x00000000001088a8                ptmSysmExit
 .text.PTMSYSM_ConfigureNew3DSCPU
                0x00000000001088e4       0x34 C:/devkitPro/libctru/lib\libctru.a(ptmsysm.o)
                0x00000000001088e4                PTMSYSM_ConfigureNew3DSCPU
 .text.rbtree_init
                0x0000000000108918       0x10 C:/devkitPro/libctru/lib\libctru.a(rbtree_init.o)
                0x0000000000108918                rbtree_init
 .text.do_insert
                0x0000000000108928      0x1a0 C:/devkitPro/libctru/lib\libctru.a(rbtree_insert.o)
 .text.rbtree_insert
                0x0000000000108ac8        0x8 C:/devkitPro/libctru/lib\libctru.a(rbtree_insert.o)
                0x0000000000108ac8                rbtree_insert
 .text.rbtree_rotate
                0x0000000000108ad0       0x90 C:/devkitPro/libctru/lib\libctru.a(rbtree_rotate.o)
                0x0000000000108ad0                rbtree_rotate
 .text.rbtree_remove
                0x0000000000108b60      0x338 C:/devkitPro/libctru/lib\libctru.a(rbtree_remove.o)
                0x0000000000108b60                rbtree_remove
 .text.rbtree_find
                0x0000000000108e98       0x74 C:/devkitPro/libctru/lib\libctru.a(rbtree_find.o)
                0x0000000000108e98                rbtree_find
 *fill*         0x0000000000108f0c        0x4 
 .text.__system_allocateHeaps
                0x0000000000108f10      0x1e0 C:/devkitPro/libctru/lib\libctru.a(allocateHeaps.o)
                0x0000000000108f10                __system_allocateHeaps
 .text.__libctru_init
                0x00000000001090f0       0x38 C:/devkitPro/libctru/lib\libctru.a(ctru_init.o)
                0x00000000001090f0                __libctru_init
 .text.__system_initArgv
                0x0000000000109128       0xf0 C:/devkitPro/libctru/lib\libctru.a(initArgv.o)
                0x0000000000109128                __system_initArgv
 .text.svcControlMemory
                0x0000000000109218       0x20 C:/devkitPro/libctru/lib\libctru.a(svc.o)
                0x0000000000109218                svcControlMemory
 .text.svcQueryMemory
                0x0000000000109238       0x30 C:/devkitPro/libctru/lib\libctru.a(svc.o)
                0x0000000000109238                svcQueryMemory
 .text.svcExitProcess
                0x0000000000109268        0x8 C:/devkitPro/libctru/lib\libctru.a(svc.o)
                0x0000000000109268                svcExitProcess
 .text.svcCreateThread
                0x0000000000109270       0x20 C:/devkitPro/libctru/lib\libctru.a(svc.o)
                0x0000000000109270                svcCreateThread
 .text.svcExitThread
                0x0000000000109290        0x8 C:/devkitPro/libctru/lib\libctru.a(svc.o)
                0x0000000000109290                svcExitThread
 .text.svcSleepThread
                0x0000000000109298        0x8 C:/devkitPro/libctru/lib\libctru.a(svc.o)
                0x0000000000109298                svcSleepThread
 .text.svcReleaseMutex
                0x00000000001092a0        0x8 C:/devkitPro/libctru/lib\libctru.a(svc.o)
                0x00000000001092a0                svcReleaseMutex
 .text.svcCreateEvent
                0x00000000001092a8       0x14 C:/devkitPro/libctru/lib\libctru.a(svc.o)
                0x00000000001092a8                svcCreateEvent
 .text.svcSignalEvent
                0x00000000001092bc        0x8 C:/devkitPro/libctru/lib\libctru.a(svc.o)
                0x00000000001092bc                svcSignalEvent
 .text.svcClearEvent
                0x00000000001092c4        0x8 C:/devkitPro/libctru/lib\libctru.a(svc.o)
                0x00000000001092c4                svcClearEvent
 .text.svcMapMemoryBlock
                0x00000000001092cc        0x8 C:/devkitPro/libctru/lib\libctru.a(svc.o)
                0x00000000001092cc                svcMapMemoryBlock
 .text.svcUnmapMemoryBlock
                0x00000000001092d4        0x8 C:/devkitPro/libctru/lib\libctru.a(svc.o)
                0x00000000001092d4                svcUnmapMemoryBlock
 .text.svcCreateAddressArbiter
                0x00000000001092dc       0x14 C:/devkitPro/libctru/lib\libctru.a(svc.o)
                0x00000000001092dc                svcCreateAddressArbiter
 .text.svcArbitrateAddressNoTimeout
                0x00000000001092f0        0x8 C:/devkitPro/libctru/lib\libctru.a(svc.o)
                0x00000000001092f0                svcArbitrateAddressNoTimeout
 .text.svcCloseHandle
                0x00000000001092f8        0x8 C:/devkitPro/libctru/lib\libctru.a(svc.o)
                0x00000000001092f8                svcCloseHandle
 .text.svcWaitSynchronization
                0x0000000000109300        0x8 C:/devkitPro/libctru/lib\libctru.a(svc.o)
                0x0000000000109300                svcWaitSynchronization
 .text.svcWaitSynchronizationN
                0x0000000000109308       0x28 C:/devkitPro/libctru/lib\libctru.a(svc.o)
                0x0000000000109308                svcWaitSynchronizationN
 .text.svcDuplicateHandle
                0x0000000000109330       0x14 C:/devkitPro/libctru/lib\libctru.a(svc.o)
                0x0000000000109330                svcDuplicateHandle
 .text.svcGetSystemTick
                0x0000000000109344        0x8 C:/devkitPro/libctru/lib\libctru.a(svc.o)
                0x0000000000109344                svcGetSystemTick
 .text.svcConnectToPort
                0x000000000010934c       0x14 C:/devkitPro/libctru/lib\libctru.a(svc.o)
                0x000000000010934c                svcConnectToPort
 .text.svcSendSyncRequest
                0x0000000000109360        0x8 C:/devkitPro/libctru/lib\libctru.a(svc.o)
                0x0000000000109360                svcSendSyncRequest
 .text.svcGetResourceLimit
                0x0000000000109368       0x14 C:/devkitPro/libctru/lib\libctru.a(svc.o)
                0x0000000000109368                svcGetResourceLimit
 .text.svcGetResourceLimitLimitValues
                0x000000000010937c        0x8 C:/devkitPro/libctru/lib\libctru.a(svc.o)
                0x000000000010937c                svcGetResourceLimitLimitValues
 .text.svcGetResourceLimitCurrentValues
                0x0000000000109384        0x8 C:/devkitPro/libctru/lib\libctru.a(svc.o)
                0x0000000000109384                svcGetResourceLimitCurrentValues
 .text.svcBreak
                0x000000000010938c        0x8 C:/devkitPro/libctru/lib\libctru.a(svc.o)
                0x000000000010938c                svcBreak
 .text.initSystem
                0x0000000000109394       0x50 C:/devkitPro/libctru/lib\libctru.a(stack_adjust.o)
                0x0000000000109394                initSystem
 .text.__ctru_exit
                0x00000000001093e4       0x18 C:/devkitPro/libctru/lib\libctru.a(stack_adjust.o)
                0x00000000001093e4                __ctru_exit
 .text.__sync_init
                0x00000000001093fc        0xc C:/devkitPro/libctru/lib\libctru.a(synchronization.o)
                0x00000000001093fc                __sync_init
 .text.__sync_fini
                0x0000000000109408       0x18 C:/devkitPro/libctru/lib\libctru.a(synchronization.o)
                0x0000000000109408                __sync_fini
 .text.syncArbitrateAddress
                0x0000000000109420       0x2c C:/devkitPro/libctru/lib\libctru.a(synchronization.o)
                0x0000000000109420                syncArbitrateAddress
 .text.LightLock_Init
                0x000000000010944c       0x1c C:/devkitPro/libctru/lib\libctru.a(synchronization.o)
                0x000000000010944c                LightLock_Init
 .text.LightLock_Lock
                0x0000000000109468       0x94 C:/devkitPro/libctru/lib\libctru.a(synchronization.o)
                0x0000000000109468                LightLock_Lock
 .text.LightLock_TryLock
                0x00000000001094fc       0x44 C:/devkitPro/libctru/lib\libctru.a(synchronization.o)
                0x00000000001094fc                LightLock_TryLock
 .text.LightLock_Unlock
                0x0000000000109540       0x40 C:/devkitPro/libctru/lib\libctru.a(synchronization.o)
                0x0000000000109540                LightLock_Unlock
 .text.RecursiveLock_Init
                0x0000000000109580       0x24 C:/devkitPro/libctru/lib\libctru.a(synchronization.o)
                0x0000000000109580                RecursiveLock_Init
 .text.RecursiveLock_Lock
                0x00000000001095a4       0x30 C:/devkitPro/libctru/lib\libctru.a(synchronization.o)
                0x00000000001095a4                RecursiveLock_Lock
 .text.RecursiveLock_TryLock
                0x00000000001095d4       0x78 C:/devkitPro/libctru/lib\libctru.a(synchronization.o)
                0x00000000001095d4                RecursiveLock_TryLock
 .text.RecursiveLock_Unlock
                0x000000000010964c       0x54 C:/devkitPro/libctru/lib\libctru.a(synchronization.o)
                0x000000000010964c                RecursiveLock_Unlock
 .text.LightEvent_Init
                0x00000000001096a0       0x40 C:/devkitPro/libctru/lib\libctru.a(synchronization.o)
                0x00000000001096a0                LightEvent_Init
 .text.LightEvent_Clear
                0x00000000001096e0       0xa4 C:/devkitPro/libctru/lib\libctru.a(synchronization.o)
                0x00000000001096e0                LightEvent_Clear
 .text.LightEvent_Signal
                0x0000000000109784       0xc8 C:/devkitPro/libctru/lib\libctru.a(synchronization.o)
                0x0000000000109784                LightEvent_Signal
 .text.LightEvent_TryWait
                0x000000000010984c       0x58 C:/devkitPro/libctru/lib\libctru.a(synchronization.o)
                0x000000000010984c                LightEvent_TryWait
 .text.LightEvent_Wait
                0x00000000001098a4       0xb0 C:/devkitPro/libctru/lib\libctru.a(synchronization.o)
                0x00000000001098a4                LightEvent_Wait
 .text.srvInit  0x0000000000109954      0x124 C:/devkitPro/libctru/lib\libctru.a(srv.o)
                0x0000000000109954                srvInit
 .text.srvExit  0x0000000000109a78       0x58 C:/devkitPro/libctru/lib\libctru.a(srv.o)
                0x0000000000109a78                srvExit
 .text.srvGetServiceHandleDirect
                0x0000000000109ad0       0x80 C:/devkitPro/libctru/lib\libctru.a(srv.o)
                0x0000000000109ad0                srvGetServiceHandleDirect
 .text.srvGetServiceHandle
                0x0000000000109b50       0x48 C:/devkitPro/libctru/lib\libctru.a(srv.o)
                0x0000000000109b50                srvGetServiceHandle
 .text.srvPublishToSubscriber
                0x0000000000109b98       0x38 C:/devkitPro/libctru/lib\libctru.a(srv.o)
                0x0000000000109b98                srvPublishToSubscriber
 .text.threadCreate
                0x0000000000109bd0      0x188 C:/devkitPro/libctru/lib\libctru.a(thread.o)
                0x0000000000109bd0                threadCreate
 .text.threadFree
                0x0000000000109d58       0x2c C:/devkitPro/libctru/lib\libctru.a(thread.o)
                0x0000000000109d58                threadFree
 .text.threadJoin
                0x0000000000109d84       0x24 C:/devkitPro/libctru/lib\libctru.a(thread.o)
                0x0000000000109d84                threadJoin
 .text.threadGetCurrent
                0x0000000000109da8       0x30 C:/devkitPro/libctru/lib\libctru.a(thread.o)
                0x0000000000109da8                threadGetCurrent
 .text.threadExit
                0x0000000000109dd8       0x40 C:/devkitPro/libctru/lib\libctru.a(thread.o)
                0x0000000000109dd8                threadExit
 .text._thread_begin
                0x0000000000109e18       0x44 C:/devkitPro/libctru/lib\libctru.a(thread.o)
 .text.mappableFindAddressWithin
                0x0000000000109e5c       0x94 C:/devkitPro/libctru/lib\libctru.a(mappable.o)
 .text.mappableInit
                0x0000000000109ef0       0x28 C:/devkitPro/libctru/lib\libctru.a(mappable.o)
                0x0000000000109ef0                mappableInit
 .text.mappableAlloc
                0x0000000000109f18       0x80 C:/devkitPro/libctru/lib\libctru.a(mappable.o)
                0x0000000000109f18                mappableAlloc
 .text.mappableFree
                0x0000000000109f98        0x4 C:/devkitPro/libctru/lib\libctru.a(mappable.o)
                0x0000000000109f98                mappableFree
 .text.irrstInit
                0x0000000000109f9c      0x160 C:/devkitPro/libctru/lib\libctru.a(irrst.o)
                0x0000000000109f9c                irrstInit
 .text.irrstExit
                0x000000000010a0fc       0xcc C:/devkitPro/libctru/lib\libctru.a(irrst.o)
                0x000000000010a0fc                irrstExit
 .text.irrstScanInput
                0x000000000010a1c8       0xb0 C:/devkitPro/libctru/lib\libctru.a(irrst.o)
                0x000000000010a1c8                irrstScanInput
 .text.irrstKeysHeld
                0x000000000010a278       0x24 C:/devkitPro/libctru/lib\libctru.a(irrst.o)
                0x000000000010a278                irrstKeysHeld
 .text.srvPmGetSessionHandle
                0x000000000010a29c        0xc C:/devkitPro/libctru/lib\libctru.a(srvpm.o)
                0x000000000010a29c                srvPmGetSessionHandle
 .text.rbtree_node_next
                0x000000000010a2a8       0x50 C:/devkitPro/libctru/lib\libctru.a(rbtree_iterator.o)
                0x000000000010a2a8                rbtree_node_next
 .text.__appInit
                0x000000000010a2f8       0x30 C:/devkitPro/libctru/lib\libctru.a(appInit.o)
                0x000000000010a2f8                __appInit
 .text.__libctru_nanosleep
                0x000000000010a328       0x30 C:/devkitPro/libctru/lib\libctru.a(syscalls.o)
 .text.__libctru_get_reent
                0x000000000010a358       0x30 C:/devkitPro/libctru/lib\libctru.a(syscalls.o)
 .text.__system_initSyscalls
                0x000000000010a388       0xf8 C:/devkitPro/libctru/lib\libctru.a(syscalls.o)
                0x000000000010a388                __system_initSyscalls
 .text.__appExit
                0x000000000010a480       0x30 C:/devkitPro/libctru/lib\libctru.a(appExit.o)
                0x000000000010a480                __appExit
 .text.__libctru_exit
                0x000000000010a4b0       0x90 C:/devkitPro/libctru/lib\libctru.a(ctru_exit.o)
                0x000000000010a4b0                __libctru_exit
 .text.envGetHandle
                0x000000000010a540       0x84 C:/devkitPro/libctru/lib\libctru.a(env.o)
                0x000000000010a540                envGetHandle
 .text.envDestroyHandles
                0x000000000010a5c4       0x50 C:/devkitPro/libctru/lib\libctru.a(env.o)
                0x000000000010a5c4                envDestroyHandles
 .text.archive_link
                0x000000000010a614       0x14 C:/devkitPro/libctru/lib\libctru.a(archive_dev.o)
 .text.archive_dirreset
                0x000000000010a628       0x14 C:/devkitPro/libctru/lib\libctru.a(archive_dev.o)
 .text.archive_chmod
                0x000000000010a63c       0x14 C:/devkitPro/libctru/lib\libctru.a(archive_dev.o)
 .text.error_cmp
                0x000000000010a650       0x24 C:/devkitPro/libctru/lib\libctru.a(archive_dev.o)
 .text.archive_translate_error
                0x000000000010a674       0x50 C:/devkitPro/libctru/lib\libctru.a(archive_dev.o)
 .text.archive_seek
                0x000000000010a6c4       0xd4 C:/devkitPro/libctru/lib\libctru.a(archive_dev.o)
 .text._archiveInit.part.0
                0x000000000010a798       0x7c C:/devkitPro/libctru/lib\libctru.a(archive_dev.o)
 .text.archiveFindDevice.part.0
                0x000000000010a814       0x8c C:/devkitPro/libctru/lib\libctru.a(archive_dev.o)
 .text.archive_utf16path
                0x000000000010a8a0      0x294 C:/devkitPro/libctru/lib\libctru.a(archive_dev.o)
 .text._archiveUnmountDeviceStruct.part.0
                0x000000000010ab34       0xa0 C:/devkitPro/libctru/lib\libctru.a(archive_dev.o)
 .text.archive_fchmod
                0x000000000010abd4       0x14 C:/devkitPro/libctru/lib\libctru.a(archive_dev.o)
 .text.archive_statvfs
                0x000000000010abe8       0x14 C:/devkitPro/libctru/lib\libctru.a(archive_dev.o)
 .text._archiveMountDevice
                0x000000000010abfc      0x158 C:/devkitPro/libctru/lib\libctru.a(archive_dev.o)
 .text.archive_diropen
                0x000000000010ad54       0xe8 C:/devkitPro/libctru/lib\libctru.a(archive_dev.o)
 .text.archive_fstat
                0x000000000010ae3c       0xa4 C:/devkitPro/libctru/lib\libctru.a(archive_dev.o)
 .text.archive_close
                0x000000000010aee0       0x6c C:/devkitPro/libctru/lib\libctru.a(archive_dev.o)
 .text.archive_fsync
                0x000000000010af4c       0x6c C:/devkitPro/libctru/lib\libctru.a(archive_dev.o)
 .text.archive_dirclose
                0x000000000010afb8       0x70 C:/devkitPro/libctru/lib\libctru.a(archive_dev.o)
 .text.sdmc_statvfs
                0x000000000010b028       0xe8 C:/devkitPro/libctru/lib\libctru.a(archive_dev.o)
 .text.archive_ftruncate
                0x000000000010b110       0x80 C:/devkitPro/libctru/lib\libctru.a(archive_dev.o)
 .text.archive_chdir
                0x000000000010b190       0xfc C:/devkitPro/libctru/lib\libctru.a(archive_dev.o)
 .text.archive_read
                0x000000000010b28c       0xb0 C:/devkitPro/libctru/lib\libctru.a(archive_dev.o)
 .text.archive_unlink
                0x000000000010b33c       0xac C:/devkitPro/libctru/lib\libctru.a(archive_dev.o)
 .text.archive_rmdir
                0x000000000010b3e8       0xc8 C:/devkitPro/libctru/lib\libctru.a(archive_dev.o)
 .text.archive_mkdir
                0x000000000010b4b0       0xec C:/devkitPro/libctru/lib\libctru.a(archive_dev.o)
 .text.archive_stat
                0x000000000010b59c      0x1a8 C:/devkitPro/libctru/lib\libctru.a(archive_dev.o)
 .text.archive_rename
                0x000000000010b744      0x184 C:/devkitPro/libctru/lib\libctru.a(archive_dev.o)
 .text.archive_dirnext
                0x000000000010b8c8      0x168 C:/devkitPro/libctru/lib\libctru.a(archive_dev.o)
 .text.archive_write
                0x000000000010ba30      0x12c C:/devkitPro/libctru/lib\libctru.a(archive_dev.o)
 .text.archive_open
                0x000000000010bb5c      0x1f0 C:/devkitPro/libctru/lib\libctru.a(archive_dev.o)
 .text.archiveMountSdmc
                0x000000000010bd4c      0x1a4 C:/devkitPro/libctru/lib\libctru.a(archive_dev.o)
                0x000000000010bd4c                archiveMountSdmc
 .text.archiveUnmountAll
                0x000000000010bef0       0x54 C:/devkitPro/libctru/lib\libctru.a(archive_dev.o)
                0x000000000010bef0                archiveUnmountAll
 .text.fsInit   0x000000000010bf44       0xc8 C:/devkitPro/libctru/lib\libctru.a(fs.o)
                0x000000000010bf44                fsInit
 .text.fsExit   0x000000000010c00c       0x3c C:/devkitPro/libctru/lib\libctru.a(fs.o)
                0x000000000010c00c                fsExit
 .text.fsExemptFromSession
                0x000000000010c048       0x60 C:/devkitPro/libctru/lib\libctru.a(fs.o)
                0x000000000010c048                fsExemptFromSession
 .text.fsUnexemptFromSession
                0x000000000010c0a8       0x50 C:/devkitPro/libctru/lib\libctru.a(fs.o)
                0x000000000010c0a8                fsUnexemptFromSession
 .text.FSUSER_OpenFile
                0x000000000010c0f8       0xcc C:/devkitPro/libctru/lib\libctru.a(fs.o)
                0x000000000010c0f8                FSUSER_OpenFile
 .text.FSUSER_DeleteFile
                0x000000000010c1c4       0xbc C:/devkitPro/libctru/lib\libctru.a(fs.o)
                0x000000000010c1c4                FSUSER_DeleteFile
 .text.FSUSER_RenameFile
                0x000000000010c280       0xf8 C:/devkitPro/libctru/lib\libctru.a(fs.o)
                0x000000000010c280                FSUSER_RenameFile
 .text.FSUSER_DeleteDirectory
                0x000000000010c378       0xbc C:/devkitPro/libctru/lib\libctru.a(fs.o)
                0x000000000010c378                FSUSER_DeleteDirectory
 .text.FSUSER_CreateFile
                0x000000000010c434       0xd4 C:/devkitPro/libctru/lib\libctru.a(fs.o)
                0x000000000010c434                FSUSER_CreateFile
 .text.FSUSER_CreateDirectory
                0x000000000010c508       0xc4 C:/devkitPro/libctru/lib\libctru.a(fs.o)
                0x000000000010c508                FSUSER_CreateDirectory
 .text.FSUSER_RenameDirectory
                0x000000000010c5cc       0xf8 C:/devkitPro/libctru/lib\libctru.a(fs.o)
                0x000000000010c5cc                FSUSER_RenameDirectory
 .text.FSUSER_OpenDirectory
                0x000000000010c6c4       0xb4 C:/devkitPro/libctru/lib\libctru.a(fs.o)
                0x000000000010c6c4                FSUSER_OpenDirectory
 .text.FSUSER_OpenArchive
                0x000000000010c778       0x94 C:/devkitPro/libctru/lib\libctru.a(fs.o)
                0x000000000010c778                FSUSER_OpenArchive
 .text.FSUSER_CloseArchive
                0x000000000010c80c       0x8c C:/devkitPro/libctru/lib\libctru.a(fs.o)
                0x000000000010c80c                FSUSER_CloseArchive
 .text.FSUSER_GetSdmcArchiveResource
                0x000000000010c898       0x74 C:/devkitPro/libctru/lib\libctru.a(fs.o)
                0x000000000010c898                FSUSER_GetSdmcArchiveResource
 .text.FSUSER_IsSdmcWritable
                0x000000000010c90c       0x64 C:/devkitPro/libctru/lib\libctru.a(fs.o)
                0x000000000010c90c                FSUSER_IsSdmcWritable
 .text.FSFILE_Read
                0x000000000010c970       0x58 C:/devkitPro/libctru/lib\libctru.a(fs.o)
                0x000000000010c970                FSFILE_Read
 .text.FSFILE_Write
                0x000000000010c9c8       0x60 C:/devkitPro/libctru/lib\libctru.a(fs.o)
                0x000000000010c9c8                FSFILE_Write
 .text.FSFILE_GetSize
                0x000000000010ca28       0x38 C:/devkitPro/libctru/lib\libctru.a(fs.o)
                0x000000000010ca28                FSFILE_GetSize
 .text.FSFILE_SetSize
                0x000000000010ca60       0x28 C:/devkitPro/libctru/lib\libctru.a(fs.o)
                0x000000000010ca60                FSFILE_SetSize
 .text.FSFILE_Close
                0x000000000010ca88       0x3c C:/devkitPro/libctru/lib\libctru.a(fs.o)
                0x000000000010ca88                FSFILE_Close
 .text.FSFILE_Flush
                0x000000000010cac4       0x24 C:/devkitPro/libctru/lib\libctru.a(fs.o)
                0x000000000010cac4                FSFILE_Flush
 .text.FSDIR_Read
                0x000000000010cae8       0x50 C:/devkitPro/libctru/lib\libctru.a(fs.o)
                0x000000000010cae8                FSDIR_Read
 .text.FSDIR_Close
                0x000000000010cb38       0x3c C:/devkitPro/libctru/lib\libctru.a(fs.o)
                0x000000000010cb38                FSDIR_Close
 .text.utf16_to_utf8
                0x000000000010cb74       0xe8 C:/devkitPro/libctru/lib\libctru.a(utf16_to_utf8.o)
                0x000000000010cb74                utf16_to_utf8
 .text.decode_utf16
                0x000000000010cc5c       0x64 C:/devkitPro/libctru/lib\libctru.a(decode_utf16.o)
                0x000000000010cc5c                decode_utf16
 .text.decode_utf8
                0x000000000010ccc0      0x13c C:/devkitPro/libctru/lib\libctru.a(decode_utf8.o)
                0x000000000010ccc0                decode_utf8
 .text.utf8_to_utf16
                0x000000000010cdfc       0xc0 C:/devkitPro/libctru/lib\libctru.a(utf8_to_utf16.o)
                0x000000000010cdfc                utf8_to_utf16
 .text.__aeabi_read_tp
                0x000000000010cebc        0xc C:/devkitPro/libctru/lib\libctru.a(readtp.o)
                0x000000000010cebc                __aeabi_read_tp
 .text.encode_utf16
                0x000000000010cec8       0x60 C:/devkitPro/libctru/lib\libctru.a(encode_utf16.o)
                0x000000000010cec8                encode_utf16
 .text.encode_utf8
                0x000000000010cf28       0xfc C:/devkitPro/libctru/lib\libctru.a(encode_utf8.o)
                0x000000000010cf28                encode_utf8
 .text.__udivmoddi4
                0x000000000010d024      0x120 c:/devkitpro/devkitarm/bin/../lib/gcc/arm-none-eabi/10.2.0/armv6k/fpu\libgcc.a(_udivmoddi4.o)
                0x000000000010d024                __udivmoddi4
 .text.bsearch  0x000000000010d144       0x78 c:/devkitpro/devkitarm/bin/../lib/gcc/arm-none-eabi/10.2.0/../../../../arm-none-eabi/lib/armv6k/fpu\libg.a(lib_a-bsearch.o)
                0x000000000010d144                bsearch
 .text.calloc   0x000000000010d1bc       0x28 c:/devkitpro/devkitarm/bin/../lib/gcc/arm-none-eabi/10.2.0/../../../../arm-none-eabi/lib/armv6k/fpu\libg.a(lib_a-calloc.o)
                0x000000000010d1bc                calloc
 .text._calloc_r
                0x000000000010d1e4       0x94 c:/devkitpro/devkitarm/bin/../lib/gcc/arm-none-eabi/10.2.0/../../../../arm-none-eabi/lib/armv6k/fpu\libg.a(lib_a-callocr.o)
                0x000000000010d1e4                _calloc_r
 .text.exit     0x000000000010d278       0x34 c:/devkitpro/devkitarm/bin/../lib/gcc/arm-none-eabi/10.2.0/../../../../arm-none-eabi/lib/armv6k/fpu\libg.a(lib_a-exit.o)
                0x000000000010d278                exit
 .text.__libc_fini_array
                0x000000000010d2ac       0x3c c:/devkitpro/devkitarm/bin/../lib/gcc/arm-none-eabi/10.2.0/../../../../arm-none-eabi/lib/armv6k/fpu\libg.a(lib_a-fini.o)
                0x000000000010d2ac                __libc_fini_array
 .text.__libc_init_array
                0x000000000010d2e8       0x7c c:/devkitpro/devkitarm/bin/../lib/gcc/arm-none-eabi/10.2.0/../../../../arm-none-eabi/lib/armv6k/fpu\libg.a(lib_a-init.o)
                0x000000000010d2e8                __libc_init_array
 .text.memalign
                0x000000000010d364       0x28 c:/devkitpro/devkitarm/bin/../lib/gcc/arm-none-eabi/10.2.0/../../../../arm-none-eabi/lib/armv6k/fpu\libg.a(lib_a-malign.o)
                0x000000000010d364                memalign
 .text._memalign_r
                0x000000000010d38c      0x148 c:/devkitpro/devkitarm/bin/../lib/gcc/arm-none-eabi/10.2.0/../../../../arm-none-eabi/lib/armv6k/fpu\libg.a(lib_a-malignr.o)
                0x000000000010d38c                _memalign_r
 .text.malloc   0x000000000010d4d4       0x20 c:/devkitpro/devkitarm/bin/../lib/gcc/arm-none-eabi/10.2.0/../../../../arm-none-eabi/lib/armv6k/fpu\libg.a(lib_a-malloc.o)
                0x000000000010d4d4                malloc
 .text.free     0x000000000010d4f4       0x20 c:/devkitpro/devkitarm/bin/../lib/gcc/arm-none-eabi/10.2.0/../../../../arm-none-eabi/lib/armv6k/fpu\libg.a(lib_a-malloc.o)
                0x000000000010d4f4                free
 .text._malloc_r
                0x000000000010d514      0x7f0 c:/devkitpro/devkitarm/bin/../lib/gcc/arm-none-eabi/10.2.0/../../../../arm-none-eabi/lib/armv6k/fpu\libg.a(lib_a-mallocr.o)
                0x000000000010d514                _malloc_r
 .text.memcpy   0x000000000010dd04      0x11c c:/devkitpro/devkitarm/bin/../lib/gcc/arm-none-eabi/10.2.0/../../../../arm-none-eabi/lib/armv6k/fpu\libg.a(lib_a-memcpy-stub.o)
                0x000000000010dd04                memcpy
 .text.memset   0x000000000010de20      0x118 c:/devkitpro/devkitarm/bin/../lib/gcc/arm-none-eabi/10.2.0/../../../../arm-none-eabi/lib/armv6k/fpu\libg.a(lib_a-memset.o)
                0x000000000010de20                memset
 .text.__malloc_lock
                0x000000000010df38        0xc c:/devkitpro/devkitarm/bin/../lib/gcc/arm-none-eabi/10.2.0/../../../../arm-none-eabi/lib/armv6k/fpu\libg.a(lib_a-mlock.o)
                0x000000000010df38                __malloc_lock
 .text.__malloc_unlock
                0x000000000010df44        0xc c:/devkitpro/devkitarm/bin/../lib/gcc/arm-none-eabi/10.2.0/../../../../arm-none-eabi/lib/armv6k/fpu\libg.a(lib_a-mlock.o)
                0x000000000010df44                __malloc_unlock
 .text.strlen   0x000000000010df50       0x5c c:/devkitpro/devkitarm/bin/../lib/gcc/arm-none-eabi/10.2.0/../../../../arm-none-eabi/lib/armv6k/fpu\libg.a(lib_a-strlen-stub.o)
                0x000000000010df50                strlen
 .text.strncat  0x000000000010dfac       0xec c:/devkitpro/devkitarm/bin/../lib/gcc/arm-none-eabi/10.2.0/../../../../arm-none-eabi/lib/armv6k/fpu\libg.a(lib_a-strncat.o)
                0x000000000010dfac                strncat
 .text.strncmp  0x000000000010e098       0xdc c:/devkitpro/devkitarm/bin/../lib/gcc/arm-none-eabi/10.2.0/../../../../arm-none-eabi/lib/armv6k/fpu\libg.a(lib_a-strncmp.o)
                0x000000000010e098                strncmp
 .text.strncpy  0x000000000010e174       0xc0 c:/devkitpro/devkitarm/bin/../lib/gcc/arm-none-eabi/10.2.0/../../../../arm-none-eabi/lib/armv6k/fpu\libg.a(lib_a-strncpy.o)
                0x000000000010e174                strncpy
 .text.strnlen  0x000000000010e234       0x48 c:/devkitpro/devkitarm/bin/../lib/gcc/arm-none-eabi/10.2.0/../../../../arm-none-eabi/lib/armv6k/fpu\libg.a(lib_a-strnlen.o)
                0x000000000010e234                strnlen
 .text.__call_exitprocs
                0x000000000010e27c      0x114 c:/devkitpro/devkitarm/bin/../lib/gcc/arm-none-eabi/10.2.0/../../../../arm-none-eabi/lib/armv6k/fpu\libg.a(lib_a-__call_atexit.o)
                0x000000000010e27c                __call_exitprocs
 .text._malloc_trim_r
                0x000000000010e390       0xf8 c:/devkitpro/devkitarm/bin/../lib/gcc/arm-none-eabi/10.2.0/../../../../arm-none-eabi/lib/armv6k/fpu\libg.a(lib_a-freer.o)
                0x000000000010e390                _malloc_trim_r
 .text._free_r  0x000000000010e488      0x2e4 c:/devkitpro/devkitarm/bin/../lib/gcc/arm-none-eabi/10.2.0/../../../../arm-none-eabi/lib/armv6k/fpu\libg.a(lib_a-freer.o)
                0x000000000010e488                _free_r
 .text.null_write
                0x000000000010e76c        0x8 c:/devkitpro/devkitarm/bin/../lib/gcc/arm-none-eabi/10.2.0/../../../../arm-none-eabi/lib/armv6k/fpu\libsysbase.a(iosupport.o)
 .text.setDefaultDevice
                0x000000000010e774       0x18 c:/devkitpro/devkitarm/bin/../lib/gcc/arm-none-eabi/10.2.0/../../../../arm-none-eabi/lib/armv6k/fpu\libsysbase.a(iosupport.o)
                0x000000000010e774                setDefaultDevice
 .text.FindDevice
                0x000000000010e78c       0xc8 c:/devkitpro/devkitarm/bin/../lib/gcc/arm-none-eabi/10.2.0/../../../../arm-none-eabi/lib/armv6k/fpu\libsysbase.a(iosupport.o)
                0x000000000010e78c                FindDevice
 .text.RemoveDevice
                0x000000000010e854       0x28 c:/devkitpro/devkitarm/bin/../lib/gcc/arm-none-eabi/10.2.0/../../../../arm-none-eabi/lib/armv6k/fpu\libsysbase.a(iosupport.o)
                0x000000000010e854                RemoveDevice
 .text.AddDevice
                0x000000000010e87c       0x9c c:/devkitpro/devkitarm/bin/../lib/gcc/arm-none-eabi/10.2.0/../../../../arm-none-eabi/lib/armv6k/fpu\libsysbase.a(iosupport.o)
                0x000000000010e87c                AddDevice
 .text.GetDeviceOpTab
                0x000000000010e918       0x20 c:/devkitpro/devkitarm/bin/../lib/gcc/arm-none-eabi/10.2.0/../../../../arm-none-eabi/lib/armv6k/fpu\libsysbase.a(iosupport.o)
                0x000000000010e918                GetDeviceOpTab
 .text._sbrk_r  0x000000000010e938       0x78 c:/devkitpro/devkitarm/bin/../lib/gcc/arm-none-eabi/10.2.0/../../../../arm-none-eabi/lib/armv6k/fpu\libsysbase.a(sbrk.o)
                0x000000000010e938                _sbrk_r
 .text._exit    0x000000000010e9b0       0x24 c:/devkitpro/devkitarm/bin/../lib/gcc/arm-none-eabi/10.2.0/../../../../arm-none-eabi/lib/armv6k/fpu\libsysbase.a(_exit.o)
                0x000000000010e9b0                _exit
 .text._concatenate_path
                0x000000000010e9d4      0x1b8 c:/devkitpro/devkitarm/bin/../lib/gcc/arm-none-eabi/10.2.0/../../../../arm-none-eabi/lib/armv6k/fpu\libsysbase.a(chdir.o)
                0x000000000010e9d4                _concatenate_path
 .text.chdir    0x000000000010eb8c      0x160 c:/devkitpro/devkitarm/bin/../lib/gcc/arm-none-eabi/10.2.0/../../../../arm-none-eabi/lib/armv6k/fpu\libsysbase.a(chdir.o)
                0x000000000010eb8c                chdir
 .text.__libc_lock_acquire_recursive
                0x000000000010ecec       0x18 c:/devkitpro/devkitarm/bin/../lib/gcc/arm-none-eabi/10.2.0/../../../../arm-none-eabi/lib/armv6k/fpu\libsysbase.a(syscall_support.o)
                0x000000000010ecec                __libc_lock_acquire_recursive
 .text.__libc_lock_release_recursive
                0x000000000010ed04       0x18 c:/devkitpro/devkitarm/bin/../lib/gcc/arm-none-eabi/10.2.0/../../../../arm-none-eabi/lib/armv6k/fpu\libsysbase.a(syscall_support.o)
                0x000000000010ed04                __libc_lock_release_recursive
 .text.__getreent
                0x000000000010ed1c       0x28 c:/devkitpro/devkitarm/bin/../lib/gcc/arm-none-eabi/10.2.0/../../../../arm-none-eabi/lib/armv6k/fpu\libsysbase.a(getreent.o)
                0x000000000010ed1c                __getreent
 .text.strchr   0x000000000010ed44      0x144 c:/devkitpro/devkitarm/bin/../lib/gcc/arm-none-eabi/10.2.0/../../../../arm-none-eabi/lib/armv6k/fpu\libg.a(lib_a-strchr.o)
                0x000000000010ed44                strchr
 .text.strrchr  0x000000000010ee88       0x44 c:/devkitpro/devkitarm/bin/../lib/gcc/arm-none-eabi/10.2.0/../../../../arm-none-eabi/lib/armv6k/fpu\libg.a(lib_a-strrchr.o)
                0x000000000010ee88                strrchr
 *(.glue_7)
 .glue_7        0x000000000010eecc        0x0 linker stubs
 *(.glue_7t)
 .glue_7t       0x000000000010eecc        0x0 linker stubs
 *(.stub)
 *(.gnu.warning)
 *(.gnu.linkonce.t*)
                0x000000000010eecc                . = ALIGN (0x4)
 *(.fini)
 .fini          0x000000000010eecc        0xc c:/devkitpro/devkitarm/bin/../lib/gcc/arm-none-eabi/10.2.0/armv6k/fpu/crti.o
                0x000000000010eecc                _fini
 .fini          0x000000000010eed8        0xc c:/devkitpro/devkitarm/bin/../lib/gcc/arm-none-eabi/10.2.0/armv6k/fpu/crtn.o
                0x000000000010eee4                . = ALIGN (0x4)

.vfp11_veneer   0x000000000010eee4        0x0
 .vfp11_veneer  0x000000000010eee4        0x0 linker stubs

.v4_bx          0x000000000010eee4        0x0
 .v4_bx         0x000000000010eee4        0x0 linker stubs

.iplt           0x000000000010eee4        0x0
 .iplt          0x000000000010eee4        0x0 c:/devkitpro/devkitarm/bin/../lib/gcc/arm-none-eabi/10.2.0/../../../../arm-none-eabi/lib/armv6k/fpu/3dsx_crt0.o
                0x000000000010f000                . = ALIGN (0x1000)

.rodata         0x000000000010f000      0x414
 *(.rodata)
 .rodata        0x000000000010f000       0x24 main.o
 .rodata        0x000000000010f024        0x3 C:/devkitPro/libctru/lib\libctru.a(apt.o)
 *fill*         0x000000000010f027        0x1 
 .rodata        0x000000000010f028        0xc C:/devkitPro/libctru/lib\libctru.a(archive_dev.o)
 *(.roda)
 *(.rodata.*)
 .rodata.vshader_shbin
                0x000000000010f034      0x11c vshader.shbin.o
                0x000000000010f034                vshader_shbin
                0x000000000010f14c                vshader_shbin_size
                0x000000000010f14c                vshader_shbin_end
 .rodata.str1.4
                0x000000000010f150        0xb main.o
 *fill*         0x000000000010f15b        0x1 
 .rodata.colorFmtSizes
                0x000000000010f15c        0x5 C:/devkitPro/libctru/lib\libcitro3d.a(framebuffer.o)
 *fill*         0x000000000010f161        0x3 
 .rodata.depthFmtSizes
                0x000000000010f164        0x4 C:/devkitPro/libctru/lib\libcitro3d.a(framebuffer.o)
 .rodata.gspInit.str1.4
                0x000000000010f168        0x9 C:/devkitPro/libctru/lib\libctru.a(gspgpu.o)
 *fill*         0x000000000010f171        0x3 
 .rodata.aptSendCommand.str1.4
                0x000000000010f174       0x16 C:/devkitPro/libctru/lib\libctru.a(apt.o)
 *fill*         0x000000000010f18a        0x2 
 .rodata.morton_x.3
                0x000000000010f18c        0x8 C:/devkitPro/libctru/lib\libctru.a(apt.o)
 .rodata.morton_y.2
                0x000000000010f194        0x8 C:/devkitPro/libctru/lib\libctru.a(apt.o)
 .rodata.s_sleepWakeEvents.4
                0x000000000010f19c        0x8 C:/devkitPro/libctru/lib\libctru.a(apt.o)
 .rodata.hidInit.str1.4
                0x000000000010f1a4       0x15 C:/devkitPro/libctru/lib\libctru.a(hid.o)
 *fill*         0x000000000010f1b9        0x3 
 .rodata.ptmSysmInit.str1.4
                0x000000000010f1bc        0x9 C:/devkitPro/libctru/lib\libctru.a(ptmsysm.o)
 *fill*         0x000000000010f1c5        0x3 
 .rodata.srvInit.str1.4
                0x000000000010f1c8        0x5 C:/devkitPro/libctru/lib\libctru.a(srv.o)
 *fill*         0x000000000010f1cd        0x3 
 .rodata.irrstInit.str1.4
                0x000000000010f1d0        0x7 C:/devkitPro/libctru/lib\libctru.a(irrst.o)
 *fill*         0x000000000010f1d7        0x1 
 .rodata.str1.4
                0x000000000010f1d8        0x8 C:/devkitPro/libctru/lib\libctru.a(archive_dev.o)
                                          0xc (size before relaxing)
 .rodata._archiveUnmountDeviceStruct.part.0.str1.4
                0x000000000010f1e0        0x2 C:/devkitPro/libctru/lib\libctru.a(archive_dev.o)
 *fill*         0x000000000010f1e2        0x2 
 .rodata._archiveMountDevice.str1.4
                0x000000000010f1e4        0x8 C:/devkitPro/libctru/lib\libctru.a(archive_dev.o)
 .rodata.archiveMountSdmc.str1.4
                0x000000000010f1ec        0x5 C:/devkitPro/libctru/lib\libctru.a(archive_dev.o)
 *fill*         0x000000000010f1f1        0x3 
 .rodata.archive_devoptab
                0x000000000010f1f4       0x70 C:/devkitPro/libctru/lib\libctru.a(archive_dev.o)
 .rodata.error_table
                0x000000000010f264       0x30 C:/devkitPro/libctru/lib\libctru.a(archive_dev.o)
 .rodata.fsInit.str1.4
                0x000000000010f294        0x8 C:/devkitPro/libctru/lib\libctru.a(fs.o)
 .rodata._global_impure_ptr
                0x000000000010f29c        0x4 c:/devkitpro/devkitarm/bin/../lib/gcc/arm-none-eabi/10.2.0/../../../../arm-none-eabi/lib/armv6k/fpu\libg.a(lib_a-impure.o)
                0x000000000010f29c                _global_impure_ptr
 .rodata.AddDevice.str1.4
                0x000000000010f2a0        0x8 c:/devkitpro/devkitarm/bin/../lib/gcc/arm-none-eabi/10.2.0/../../../../arm-none-eabi/lib/armv6k/fpu\libsysbase.a(iosupport.o)
 .rodata.dotab_stdnull
                0x000000000010f2a0       0x70 c:/devkitpro/devkitarm/bin/../lib/gcc/arm-none-eabi/10.2.0/../../../../arm-none-eabi/lib/armv6k/fpu\libsysbase.a(iosupport.o)
                0x000000000010f2a0                dotab_stdnull
 .rodata._ctype_
                0x000000000010f310      0x101 c:/devkitpro/devkitarm/bin/../lib/gcc/arm-none-eabi/10.2.0/../../../../arm-none-eabi/lib/armv6k/fpu\libg.a(lib_a-ctype_.o)
                0x000000000010f310                _ctype_
 *all.rodata*(*)
 *(.gnu.linkonce.r*)
                0x000000000010f414                . = ALIGN (0x4)
 *fill*         0x000000000010f411        0x3 

.eh_frame       0x000000000010f414        0x0
 .eh_frame      0x000000000010f414        0x0 c:/devkitpro/devkitarm/bin/../lib/gcc/arm-none-eabi/10.2.0/armv6k/fpu/crtbegin.o

.rel.dyn        0x000000000010f414        0x0
 .rel.iplt      0x000000000010f414        0x0 c:/devkitpro/devkitarm/bin/../lib/gcc/arm-none-eabi/10.2.0/../../../../arm-none-eabi/lib/armv6k/fpu/3dsx_crt0.o
 .rel.got       0x000000000010f414        0x0 c:/devkitpro/devkitarm/bin/../lib/gcc/arm-none-eabi/10.2.0/../../../../arm-none-eabi/lib/armv6k/fpu/3dsx_crt0.o

.ARM.extab
 *(.ARM.extab* .gnu.linkonce.armextab.*)
                0x000000000010f414                __exidx_start = .

ARM.exidx
 *(.ARM.exidx* .gnu.linkonce.armexidx.*)
                0x000000000010f414                __exidx_end = .
                0x0000000000110000                . = ALIGN (0x1000)

.data           0x0000000000110000      0xd40
 *(.data)
 *(.data.*)
 .data.framerate
                0x0000000000110000        0x4 C:/devkitPro/libctru/lib\libcitro3d.a(renderqueue.o)
 .data.framerateCounter
                0x0000000000110004        0x8 C:/devkitPro/libctru/lib\libcitro3d.a(renderqueue.o)
 .data.queueLock
                0x000000000011000c        0x4 C:/devkitPro/libctru/lib\libctru.a(gxqueue.o)
 .data.kCount   0x0000000000110010        0x4 C:/devkitPro/libctru/lib\libctru.a(hid.o)
 .data.kDelay   0x0000000000110014        0x4 C:/devkitPro/libctru/lib\libctru.a(hid.o)
 .data.kInterval
                0x0000000000110018        0x4 C:/devkitPro/libctru/lib\libctru.a(hid.o)
 .data.__stacksize__
                0x000000000011001c        0x4 C:/devkitPro/libctru/lib\libctru.a(stack_adjust.o)
                0x000000000011001c                __stacksize__
 .data._impure_ptr
                0x0000000000110020        0x4 c:/devkitpro/devkitarm/bin/../lib/gcc/arm-none-eabi/10.2.0/../../../../arm-none-eabi/lib/armv6k/fpu\libg.a(lib_a-impure.o)
                0x0000000000110020                _impure_ptr
 *fill*         0x0000000000110024        0x4 
 .data.impure_data
                0x0000000000110028      0x460 c:/devkitpro/devkitarm/bin/../lib/gcc/arm-none-eabi/10.2.0/../../../../arm-none-eabi/lib/armv6k/fpu\libg.a(lib_a-impure.o)
 .data.__malloc_av_
                0x0000000000110488      0x408 c:/devkitpro/devkitarm/bin/../lib/gcc/arm-none-eabi/10.2.0/../../../../arm-none-eabi/lib/armv6k/fpu\libg.a(lib_a-mallocr.o)
                0x0000000000110488                __malloc_av_
 .data.__malloc_sbrk_base
                0x0000000000110890        0x4 c:/devkitpro/devkitarm/bin/../lib/gcc/arm-none-eabi/10.2.0/../../../../arm-none-eabi/lib/armv6k/fpu\libg.a(lib_a-mallocr.o)
                0x0000000000110890                __malloc_sbrk_base
 .data.__malloc_trim_threshold
                0x0000000000110894        0x4 c:/devkitpro/devkitarm/bin/../lib/gcc/arm-none-eabi/10.2.0/../../../../arm-none-eabi/lib/armv6k/fpu\libg.a(lib_a-mallocr.o)
                0x0000000000110894                __malloc_trim_threshold
 .data.__malloc_recursive_mutex
                0x0000000000110898        0xc c:/devkitpro/devkitarm/bin/../lib/gcc/arm-none-eabi/10.2.0/../../../../arm-none-eabi/lib/armv6k/fpu\libg.a(lib_a-mlock.o)
 .data.__atexit_recursive_mutex
                0x00000000001108a4        0xc c:/devkitpro/devkitarm/bin/../lib/gcc/arm-none-eabi/10.2.0/../../../../arm-none-eabi/lib/armv6k/fpu\libg.a(lib_a-__call_atexit.o)
                0x00000000001108a4                __atexit_recursive_mutex
 .data.defaultDevice
                0x00000000001108b0        0x4 c:/devkitpro/devkitarm/bin/../lib/gcc/arm-none-eabi/10.2.0/../../../../arm-none-eabi/lib/armv6k/fpu\libsysbase.a(iosupport.o)
 .data.devoptab_list
                0x00000000001108b4       0x8c c:/devkitpro/devkitarm/bin/../lib/gcc/arm-none-eabi/10.2.0/../../../../arm-none-eabi/lib/armv6k/fpu\libsysbase.a(iosupport.o)
                0x00000000001108b4                devoptab_list
 .data._current_working_directory
                0x0000000000110940      0x400 c:/devkitpro/devkitarm/bin/../lib/gcc/arm-none-eabi/10.2.0/../../../../arm-none-eabi/lib/armv6k/fpu\libsysbase.a(chdir.o)
 *(.gnu.linkonce.d*)
                0x0000000000110d40                . = ALIGN (0x4)

.igot.plt       0x0000000000110d40        0x0
 .igot.plt      0x0000000000110d40        0x0 c:/devkitpro/devkitarm/bin/../lib/gcc/arm-none-eabi/10.2.0/../../../../arm-none-eabi/lib/armv6k/fpu/3dsx_crt0.o

.got            0x0000000000110d40        0x8
 .got           0x0000000000110d40        0x8 c:/devkitpro/devkitarm/bin/../lib/gcc/arm-none-eabi/10.2.0/../../../../arm-none-eabi/lib/armv6k/fpu/3dsx_crt0.o

.got.plt        0x0000000000110d48        0xc
 .got.plt       0x0000000000110d48        0xc c:/devkitpro/devkitarm/bin/../lib/gcc/arm-none-eabi/10.2.0/../../../../arm-none-eabi/lib/armv6k/fpu/3dsx_crt0.o
                0x0000000000110d48                _GLOBAL_OFFSET_TABLE_

.tdata          0x0000000000110d54        0x0
                0x0000000000110d54                __tdata_lma = .
 *(.tdata)
 *(.tdata.*)
 *(.gnu.linkonce.td.*)
                0x0000000000110d54                . = ALIGN (0x4)
                0x0000000000110d54                __tdata_lma_end = .

.tbss           0x0000000000110d54      0xc08
 *(.tbss)
 *(.tbss.*)
 .tbss.__ctru_dev_path_buf
                0x0000000000110d54      0x401 C:/devkitPro/libctru/lib\libctru.a(path_buf.o)
                0x0000000000110d54                __ctru_dev_path_buf
 *fill*         0x0000000000111155        0x3 
 .tbss.__ctru_dev_utf16_buf
                0x0000000000111158      0x802 C:/devkitPro/libctru/lib\libctru.a(path_buf.o)
                0x0000000000111158                __ctru_dev_utf16_buf
 *(.gnu.linkonce.tb.*)
 *(.tcommon)
                0x000000000011195c                . = ALIGN (0x4)
 *fill*         0x000000000011195a        0x2 

.preinit_array  0x0000000000110d54        0x0
                0x0000000000110d54                PROVIDE (__preinit_array_start = .)
 *(.preinit_array)
                0x0000000000110d54                PROVIDE (__preinit_array_end = .)

.init_array     0x0000000000110d54        0x4
                0x0000000000110d54                PROVIDE (__init_array_start = .)
 *(SORT_BY_NAME(.init_array.*))
 *(.init_array)
 .init_array    0x0000000000110d54        0x4 c:/devkitpro/devkitarm/bin/../lib/gcc/arm-none-eabi/10.2.0/armv6k/fpu/crtbegin.o
                0x0000000000110d58                PROVIDE (__init_array_end = .)

.fini_array     0x0000000000110d58        0x4
                0x0000000000110d58                PROVIDE (__fini_array_start = .)
 *(.fini_array)
 .fini_array    0x0000000000110d58        0x4 c:/devkitpro/devkitarm/bin/../lib/gcc/arm-none-eabi/10.2.0/armv6k/fpu/crtbegin.o
 *(SORT_BY_NAME(.fini_array.*))
                0x0000000000110d5c                PROVIDE (__fini_array_end = .)

.ctors
 *crtbegin.o(.ctors)
 *(EXCLUDE_FILE(*crtend.o) .ctors)
 *(SORT_BY_NAME(.ctors.*))
 *(.ctors)

.dtors
 *crtbegin.o(.dtors)
 *(EXCLUDE_FILE(*crtend.o) .dtors)
 *(SORT_BY_NAME(.dtors.*))
 *(.dtors)
                0x0000000000110d5c                __bss_start__ = .

.bss            0x0000000000110d5c     0x3a04
 *(.dynbss)
 *(.bss)
 .bss           0x0000000000110d5c       0x60 main.o
 *(.bss.*)
 .bss.completed.1
                0x0000000000110dbc        0x1 c:/devkitpro/devkitarm/bin/../lib/gcc/arm-none-eabi/10.2.0/armv6k/fpu/crtbegin.o
 *fill*         0x0000000000110dbd        0x3 
 .bss.object.0  0x0000000000110dc0       0x18 c:/devkitpro/devkitarm/bin/../lib/gcc/arm-none-eabi/10.2.0/armv6k/fpu/crtbegin.o
 .bss.__C3D_Context
                0x0000000000110dd8      0x2d0 C:/devkitPro/libctru/lib\libcitro3d.a(base.o)
                0x0000000000110dd8                __C3D_Context
 .bss.hookCookie
                0x00000000001110a8        0xc C:/devkitPro/libctru/lib\libcitro3d.a(base.o)
 *fill*         0x00000000001110b4        0x4 
 .bss.cpuTime   0x00000000001110b8       0x10 C:/devkitPro/libctru/lib\libcitro3d.a(renderqueue.o)
 .bss.firstTarget
                0x00000000001110c8        0x4 C:/devkitPro/libctru/lib\libcitro3d.a(renderqueue.o)
 .bss.frameCounter
                0x00000000001110cc        0x8 C:/devkitPro/libctru/lib\libcitro3d.a(renderqueue.o)
 .bss.frameEndCb
                0x00000000001110d4        0x4 C:/devkitPro/libctru/lib\libcitro3d.a(renderqueue.o)
 .bss.frameEndCbData
                0x00000000001110d8        0x4 C:/devkitPro/libctru/lib\libcitro3d.a(renderqueue.o)
 *fill*         0x00000000001110dc        0x4 
 .bss.gpuTime   0x00000000001110e0       0x10 C:/devkitPro/libctru/lib\libcitro3d.a(renderqueue.o)
 .bss.inFrame   0x00000000001110f0        0x1 C:/devkitPro/libctru/lib\libcitro3d.a(renderqueue.o)
 .bss.inSafeTransfer
                0x00000000001110f1        0x1 C:/devkitPro/libctru/lib\libcitro3d.a(renderqueue.o)
 .bss.isTopStereo
                0x00000000001110f2        0x1 C:/devkitPro/libctru/lib\libcitro3d.a(renderqueue.o)
 *fill*         0x00000000001110f3        0x1 
 .bss.lastTarget
                0x00000000001110f4        0x4 C:/devkitPro/libctru/lib\libcitro3d.a(renderqueue.o)
 .bss.linkedTarget
                0x00000000001110f8        0xc C:/devkitPro/libctru/lib\libcitro3d.a(renderqueue.o)
 .bss.measureGpuTime
                0x0000000000111104        0x1 C:/devkitPro/libctru/lib\libcitro3d.a(renderqueue.o)
 .bss.needSwapBot
                0x0000000000111105        0x1 C:/devkitPro/libctru/lib\libcitro3d.a(renderqueue.o)
 .bss.needSwapTop
                0x0000000000111106        0x1 C:/devkitPro/libctru/lib\libcitro3d.a(renderqueue.o)
 *fill*         0x0000000000111107        0x1 
 .bss.C3D_BoolUnifs
                0x0000000000111108        0x4 C:/devkitPro/libctru/lib\libcitro3d.a(uniforms.o)
                0x0000000000111108                C3D_BoolUnifs
 .bss.C3D_BoolUnifsDirty
                0x000000000011110c        0x2 C:/devkitPro/libctru/lib\libcitro3d.a(uniforms.o)
                0x000000000011110c                C3D_BoolUnifsDirty
 *fill*         0x000000000011110e        0x2 
 .bss.C3D_FVUnif
                0x0000000000111110      0xc00 C:/devkitPro/libctru/lib\libcitro3d.a(uniforms.o)
                0x0000000000111110                C3D_FVUnif
 .bss.C3D_FVUnifDirty
                0x0000000000111d10       0xc0 C:/devkitPro/libctru/lib\libcitro3d.a(uniforms.o)
                0x0000000000111d10                C3D_FVUnifDirty
 .bss.C3D_IVUnif
                0x0000000000111dd0       0x20 C:/devkitPro/libctru/lib\libcitro3d.a(uniforms.o)
                0x0000000000111dd0                C3D_IVUnif
 .bss.C3D_IVUnifDirty
                0x0000000000111df0        0x8 C:/devkitPro/libctru/lib\libcitro3d.a(uniforms.o)
                0x0000000000111df0                C3D_IVUnifDirty
 .bss.C3Di_FVUnifEverDirty
                0x0000000000111df8       0xc0 C:/devkitPro/libctru/lib\libcitro3d.a(uniforms.o)
 .bss.C3Di_IVUnifEverDirty
                0x0000000000111eb8        0x8 C:/devkitPro/libctru/lib\libcitro3d.a(uniforms.o)
 .bss.C3Di_ShaderFVecData
                0x0000000000111ec0       0x18 C:/devkitPro/libctru/lib\libcitro3d.a(uniforms.o)
 .bss._ZL8sAddrMap
                0x0000000000111ed8        0xc C:/devkitPro/libctru/lib\libctru.a(vram.o)
 .bss._ZL9sVramPool
                0x0000000000111ee4        0x8 C:/devkitPro/libctru/lib\libctru.a(vram.o)
 .bss._ZL11sLinearPool
                0x0000000000111eec        0x8 C:/devkitPro/libctru/lib\libctru.a(linear.o)
 .bss._ZL8sAddrMap
                0x0000000000111ef4        0xc C:/devkitPro/libctru/lib\libctru.a(linear.o)
 .bss.__ctru_speedup
                0x0000000000111f00        0x1 C:/devkitPro/libctru/lib\libctru.a(os.o)
                0x0000000000111f00                __ctru_speedup
 *fill*         0x0000000000111f01        0x3 
 .bss.gfxBottomFramebufferMaxSize
                0x0000000000111f04        0x4 C:/devkitPro/libctru/lib\libctru.a(gfx.o)
 .bss.gfxBottomFramebuffers
                0x0000000000111f08        0x8 C:/devkitPro/libctru/lib\libctru.a(gfx.o)
 .bss.gfxCurBuf
                0x0000000000111f10        0x2 C:/devkitPro/libctru/lib\libctru.a(gfx.o)
 *fill*         0x0000000000111f12        0x2 
 .bss.gfxFramebufferFormats
                0x0000000000111f14        0x2 C:/devkitPro/libctru/lib\libctru.a(gfx.o)
 *fill*         0x0000000000111f16        0x2 
 .bss.gfxIsDoubleBuf
                0x0000000000111f18        0x2 C:/devkitPro/libctru/lib\libctru.a(gfx.o)
 .bss.gfxIsVram
                0x0000000000111f1a        0x1 C:/devkitPro/libctru/lib\libctru.a(gfx.o)
 *fill*         0x0000000000111f1b        0x1 
 .bss.gfxTopFramebufferMaxSize
                0x0000000000111f1c        0x4 C:/devkitPro/libctru/lib\libctru.a(gfx.o)
 .bss.gfxTopFramebuffers
                0x0000000000111f20        0x8 C:/devkitPro/libctru/lib\libctru.a(gfx.o)
 .bss.gfxTopMode
                0x0000000000111f28        0x1 C:/devkitPro/libctru/lib\libctru.a(gfx.o)
 *fill*         0x0000000000111f29        0x3 
 .bss.screenAlloc
                0x0000000000111f2c        0x4 C:/devkitPro/libctru/lib\libctru.a(gfx.o)
 .bss.screenFree
                0x0000000000111f30        0x4 C:/devkitPro/libctru/lib\libctru.a(gfx.o)
 .bss.boundQueue
                0x0000000000111f34        0x4 C:/devkitPro/libctru/lib\libctru.a(gx.o)
 .bss.curQueue  0x0000000000111f38        0x4 C:/devkitPro/libctru/lib\libctru.a(gxqueue.o)
 .bss.isActive  0x0000000000111f3c        0x1 C:/devkitPro/libctru/lib\libctru.a(gxqueue.o)
 .bss.isRunning
                0x0000000000111f3d        0x1 C:/devkitPro/libctru/lib\libctru.a(gxqueue.o)
 .bss.shouldStop
                0x0000000000111f3e        0x1 C:/devkitPro/libctru/lib\libctru.a(gxqueue.o)
 *fill*         0x0000000000111f3f        0x1 
 .bss.gpuCmdBuf
                0x0000000000111f40        0x4 C:/devkitPro/libctru/lib\libctru.a(gpu.o)
                0x0000000000111f40                gpuCmdBuf
 .bss.gpuCmdBufOffset
                0x0000000000111f44        0x4 C:/devkitPro/libctru/lib\libctru.a(gpu.o)
                0x0000000000111f44                gpuCmdBufOffset
 .bss.gpuCmdBufSize
                0x0000000000111f48        0x4 C:/devkitPro/libctru/lib\libctru.a(gpu.o)
                0x0000000000111f48                gpuCmdBufSize
 .bss.gspEvent  0x0000000000111f4c        0x4 C:/devkitPro/libctru/lib\libctru.a(gspgpu.o)
 .bss.gspEventCb
                0x0000000000111f50       0x1c C:/devkitPro/libctru/lib\libctru.a(gspgpu.o)
 .bss.gspEventCbData
                0x0000000000111f6c       0x1c C:/devkitPro/libctru/lib\libctru.a(gspgpu.o)
 .bss.gspEventCbOneShot
                0x0000000000111f88        0x7 C:/devkitPro/libctru/lib\libctru.a(gspgpu.o)
 *fill*         0x0000000000111f8f        0x1 
 .bss.gspEventThread
                0x0000000000111f90        0x4 C:/devkitPro/libctru/lib\libctru.a(gspgpu.o)
 .bss.gspEvents
                0x0000000000111f94       0x38 C:/devkitPro/libctru/lib\libctru.a(gspgpu.o)
 .bss.gspGpuHandle
                0x0000000000111fcc        0x4 C:/devkitPro/libctru/lib\libctru.a(gspgpu.o)
 .bss.gspGpuRight
                0x0000000000111fd0        0x1 C:/devkitPro/libctru/lib\libctru.a(gspgpu.o)
 *fill*         0x0000000000111fd1        0x3 
 .bss.gspLastEvent
                0x0000000000111fd4        0x4 C:/devkitPro/libctru/lib\libctru.a(gspgpu.o)
 .bss.gspRefCount
                0x0000000000111fd8        0x4 C:/devkitPro/libctru/lib\libctru.a(gspgpu.o)
 .bss.gspRunEvents
                0x0000000000111fdc        0x1 C:/devkitPro/libctru/lib\libctru.a(gspgpu.o)
 *fill*         0x0000000000111fdd        0x3 
 .bss.gspSharedMem
                0x0000000000111fe0        0x4 C:/devkitPro/libctru/lib\libctru.a(gspgpu.o)
 .bss.gspSharedMemHandle
                0x0000000000111fe4        0x4 C:/devkitPro/libctru/lib\libctru.a(gspgpu.o)
 .bss.gspThreadId
                0x0000000000111fe8        0x1 C:/devkitPro/libctru/lib\libctru.a(gspgpu.o)
 .bss.aptChainloadFlags
                0x0000000000111fe9        0x1 C:/devkitPro/libctru/lib\libctru.a(apt.o)
 .bss.aptChainloadMediatype
                0x0000000000111fea        0x1 C:/devkitPro/libctru/lib\libctru.a(apt.o)
 *fill*         0x0000000000111feb        0x5 
 .bss.aptChainloadTid
                0x0000000000111ff0        0x8 C:/devkitPro/libctru/lib\libctru.a(apt.o)
 .bss.aptEventHandlerThread
                0x0000000000111ff8        0x4 C:/devkitPro/libctru/lib\libctru.a(apt.o)
 .bss.aptEventHandlerThreadQuit
                0x0000000000111ffc        0x1 C:/devkitPro/libctru/lib\libctru.a(apt.o)
 *fill*         0x0000000000111ffd        0x3 
 .bss.aptEvents
                0x0000000000112000        0x8 C:/devkitPro/libctru/lib\libctru.a(apt.o)
 .bss.aptFirstHook
                0x0000000000112008        0xc C:/devkitPro/libctru/lib\libctru.a(apt.o)
 .bss.aptFlags  0x0000000000112014        0x4 C:/devkitPro/libctru/lib\libctru.a(apt.o)
 .bss.aptHomeButtonState
                0x0000000000112018        0x1 C:/devkitPro/libctru/lib\libctru.a(apt.o)
 *fill*         0x0000000000112019        0x3 
 .bss.aptLockHandle
                0x000000000011201c        0x4 C:/devkitPro/libctru/lib\libctru.a(apt.o)
 .bss.aptMessageFunc
                0x0000000000112020        0x4 C:/devkitPro/libctru/lib\libctru.a(apt.o)
 .bss.aptMessageFuncData
                0x0000000000112024        0x4 C:/devkitPro/libctru/lib\libctru.a(apt.o)
 .bss.aptParameters
                0x0000000000112028     0x1000 C:/devkitPro/libctru/lib\libctru.a(apt.o)
 .bss.aptReceiveEvent
                0x0000000000113028        0x8 C:/devkitPro/libctru/lib\libctru.a(apt.o)
 .bss.aptRefCount
                0x0000000000113030        0x4 C:/devkitPro/libctru/lib\libctru.a(apt.o)
 .bss.aptSleepEvent
                0x0000000000113034        0x8 C:/devkitPro/libctru/lib\libctru.a(apt.o)
 .bss.flagInit.1
                0x000000000011303c        0x1 C:/devkitPro/libctru/lib\libctru.a(apt.o)
 .bss.flagValue.0
                0x000000000011303d        0x1 C:/devkitPro/libctru/lib\libctru.a(apt.o)
 *fill*         0x000000000011303e        0x2 
 .bss.serviceName.6
                0x0000000000113040        0x4 C:/devkitPro/libctru/lib\libctru.a(apt.o)
 .bss.aVec      0x0000000000113044        0x6 C:/devkitPro/libctru/lib\libctru.a(hid.o)
 *fill*         0x000000000011304a        0x2 
 .bss.cPos      0x000000000011304c        0x4 C:/devkitPro/libctru/lib\libctru.a(hid.o)
 .bss.gRate     0x0000000000113050        0x6 C:/devkitPro/libctru/lib\libctru.a(hid.o)
 *fill*         0x0000000000113056        0x2 
 .bss.hidEvents
                0x0000000000113058       0x14 C:/devkitPro/libctru/lib\libctru.a(hid.o)
                0x0000000000113058                hidEvents
 .bss.hidHandle
                0x000000000011306c        0x4 C:/devkitPro/libctru/lib\libctru.a(hid.o)
                0x000000000011306c                hidHandle
 .bss.hidMemHandle
                0x0000000000113070        0x4 C:/devkitPro/libctru/lib\libctru.a(hid.o)
                0x0000000000113070                hidMemHandle
 .bss.hidRefCount
                0x0000000000113074        0x4 C:/devkitPro/libctru/lib\libctru.a(hid.o)
 .bss.hidSharedMem
                0x0000000000113078        0x4 C:/devkitPro/libctru/lib\libctru.a(hid.o)
                0x0000000000113078                hidSharedMem
 .bss.kDown     0x000000000011307c        0x4 C:/devkitPro/libctru/lib\libctru.a(hid.o)
 .bss.kHeld     0x0000000000113080        0x4 C:/devkitPro/libctru/lib\libctru.a(hid.o)
 .bss.kOld      0x0000000000113084        0x4 C:/devkitPro/libctru/lib\libctru.a(hid.o)
 .bss.kRepeat   0x0000000000113088        0x4 C:/devkitPro/libctru/lib\libctru.a(hid.o)
 .bss.kUp       0x000000000011308c        0x4 C:/devkitPro/libctru/lib\libctru.a(hid.o)
 .bss.tPos      0x0000000000113090        0x4 C:/devkitPro/libctru/lib\libctru.a(hid.o)
 .bss.usingIrrst
                0x0000000000113094        0x1 C:/devkitPro/libctru/lib\libctru.a(hid.o)
 *fill*         0x0000000000113095        0x3 
 .bss.ptmSysmHandle
                0x0000000000113098        0x4 C:/devkitPro/libctru/lib\libctru.a(ptmsysm.o)
 .bss.ptmSysmRefCount
                0x000000000011309c        0x4 C:/devkitPro/libctru/lib\libctru.a(ptmsysm.o)
 .bss.__ctru_heap
                0x00000000001130a0        0x4 C:/devkitPro/libctru/lib\libctru.a(allocateHeaps.o)
                0x00000000001130a0                __ctru_heap
 .bss.__ctru_heap_size
                0x00000000001130a4        0x4 C:/devkitPro/libctru/lib\libctru.a(allocateHeaps.o)
                0x00000000001130a4                __ctru_heap_size
 .bss.__ctru_linear_heap
                0x00000000001130a8        0x4 C:/devkitPro/libctru/lib\libctru.a(allocateHeaps.o)
                0x00000000001130a8                __ctru_linear_heap
 .bss.__ctru_linear_heap_size
                0x00000000001130ac        0x4 C:/devkitPro/libctru/lib\libctru.a(allocateHeaps.o)
                0x00000000001130ac                __ctru_linear_heap_size
 .bss.__system_retAddr
                0x00000000001130b0        0x4 C:/devkitPro/libctru/lib\libctru.a(ctru_init.o)
                0x00000000001130b0                __system_retAddr
 .bss.__system_argc
                0x00000000001130b4        0x4 C:/devkitPro/libctru/lib\libctru.a(initArgv.o)
                0x00000000001130b4                __system_argc
 .bss.__system_argv
                0x00000000001130b8        0x4 C:/devkitPro/libctru/lib\libctru.a(initArgv.o)
                0x00000000001130b8                __system_argv
 .bss.saved_stack.42
                0x00000000001130bc        0x8 C:/devkitPro/libctru/lib\libctru.a(stack_adjust.o)
 .bss.arbiter   0x00000000001130c4        0x4 C:/devkitPro/libctru/lib\libctru.a(synchronization.o)
 .bss.srvHandle
                0x00000000001130c8        0x4 C:/devkitPro/libctru/lib\libctru.a(srv.o)
 .bss.srvRefCount
                0x00000000001130cc        0x4 C:/devkitPro/libctru/lib\libctru.a(srv.o)
 .bss.currentAddr
                0x00000000001130d0        0x4 C:/devkitPro/libctru/lib\libctru.a(mappable.o)
 .bss.maxAddr   0x00000000001130d4        0x4 C:/devkitPro/libctru/lib\libctru.a(mappable.o)
 .bss.minAddr   0x00000000001130d8        0x4 C:/devkitPro/libctru/lib\libctru.a(mappable.o)
 .bss.csPos     0x00000000001130dc        0x4 C:/devkitPro/libctru/lib\libctru.a(irrst.o)
 .bss.irrstEvent
                0x00000000001130e0        0x4 C:/devkitPro/libctru/lib\libctru.a(irrst.o)
                0x00000000001130e0                irrstEvent
 .bss.irrstHandle
                0x00000000001130e4        0x4 C:/devkitPro/libctru/lib\libctru.a(irrst.o)
                0x00000000001130e4                irrstHandle
 .bss.irrstMemHandle
                0x00000000001130e8        0x4 C:/devkitPro/libctru/lib\libctru.a(irrst.o)
                0x00000000001130e8                irrstMemHandle
 .bss.irrstRefCount
                0x00000000001130ec        0x4 C:/devkitPro/libctru/lib\libctru.a(irrst.o)
 .bss.irrstSharedMem
                0x00000000001130f0        0x4 C:/devkitPro/libctru/lib\libctru.a(irrst.o)
                0x00000000001130f0                irrstSharedMem