Archive member included to satisfy reference by file (symbol)

C:/devkitPro/libctru/lib\libcitro3d.a(base.o)
                              main.o (C3D_Init)
C:/devkitPro/libctru/lib\libcitro3d.a(renderqueue.o)
                              C:/devkitPro/libctru/lib\libcitro3d.a(base.o) (C3Di_RenderQueueEnableVBlank)
C:/devkitPro/libctru/lib\libcitro3d.a(texture.o)
                              C:/devkitPro/libctru/lib\libcitro3d.a(base.o) (C3Di_SetTex)
C:/devkitPro/libctru/lib\libcitro3d.a(light.o)
                              main.o (C3D_LightInit)
C:/devkitPro/libctru/lib\libcitro3d.a(framebuffer.o)
                              C:/devkitPro/libctru/lib\libcitro3d.a(renderqueue.o) (C3D_CalcColorBufSize)
C:/devkitPro/libctru/lib\libcitro3d.a(texenv.o)
                              main.o (C3D_GetTexEnv)
C:/devkitPro/libctru/lib\libcitro3d.a(buffers.o)
                              main.o (BufInfo_Init)
C:/devkitPro/libctru/lib\libcitro3d.a(drawArrays.o)
                              main.o (C3D_DrawArrays)
C:/devkitPro/libctru/lib\libcitro3d.a(effect.o)
                              C:/devkitPro/libctru/lib\libcitro3d.a(base.o) (C3D_DepthMap)
C:/devkitPro/libctru/lib\libcitro3d.a(attribs.o)
                              main.o (AttrInfo_Init)
C:/devkitPro/libctru/lib\libcitro3d.a(lightenv.o)
                              main.o (C3D_LightEnvInit)
C:/devkitPro/libctru/lib\libcitro3d.a(immediate.o)
                              C:/devkitPro/libctru/lib\libcitro3d.a(base.o) (C3D_ImmSendAttrib)
C:/devkitPro/libctru/lib\libcitro3d.a(lightlut.o)
                              main.o (LightLut_FromFunc)
C:/devkitPro/libctru/lib\libcitro3d.a(uniforms.o)
                              C:/devkitPro/libctru/lib\libcitro3d.a(base.o) (C3D_UpdateUniforms)
C:/devkitPro/libctru/lib\libcitro3d.a(mtx_rotatex.o)
                              main.o (Mtx_RotateX)
C:/devkitPro/libctru/lib\libcitro3d.a(mtx_perspstereotilt.o)
                              main.o (Mtx_PerspStereoTilt)
C:/devkitPro/libctru/lib\libcitro3d.a(mtx_translate.o)
                              main.o (Mtx_Translate)
C:/devkitPro/libctru/lib\libcitro3d.a(mtx_rotatey.o)
                              main.o (Mtx_RotateY)
C:/devkitPro/libctru/lib\libctru.a(vram.o)
                              C:/devkitPro/libctru/lib\libcitro3d.a(renderqueue.o) (vramAlloc)
C:/devkitPro/libctru/lib\libctru.a(linear.o)
                              main.o (linearAlloc)
C:/devkitPro/libctru/lib\libctru.a(mem_pool.o)
                              C:/devkitPro/libctru/lib\libctru.a(vram.o) (MemPool::Allocate(MemChunk&, unsigned long, int))
C:/devkitPro/libctru/lib\libctru.a(os.o)
                              C:/devkitPro/libctru/lib\libcitro3d.a(texture.o) (osConvertVirtToPhys)
C:/devkitPro/libctru/lib\libctru.a(gfx.o)
                              main.o (gfxSet3D)
C:/devkitPro/libctru/lib\libctru.a(shaderProgram.o)
                              main.o (shaderInstanceGetUniformLocation)
C:/devkitPro/libctru/lib\libctru.a(shbin.o)
                              main.o (DVLB_ParseFile)
C:/devkitPro/libctru/lib\libctru.a(gx.o)
                              C:/devkitPro/libctru/lib\libcitro3d.a(renderqueue.o) (GX_BindQueue)
C:/devkitPro/libctru/lib\libctru.a(gxqueue.o)
                              C:/devkitPro/libctru/lib\libcitro3d.a(renderqueue.o) (gxCmdQueueClear)
C:/devkitPro/libctru/lib\libctru.a(gpu.o)
                              C:/devkitPro/libctru/lib\libcitro3d.a(base.o) (GPUCMD_Add)
C:/devkitPro/libctru/lib\libctru.a(gspgpu.o)
                              C:/devkitPro/libctru/lib\libctru.a(gfx.o) (gspInit)
C:/devkitPro/libctru/lib\libctru.a(apt.o)
                              C:/devkitPro/libctru/lib\libcitro3d.a(base.o) (aptHook)
C:/devkitPro/libctru/lib\libctru.a(hid.o)
                              main.o (hidScanInput)
C:/devkitPro/libctru/lib\libctru.a(ptmsysm.o)
                              C:/devkitPro/libctru/lib\libctru.a(os.o) (ptmSysmInit)
C:/devkitPro/libctru/lib\libctru.a(rbtree_init.o)
                              C:/devkitPro/libctru/lib\libctru.a(vram.o) (rbtree_init)
C:/devkitPro/libctru/lib\libctru.a(rbtree_insert.o)
                              C:/devkitPro/libctru/lib\libctru.a(vram.o) (rbtree_insert)
C:/devkitPro/libctru/lib\libctru.a(rbtree_rotate.o)
                              C:/devkitPro/libctru/lib\libctru.a(rbtree_insert.o) (rbtree_rotate)
C:/devkitPro/libctru/lib\libctru.a(rbtree_remove.o)
                              C:/devkitPro/libctru/lib\libctru.a(vram.o) (rbtree_remove)
C:/devkitPro/libctru/lib\libctru.a(rbtree_find.o)
                              C:/devkitPro/libctru/lib\libctru.a(vram.o) (rbtree_find)
C:/devkitPro/libctru/lib\libctru.a(allocateHeaps.o)
                              C:/devkitPro/libctru/lib\libcitro3d.a(renderqueue.o) (__ctru_linear_heap_size)
C:/devkitPro/libctru/lib\libctru.a(ctru_init.o)
[...]
Memory Configuration

Name             Origin             Length             Attributes
*default*        0x0000000000000000 0xffffffffffffffff

Linker script and memory map

                0x0000000000100000                PROVIDE (__start__ = 0x100000)
                0x0000000000100000                . = __start__

.text           0x0000000000100000    0x11940
 *(.crt0)
 .crt0          0x0000000000100000       0x94 c:/devkitpro/devkitarm/bin/../lib/gcc/arm-none-eabi/10.2.0/../../../../arm-none-eabi/lib/armv6k/fpu/3dsx_crt0.o
                0x0000000000100000                _start
                0x0000000000100008                __service_ptr
                0x000000000010000c                __apt_appid
                0x0000000000100010                __heap_size
                0x0000000000100014                __linear_heap_size
                0x0000000000100018                __system_arglist
                0x000000000010001c                __system_runflags
 *(.init)
 .init          0x0000000000100094        0xc c:/devkitpro/devkitarm/bin/../lib/gcc/arm-none-eabi/10.2.0/armv6k/fpu/crti.o
                0x0000000000100094                _init
 .init          0x00000000001000a0        0xc c:/devkitpro/devkitarm/bin/../lib/gcc/arm-none-eabi/10.2.0/armv6k/fpu/crtn.o
                0x00000000001000ac                . = ALIGN (0x4)
 *(.text)
 .text          0x00000000001000ac      0x3c0 c:/devkitpro/devkitarm/bin/../lib/gcc/arm-none-eabi/10.2.0/armv6k/fpu\libgcc.a(_arm_addsubdf3.o)
                0x00000000001000ac                __aeabi_drsub
                0x00000000001000b4                __aeabi_dsub
                0x00000000001000b4                __subdf3
                0x00000000001000b8                __aeabi_dadd
                0x00000000001000b8                __adddf3
                0x0000000000100364                __floatunsidf
                0x0000000000100364                __aeabi_ui2d
                0x0000000000100388                __floatsidf
                0x0000000000100388                __aeabi_i2d
                0x00000000001003b0                __aeabi_f2d
                0x00000000001003b0                __extendsfdf2
                0x00000000001003f8                __floatundidf
                0x00000000001003f8                __aeabi_ul2d
                0x000000000010040c                __floatdidf
                0x000000000010040c                __aeabi_l2d
 .text          0x000000000010046c       0xd4 c:/devkitpro/devkitarm/bin/../lib/gcc/arm-none-eabi/10.2.0/armv6k/fpu\libgcc.a(_aeabi_ldivmod.o)
                0x000000000010046c                __aeabi_ldivmod
 .text          0x0000000000100540        0x4 c:/devkitpro/devkitarm/bin/../lib/gcc/arm-none-eabi/10.2.0/armv6k/fpu\libgcc.a(_dvmd_tls.o)
                0x0000000000100540                __aeabi_idiv0
                0x0000000000100540                __aeabi_ldiv0
 *fill*         0x0000000000100544       0x1c 
 .text          0x0000000000100560      0x390 c:/devkitpro/devkitarm/bin/../lib/gcc/arm-none-eabi/10.2.0/../../../../arm-none-eabi/lib/armv6k/fpu\libg.a(lib_a-strcmp.o)
                0x0000000000100568                strcmp
 .text          0x00000000001008f0      0x20c c:/devkitpro/devkitarm/bin/../lib/gcc/arm-none-eabi/10.2.0/armv6k/fpu\libgcc.a(_udivsi3.o)
                0x00000000001008f0                __aeabi_uidiv
                0x00000000001008f0                __udivsi3
                0x0000000000100adc                __aeabi_uidivmod
 *(.text.*)
 .text.__do_global_dtors_aux
                0x0000000000100afc       0x40 c:/devkitpro/devkitarm/bin/../lib/gcc/arm-none-eabi/10.2.0/armv6k/fpu/crtbegin.o
 .text.frame_dummy
                0x0000000000100b3c       0x2c c:/devkitpro/devkitarm/bin/../lib/gcc/arm-none-eabi/10.2.0/armv6k/fpu/crtbegin.o
 .text.sceneRender
                0x0000000000100b68      0x1c0 main.o
 .text.startup.main
                0x0000000000100d28      0x358 main.o
                0x0000000000100d28                main
 .text.C3Di_ProcTexUpdate
                0x0000000000101080        0x4 C:/devkitPro/libctru/lib\libcitro3d.a(base.o)
                0x0000000000101080                C3Di_ProcTexUpdate
 .text.C3Di_ProcTexDirty
                0x0000000000101084        0x4 C:/devkitPro/libctru/lib\libcitro3d.a(base.o)
                0x0000000000101084                C3Di_ProcTexDirty
 .text.C3Di_AptEventHook
                0x0000000000101088       0xb4 C:/devkitPro/libctru/lib\libcitro3d.a(base.o)
 .text.C3Di_GasUpdate
                0x000000000010113c        0x4 C:/devkitPro/libctru/lib\libcitro3d.a(base.o)
                0x000000000010113c                C3Di_GasUpdate
 .text.C3D_Init
                0x0000000000101140      0x1e0 C:/devkitPro/libctru/lib\libcitro3d.a(base.o)
                0x0000000000101140                C3D_Init
 .text.C3D_SetViewport
                0x0000000000101320       0x98 C:/devkitPro/libctru/lib\libcitro3d.a(base.o)
                0x0000000000101320                C3D_SetViewport
 .text.C3Di_UpdateContext
                0x00000000001013b8      0x4ec C:/devkitPro/libctru/lib\libcitro3d.a(base.o)
                0x00000000001013b8                C3Di_UpdateContext
 .text.C3Di_SplitFrame
                0x00000000001018a4       0xe0 C:/devkitPro/libctru/lib\libcitro3d.a(base.o)
                0x00000000001018a4                C3Di_SplitFrame
 .text.C3D_Fini
                0x0000000000101984       0x44 C:/devkitPro/libctru/lib\libcitro3d.a(base.o)
                0x0000000000101984                C3D_Fini
 .text.C3D_BindProgram
                0x00000000001019c8      0x108 C:/devkitPro/libctru/lib\libcitro3d.a(base.o)
                0x00000000001019c8                C3D_BindProgram
 .text.onVBlank0
                0x0000000000101ad0       0x4c C:/devkitPro/libctru/lib\libcitro3d.a(renderqueue.o)
 .text.onVBlank1
                0x0000000000101b1c       0x4c C:/devkitPro/libctru/lib\libcitro3d.a(renderqueue.o)
 .text.C3Di_RenderTargetDestroy
                0x0000000000101b68       0x80 C:/devkitPro/libctru/lib\libcitro3d.a(renderqueue.o)
 .text.onQueueFinish
                0x0000000000101be8       0xf4 C:/devkitPro/libctru/lib\libcitro3d.a(renderqueue.o)
 .text.C3Di_RenderQueueEnableVBlank
                0x0000000000101cdc       0x38 C:/devkitPro/libctru/lib\libcitro3d.a(renderqueue.o)
                0x0000000000101cdc                C3Di_RenderQueueEnableVBlank
 .text.C3Di_RenderQueueDisableVBlank
                0x0000000000101d14       0x30 C:/devkitPro/libctru/lib\libcitro3d.a(renderqueue.o)
                0x0000000000101d14                C3Di_RenderQueueDisableVBlank
 .text.C3Di_RenderQueueInit
                0x0000000000101d44       0x60 C:/devkitPro/libctru/lib\libcitro3d.a(renderqueue.o)
                0x0000000000101d44                C3Di_RenderQueueInit
 .text.C3Di_RenderQueueExit
                0x0000000000101da4       0xb0 C:/devkitPro/libctru/lib\libcitro3d.a(renderqueue.o)
                0x0000000000101da4                C3Di_RenderQueueExit
 .text.C3Di_RenderQueueWaitDone
                0x0000000000101e54       0x34 C:/devkitPro/libctru/lib\libcitro3d.a(renderqueue.o)
                0x0000000000101e54                C3Di_RenderQueueWaitDone
 .text.C3D_FrameBegin
                0x0000000000101e88       0xe4 C:/devkitPro/libctru/lib\libcitro3d.a(renderqueue.o)
                0x0000000000101e88                C3D_FrameBegin
 .text.C3D_FrameDrawOn
                0x0000000000101f6c       0x48 C:/devkitPro/libctru/lib\libcitro3d.a(renderqueue.o)
                0x0000000000101f6c                C3D_FrameDrawOn
 .text.C3D_FrameEnd
                0x0000000000101fb4      0x1d8 C:/devkitPro/libctru/lib\libcitro3d.a(renderqueue.o)
                0x0000000000101fb4                C3D_FrameEnd
 .text.C3D_RenderTargetCreate
                0x000000000010218c      0x128 C:/devkitPro/libctru/lib\libcitro3d.a(renderqueue.o)
                0x000000000010218c                C3D_RenderTargetCreate
 .text.C3D_RenderTargetSetOutput
                0x00000000001022b4       0xa8 C:/devkitPro/libctru/lib\libcitro3d.a(renderqueue.o)
                0x00000000001022b4                C3D_RenderTargetSetOutput
 .text.C3Di_SetTex
                0x000000000010235c      0x16c C:/devkitPro/libctru/lib\libcitro3d.a(texture.o)
                0x000000000010235c                C3Di_SetTex
 .text.C3Di_LightMtlBlend
                0x00000000001024c8       0xdc C:/devkitPro/libctru/lib\libcitro3d.a(light.o)
                0x00000000001024c8                C3Di_LightMtlBlend
 .text.C3D_LightInit
                0x00000000001025a4       0x90 C:/devkitPro/libctru/lib\libcitro3d.a(light.o)
                0x00000000001025a4                C3D_LightInit
 .text.C3D_LightDiffuse
                0x0000000000102634       0x1c C:/devkitPro/libctru/lib\libcitro3d.a(light.o)
                0x0000000000102634                C3D_LightDiffuse
 .text.C3D_LightSpecular0
                0x0000000000102650       0x1c C:/devkitPro/libctru/lib\libcitro3d.a(light.o)
                0x0000000000102650                C3D_LightSpecular0
 .text.C3D_LightSpecular1
                0x000000000010266c       0x1c C:/devkitPro/libctru/lib\libcitro3d.a(light.o)
                0x000000000010266c                C3D_LightSpecular1
 .text.C3D_LightPosition
                0x0000000000102688       0x5c C:/devkitPro/libctru/lib\libcitro3d.a(light.o)
                0x0000000000102688                C3D_LightPosition
 .text.C3D_CalcColorBufSize
                0x00000000001026e4       0x1c C:/devkitPro/libctru/lib\libcitro3d.a(framebuffer.o)
                0x00000000001026e4                C3D_CalcColorBufSize
 .text.C3D_CalcDepthBufSize
                0x0000000000102700       0x1c C:/devkitPro/libctru/lib\libcitro3d.a(framebuffer.o)
                0x0000000000102700                C3D_CalcDepthBufSize
 .text.C3D_SetFrameBuf
                0x000000000010271c       0x44 C:/devkitPro/libctru/lib\libcitro3d.a(framebuffer.o)
                0x000000000010271c                C3D_SetFrameBuf
 .text.C3Di_FrameBufBind
                0x0000000000102760      0x16c C:/devkitPro/libctru/lib\libcitro3d.a(framebuffer.o)
                0x0000000000102760                C3Di_FrameBufBind
 .text.C3D_FrameBufClear
                0x00000000001028cc       0xcc C:/devkitPro/libctru/lib\libcitro3d.a(framebuffer.o)
                0x00000000001028cc                C3D_FrameBufClear
 .text.C3D_FrameBufTransfer
                0x0000000000102998       0x44 C:/devkitPro/libctru/lib\libcitro3d.a(framebuffer.o)
                0x0000000000102998                C3D_FrameBufTransfer
 .text.C3D_GetTexEnv
                0x00000000001029dc       0x34 C:/devkitPro/libctru/lib\libcitro3d.a(texenv.o)
                0x00000000001029dc                C3D_GetTexEnv
 .text.C3Di_TexEnvBind
                0x0000000000102a10       0x24 C:/devkitPro/libctru/lib\libcitro3d.a(texenv.o)
                0x0000000000102a10                C3Di_TexEnvBind
 .text.BufInfo_Init
                0x0000000000102a34       0x24 C:/devkitPro/libctru/lib\libcitro3d.a(buffers.o)
                0x0000000000102a34                BufInfo_Init
 .text.BufInfo_Add
                0x0000000000102a58       0x80 C:/devkitPro/libctru/lib\libcitro3d.a(buffers.o)
                0x0000000000102a58                BufInfo_Add
 .text.C3D_GetBufInfo
                0x0000000000102ad8       0x20 C:/devkitPro/libctru/lib\libcitro3d.a(buffers.o)
                0x0000000000102ad8                C3D_GetBufInfo
 .text.C3Di_BufInfoBind
                0x0000000000102af8       0x48 C:/devkitPro/libctru/lib\libcitro3d.a(buffers.o)
                0x0000000000102af8                C3Di_BufInfoBind
 .text.C3D_DrawArrays
                0x0000000000102b40      0x148 C:/devkitPro/libctru/lib\libcitro3d.a(drawArrays.o)
                0x0000000000102b40                C3D_DrawArrays
 .text.C3D_DepthMap
                0x0000000000102c88       0x40 C:/devkitPro/libctru/lib\libcitro3d.a(effect.o)
                0x0000000000102c88                C3D_DepthMap
 .text.C3D_CullFace
                0x0000000000102cc8       0x1c C:/devkitPro/libctru/lib\libcitro3d.a(effect.o)
                0x0000000000102cc8                C3D_CullFace
 .text.C3D_StencilTest
                0x0000000000102ce4       0x40 C:/devkitPro/libctru/lib\libcitro3d.a(effect.o)
                0x0000000000102ce4                C3D_StencilTest
 .text.C3D_StencilOp
                0x0000000000102d24       0x24 C:/devkitPro/libctru/lib\libcitro3d.a(effect.o)
                0x0000000000102d24                C3D_StencilOp
 .text.C3D_BlendingColor
                0x0000000000102d48       0x1c C:/devkitPro/libctru/lib\libcitro3d.a(effect.o)
                0x0000000000102d48                C3D_BlendingColor
 .text.C3D_EarlyDepthTest
                0x0000000000102d64       0x24 C:/devkitPro/libctru/lib\libcitro3d.a(effect.o)
                0x0000000000102d64                C3D_EarlyDepthTest
 .text.C3D_DepthTest
                0x0000000000102d88       0x2c C:/devkitPro/libctru/lib\libcitro3d.a(effect.o)
                0x0000000000102d88                C3D_DepthTest
 .text.C3D_AlphaTest
                0x0000000000102db4       0x2c C:/devkitPro/libctru/lib\libcitro3d.a(effect.o)
                0x0000000000102db4                C3D_AlphaTest
 .text.C3D_AlphaBlend
                0x0000000000102de0       0x50 C:/devkitPro/libctru/lib\libcitro3d.a(effect.o)
                0x0000000000102de0                C3D_AlphaBlend
 .text.C3D_FragOpMode
                0x0000000000102e30       0x30 C:/devkitPro/libctru/lib\libcitro3d.a(effect.o)
                0x0000000000102e30                C3D_FragOpMode
 .text.C3D_FragOpShadow
                0x0000000000102e60       0x44 C:/devkitPro/libctru/lib\libcitro3d.a(effect.o)
                0x0000000000102e60                C3D_FragOpShadow
 .text.C3Di_EffectBind
                0x0000000000102ea4      0x1ac C:/devkitPro/libctru/lib\libcitro3d.a(effect.o)
                0x0000000000102ea4                C3Di_EffectBind
 .text.AttrInfo_Init
                0x0000000000103050       0x28 C:/devkitPro/libctru/lib\libcitro3d.a(attribs.o)
                0x0000000000103050                AttrInfo_Init
 .text.AttrInfo_AddLoader
                0x0000000000103078       0x98 C:/devkitPro/libctru/lib\libcitro3d.a(attribs.o)
                0x0000000000103078                AttrInfo_AddLoader
 .text.C3D_GetAttrInfo
                0x0000000000103110       0x20 C:/devkitPro/libctru/lib\libcitro3d.a(attribs.o)
                0x0000000000103110                C3D_GetAttrInfo
 .text.C3Di_AttrInfoBind
                0x0000000000103130       0x80 C:/devkitPro/libctru/lib\libcitro3d.a(attribs.o)
                0x0000000000103130                C3Di_AttrInfoBind
 .text.C3Di_LightEnvUpdate
                0x00000000001031b0      0x3d8 C:/devkitPro/libctru/lib\libcitro3d.a(lightenv.o)
                0x00000000001031b0                C3Di_LightEnvUpdate
 .text.C3Di_LightEnvDirty
                0x0000000000103588       0x9c C:/devkitPro/libctru/lib\libcitro3d.a(lightenv.o)
                0x0000000000103588                C3Di_LightEnvDirty
 .text.C3D_LightEnvInit
                0x0000000000103624       0x5c C:/devkitPro/libctru/lib\libcitro3d.a(lightenv.o)
                0x0000000000103624                C3D_LightEnvInit
 .text.C3D_LightEnvBind
                0x0000000000103680       0x2c C:/devkitPro/libctru/lib\libcitro3d.a(lightenv.o)
                0x0000000000103680                C3D_LightEnvBind
 .text.C3D_LightEnvMaterial
                0x00000000001036ac       0x84 C:/devkitPro/libctru/lib\libcitro3d.a(lightenv.o)
                0x00000000001036ac                C3D_LightEnvMaterial
 .text.C3D_LightEnvLut
                0x0000000000103730       0xb8 C:/devkitPro/libctru/lib\libcitro3d.a(lightenv.o)
                0x0000000000103730                C3D_LightEnvLut
 .text.C3D_ImmSendAttrib
                0x00000000001037e8       0xa8 C:/devkitPro/libctru/lib\libcitro3d.a(immediate.o)
                0x00000000001037e8                C3D_ImmSendAttrib
 .text.LightLut_FromArray
                0x0000000000103890       0xa8 C:/devkitPro/libctru/lib\libcitro3d.a(lightlut.o)
                0x0000000000103890                LightLut_FromArray
 .text.LightLut_FromFunc
                0x0000000000103938       0xd8 C:/devkitPro/libctru/lib\libcitro3d.a(lightlut.o)
                0x0000000000103938                LightLut_FromFunc
 .text.C3D_UpdateUniforms
                0x0000000000103a10      0x29c C:/devkitPro/libctru/lib\libcitro3d.a(uniforms.o)
                0x0000000000103a10                C3D_UpdateUniforms
 .text.C3Di_DirtyUniforms
                0x0000000000103cac       0xc0 C:/devkitPro/libctru/lib\libcitro3d.a(uniforms.o)
                0x0000000000103cac                C3Di_DirtyUniforms
 .text.C3Di_LoadShaderUniforms
                0x0000000000103d6c       0xd8 C:/devkitPro/libctru/lib\libcitro3d.a(uniforms.o)
                0x0000000000103d6c                C3Di_LoadShaderUniforms
 .text.C3Di_ClearShaderUniforms
                0x0000000000103e44       0x28 C:/devkitPro/libctru/lib\libcitro3d.a(uniforms.o)
                0x0000000000103e44                C3Di_ClearShaderUniforms
 .text.Mtx_RotateX
                0x0000000000103e6c       0xa4 C:/devkitPro/libctru/lib\libcitro3d.a(mtx_rotatex.o)
                0x0000000000103e6c                Mtx_RotateX
 .text.Mtx_PerspStereoTilt
                0x0000000000103f10       0xb8 C:/devkitPro/libctru/lib\libcitro3d.a(mtx_perspstereotilt.o)
                0x0000000000103f10                Mtx_PerspStereoTilt
 .text.Mtx_Translate
                0x0000000000103fc8       0xa0 C:/devkitPro/libctru/lib\libcitro3d.a(mtx_translate.o)
                0x0000000000103fc8                Mtx_Translate
 .text.Mtx_RotateY
                0x0000000000104068       0xa0 C:/devkitPro/libctru/lib\libcitro3d.a(mtx_rotatey.o)
                0x0000000000104068                Mtx_RotateY
 .text._ZL21addrMapNodeComparatorPK11rbtree_nodeS1_
                0x0000000000104108       0x24 C:/devkitPro/libctru/lib\libctru.a(vram.o)
 .text._ZL21addrMapNodeDestructorP11rbtree_node
                0x000000000010412c        0x4 C:/devkitPro/libctru/lib\libctru.a(vram.o)
 .text.vramMemAlign
                0x0000000000104130      0x114 C:/devkitPro/libctru/lib\libctru.a(vram.o)
                0x0000000000104130                vramMemAlign
 .text.vramAlloc
                0x0000000000104244        0x8 C:/devkitPro/libctru/lib\libctru.a(vram.o)
                0x0000000000104244                vramAlloc
 .text.vramFree
                0x000000000010424c       0x5c C:/devkitPro/libctru/lib\libctru.a(vram.o)
                0x000000000010424c                vramFree
 .text._ZL21addrMapNodeComparatorPK11rbtree_nodeS1_
                0x00000000001042a8       0x24 C:/devkitPro/libctru/lib\libctru.a(linear.o)
 .text._ZL21addrMapNodeDestructorP11rbtree_node
                0x00000000001042cc        0x4 C:/devkitPro/libctru/lib\libctru.a(linear.o)
 .text.linearMemAlign
                0x00000000001042d0      0x120 C:/devkitPro/libctru/lib\libctru.a(linear.o)
                0x00000000001042d0                linearMemAlign
 .text.linearAlloc
                0x00000000001043f0        0x8 C:/devkitPro/libctru/lib\libctru.a(linear.o)
                0x00000000001043f0                linearAlloc
 .text.linearFree
                0x00000000001043f8       0x5c C:/devkitPro/libctru/lib\libctru.a(linear.o)
                0x00000000001043f8                linearFree
 .text._ZN7MemPool13CoalesceRightEP8MemBlock
                0x0000000000104454       0x84 C:/devkitPro/libctru/lib\libctru.a(mem_pool.o)
                0x0000000000104454                MemPool::CoalesceRight(MemBlock*)
 .text._ZN7MemPool8AllocateER8MemChunkmi
                0x00000000001044d8      0x170 C:/devkitPro/libctru/lib\libctru.a(mem_pool.o)
                0x00000000001044d8                MemPool::Allocate(MemChunk&, unsigned long, int)
 .text._ZN7MemPool10DeallocateERK8MemChunk
                0x0000000000104648       0xfc C:/devkitPro/libctru/lib\libctru.a(mem_pool.o)
                0x0000000000104648                MemPool::Deallocate(MemChunk const&)
 .text.osConvertVirtToPhys
                0x0000000000104744       0x74 C:/devkitPro/libctru/lib\libctru.a(os.o)
                0x0000000000104744                osConvertVirtToPhys
 .text.osGetTimeRef
                0x00000000001047b8       0x54 C:/devkitPro/libctru/lib\libctru.a(os.o)
                0x00000000001047b8                osGetTimeRef
 .text.osGetTime
                0x000000000010480c       0xe4 C:/devkitPro/libctru/lib\libctru.a(os.o)
                0x000000000010480c                osGetTime
 .text.__libctru_gtod
                0x00000000001048f0       0x74 C:/devkitPro/libctru/lib\libctru.a(os.o)
                0x00000000001048f0                __libctru_gtod
 .text.__ctru_speedup_config
                0x0000000000104964       0x34 C:/devkitPro/libctru/lib\libctru.a(os.o)
                0x0000000000104964                __ctru_speedup_config
 .text.gfxPresentFramebuffer
                0x0000000000104998       0xd0 C:/devkitPro/libctru/lib\libctru.a(gfx.o)
 .text.gfxSet3D
                0x0000000000104a68       0x10 C:/devkitPro/libctru/lib\libctru.a(gfx.o)
                0x0000000000104a68                gfxSet3D
 .text.gfxSetScreenFormat
                0x0000000000104a78       0xec C:/devkitPro/libctru/lib\libctru.a(gfx.o)
                0x0000000000104a78                gfxSetScreenFormat
 .text.gfxInit  0x0000000000104b64      0x108 C:/devkitPro/libctru/lib\libctru.a(gfx.o)
                0x0000000000104b64                gfxInit
 .text.gfxInitDefault
                0x0000000000104c6c       0x10 C:/devkitPro/libctru/lib\libctru.a(gfx.o)
                0x0000000000104c6c                gfxInitDefault
 .text.gfxExit  0x0000000000104c7c       0xb4 C:/devkitPro/libctru/lib\libctru.a(gfx.o)
                0x0000000000104c7c                gfxExit
 .text.gfxGetFramebuffer
                0x0000000000104d30       0xa0 C:/devkitPro/libctru/lib\libctru.a(gfx.o)
                0x0000000000104d30                gfxGetFramebuffer
 .text.gfxScreenSwapBuffers
                0x0000000000104dd0       0x30 C:/devkitPro/libctru/lib\libctru.a(gfx.o)
                0x0000000000104dd0                gfxScreenSwapBuffers
 .text.shaderInstanceInit
                0x0000000000104e00      0x1e0 C:/devkitPro/libctru/lib\libctru.a(shaderProgram.o)
                0x0000000000104e00                shaderInstanceInit
 .text.shaderInstanceGetUniformLocation
                0x0000000000104fe0       0x18 C:/devkitPro/libctru/lib\libctru.a(shaderProgram.o)
                0x0000000000104fe0                shaderInstanceGetUniformLocation
 .text.shaderProgramInit
                0x0000000000104ff8       0x1c C:/devkitPro/libctru/lib\libctru.a(shaderProgram.o)
                0x0000000000104ff8                shaderProgramInit
 .text.shaderProgramFree
                0x0000000000105014       0x64 C:/devkitPro/libctru/lib\libctru.a(shaderProgram.o)
                0x0000000000105014                shaderProgramFree
 .text.shaderProgramSetVsh
                0x0000000000105078       0x80 C:/devkitPro/libctru/lib\libctru.a(shaderProgram.o)
                0x0000000000105078                shaderProgramSetVsh
 .text.shaderProgramConfigure
                0x00000000001050f8      0x8c0 C:/devkitPro/libctru/lib\libctru.a(shaderProgram.o)
                0x00000000001050f8                shaderProgramConfigure
 .text.DVLE_GenerateOutmap.part.0
                0x00000000001059b8      0x1f8 C:/devkitPro/libctru/lib\libctru.a(shbin.o)
 .text.DVLB_ParseFile
                0x0000000000105bb0      0x1cc C:/devkitPro/libctru/lib\libctru.a(shbin.o)
                0x0000000000105bb0                DVLB_ParseFile
 .text.DVLB_Free
                0x0000000000105d7c       0x38 C:/devkitPro/libctru/lib\libctru.a(shbin.o)
                0x0000000000105d7c                DVLB_Free
 .text.DVLE_GetUniformRegister
                0x0000000000105db4       0x74 C:/devkitPro/libctru/lib\libctru.a(shbin.o)
                0x0000000000105db4                DVLE_GetUniformRegister
 .text.GX_BindQueue
                0x0000000000105e28       0x10 C:/devkitPro/libctru/lib\libctru.a(gx.o)
                0x0000000000105e28                GX_BindQueue
 .text.GX_ProcessCommandList
                0x0000000000105e38       0x78 C:/devkitPro/libctru/lib\libctru.a(gx.o)
                0x0000000000105e38                GX_ProcessCommandList
 .text.GX_MemoryFill
                0x0000000000105eb0       0x74 C:/devkitPro/libctru/lib\libctru.a(gx.o)
                0x0000000000105eb0                GX_MemoryFill
 .text.GX_DisplayTransfer
                0x0000000000105f24       0x70 C:/devkitPro/libctru/lib\libctru.a(gx.o)
                0x0000000000105f24                GX_DisplayTransfer
 .text.gxCmdQueueDoCommands.part.0
                0x0000000000105f94       0x68 C:/devkitPro/libctru/lib\libctru.a(gxqueue.o)
 .text.gxCmdQueueInterrupt
                0x0000000000105ffc       0xc8 C:/devkitPro/libctru/lib\libctru.a(gxqueue.o)
                0x0000000000105ffc                gxCmdQueueInterrupt
 .text.gxCmdQueueClear
                0x00000000001060c4       0x4c C:/devkitPro/libctru/lib\libctru.a(gxqueue.o)
                0x00000000001060c4                gxCmdQueueClear
 .text.gxCmdQueueAdd
                0x0000000000106110       0xf8 C:/devkitPro/libctru/lib\libctru.a(gxqueue.o)
                0x0000000000106110                gxCmdQueueAdd
 .text.gxCmdQueueRun
                0x0000000000106208       0x80 C:/devkitPro/libctru/lib\libctru.a(gxqueue.o)
                0x0000000000106208                gxCmdQueueRun
 .text.gxCmdQueueStop
                0x0000000000106288       0x60 C:/devkitPro/libctru/lib\libctru.a(gxqueue.o)
                0x0000000000106288                gxCmdQueueStop
 .text.gxCmdQueueWait
                0x00000000001062e8       0x74 C:/devkitPro/libctru/lib\libctru.a(gxqueue.o)
                0x00000000001062e8                gxCmdQueueWait
 .text.GPUCMD_Add
                0x000000000010635c      0x13c C:/devkitPro/libctru/lib\libctru.a(gpu.o)
                0x000000000010635c                GPUCMD_Add
 .text.GPUCMD_Split
                0x0000000000106498       0xac C:/devkitPro/libctru/lib\libctru.a(gpu.o)
                0x0000000000106498                GPUCMD_Split
 .text.f32tof16
                0x0000000000106544       0x40 C:/devkitPro/libctru/lib\libctru.a(gpu.o)
                0x0000000000106544                f32tof16
 .text.f32tof24
                0x0000000000106584       0x40 C:/devkitPro/libctru/lib\libctru.a(gpu.o)
                0x0000000000106584                f32tof24
 .text.f32tof31
                0x00000000001065c4       0x44 C:/devkitPro/libctru/lib\libctru.a(gpu.o)
                0x00000000001065c4                f32tof31
 .text.gspHardwareInit
                0x0000000000106608      0xc58 C:/devkitPro/libctru/lib\libctru.a(gspgpu.o)
 .text.gspInit  0x0000000000107260      0x254 C:/devkitPro/libctru/lib\libctru.a(gspgpu.o)
                0x0000000000107260                gspInit
 .text.gspExit  0x00000000001074b4       0xf0 C:/devkitPro/libctru/lib\libctru.a(gspgpu.o)
                0x00000000001074b4                gspExit
 .text.gspHasGpuRight
                0x00000000001075a4       0x10 C:/devkitPro/libctru/lib\libctru.a(gspgpu.o)
                0x00000000001075a4                gspHasGpuRight
 .text.gspPresentBuffer
                0x00000000001075b4       0x98 C:/devkitPro/libctru/lib\libctru.a(gspgpu.o)
                0x00000000001075b4                gspPresentBuffer
 .text.gspSetEventCallback
                0x000000000010764c       0x30 C:/devkitPro/libctru/lib\libctru.a(gspgpu.o)
                0x000000000010764c                gspSetEventCallback
 .text.gspWaitForEvent
                0x000000000010767c       0x50 C:/devkitPro/libctru/lib\libctru.a(gspgpu.o)
                0x000000000010767c                gspWaitForEvent
 .text.gspWaitForAnyEvent
                0x00000000001076cc       0x4c C:/devkitPro/libctru/lib\libctru.a(gspgpu.o)
                0x00000000001076cc                gspWaitForAnyEvent
 .text.gspEventThreadMain
                0x0000000000107718      0x160 C:/devkitPro/libctru/lib\libctru.a(gspgpu.o)
 .text.gspSubmitGxCommand
                0x0000000000107878      0x130 C:/devkitPro/libctru/lib\libctru.a(gspgpu.o)
                0x0000000000107878                gspSubmitGxCommand
 .text.GSPGPU_FlushDataCache
                0x00000000001079a8       0x50 C:/devkitPro/libctru/lib\libctru.a(gspgpu.o)
                0x00000000001079a8                GSPGPU_FlushDataCache
 .text.GSPGPU_SetLcdForceBlack
                0x00000000001079f8       0x34 C:/devkitPro/libctru/lib\libctru.a(gspgpu.o)
                0x00000000001079f8                GSPGPU_SetLcdForceBlack
 .text.GSPGPU_AcquireRight
                0x0000000000107a2c       0x68 C:/devkitPro/libctru/lib\libctru.a(gspgpu.o)
                0x0000000000107a2c                GSPGPU_AcquireRight
 .text.GSPGPU_ReleaseRight
                0x0000000000107a94       0x48 C:/devkitPro/libctru/lib\libctru.a(gspgpu.o)
                0x0000000000107a94                GSPGPU_ReleaseRight
 .text.GSPGPU_ImportDisplayCaptureInfo
                0x0000000000107adc       0x7c C:/devkitPro/libctru/lib\libctru.a(gspgpu.o)
                0x0000000000107adc                GSPGPU_ImportDisplayCaptureInfo
 .text.GSPGPU_SaveVramSysArea
                0x0000000000107b58       0x2c C:/devkitPro/libctru/lib\libctru.a(gspgpu.o)
                0x0000000000107b58                GSPGPU_SaveVramSysArea
 .text.GSPGPU_RestoreVramSysArea
                0x0000000000107b84       0x2c C:/devkitPro/libctru/lib\libctru.a(gspgpu.o)
                0x0000000000107b84                GSPGPU_RestoreVramSysArea
 .text.aptConvertScreenForCapture
                0x0000000000107bb0      0x1b0 C:/devkitPro/libctru/lib\libctru.a(apt.o)
 .text.aptDspSleep
                0x0000000000107d60        0x8 C:/devkitPro/libctru/lib\libctru.a(apt.o)
                0x0000000000107d60                aptDspSleep
 .text.aptDspWakeup
                0x0000000000107d68        0x4 C:/devkitPro/libctru/lib\libctru.a(apt.o)
                0x0000000000107d68                aptDspWakeup
 .text.aptDspCancel
                0x0000000000107d6c        0x4 C:/devkitPro/libctru/lib\libctru.a(apt.o)
                0x0000000000107d6c                aptDspCancel
 .text.aptSendCommand
                0x0000000000107d70      0x15c C:/devkitPro/libctru/lib\libctru.a(apt.o)
                0x0000000000107d70                aptSendCommand
 .text.aptExitProcess
                0x0000000000107ecc       0x38 C:/devkitPro/libctru/lib\libctru.a(apt.o)
 .text.aptExit  0x0000000000107f04      0x2f0 C:/devkitPro/libctru/lib\libctru.a(apt.o)
                0x0000000000107f04                aptExit
 .text.aptHandleSleep
                0x00000000001081f4       0xd8 C:/devkitPro/libctru/lib\libctru.a(apt.o)
                0x00000000001081f4                aptHandleSleep
 .text.aptHook  0x00000000001082cc       0x30 C:/devkitPro/libctru/lib\libctru.a(apt.o)
                0x00000000001082cc                aptHook
 .text.aptUnhook
                0x00000000001082fc       0x30 C:/devkitPro/libctru/lib\libctru.a(apt.o)
                0x00000000001082fc                aptUnhook
 .text.APT_SleepIfShellClosed
                0x000000000010832c       0x84 C:/devkitPro/libctru/lib\libctru.a(apt.o)
                0x000000000010832c                APT_SleepIfShellClosed
 .text.aptSetSleepAllowed
                0x00000000001083b0       0x84 C:/devkitPro/libctru/lib\libctru.a(apt.o)
                0x00000000001083b0                aptSetSleepAllowed
 .text.APT_UnlockTransition
                0x0000000000108434       0x84 C:/devkitPro/libctru/lib\libctru.a(apt.o)
                0x0000000000108434                APT_UnlockTransition
 .text.aptEventHandler
                0x00000000001084b8      0x484 C:/devkitPro/libctru/lib\libctru.a(apt.o)
 .text.APT_ReceiveParameter
                0x000000000010893c       0xb0 C:/devkitPro/libctru/lib\libctru.a(apt.o)
                0x000000000010893c                APT_ReceiveParameter
 .text.aptReceiveParameter.constprop.0
                0x00000000001089ec       0xb0 C:/devkitPro/libctru/lib\libctru.a(apt.o)
 *fill*         0x0000000000108a9c        0x4 
 .text.aptScreenTransfer
                0x0000000000108aa0      0x2bc C:/devkitPro/libctru/lib\libctru.a(apt.o)
 .text.aptWaitForWakeUp.isra.0
                0x0000000000108d5c      0x2d0 C:/devkitPro/libctru/lib\libctru.a(apt.o)
 .text.aptJumpToHomeMenu
                0x000000000010902c       0xf8 C:/devkitPro/libctru/lib\libctru.a(apt.o)
                0x000000000010902c                aptJumpToHomeMenu
 .text.aptMainLoop
                0x0000000000109124       0x4c C:/devkitPro/libctru/lib\libctru.a(apt.o)
                0x0000000000109124                aptMainLoop
 .text.aptInit  0x0000000000109170      0x234 C:/devkitPro/libctru/lib\libctru.a(apt.o)
                0x0000000000109170                aptInit
 .text.APT_CheckNew3DS
                0x00000000001093a4       0x7c C:/devkitPro/libctru/lib\libctru.a(apt.o)
                0x00000000001093a4                APT_CheckNew3DS
 .text.hidShouldUseIrrst
                0x0000000000109420       0x24 C:/devkitPro/libctru/lib\libctru.a(hid.o)
                0x0000000000109420                hidShouldUseIrrst
 .text.hidInit  0x0000000000109444      0x18c C:/devkitPro/libctru/lib\libctru.a(hid.o)
                0x0000000000109444                hidInit
 .text.hidExit  0x00000000001095d0       0xe8 C:/devkitPro/libctru/lib\libctru.a(hid.o)
                0x00000000001095d0                hidExit
 .text.hidScanInput
                0x00000000001096b8      0x294 C:/devkitPro/libctru/lib\libctru.a(hid.o)
                0x00000000001096b8                hidScanInput
 .text.hidKeysDown
                0x000000000010994c       0x10 C:/devkitPro/libctru/lib\libctru.a(hid.o)
                0x000000000010994c                hidKeysDown
 .text.ptmSysmInit
                0x000000000010995c       0x74 C:/devkitPro/libctru/lib\libctru.a(ptmsysm.o)
                0x000000000010995c                ptmSysmInit
 .text.ptmSysmExit
                0x00000000001099d0       0x3c C:/devkitPro/libctru/lib\libctru.a(ptmsysm.o)
                0x00000000001099d0                ptmSysmExit
 .text.PTMSYSM_ConfigureNew3DSCPU
                0x0000000000109a0c       0x34 C:/devkitPro/libctru/lib\libctru.a(ptmsysm.o)
                0x0000000000109a0c                PTMSYSM_ConfigureNew3DSCPU
 .text.rbtree_init
                0x0000000000109a40       0x10 C:/devkitPro/libctru/lib\libctru.a(rbtree_init.o)
                0x0000000000109a40                rbtree_init
 .text.do_insert
                0x0000000000109a50      0x1a0 C:/devkitPro/libctru/lib\libctru.a(rbtree_insert.o)
 .text.rbtree_insert
                0x0000000000109bf0        0x8 C:/devkitPro/libctru/lib\libctru.a(rbtree_insert.o)
                0x0000000000109bf0                rbtree_insert
 .text.rbtree_rotate
                0x0000000000109bf8       0x90 C:/devkitPro/libctru/lib\libctru.a(rbtree_rotate.o)
                0x0000000000109bf8                rbtree_rotate
 .text.rbtree_remove
                0x0000000000109c88      0x338 C:/devkitPro/libctru/lib\libctru.a(rbtree_remove.o)
                0x0000000000109c88                rbtree_remove
 .text.rbtree_find
                0x0000000000109fc0       0x74 C:/devkitPro/libctru/lib\libctru.a(rbtree_find.o)
                0x0000000000109fc0                rbtree_find
 *fill*         0x000000000010a034        0x4 
 .text.__system_allocateHeaps
                0x000000000010a038      0x1e0 C:/devkitPro/libctru/lib\libctru.a(allocateHeaps.o)
                0x000000000010a038                __system_allocateHeaps
 .text.__libctru_init
                0x000000000010a218       0x38 C:/devkitPro/libctru/lib\libctru.a(ctru_init.o)
                0x000000000010a218                __libctru_init
 .text.__system_initArgv
                0x000000000010a250       0xf0 C:/devkitPro/libctru/lib\libctru.a(initArgv.o)
                0x000000000010a250                __system_initArgv
 .text.svcControlMemory
                0x000000000010a340       0x20 C:/devkitPro/libctru/lib\libctru.a(svc.o)
                0x000000000010a340                svcControlMemory
 .text.svcQueryMemory
                0x000000000010a360       0x30 C:/devkitPro/libctru/lib\libctru.a(svc.o)
                0x000000000010a360                svcQueryMemory
 .text.svcExitProcess
                0x000000000010a390        0x8 C:/devkitPro/libctru/lib\libctru.a(svc.o)
                0x000000000010a390                svcExitProcess
 .text.svcCreateThread
                0x000000000010a398       0x20 C:/devkitPro/libctru/lib\libctru.a(svc.o)
                0x000000000010a398                svcCreateThread
 .text.svcExitThread
                0x000000000010a3b8        0x8 C:/devkitPro/libctru/lib\libctru.a(svc.o)
                0x000000000010a3b8                svcExitThread
 .text.svcSleepThread
                0x000000000010a3c0        0x8 C:/devkitPro/libctru/lib\libctru.a(svc.o)
                0x000000000010a3c0                svcSleepThread
 .text.svcReleaseMutex
                0x000000000010a3c8        0x8 C:/devkitPro/libctru/lib\libctru.a(svc.o)
                0x000000000010a3c8                svcReleaseMutex
 .text.svcCreateEvent
                0x000000000010a3d0       0x14 C:/devkitPro/libctru/lib\libctru.a(svc.o)
                0x000000000010a3d0                svcCreateEvent
 .text.svcSignalEvent
                0x000000000010a3e4        0x8 C:/devkitPro/libctru/lib\libctru.a(svc.o)
                0x000000000010a3e4                svcSignalEvent
 .text.svcClearEvent
                0x000000000010a3ec        0x8 C:/devkitPro/libctru/lib\libctru.a(svc.o)
                0x000000000010a3ec                svcClearEvent
 .text.svcMapMemoryBlock
                0x000000000010a3f4        0x8 C:/devkitPro/libctru/lib\libctru.a(svc.o)
                0x000000000010a3f4                svcMapMemoryBlock
 .text.svcUnmapMemoryBlock
                0x000000000010a3fc        0x8 C:/devkitPro/libctru/lib\libctru.a(svc.o)
                0x000000000010a3fc                svcUnmapMemoryBlock
 .text.svcCreateAddressArbiter
                0x000000000010a404       0x14 C:/devkitPro/libctru/lib\libctru.a(svc.o)
                0x000000000010a404                svcCreateAddressArbiter
 .text.svcArbitrateAddressNoTimeout
                0x000000000010a418        0x8 C:/devkitPro/libctru/lib\libctru.a(svc.o)
                0x000000000010a418                svcArbitrateAddressNoTimeout
 .text.svcCloseHandle
                0x000000000010a420        0x8 C:/devkitPro/libctru/lib\libctru.a(svc.o)
                0x000000000010a420                svcCloseHandle
 .text.svcWaitSynchronization
                0x000000000010a428        0x8 C:/devkitPro/libctru/lib\libctru.a(svc.o)
                0x000000000010a428                svcWaitSynchronization
 .text.svcWaitSynchronizationN
                0x000000000010a430       0x28 C:/devkitPro/libctru/lib\libctru.a(svc.o)
                0x000000000010a430                svcWaitSynchronizationN
 .text.svcDuplicateHandle
                0x000000000010a458       0x14 C:/devkitPro/libctru/lib\libctru.a(svc.o)
                0x000000000010a458                svcDuplicateHandle
 .text.svcGetSystemTick
                0x000000000010a46c        0x8 C:/devkitPro/libctru/lib\libctru.a(svc.o)
                0x000000000010a46c                svcGetSystemTick
 .text.svcConnectToPort
                0x000000000010a474       0x14 C:/devkitPro/libctru/lib\libctru.a(svc.o)
                0x000000000010a474                svcConnectToPort
 .text.svcSendSyncRequest
                0x000000000010a488        0x8 C:/devkitPro/libctru/lib\libctru.a(svc.o)
                0x000000000010a488                svcSendSyncRequest
 .text.svcGetResourceLimit
                0x000000000010a490       0x14 C:/devkitPro/libctru/lib\libctru.a(svc.o)
                0x000000000010a490                svcGetResourceLimit
 .text.svcGetResourceLimitLimitValues
                0x000000000010a4a4        0x8 C:/devkitPro/libctru/lib\libctru.a(svc.o)
                0x000000000010a4a4                svcGetResourceLimitLimitValues
 .text.svcGetResourceLimitCurrentValues
                0x000000000010a4ac        0x8 C:/devkitPro/libctru/lib\libctru.a(svc.o)
                0x000000000010a4ac                svcGetResourceLimitCurrentValues
 .text.svcBreak
                0x000000000010a4b4        0x8 C:/devkitPro/libctru/lib\libctru.a(svc.o)
                0x000000000010a4b4                svcBreak
 .text.initSystem
                0x000000000010a4bc       0x50 C:/devkitPro/libctru/lib\libctru.a(stack_adjust.o)
                0x000000000010a4bc                initSystem
 .text.__ctru_exit
                0x000000000010a50c       0x18 C:/devkitPro/libctru/lib\libctru.a(stack_adjust.o)
                0x000000000010a50c                __ctru_exit
 .text.__sync_init
                0x000000000010a524        0xc C:/devkitPro/libctru/lib\libctru.a(synchronization.o)
                0x000000000010a524                __sync_init
 .text.__sync_fini
                0x000000000010a530       0x18 C:/devkitPro/libctru/lib\libctru.a(synchronization.o)
                0x000000000010a530                __sync_fini
 .text.syncArbitrateAddress
                0x000000000010a548       0x2c C:/devkitPro/libctru/lib\libctru.a(synchronization.o)
                0x000000000010a548                syncArbitrateAddress
 .text.LightLock_Init
                0x000000000010a574       0x1c C:/devkitPro/libctru/lib\libctru.a(synchronization.o)
                0x000000000010a574                LightLock_Init
 .text.LightLock_Lock
                0x000000000010a590       0x94 C:/devkitPro/libctru/lib\libctru.a(synchronization.o)
                0x000000000010a590                LightLock_Lock
 .text.LightLock_TryLock
                0x000000000010a624       0x44 C:/devkitPro/libctru/lib\libctru.a(synchronization.o)
                0x000000000010a624                LightLock_TryLock
 .text.LightLock_Unlock
                0x000000000010a668       0x40 C:/devkitPro/libctru/lib\libctru.a(synchronization.o)
                0x000000000010a668                LightLock_Unlock
 .text.RecursiveLock_Init
                0x000000000010a6a8       0x24 C:/devkitPro/libctru/lib\libctru.a(synchronization.o)
                0x000000000010a6a8                RecursiveLock_Init
 .text.RecursiveLock_Lock
                0x000000000010a6cc       0x30 C:/devkitPro/libctru/lib\libctru.a(synchronization.o)
                0x000000000010a6cc                RecursiveLock_Lock
 .text.RecursiveLock_TryLock
                0x000000000010a6fc       0x78 C:/devkitPro/libctru/lib\libctru.a(synchronization.o)
                0x000000000010a6fc                RecursiveLock_TryLock
 .text.RecursiveLock_Unlock
                0x000000000010a774       0x54 C:/devkitPro/libctru/lib\libctru.a(synchronization.o)
                0x000000000010a774                RecursiveLock_Unlock
 .text.LightEvent_Init
                0x000000000010a7c8       0x40 C:/devkitPro/libctru/lib\libctru.a(synchronization.o)
                0x000000000010a7c8                LightEvent_Init
 .text.LightEvent_Clear
                0x000000000010a808       0xa4 C:/devkitPro/libctru/lib\libctru.a(synchronization.o)
                0x000000000010a808                LightEvent_Clear
 .text.LightEvent_Signal
                0x000000000010a8ac       0xc8 C:/devkitPro/libctru/lib\libctru.a(synchronization.o)
                0x000000000010a8ac                LightEvent_Signal
 .text.LightEvent_TryWait
                0x000000000010a974       0x58 C:/devkitPro/libctru/lib\libctru.a(synchronization.o)
                0x000000000010a974                LightEvent_TryWait
 .text.LightEvent_Wait
                0x000000000010a9cc       0xb0 C:/devkitPro/libctru/lib\libctru.a(synchronization.o)
                0x000000000010a9cc                LightEvent_Wait
 .text.srvInit  0x000000000010aa7c      0x124 C:/devkitPro/libctru/lib\libctru.a(srv.o)
                0x000000000010aa7c                srvInit
 .text.srvExit  0x000000000010aba0       0x58 C:/devkitPro/libctru/lib\libctru.a(srv.o)
                0x000000000010aba0                srvExit
 .text.srvGetServiceHandleDirect
                0x000000000010abf8       0x80 C:/devkitPro/libctru/lib\libctru.a(srv.o)
                0x000000000010abf8                srvGetServiceHandleDirect
 .text.srvGetServiceHandle
                0x000000000010ac78       0x48 C:/devkitPro/libctru/lib\libctru.a(srv.o)
                0x000000000010ac78                srvGetServiceHandle
 .text.srvPublishToSubscriber
                0x000000000010acc0       0x38 C:/devkitPro/libctru/lib\libctru.a(srv.o)
                0x000000000010acc0                srvPublishToSubscriber
 .text.threadCreate
                0x000000000010acf8      0x188 C:/devkitPro/libctru/lib\libctru.a(thread.o)
                0x000000000010acf8                threadCreate
 .text.threadFree
                0x000000000010ae80       0x2c C:/devkitPro/libctru/lib\libctru.a(thread.o)
                0x000000000010ae80                threadFree
 .text.threadJoin
                0x000000000010aeac       0x24 C:/devkitPro/libctru/lib\libctru.a(thread.o)
                0x000000000010aeac                threadJoin
 .text.threadGetCurrent
                0x000000000010aed0       0x30 C:/devkitPro/libctru/lib\libctru.a(thread.o)
                0x000000000010aed0                threadGetCurrent
 .text.threadExit
                0x000000000010af00       0x40 C:/devkitPro/libctru/lib\libctru.a(thread.o)
                0x000000000010af00                threadExit
 .text._thread_begin
                0x000000000010af40       0x44 C:/devkitPro/libctru/lib\libctru.a(thread.o)
 .text.mappableFindAddressWithin
                0x000000000010af84       0x94 C:/devkitPro/libctru/lib\libctru.a(mappable.o)
 .text.mappableInit
                0x000000000010b018       0x28 C:/devkitPro/libctru/lib\libctru.a(mappable.o)
                0x000000000010b018                mappableInit
 .text.mappableAlloc
                0x000000000010b040       0x80 C:/devkitPro/libctru/lib\libctru.a(mappable.o)
                0x000000000010b040                mappableAlloc
 .text.mappableFree
                0x000000000010b0c0        0x4 C:/devkitPro/libctru/lib\libctru.a(mappable.o)
                0x000000000010b0c0                mappableFree
 .text.irrstInit
                0x000000000010b0c4      0x160 C:/devkitPro/libctru/lib\libctru.a(irrst.o)
                0x000000000010b0c4                irrstInit
 .text.irrstExit
                0x000000000010b224       0xcc C:/devkitPro/libctru/lib\libctru.a(irrst.o)
                0x000000000010b224                irrstExit
 .text.irrstScanInput
                0x000000000010b2f0       0xb0 C:/devkitPro/libctru/lib\libctru.a(irrst.o)
                0x000000000010b2f0                irrstScanInput
 .text.irrstKeysHeld
                0x000000000010b3a0       0x24 C:/devkitPro/libctru/lib\libctru.a(irrst.o)
                0x000000000010b3a0                irrstKeysHeld
 .text.srvPmGetSessionHandle
                0x000000000010b3c4        0xc C:/devkitPro/libctru/lib\libctru.a(srvpm.o)
                0x000000000010b3c4                srvPmGetSessionHandle
 .text.rbtree_node_next
                0x000000000010b3d0       0x50 C:/devkitPro/libctru/lib\libctru.a(rbtree_iterator.o)
                0x000000000010b3d0                rbtree_node_next
 .text.__appInit
                0x000000000010b420       0x30 C:/devkitPro/libctru/lib\libctru.a(appInit.o)
                0x000000000010b420                __appInit
 .text.__libctru_nanosleep
                0x000000000010b450       0x30 C:/devkitPro/libctru/lib\libctru.a(syscalls.o)
 .text.__libctru_get_reent
                0x000000000010b480       0x30 C:/devkitPro/libctru/lib\libctru.a(syscalls.o)
 .text.__system_initSyscalls
                0x000000000010b4b0       0xf8 C:/devkitPro/libctru/lib\libctru.a(syscalls.o)
                0x000000000010b4b0                __system_initSyscalls
 .text.__appExit
                0x000000000010b5a8       0x30 C:/devkitPro/libctru/lib\libctru.a(appExit.o)
                0x000000000010b5a8                __appExit
 .text.__libctru_exit
                0x000000000010b5d8       0x90 C:/devkitPro/libctru/lib\libctru.a(ctru_exit.o)
                0x000000000010b5d8                __libctru_exit
 .text.envGetHandle
                0x000000000010b668       0x84 C:/devkitPro/libctru/lib\libctru.a(env.o)
                0x000000000010b668                envGetHandle
 .text.envDestroyHandles
                0x000000000010b6ec       0x50 C:/devkitPro/libctru/lib\libctru.a(env.o)
                0x000000000010b6ec                envDestroyHandles
 .text.archive_link
                0x000000000010b73c       0x14 C:/devkitPro/libctru/lib\libctru.a(archive_dev.o)
 .text.archive_dirreset
                0x000000000010b750       0x14 C:/devkitPro/libctru/lib\libctru.a(archive_dev.o)
 .text.archive_chmod
                0x000000000010b764       0x14 C:/devkitPro/libctru/lib\libctru.a(archive_dev.o)
 .text.error_cmp
                0x000000000010b778       0x24 C:/devkitPro/libctru/lib\libctru.a(archive_dev.o)
 .text.archive_translate_error
                0x000000000010b79c       0x50 C:/devkitPro/libctru/lib\libctru.a(archive_dev.o)
 .text.archive_seek
                0x000000000010b7ec       0xd4 C:/devkitPro/libctru/lib\libctru.a(archive_dev.o)
 .text._archiveInit.part.0
                0x000000000010b8c0       0x7c C:/devkitPro/libctru/lib\libctru.a(archive_dev.o)
 .text.archiveFindDevice.part.0
                0x000000000010b93c       0x8c C:/devkitPro/libctru/lib\libctru.a(archive_dev.o)
 .text.archive_utf16path
                0x000000000010b9c8      0x294 C:/devkitPro/libctru/lib\libctru.a(archive_dev.o)
 .text._archiveUnmountDeviceStruct.part.0
                0x000000000010bc5c       0xa0 C:/devkitPro/libctru/lib\libctru.a(archive_dev.o)
 .text.archive_fchmod
                0x000000000010bcfc       0x14 C:/devkitPro/libctru/lib\libctru.a(archive_dev.o)
 .text.archive_statvfs
                0x000000000010bd10       0x14 C:/devkitPro/libctru/lib\libctru.a(archive_dev.o)
 .text._archiveMountDevice
                0x000000000010bd24      0x158 C:/devkitPro/libctru/lib\libctru.a(archive_dev.o)
 .text.archive_diropen
                0x000000000010be7c       0xe8 C:/devkitPro/libctru/lib\libctru.a(archive_dev.o)
 .text.archive_fstat
                0x000000000010bf64       0xa4 C:/devkitPro/libctru/lib\libctru.a(archive_dev.o)
 .text.archive_close
                0x000000000010c008       0x6c C:/devkitPro/libctru/lib\libctru.a(archive_dev.o)
 .text.archive_fsync
                0x000000000010c074       0x6c C:/devkitPro/libctru/lib\libctru.a(archive_dev.o)
 .text.archive_dirclose
                0x000000000010c0e0       0x70 C:/devkitPro/libctru/lib\libctru.a(archive_dev.o)
 .text.sdmc_statvfs
                0x000000000010c150       0xe8 C:/devkitPro/libctru/lib\libctru.a(archive_dev.o)
 .text.archive_ftruncate
                0x000000000010c238       0x80 C:/devkitPro/libctru/lib\libctru.a(archive_dev.o)
 .text.archive_chdir
                0x000000000010c2b8       0xfc C:/devkitPro/libctru/lib\libctru.a(archive_dev.o)
 .text.archive_read
                0x000000000010c3b4       0xb0 C:/devkitPro/libctru/lib\libctru.a(archive_dev.o)
 .text.archive_unlink
                0x000000000010c464       0xac C:/devkitPro/libctru/lib\libctru.a(archive_dev.o)
 .text.archive_rmdir
                0x000000000010c510       0xc8 C:/devkitPro/libctru/lib\libctru.a(archive_dev.o)
 .text.archive_mkdir
                0x000000000010c5d8       0xec C:/devkitPro/libctru/lib\libctru.a(archive_dev.o)
 .text.archive_stat
                0x000000000010c6c4      0x1a8 C:/devkitPro/libctru/lib\libctru.a(archive_dev.o)
 .text.archive_rename
                0x000000000010c86c      0x184 C:/devkitPro/libctru/lib\libctru.a(archive_dev.o)
 .text.archive_dirnext
                0x000000000010c9f0      0x168 C:/devkitPro/libctru/lib\libctru.a(archive_dev.o)
 .text.archive_write
                0x000000000010cb58      0x12c C:/devkitPro/libctru/lib\libctru.a(archive_dev.o)
 .text.archive_open
                0x000000000010cc84      0x1f0 C:/devkitPro/libctru/lib\libctru.a(archive_dev.o)
 .text.archiveMountSdmc
                0x000000000010ce74      0x1a4 C:/devkitPro/libctru/lib\libctru.a(archive_dev.o)
                0x000000000010ce74                archiveMountSdmc
 .text.archiveUnmountAll
                0x000000000010d018       0x54 C:/devkitPro/libctru/lib\libctru.a(archive_dev.o)
                0x000000000010d018                archiveUnmountAll
 .text.fsInit   0x000000000010d06c       0xc8 C:/devkitPro/libctru/lib\libctru.a(fs.o)
                0x000000000010d06c                fsInit
 .text.fsExit   0x000000000010d134       0x3c C:/devkitPro/libctru/lib\libctru.a(fs.o)
                0x000000000010d134                fsExit
 .text.fsExemptFromSession
                0x000000000010d170       0x60 C:/devkitPro/libctru/lib\libctru.a(fs.o)
                0x000000000010d170                fsExemptFromSession
 .text.fsUnexemptFromSession
                0x000000000010d1d0       0x50 C:/devkitPro/libctru/lib\libctru.a(fs.o)
                0x000000000010d1d0                fsUnexemptFromSession
 .text.FSUSER_OpenFile
                0x000000000010d220       0xcc C:/devkitPro/libctru/lib\libctru.a(fs.o)
                0x000000000010d220                FSUSER_OpenFile
 .text.FSUSER_DeleteFile
                0x000000000010d2ec       0xbc C:/devkitPro/libctru/lib\libctru.a(fs.o)
                0x000000000010d2ec                FSUSER_DeleteFile
 .text.FSUSER_RenameFile
                0x000000000010d3a8       0xf8 C:/devkitPro/libctru/lib\libctru.a(fs.o)
                0x000000000010d3a8                FSUSER_RenameFile
 .text.FSUSER_DeleteDirectory
                0x000000000010d4a0       0xbc C:/devkitPro/libctru/lib\libctru.a(fs.o)
                0x000000000010d4a0                FSUSER_DeleteDirectory
 .text.FSUSER_CreateFile
                0x000000000010d55c       0xd4 C:/devkitPro/libctru/lib\libctru.a(fs.o)
                0x000000000010d55c                FSUSER_CreateFile
 .text.FSUSER_CreateDirectory
                0x000000000010d630       0xc4 C:/devkitPro/libctru/lib\libctru.a(fs.o)
                0x000000000010d630                FSUSER_CreateDirectory
 .text.FSUSER_RenameDirectory
                0x000000000010d6f4       0xf8 C:/devkitPro/libctru/lib\libctru.a(fs.o)
                0x000000000010d6f4                FSUSER_RenameDirectory
 .text.FSUSER_OpenDirectory
                0x000000000010d7ec       0xb4 C:/devkitPro/libctru/lib\libctru.a(fs.o)
                0x000000000010d7ec                FSUSER_OpenDirectory
 .text.FSUSER_OpenArchive
                0x000000000010d8a0       0x94 C:/devkitPro/libctru/lib\libctru.a(fs.o)
                0x000000000010d8a0                FSUSER_OpenArchive
 .text.FSUSER_CloseArchive
                0x000000000010d934       0x8c C:/devkitPro/libctru/lib\libctru.a(fs.o)
                0x000000000010d934                FSUSER_CloseArchive
 .text.FSUSER_GetSdmcArchiveResource
                0x000000000010d9c0       0x74 C:/devkitPro/libctru/lib\libctru.a(fs.o)
                0x000000000010d9c0                FSUSER_GetSdmcArchiveResource
 .text.FSUSER_IsSdmcWritable
                0x000000000010da34       0x64 C:/devkitPro/libctru/lib\libctru.a(fs.o)
                0x000000000010da34                FSUSER_IsSdmcWritable
 .text.FSFILE_Read
                0x000000000010da98       0x58 C:/devkitPro/libctru/lib\libctru.a(fs.o)
                0x000000000010da98                FSFILE_Read
 .text.FSFILE_Write
                0x000000000010daf0       0x60 C:/devkitPro/libctru/lib\libctru.a(fs.o)
                0x000000000010daf0                FSFILE_Write
 .text.FSFILE_GetSize
                0x000000000010db50       0x38 C:/devkitPro/libctru/lib\libctru.a(fs.o)
                0x000000000010db50                FSFILE_GetSize
 .text.FSFILE_SetSize
                0x000000000010db88       0x28 C:/devkitPro/libctru/lib\libctru.a(fs.o)
                0x000000000010db88                FSFILE_SetSize
 .text.FSFILE_Close
                0x000000000010dbb0       0x3c C:/devkitPro/libctru/lib\libctru.a(fs.o)
                0x000000000010dbb0                FSFILE_Close
 .text.FSFILE_Flush
                0x000000000010dbec       0x24 C:/devkitPro/libctru/lib\libctru.a(fs.o)
                0x000000000010dbec                FSFILE_Flush
 .text.FSDIR_Read
                0x000000000010dc10       0x50 C:/devkitPro/libctru/lib\libctru.a(fs.o)
                0x000000000010dc10                FSDIR_Read
 .text.FSDIR_Close
                0x000000000010dc60       0x3c C:/devkitPro/libctru/lib\libctru.a(fs.o)
                0x000000000010dc60                FSDIR_Close
 .text.utf16_to_utf8
                0x000000000010dc9c       0xe8 C:/devkitPro/libctru/lib\libctru.a(utf16_to_utf8.o)
                0x000000000010dc9c                utf16_to_utf8
 .text.decode_utf16
                0x000000000010dd84       0x64 C:/devkitPro/libctru/lib\libctru.a(decode_utf16.o)
                0x000000000010dd84                decode_utf16
 .text.decode_utf8
                0x000000000010dde8      0x13c C:/devkitPro/libctru/lib\libctru.a(decode_utf8.o)
                0x000000000010dde8                decode_utf8
 .text.utf8_to_utf16
                0x000000000010df24       0xc0 C:/devkitPro/libctru/lib\libctru.a(utf8_to_utf16.o)
                0x000000000010df24                utf8_to_utf16
 .text.__aeabi_read_tp
                0x000000000010dfe4        0xc C:/devkitPro/libctru/lib\libctru.a(readtp.o)
                0x000000000010dfe4                __aeabi_read_tp
 .text.encode_utf16
                0x000000000010dff0       0x60 C:/devkitPro/libctru/lib\libctru.a(encode_utf16.o)
                0x000000000010dff0                encode_utf16
 .text.encode_utf8
                0x000000000010e050       0xfc C:/devkitPro/libctru/lib\libctru.a(encode_utf8.o)
                0x000000000010e050                encode_utf8
 *fill*         0x000000000010e14c        0x4 
 .text.cosf     0x000000000010e150      0x22c c:/devkitpro/devkitarm/bin/../lib/gcc/arm-none-eabi/10.2.0/../../../../arm-none-eabi/lib/armv6k/fpu\libm.a(lib_a-cosf.o)
                0x000000000010e150                cosf
 .text.with_errnof
                0x000000000010e37c       0x24 c:/devkitpro/devkitarm/bin/../lib/gcc/arm-none-eabi/10.2.0/../../../../arm-none-eabi/lib/armv6k/fpu\libm.a(lib_a-math_errf.o)
 .text.xflowf   0x000000000010e3a0       0x18 c:/devkitpro/devkitarm/bin/../lib/gcc/arm-none-eabi/10.2.0/../../../../arm-none-eabi/lib/armv6k/fpu\libm.a(lib_a-math_errf.o)
 .text.__math_uflowf
                0x000000000010e3b8        0xc c:/devkitpro/devkitarm/bin/../lib/gcc/arm-none-eabi/10.2.0/../../../../arm-none-eabi/lib/armv6k/fpu\libm.a(lib_a-math_errf.o)
                0x000000000010e3b8                __math_uflowf
 .text.__math_may_uflowf
                0x000000000010e3c4        0xc c:/devkitpro/devkitarm/bin/../lib/gcc/arm-none-eabi/10.2.0/../../../../arm-none-eabi/lib/armv6k/fpu\libm.a(lib_a-math_errf.o)
                0x000000000010e3c4                __math_may_uflowf
 .text.__math_oflowf
                0x000000000010e3d0        0xc c:/devkitpro/devkitarm/bin/../lib/gcc/arm-none-eabi/10.2.0/../../../../arm-none-eabi/lib/armv6k/fpu\libm.a(lib_a-math_errf.o)
                0x000000000010e3d0                __math_oflowf
 .text.__math_divzerof
                0x000000000010e3dc       0x30 c:/devkitpro/devkitarm/bin/../lib/gcc/arm-none-eabi/10.2.0/../../../../arm-none-eabi/lib/armv6k/fpu\libm.a(lib_a-math_errf.o)
                0x000000000010e3dc                __math_divzerof
 .text.__math_invalidf
                0x000000000010e40c       0x1c c:/devkitpro/devkitarm/bin/../lib/gcc/arm-none-eabi/10.2.0/../../../../arm-none-eabi/lib/armv6k/fpu\libm.a(lib_a-math_errf.o)
                0x000000000010e40c                __math_invalidf
 .text.powf     0x000000000010e428      0x3ec c:/devkitpro/devkitarm/bin/../lib/gcc/arm-none-eabi/10.2.0/../../../../arm-none-eabi/lib/armv6k/fpu\libm.a(lib_a-sf_pow.o)
                0x000000000010e428                powf
 .text.tanf     0x000000000010e814       0x70 c:/devkitpro/devkitarm/bin/../lib/gcc/arm-none-eabi/10.2.0/../../../../arm-none-eabi/lib/armv6k/fpu\libm.a(lib_a-sf_tan.o)
                0x000000000010e814                tanf
 *fill*         0x000000000010e884        0x4 
 .text.sinf     0x000000000010e888      0x274 c:/devkitpro/devkitarm/bin/../lib/gcc/arm-none-eabi/10.2.0/../../../../arm-none-eabi/lib/armv6k/fpu\libm.a(lib_a-sinf.o)
                0x000000000010e888                sinf
 .text.__ieee754_rem_pio2f
                0x000000000010eafc      0x2f0 c:/devkitpro/devkitarm/bin/../lib/gcc/arm-none-eabi/10.2.0/../../../../arm-none-eabi/lib/armv6k/fpu\libm.a(lib_a-ef_rem_pio2.o)
                0x000000000010eafc                __ieee754_rem_pio2f
 .text.__kernel_rem_pio2f
                0x000000000010edec      0x868 c:/devkitpro/devkitarm/bin/../lib/gcc/arm-none-eabi/10.2.0/../../../../arm-none-eabi/lib/armv6k/fpu\libm.a(lib_a-kf_rem_pio2.o)
                0x000000000010edec                __kernel_rem_pio2f
 .text.__kernel_tanf
                0x000000000010f654      0x208 c:/devkitpro/devkitarm/bin/../lib/gcc/arm-none-eabi/10.2.0/../../../../arm-none-eabi/lib/armv6k/fpu\libm.a(lib_a-kf_tan.o)
                0x000000000010f654                __kernel_tanf
 .text.fabsf    0x000000000010f85c       0x10 c:/devkitpro/devkitarm/bin/../lib/gcc/arm-none-eabi/10.2.0/../../../../arm-none-eabi/lib/armv6k/fpu\libm.a(lib_a-sf_fabs.o)
                0x000000000010f85c                fabsf
 .text.floorf   0x000000000010f86c       0xb4 c:/devkitpro/devkitarm/bin/../lib/gcc/arm-none-eabi/10.2.0/../../../../arm-none-eabi/lib/armv6k/fpu\libm.a(lib_a-sf_floor.o)
                0x000000000010f86c                floorf
 .text.scalbnf  0x000000000010f920      0x154 c:/devkitpro/devkitarm/bin/../lib/gcc/arm-none-eabi/10.2.0/../../../../arm-none-eabi/lib/armv6k/fpu\libm.a(lib_a-sf_scalbn.o)
                0x000000000010f920                scalbnf
 .text.__udivmoddi4
                0x000000000010fa74      0x120 c:/devkitpro/devkitarm/bin/../lib/gcc/arm-none-eabi/10.2.0/armv6k/fpu\libgcc.a(_udivmoddi4.o)
                0x000000000010fa74                __udivmoddi4
 .text.bsearch  0x000000000010fb94       0x78 c:/devkitpro/devkitarm/bin/../lib/gcc/arm-none-eabi/10.2.0/../../../../arm-none-eabi/lib/armv6k/fpu\libg.a(lib_a-bsearch.o)
                0x000000000010fb94                bsearch
 .text.calloc   0x000000000010fc0c       0x28 c:/devkitpro/devkitarm/bin/../lib/gcc/arm-none-eabi/10.2.0/../../../../arm-none-eabi/lib/armv6k/fpu\libg.a(lib_a-calloc.o)
                0x000000000010fc0c                calloc
 .text._calloc_r
                0x000000000010fc34       0x94 c:/devkitpro/devkitarm/bin/../lib/gcc/arm-none-eabi/10.2.0/../../../../arm-none-eabi/lib/armv6k/fpu\libg.a(lib_a-callocr.o)
                0x000000000010fc34                _calloc_r
 .text.__errno  0x000000000010fcc8        0xc c:/devkitpro/devkitarm/bin/../lib/gcc/arm-none-eabi/10.2.0/../../../../arm-none-eabi/lib/armv6k/fpu\libg.a(lib_a-errno.o)
                0x000000000010fcc8                __errno
 .text.exit     0x000000000010fcd4       0x34 c:/devkitpro/devkitarm/bin/../lib/gcc/arm-none-eabi/10.2.0/../../../../arm-none-eabi/lib/armv6k/fpu\libg.a(lib_a-exit.o)
                0x000000000010fcd4                exit
 .text.__libc_fini_array
                0x000000000010fd08       0x3c c:/devkitpro/devkitarm/bin/../lib/gcc/arm-none-eabi/10.2.0/../../../../arm-none-eabi/lib/armv6k/fpu\libg.a(lib_a-fini.o)
                0x000000000010fd08                __libc_fini_array
 .text.__libc_init_array
                0x000000000010fd44       0x7c c:/devkitpro/devkitarm/bin/../lib/gcc/arm-none-eabi/10.2.0/../../../../arm-none-eabi/lib/armv6k/fpu\libg.a(lib_a-init.o)
                0x000000000010fd44                __libc_init_array
 .text.memalign
                0x000000000010fdc0       0x28 c:/devkitpro/devkitarm/bin/../lib/gcc/arm-none-eabi/10.2.0/../../../../arm-none-eabi/lib/armv6k/fpu\libg.a(lib_a-malign.o)
                0x000000000010fdc0                memalign
 .text._memalign_r
                0x000000000010fde8      0x148 c:/devkitpro/devkitarm/bin/../lib/gcc/arm-none-eabi/10.2.0/../../../../arm-none-eabi/lib/armv6k/fpu\libg.a(lib_a-malignr.o)
                0x000000000010fde8                _memalign_r
 .text.malloc   0x000000000010ff30       0x20 c:/devkitpro/devkitarm/bin/../lib/gcc/arm-none-eabi/10.2.0/../../../../arm-none-eabi/lib/armv6k/fpu\libg.a(lib_a-malloc.o)
                0x000000000010ff30                malloc
 .text.free     0x000000000010ff50       0x20 c:/devkitpro/devkitarm/bin/../lib/gcc/arm-none-eabi/10.2.0/../../../../arm-none-eabi/lib/armv6k/fpu\libg.a(lib_a-malloc.o)
                0x000000000010ff50                free
 .text._malloc_r
                0x000000000010ff70      0x7f0 c:/devkitpro/devkitarm/bin/../lib/gcc/arm-none-eabi/10.2.0/../../../../arm-none-eabi/lib/armv6k/fpu\libg.a(lib_a-mallocr.o)
                0x000000000010ff70                _malloc_r
 .text.memcpy   0x0000000000110760      0x11c c:/devkitpro/devkitarm/bin/../lib/gcc/arm-none-eabi/10.2.0/../../../../arm-none-eabi/lib/armv6k/fpu\libg.a(lib_a-memcpy-stub.o)
                0x0000000000110760                memcpy
 .text.memset   0x000000000011087c      0x118 c:/devkitpro/devkitarm/bin/../lib/gcc/arm-none-eabi/10.2.0/../../../../arm-none-eabi/lib/armv6k/fpu\libg.a(lib_a-memset.o)
                0x000000000011087c                memset
 .text.__malloc_lock
                0x0000000000110994        0xc c:/devkitpro/devkitarm/bin/../lib/gcc/arm-none-eabi/10.2.0/../../../../arm-none-eabi/lib/armv6k/fpu\libg.a(lib_a-mlock.o)
                0x0000000000110994                __malloc_lock
 .text.__malloc_unlock
                0x00000000001109a0        0xc c:/devkitpro/devkitarm/bin/../lib/gcc/arm-none-eabi/10.2.0/../../../../arm-none-eabi/lib/armv6k/fpu\libg.a(lib_a-mlock.o)
                0x00000000001109a0                __malloc_unlock
 .text.strlen   0x00000000001109ac       0x5c c:/devkitpro/devkitarm/bin/../lib/gcc/arm-none-eabi/10.2.0/../../../../arm-none-eabi/lib/armv6k/fpu\libg.a(lib_a-strlen-stub.o)
                0x00000000001109ac                strlen
 .text.strncat  0x0000000000110a08       0xec c:/devkitpro/devkitarm/bin/../lib/gcc/arm-none-eabi/10.2.0/../../../../arm-none-eabi/lib/armv6k/fpu\libg.a(lib_a-strncat.o)
                0x0000000000110a08                strncat
 .text.strncmp  0x0000000000110af4       0xdc c:/devkitpro/devkitarm/bin/../lib/gcc/arm-none-eabi/10.2.0/../../../../arm-none-eabi/lib/armv6k/fpu\libg.a(lib_a-strncmp.o)
                0x0000000000110af4                strncmp
 .text.strncpy  0x0000000000110bd0       0xc0 c:/devkitpro/devkitarm/bin/../lib/gcc/arm-none-eabi/10.2.0/../../../../arm-none-eabi/lib/armv6k/fpu\libg.a(lib_a-strncpy.o)
                0x0000000000110bd0                strncpy
 .text.strnlen  0x0000000000110c90       0x48 c:/devkitpro/devkitarm/bin/../lib/gcc/arm-none-eabi/10.2.0/../../../../arm-none-eabi/lib/armv6k/fpu\libg.a(lib_a-strnlen.o)
                0x0000000000110c90                strnlen
 .text.__call_exitprocs
                0x0000000000110cd8      0x114 c:/devkitpro/devkitarm/bin/../lib/gcc/arm-none-eabi/10.2.0/../../../../arm-none-eabi/lib/armv6k/fpu\libg.a(lib_a-__call_atexit.o)
                0x0000000000110cd8                __call_exitprocs
 .text._malloc_trim_r
                0x0000000000110dec       0xf8 c:/devkitpro/devkitarm/bin/../lib/gcc/arm-none-eabi/10.2.0/../../../../arm-none-eabi/lib/armv6k/fpu\libg.a(lib_a-freer.o)
                0x0000000000110dec                _malloc_trim_r
 .text._free_r  0x0000000000110ee4      0x2e4 c:/devkitpro/devkitarm/bin/../lib/gcc/arm-none-eabi/10.2.0/../../../../arm-none-eabi/lib/armv6k/fpu\libg.a(lib_a-freer.o)
                0x0000000000110ee4                _free_r
 .text.null_write
                0x00000000001111c8        0x8 c:/devkitpro/devkitarm/bin/../lib/gcc/arm-none-eabi/10.2.0/../../../../arm-none-eabi/lib/armv6k/fpu\libsysbase.a(iosupport.o)
 .text.setDefaultDevice
                0x00000000001111d0       0x18 c:/devkitpro/devkitarm/bin/../lib/gcc/arm-none-eabi/10.2.0/../../../../arm-none-eabi/lib/armv6k/fpu\libsysbase.a(iosupport.o)
                0x00000000001111d0                setDefaultDevice
 .text.FindDevice
                0x00000000001111e8       0xc8 c:/devkitpro/devkitarm/bin/../lib/gcc/arm-none-eabi/10.2.0/../../../../arm-none-eabi/lib/armv6k/fpu\libsysbase.a(iosupport.o)
                0x00000000001111e8                FindDevice
 .text.RemoveDevice
                0x00000000001112b0       0x28 c:/devkitpro/devkitarm/bin/../lib/gcc/arm-none-eabi/10.2.0/../../../../arm-none-eabi/lib/armv6k/fpu\libsysbase.a(iosupport.o)
                0x00000000001112b0                RemoveDevice
 .text.AddDevice
                0x00000000001112d8       0x9c c:/devkitpro/devkitarm/bin/../lib/gcc/arm-none-eabi/10.2.0/../../../../arm-none-eabi/lib/armv6k/fpu\libsysbase.a(iosupport.o)
                0x00000000001112d8                AddDevice
 .text.GetDeviceOpTab
                0x0000000000111374       0x20 c:/devkitpro/devkitarm/bin/../lib/gcc/arm-none-eabi/10.2.0/../../../../arm-none-eabi/lib/armv6k/fpu\libsysbase.a(iosupport.o)
                0x0000000000111374                GetDeviceOpTab
 .text._sbrk_r  0x0000000000111394       0x78 c:/devkitpro/devkitarm/bin/../lib/gcc/arm-none-eabi/10.2.0/../../../../arm-none-eabi/lib/armv6k/fpu\libsysbase.a(sbrk.o)
                0x0000000000111394                _sbrk_r
 .text._exit    0x000000000011140c       0x24 c:/devkitpro/devkitarm/bin/../lib/gcc/arm-none-eabi/10.2.0/../../../../arm-none-eabi/lib/armv6k/fpu\libsysbase.a(_exit.o)
                0x000000000011140c                _exit
 .text._concatenate_path
                0x0000000000111430      0x1b8 c:/devkitpro/devkitarm/bin/../lib/gcc/arm-none-eabi/10.2.0/../../../../arm-none-eabi/lib/armv6k/fpu\libsysbase.a(chdir.o)
                0x0000000000111430                _concatenate_path
 .text.chdir    0x00000000001115e8      0x160 c:/devkitpro/devkitarm/bin/../lib/gcc/arm-none-eabi/10.2.0/../../../../arm-none-eabi/lib/armv6k/fpu\libsysbase.a(chdir.o)
                0x00000000001115e8                chdir
 .text.__libc_lock_acquire_recursive
                0x0000000000111748       0x18 c:/devkitpro/devkitarm/bin/../lib/gcc/arm-none-eabi/10.2.0/../../../../arm-none-eabi/lib/armv6k/fpu\libsysbase.a(syscall_support.o)
                0x0000000000111748                __libc_lock_acquire_recursive
 .text.__libc_lock_release_recursive
                0x0000000000111760       0x18 c:/devkitpro/devkitarm/bin/../lib/gcc/arm-none-eabi/10.2.0/../../../../arm-none-eabi/lib/armv6k/fpu\libsysbase.a(syscall_support.o)
                0x0000000000111760                __libc_lock_release_recursive
 .text.__getreent
                0x0000000000111778       0x28 c:/devkitpro/devkitarm/bin/../lib/gcc/arm-none-eabi/10.2.0/../../../../arm-none-eabi/lib/armv6k/fpu\libsysbase.a(getreent.o)
                0x0000000000111778                __getreent
 .text.strchr   0x00000000001117a0      0x144 c:/devkitpro/devkitarm/bin/../lib/gcc/arm-none-eabi/10.2.0/../../../../arm-none-eabi/lib/armv6k/fpu\libg.a(lib_a-strchr.o)
                0x00000000001117a0                strchr
 .text.strrchr  0x00000000001118e4       0x44 c:/devkitpro/devkitarm/bin/../lib/gcc/arm-none-eabi/10.2.0/../../../../arm-none-eabi/lib/armv6k/fpu\libg.a(lib_a-strrchr.o)
                0x00000000001118e4                strrchr
 *(.glue_7)
 .glue_7        0x0000000000111928        0x0 linker stubs
 *(.glue_7t)
 .glue_7t       0x0000000000111928        0x0 linker stubs
 *(.stub)
 *(.gnu.warning)
 *(.gnu.linkonce.t*)
                0x0000000000111928                . = ALIGN (0x4)
 *(.fini)
 .fini          0x0000000000111928        0xc c:/devkitpro/devkitarm/bin/../lib/gcc/arm-none-eabi/10.2.0/armv6k/fpu/crti.o
                0x0000000000111928                _fini
 .fini          0x0000000000111934        0xc c:/devkitpro/devkitarm/bin/../lib/gcc/arm-none-eabi/10.2.0/armv6k/fpu/crtn.o
                0x0000000000111940                . = ALIGN (0x4)

.vfp11_veneer   0x0000000000111940        0x0
 .vfp11_veneer  0x0000000000111940        0x0 linker stubs

.v4_bx          0x0000000000111940        0x0
 .v4_bx         0x0000000000111940        0x0 linker stubs

.iplt           0x0000000000111940        0x0
 .iplt          0x0000000000111940        0x0 c:/devkitpro/devkitarm/bin/../lib/gcc/arm-none-eabi/10.2.0/../../../../arm-none-eabi/lib/armv6k/fpu/3dsx_crt0.o
                0x0000000000112000                . = ALIGN (0x1000)

.rodata         0x0000000000112000     0x10e8
 *(.rodata)
 .rodata        0x0000000000112000      0x4bc main.o
 .rodata        0x00000000001124bc        0x3 C:/devkitPro/libctru/lib\libctru.a(apt.o)
 *fill*         0x00000000001124bf        0x1 
 .rodata        0x00000000001124c0        0xc C:/devkitPro/libctru/lib\libctru.a(archive_dev.o)
 *(.roda)
 *(.rodata.*)
 .rodata.vshader_shbin
                0x00000000001124cc      0x1b4 vshader.shbin.o
                0x00000000001124cc                vshader_shbin
                0x000000000011267c                vshader_shbin_size
                0x000000000011267c                vshader_shbin_end
 .rodata.str1.4
                0x0000000000112680       0x16 main.o
 *fill*         0x0000000000112696        0x2 
 .rodata.colorFmtSizes
                0x0000000000112698        0x5 C:/devkitPro/libctru/lib\libcitro3d.a(framebuffer.o)
 *fill*         0x000000000011269d        0x3 
 .rodata.depthFmtSizes
                0x00000000001126a0        0x4 C:/devkitPro/libctru/lib\libcitro3d.a(framebuffer.o)
 .rodata.ids.0  0x00000000001126a4        0x8 C:/devkitPro/libctru/lib\libcitro3d.a(lightenv.o)
 .rodata.layer_enabled.1
                0x00000000001126ac        0x7 C:/devkitPro/libctru/lib\libcitro3d.a(lightenv.o)
 *fill*         0x00000000001126b3        0x1 
 .rodata.lutIds.2
                0x00000000001126b4        0x6 C:/devkitPro/libctru/lib\libcitro3d.a(lightenv.o)
 *fill*         0x00000000001126ba        0x2 
 .rodata.gspInit.str1.4
                0x00000000001126bc        0x9 C:/devkitPro/libctru/lib\libctru.a(gspgpu.o)
 *fill*         0x00000000001126c5        0x3 
 .rodata.aptSendCommand.str1.4
                0x00000000001126c8       0x16 C:/devkitPro/libctru/lib\libctru.a(apt.o)
 *fill*         0x00000000001126de        0x2 
 .rodata.morton_x.3
                0x00000000001126e0        0x8 C:/devkitPro/libctru/lib\libctru.a(apt.o)
 .rodata.morton_y.2
                0x00000000001126e8        0x8 C:/devkitPro/libctru/lib\libctru.a(apt.o)
 .rodata.s_sleepWakeEvents.4
                0x00000000001126f0        0x8 C:/devkitPro/libctru/lib\libctru.a(apt.o)
 .rodata.hidInit.str1.4
                0x00000000001126f8       0x15 C:/devkitPro/libctru/lib\libctru.a(hid.o)
 *fill*         0x000000000011270d        0x3 
 .rodata.ptmSysmInit.str1.4
                0x0000000000112710        0x9 C:/devkitPro/libctru/lib\libctru.a(ptmsysm.o)
 *fill*         0x0000000000112719        0x3 
 .rodata.srvInit.str1.4
                0x000000000011271c        0x5 C:/devkitPro/libctru/lib\libctru.a(srv.o)
 *fill*         0x0000000000112721        0x3 
 .rodata.irrstInit.str1.4
                0x0000000000112724        0x7 C:/devkitPro/libctru/lib\libctru.a(irrst.o)
 *fill*         0x000000000011272b        0x1 
 .rodata.str1.4
                0x000000000011272c        0x8 C:/devkitPro/libctru/lib\libctru.a(archive_dev.o)
                                          0xc (size before relaxing)
 .rodata._archiveUnmountDeviceStruct.part.0.str1.4
                0x0000000000112734        0x2 C:/devkitPro/libctru/lib\libctru.a(archive_dev.o)
 *fill*         0x0000000000112736        0x2 
 .rodata._archiveMountDevice.str1.4
                0x0000000000112738        0x8 C:/devkitPro/libctru/lib\libctru.a(archive_dev.o)
 .rodata.archiveMountSdmc.str1.4
                0x0000000000112740        0x5 C:/devkitPro/libctru/lib\libctru.a(archive_dev.o)
 *fill*         0x0000000000112745        0x3 
 .rodata.archive_devoptab
                0x0000000000112748       0x70 C:/devkitPro/libctru/lib\libctru.a(archive_dev.o)
 .rodata.error_table
                0x00000000001127b8       0x30 C:/devkitPro/libctru/lib\libctru.a(archive_dev.o)
 .rodata.fsInit.str1.4
                0x00000000001127e8        0x8 C:/devkitPro/libctru/lib\libctru.a(fs.o)
 .rodata.__inv_pio4
                0x00000000001127f0       0x60 c:/devkitpro/devkitarm/bin/../lib/gcc/arm-none-eabi/10.2.0/../../../../arm-none-eabi/lib/armv6k/fpu\libm.a(lib_a-sincosf_data.o)
                0x00000000001127f0                __inv_pio4
 .rodata.__sincosf_table
                0x0000000000112850       0xe0 c:/devkitpro/devkitarm/bin/../lib/gcc/arm-none-eabi/10.2.0/../../../../arm-none-eabi/lib/armv6k/fpu\libm.a(lib_a-sincosf_data.o)
                0x0000000000112850                __sincosf_table
 .rodata.npio2_hw
                0x0000000000112930       0x80 c:/devkitpro/devkitarm/bin/../lib/gcc/arm-none-eabi/10.2.0/../../../../arm-none-eabi/lib/armv6k/fpu\libm.a(lib_a-ef_rem_pio2.o)
 .rodata.two_over_pi
                0x00000000001129b0      0x318 c:/devkitpro/devkitarm/bin/../lib/gcc/arm-none-eabi/10.2.0/../../../../arm-none-eabi/lib/armv6k/fpu\libm.a(lib_a-ef_rem_pio2.o)
 .rodata.PIo2   0x0000000000112cc8       0x2c c:/devkitpro/devkitarm/bin/../lib/gcc/arm-none-eabi/10.2.0/../../../../arm-none-eabi/lib/armv6k/fpu\libm.a(lib_a-kf_rem_pio2.o)
 .rodata.init_jk
                0x0000000000112cf4        0xc c:/devkitpro/devkitarm/bin/../lib/gcc/arm-none-eabi/10.2.0/../../../../arm-none-eabi/lib/armv6k/fpu\libm.a(lib_a-kf_rem_pio2.o)
 .rodata.__exp2f_data
                0x0000000000112d00      0x148 c:/devkitpro/devkitarm/bin/../lib/gcc/arm-none-eabi/10.2.0/../../../../arm-none-eabi/lib/armv6k/fpu\libm.a(lib_a-sf_exp2_data.o)
                0x0000000000112d00                __exp2f_data
 .rodata.__powf_log2_data
                0x0000000000112e48      0x128 c:/devkitpro/devkitarm/bin/../lib/gcc/arm-none-eabi/10.2.0/../../../../arm-none-eabi/lib/armv6k/fpu\libm.a(lib_a-sf_pow_log2_data.o)
                0x0000000000112e48                __powf_log2_data
 .rodata._global_impure_ptr
                0x0000000000112f70        0x4 c:/devkitpro/devkitarm/bin/../lib/gcc/arm-none-eabi/10.2.0/../../../../arm-none-eabi/lib/armv6k/fpu\libg.a(lib_a-impure.o)
                0x0000000000112f70                _global_impure_ptr
 .rodata.AddDevice.str1.4
                0x0000000000112f74        0x8 c:/devkitpro/devkitarm/bin/../lib/gcc/arm-none-eabi/10.2.0/../../../../arm-none-eabi/lib/armv6k/fpu\libsysbase.a(iosupport.o)
 .rodata.dotab_stdnull
                0x0000000000112f74       0x70 c:/devkitpro/devkitarm/bin/../lib/gcc/arm-none-eabi/10.2.0/../../../../arm-none-eabi/lib/armv6k/fpu\libsysbase.a(iosupport.o)
                0x0000000000112f74                dotab_stdnull
 .rodata._ctype_
                0x0000000000112fe4      0x101 c:/devkitpro/devkitarm/bin/../lib/gcc/arm-none-eabi/10.2.0/../../../../arm-none-eabi/lib/armv6k/fpu\libg.a(lib_a-ctype_.o)
                0x0000000000112fe4                _ctype_
 *all.rodata*(*)
 *(.gnu.linkonce.r*)
                0x00000000001130e8                . = ALIGN (0x4)
 *fill*         0x00000000001130e5        0x3 

.eh_frame       0x00000000001130e8        0x0
 .eh_frame      0x00000000001130e8        0x0 c:/devkitpro/devkitarm/bin/../lib/gcc/arm-none-eabi/10.2.0/armv6k/fpu/crtbegin.o

.rel.dyn        0x00000000001130e8        0x0
 .rel.iplt      0x00000000001130e8        0x0 c:/devkitpro/devkitarm/bin/../lib/gcc/arm-none-eabi/10.2.0/../../../../arm-none-eabi/lib/armv6k/fpu/3dsx_crt0.o
 .rel.got       0x00000000001130e8        0x0 c:/devkitpro/devkitarm/bin/../lib/gcc/arm-none-eabi/10.2.0/../../../../arm-none-eabi/lib/armv6k/fpu/3dsx_crt0.o

.ARM.extab
 *(.ARM.extab* .gnu.linkonce.armextab.*)
                0x00000000001130e8                __exidx_start = .

ARM.exidx
 *(.ARM.exidx* .gnu.linkonce.armexidx.*)
                0x00000000001130e8                __exidx_end = .
                0x0000000000114000                . = ALIGN (0x1000)

.data           0x0000000000114000      0xd40
 *(.data)
 *(.data.*)
 .data.framerate
                0x0000000000114000        0x4 C:/devkitPro/libctru/lib\libcitro3d.a(renderqueue.o)
 .data.framerateCounter
                0x0000000000114004        0x8 C:/devkitPro/libctru/lib\libcitro3d.a(renderqueue.o)
 .data.queueLock
                0x000000000011400c        0x4 C:/devkitPro/libctru/lib\libctru.a(gxqueue.o)
 .data.kCount   0x0000000000114010        0x4 C:/devkitPro/libctru/lib\libctru.a(hid.o)
 .data.kDelay   0x0000000000114014        0x4 C:/devkitPro/libctru/lib\libctru.a(hid.o)
 .data.kInterval
                0x0000000000114018        0x4 C:/devkitPro/libctru/lib\libctru.a(hid.o)
 .data.__stacksize__
                0x000000000011401c        0x4 C:/devkitPro/libctru/lib\libctru.a(stack_adjust.o)
                0x000000000011401c                __stacksize__
 .data._impure_ptr
                0x0000000000114020        0x4 c:/devkitpro/devkitarm/bin/../lib/gcc/arm-none-eabi/10.2.0/../../../../arm-none-eabi/lib/armv6k/fpu\libg.a(lib_a-impure.o)
                0x0000000000114020                _impure_ptr
 *fill*         0x0000000000114024        0x4 
 .data.impure_data
                0x0000000000114028      0x460 c:/devkitpro/devkitarm/bin/../lib/gcc/arm-none-eabi/10.2.0/../../../../arm-none-eabi/lib/armv6k/fpu\libg.a(lib_a-impure.o)
 .data.__malloc_av_
                0x0000000000114488      0x408 c:/devkitpro/devkitarm/bin/../lib/gcc/arm-none-eabi/10.2.0/../../../../arm-none-eabi/lib/armv6k/fpu\libg.a(lib_a-mallocr.o)
                0x0000000000114488                __malloc_av_
 .data.__malloc_sbrk_base
                0x0000000000114890        0x4 c:/devkitpro/devkitarm/bin/../lib/gcc/arm-none-eabi/10.2.0/../../../../arm-none-eabi/lib/armv6k/fpu\libg.a(lib_a-mallocr.o)
                0x0000000000114890                __malloc_sbrk_base
 .data.__malloc_trim_threshold
                0x0000000000114894        0x4 c:/devkitpro/devkitarm/bin/../lib/gcc/arm-none-eabi/10.2.0/../../../../arm-none-eabi/lib/armv6k/fpu\libg.a(lib_a-mallocr.o)
                0x0000000000114894                __malloc_trim_threshold
 .data.__malloc_recursive_mutex
                0x0000000000114898        0xc c:/devkitpro/devkitarm/bin/../lib/gcc/arm-none-eabi/10.2.0/../../../../arm-none-eabi/lib/armv6k/fpu\libg.a(lib_a-mlock.o)
 .data.__atexit_recursive_mutex
                0x00000000001148a4        0xc c:/devkitpro/devkitarm/bin/../lib/gcc/arm-none-eabi/10.2.0/../../../../arm-none-eabi/lib/armv6k/fpu\libg.a(lib_a-__call_atexit.o)
                0x00000000001148a4                __atexit_recursive_mutex
 .data.defaultDevice
                0x00000000001148b0        0x4 c:/devkitpro/devkitarm/bin/../lib/gcc/arm-none-eabi/10.2.0/../../../../arm-none-eabi/lib/armv6k/fpu\libsysbase.a(iosupport.o)
 .data.devoptab_list
                0x00000000001148b4       0x8c c:/devkitpro/devkitarm/bin/../lib/gcc/arm-none-eabi/10.2.0/../../../../arm-none-eabi/lib/armv6k/fpu\libsysbase.a(iosupport.o)
                0x00000000001148b4                devoptab_list
 .data._current_working_directory
                0x0000000000114940      0x400 c:/devkitpro/devkitarm/bin/../lib/gcc/arm-none-eabi/10.2.0/../../../../arm-none-eabi/lib/armv6k/fpu\libsysbase.a(chdir.o)
 *(.gnu.linkonce.d*)
                0x0000000000114d40                . = ALIGN (0x4)

.igot.plt       0x0000000000114d40        0x0
 .igot.plt      0x0000000000114d40        0x0 c:/devkitpro/devkitarm/bin/../lib/gcc/arm-none-eabi/10.2.0/../../../../arm-none-eabi/lib/armv6k/fpu/3dsx_crt0.o

.got            0x0000000000114d40        0x8
 .got           0x0000000000114d40        0x8 c:/devkitpro/devkitarm/bin/../lib/gcc/arm-none-eabi/10.2.0/../../../../arm-none-eabi/lib/armv6k/fpu/3dsx_crt0.o

.got.plt        0x0000000000114d48        0xc
 .got.plt       0x0000000000114d48        0xc c:/devkitpro/devkitarm/bin/../lib/gcc/arm-none-eabi/10.2.0/../../../../arm-none-eabi/lib/armv6k/fpu/3dsx_crt0.o
                0x0000000000114d48                _GLOBAL_OFFSET_TABLE_

.tdata          0x0000000000114d54        0x0
                0x0000000000114d54                __tdata_lma = .
 *(.tdata)
 *(.tdata.*)
 *(.gnu.linkonce.td.*)
                0x0000000000114d54                . = ALIGN (0x4)
                0x0000000000114d54                __tdata_lma_end = .

.tbss           0x0000000000114d54      0xc08
 *(.tbss)
 *(.tbss.*)
 .tbss.__ctru_dev_path_buf
                0x0000000000114d54      0x401 C:/devkitPro/libctru/lib\libctru.a(path_buf.o)
                0x0000000000114d54                __ctru_dev_path_buf
 *fill*         0x0000000000115155        0x3 
 .tbss.__ctru_dev_utf16_buf
                0x0000000000115158      0x802 C:/devkitPro/libctru/lib\libctru.a(path_buf.o)
                0x0000000000115158                __ctru_dev_utf16_buf
 *(.gnu.linkonce.tb.*)
 *(.tcommon)
                0x000000000011595c                . = ALIGN (0x4)
 *fill*         0x000000000011595a        0x2 

.preinit_array  0x0000000000114d54        0x0
                0x0000000000114d54                PROVIDE (__preinit_array_start = .)
 *(.preinit_array)
                0x0000000000114d54                PROVIDE (__preinit_array_end = .)

.init_array     0x0000000000114d54        0x4
                0x0000000000114d54                PROVIDE (__init_array_start = .)
 *(SORT_BY_NAME(.init_array.*))
 *(.init_array)
 .init_array    0x0000000000114d54        0x4 c:/devkitpro/devkitarm/bin/../lib/gcc/arm-none-eabi/10.2.0/armv6k/fpu/crtbegin.o
                0x0000000000114d58                PROVIDE (__init_array_end = .)

.fini_array     0x0000000000114d58        0x4
                0x0000000000114d58                PROVIDE (__fini_array_start = .)
 *(.fini_array)
 .fini_array    0x0000000000114d58        0x4 c:/devkitpro/devkitarm/bin/../lib/gcc/arm-none-eabi/10.2.0/armv6k/fpu/crtbegin.o
 *(SORT_BY_NAME(.fini_array.*))
                0x0000000000114d5c                PROVIDE (__fini_array_end = .)

.ctors
 *crtbegin.o(.ctors)
 *(EXCLUDE_FILE(*crtend.o) .ctors)
 *(SORT_BY_NAME(.ctors.*))
 *(.ctors)

.dtors
 *crtbegin.o(.dtors)
 *(EXCLUDE_FILE(*crtend.o) .dtors)
 *(SORT_BY_NAME(.dtors.*))
 *(.dtors)
                0x0000000000114d5c                __bss_start__ = .

.bss            0x0000000000114d5c     0x3f24
 *(.dynbss)
 *(.bss)
 .bss           0x0000000000114d5c      0x580 main.o
 *(.bss.*)
 .bss.completed.1
                0x00000000001152dc        0x1 c:/devkitpro/devkitarm/bin/../lib/gcc/arm-none-eabi/10.2.0/armv6k/fpu/crtbegin.o
 *fill*         0x00000000001152dd        0x3 
 .bss.object.0  0x00000000001152e0       0x18 c:/devkitpro/devkitarm/bin/../lib/gcc/arm-none-eabi/10.2.0/armv6k/fpu/crtbegin.o
 .bss.__C3D_Context
                0x00000000001152f8      0x2d0 C:/devkitPro/libctru/lib\libcitro3d.a(base.o)
                0x00000000001152f8                __C3D_Context
 .bss.hookCookie
                0x00000000001155c8        0xc C:/devkitPro/libctru/lib\libcitro3d.a(base.o)
 *fill*         0x00000000001155d4        0x4 
 .bss.cpuTime   0x00000000001155d8       0x10 C:/devkitPro/libctru/lib\libcitro3d.a(renderqueue.o)
 .bss.firstTarget
                0x00000000001155e8        0x4 C:/devkitPro/libctru/lib\libcitro3d.a(renderqueue.o)
 .bss.frameCounter
                0x00000000001155ec        0x8 C:/devkitPro/libctru/lib\libcitro3d.a(renderqueue.o)
 .bss.frameEndCb
                0x00000000001155f4        0x4 C:/devkitPro/libctru/lib\libcitro3d.a(renderqueue.o)
 .bss.frameEndCbData
                0x00000000001155f8        0x4 C:/devkitPro/libctru/lib\libcitro3d.a(renderqueue.o)
 *fill*         0x00000000001155fc        0x4 
 .bss.gpuTime   0x0000000000115600       0x10 C:/devkitPro/libctru/lib\libcitro3d.a(renderqueue.o)
 .bss.inFrame   0x0000000000115610        0x1 C:/devkitPro/libctru/lib\libcitro3d.a(renderqueue.o)
 .bss.inSafeTransfer
                0x0000000000115611        0x1 C:/devkitPro/libctru/lib\libcitro3d.a(renderqueue.o)
 .bss.isTopStereo
                0x0000000000115612        0x1 C:/devkitPro/libctru/lib\libcitro3d.a(renderqueue.o)
 *fill*         0x0000000000115613        0x1 
 .bss.lastTarget
                0x0000000000115614        0x4 C:/devkitPro/libctru/lib\libcitro3d.a(renderqueue.o)
 .bss.linkedTarget
                0x0000000000115618        0xc C:/devkitPro/libctru/lib\libcitro3d.a(renderqueue.o)
 .bss.measureGpuTime
                0x0000000000115624        0x1 C:/devkitPro/libctru/lib\libcitro3d.a(renderqueue.o)
 .bss.needSwapBot
                0x0000000000115625        0x1 C:/devkitPro/libctru/lib\libcitro3d.a(renderqueue.o)
 .bss.needSwapTop
                0x0000000000115626        0x1 C:/devkitPro/libctru/lib\libcitro3d.a(renderqueue.o)
 *fill*         0x0000000000115627        0x1 
 .bss.C3D_BoolUnifs
                0x0000000000115628        0x4 C:/devkitPro/libctru/lib\libcitro3d.a(uniforms.o)
                0x0000000000115628                C3D_BoolUnifs
 .bss.C3D_BoolUnifsDirty
                0x000000000011562c        0x2 C:/devkitPro/libctru/lib\libcitro3d.a(uniforms.o)
                0x000000000011562c                C3D_BoolUnifsDirty
 *fill*         0x000000000011562e        0x2 
 .bss.C3D_FVUnif
                0x0000000000115630      0xc00 C:/devkitPro/libctru/lib\libcitro3d.a(uniforms.o)
                0x0000000000115630                C3D_FVUnif
 .bss.C3D_FVUnifDirty
                0x0000000000116230       0xc0 C:/devkitPro/libctru/lib\libcitro3d.a(uniforms.o)
                0x0000000000116230                C3D_FVUnifDirty
 .bss.C3D_IVUnif
                0x00000000001162f0       0x20 C:/devkitPro/libctru/lib\libcitro3d.a(uniforms.o)
                0x00000000001162f0                C3D_IVUnif
 .bss.C3D_IVUnifDirty
                0x0000000000116310        0x8 C:/devkitPro/libctru/lib\libcitro3d.a(uniforms.o)
                0x0000000000116310                C3D_IVUnifDirty
 .bss.C3Di_FVUnifEverDirty
                0x0000000000116318       0xc0 C:/devkitPro/libctru/lib\libcitro3d.a(uniforms.o)
 .bss.C3Di_IVUnifEverDirty
                0x00000000001163d8        0x8 C:/devkitPro/libctru/lib\libcitro3d.a(uniforms.o)
 .bss.C3Di_ShaderFVecData
                0x00000000001163e0       0x18 C:/devkitPro/libctru/lib\libcitro3d.a(uniforms.o)
 .bss._ZL8sAddrMap
                0x00000000001163f8        0xc C:/devkitPro/libctru/lib\libctru.a(vram.o)
 .bss._ZL9sVramPool
                0x0000000000116404        0x8 C:/devkitPro/libctru/lib\libctru.a(vram.o)
 .bss._ZL11sLinearPool
                0x000000000011640c        0x8 C:/devkitPro/libctru/lib\libctru.a(linear.o)
 .bss._ZL8sAddrMap
                0x0000000000116414        0xc C:/devkitPro/libctru/lib\libctru.a(linear.o)
 .bss.__ctru_speedup
                0x0000000000116420        0x1 C:/devkitPro/libctru/lib\libctru.a(os.o)
                0x0000000000116420                __ctru_speedup
 *fill*         0x0000000000116421        0x3 
 .bss.gfxBottomFramebufferMaxSize
                0x0000000000116424        0x4 C:/devkitPro/libctru/lib\libctru.a(gfx.o)
 .bss.gfxBottomFramebuffers
                0x0000000000116428        0x8 C:/devkitPro/libctru/lib\libctru.a(gfx.o)
 .bss.gfxCurBuf
                0x0000000000116430        0x2 C:/devkitPro/libctru/lib\libctru.a(gfx.o)
 *fill*         0x0000000000116432        0x2 
 .bss.gfxFramebufferFormats
                0x0000000000116434        0x2 C:/devkitPro/libctru/lib\libctru.a(gfx.o)
 *fill*         0x0000000000116436        0x2 
 .bss.gfxIsDoubleBuf
                0x0000000000116438        0x2 C:/devkitPro/libctru/lib\libctru.a(gfx.o)
 .bss.gfxIsVram
                0x000000000011643a        0x1 C:/devkitPro/libctru/lib\libctru.a(gfx.o)
 *fill*         0x000000000011643b        0x1 
 .bss.gfxTopFramebufferMaxSize
                0x000000000011643c        0x4 C:/devkitPro/libctru/lib\libctru.a(gfx.o)
 .bss.gfxTopFramebuffers
                0x0000000000116440        0x8 C:/devkitPro/libctru/lib\libctru.a(gfx.o)
 .bss.gfxTopMode