Archive member included to satisfy reference by file (symbol)

/opt/devkitpro/libnds/lib/libnds9.a(dynamicArray.o)
                              nehe7.o (DynamicArrayGet)
/opt/devkitpro/libnds/lib/libnds9.a(pcx.o)
                              nehe7.o (loadPCX)
/opt/devkitpro/libnds/lib/libnds9.a(trig.o)
                              nehe7.o (tanLerp)
/opt/devkitpro/libnds/lib/libnds9.a(videoGL.o)
                              nehe7.o (glRotatef32i)
/opt/devkitpro/libnds/lib/libnds9.a(image.o)
                              nehe7.o (image8to16)
/opt/devkitpro/libnds/lib/libnds9.a(keys.o)
                              nehe7.o (scanKeys)
/opt/devkitpro/libnds/lib/libnds9.a(initSystem.o)
                              /opt/devkitpro/devkitARM/bin/../lib/gcc/arm-none-eabi/10.2.0/../../../../arm-none-eabi/lib/ds_arm9_crt0.o (initSystem)
/opt/devkitpro/libnds/lib/libnds9.a(timeSupport.o)
                              /opt/devkitpro/libnds/lib/libnds9.a(initSystem.o) (__libnds_gtod)
/opt/devkitpro/libnds/lib/libnds9.a(securearea.o)
                              /opt/devkitpro/devkitARM/bin/../lib/gcc/arm-none-eabi/10.2.0/../../../../arm-none-eabi/lib/ds_arm9_crt0.o (__secure_area__)
/opt/devkitpro/libnds/lib/libnds9.a(interrupts.o)
                              /opt/devkitpro/libnds/lib/libnds9.a(initSystem.o) (irqInit)
/opt/devkitpro/libnds/lib/libnds9.a(libnds_exit.arm.o)
                              /opt/devkitpro/devkitARM/bin/../lib/gcc/arm-none-eabi/10.2.0/../../../../arm-none-eabi/lib/ds_arm9_crt0.o (__libnds_exit)
/opt/devkitpro/libnds/lib/libnds9.a(fifosystem.o)
                              /opt/devkitpro/libnds/lib/libnds9.a(initSystem.o) (fifoSetValue32Handler)
/opt/devkitpro/libnds/lib/libnds9.a(mpu_setup.o)
                              /opt/devkitpro/devkitARM/bin/../lib/gcc/arm-none-eabi/10.2.0/../../../../arm-none-eabi/lib/ds_arm9_crt0.o (__libnds_mpu_setup)
/opt/devkitpro/libnds/lib/libnds9.a(IntrWait.o)
                              nehe7.o (swiWaitForVBlank)
/opt/devkitpro/libnds/lib/libnds9.a(cpu_clock.o)
                              /opt/devkitpro/libnds/lib/libnds9.a(initSystem.o) (setCpuClock)
/opt/devkitpro/libnds/lib/libnds9.a(interruptDispatcher.o)
                              /opt/devkitpro/libnds/lib/libnds9.a(interrupts.o) (IntrMain)
/opt/devkitpro/libnds/lib/libnds9.a(swiSoftReset.o)
                              /opt/devkitpro/libnds/lib/libnds9.a(fifosystem.o) (swiSoftReset)
/opt/devkitpro/libnds/lib/libnds9.a(biosCalls.o)
                              /opt/devkitpro/libnds/lib/libnds9.a(videoGL.o) (swiCopy)
/opt/devkitpro/libnds/lib/libnds9.a(video.o)
                              /opt/devkitpro/libnds/lib/libnds9.a(videoGL.o) (vramSetBanks_EFG)
/opt/devkitpro/libnds/lib/libnds9.a(system.o)
                              /opt/devkitpro/libnds/lib/libnds9.a(initSystem.o) (systemValueHandler)
/opt/devkitpro/devkitARM/bin/../lib/gcc/arm-none-eabi/10.2.0/libgcc.a(_arm_mulsf3.o)
                              nehe7.o (__aeabi_fmul)
/opt/devkitpro/devkitARM/bin/../lib/gcc/arm-none-eabi/10.2.0/libgcc.a(_arm_addsubdf3.o)
                              nehe7.o (__aeabi_f2d)
/opt/devkitpro/devkitARM/bin/../lib/gcc/arm-none-eabi/10.2.0/libgcc.a(_arm_muldivdf3.o)
                              nehe7.o (__aeabi_ddiv)
/opt/devkitpro/devkitARM/bin/../lib/gcc/arm-none-eabi/10.2.0/libgcc.a(_arm_fixdfsi.o)
                              nehe7.o (__aeabi_d2iz)
/opt/devkitpro/devkitARM/bin/../lib/gcc/arm-none-eabi/10.2.0/libgcc.a(_arm_addsubsf3.o)
                              nehe7.o (__aeabi_fsub)
/opt/devkitpro/devkitARM/bin/../lib/gcc/arm-none-eabi/10.2.0/libgcc.a(_arm_fixsfsi.o)
                              nehe7.o (__aeabi_f2iz)
/opt/devkitpro/devkitARM/bin/../lib/gcc/arm-none-eabi/10.2.0/libgcc.a(_muldi3.o)
                              /opt/devkitpro/libnds/lib/libnds9.a(videoGL.o) (__aeabi_lmul)
/opt/devkitpro/devkitARM/bin/../lib/gcc/arm-none-eabi/10.2.0/../../../../arm-none-eabi/lib/libg.a(lib_a-bsearch.o)
                              /opt/devkitpro/libnds/lib/libnds9.a(trig.o) (bsearch)
/opt/devkitpro/devkitARM/bin/../lib/gcc/arm-none-eabi/10.2.0/../../../../arm-none-eabi/lib/libg.a(lib_a-calloc.o)
                              /opt/devkitpro/libnds/lib/libnds9.a(videoGL.o) (calloc)
/opt/devkitpro/devkitARM/bin/../lib/gcc/arm-none-eabi/10.2.0/../../../../arm-none-eabi/lib/libg.a(lib_a-callocr.o)
                              /opt/devkitpro/devkitARM/bin/../lib/gcc/arm-none-eabi/10.2.0/../../../../arm-none-eabi/lib/libg.a(lib_a-calloc.o) (_calloc_r)
/opt/devkitpro/devkitARM/bin/../lib/gcc/arm-none-eabi/10.2.0/../../../../arm-none-eabi/lib/libg.a(lib_a-init.o)
                              /opt/devkitpro/devkitARM/bin/../lib/gcc/arm-none-eabi/10.2.0/../../../../arm-none-eabi/lib/ds_arm9_crt0.o (__libc_init_array)
/opt/devkitpro/devkitARM/bin/../lib/gcc/arm-none-eabi/10.2.0/../../../../arm-none-eabi/lib/libg.a(lib_a-malloc.o)
[...]
Memory Configuration

Name             Origin             Length             Attributes
ewram            0x0000000002000000 0x0000000000380000
dtcm             0x0000000002ff0000 0x0000000000004000
vectors          0x0000000001000000 0x0000000000000100
itcm             0x0000000001000100 0x0000000000007f00
*default*        0x0000000000000000 0xffffffffffffffff

Linker script and memory map

                0x0000000002380000                __ewram_end = (ORIGIN (ewram) + LENGTH (ewram))
                0x0000000002380000                __eheap_end = (ORIGIN (ewram) + LENGTH (ewram))
                0x0000000002ff4000                __dtcm_top = (ORIGIN (dtcm) + LENGTH (dtcm))
                0x0000000002ff3ff8                __irq_flags = (__dtcm_top - 0x8)
                0x0000000002ff3ffc                __irq_vector = (__dtcm_top - 0x4)
                0x0000000002ff3f00                __sp_svc = (__dtcm_top - 0x100)
                0x0000000002ff3e00                __sp_irq = (__sp_svc - 0x100)
                0x0000000002ff3d00                __sp_usr = (__sp_irq - 0x100)

.secure         0x0000000002000000      0x800
 *(.secure)
 .secure        0x0000000002000000      0x800 /opt/devkitpro/libnds/lib/libnds9.a(securearea.o)
                0x0000000002000000                __secure_area__

.crt0           0x0000000002000800      0x300
                0x0000000002000800                __text_start = .
 *(.crt0)
 .crt0          0x0000000002000800      0x300 /opt/devkitpro/devkitARM/bin/../lib/gcc/arm-none-eabi/10.2.0/../../../../arm-none-eabi/lib/ds_arm9_crt0.o
                0x0000000002000800                _start
                0x0000000002000b00                . = ALIGN (0x4)

.plt
 *(.plt)

.init           0x0000000002000b00       0x18
 *(SORT_NONE(.init))
 .init          0x0000000002000b00        0xc /opt/devkitpro/devkitARM/bin/../lib/gcc/arm-none-eabi/10.2.0/crti.o
                0x0000000002000b00                _init
 .init          0x0000000002000b0c        0xc /opt/devkitpro/devkitARM/bin/../lib/gcc/arm-none-eabi/10.2.0/crtn.o

.text           0x0000000002000b18     0x61f8
 *(EXCLUDE_FILE(*.twl* *.vectors* *.itcm*) .text)
 .text          0x0000000002000b18      0xe4c nehe7.o
                0x0000000002000b18                LoadGLTextures()
                0x0000000002000b98                DrawGLScene()
 .text          0x0000000002001964      0x198 /opt/devkitpro/devkitARM/bin/../lib/gcc/arm-none-eabi/10.2.0/libgcc.a(_arm_mulsf3.o)
                0x0000000002001964                __mulsf3
                0x0000000002001964                __aeabi_fmul
 .text          0x0000000002001afc      0x424 /opt/devkitpro/devkitARM/bin/../lib/gcc/arm-none-eabi/10.2.0/libgcc.a(_arm_addsubdf3.o)
                0x0000000002001afc                __aeabi_drsub
                0x0000000002001b04                __aeabi_dsub
                0x0000000002001b04                __subdf3
                0x0000000002001b08                __adddf3
                0x0000000002001b08                __aeabi_dadd
                0x0000000002001e18                __aeabi_ui2d
                0x0000000002001e18                __floatunsidf
                0x0000000002001e3c                __floatsidf
                0x0000000002001e3c                __aeabi_i2d
                0x0000000002001e64                __extendsfdf2
                0x0000000002001e64                __aeabi_f2d
                0x0000000002001eac                __aeabi_ul2d
                0x0000000002001eac                __floatundidf
                0x0000000002001ec0                __floatdidf
                0x0000000002001ec0                __aeabi_l2d
 .text          0x0000000002001f20      0x49c /opt/devkitpro/devkitARM/bin/../lib/gcc/arm-none-eabi/10.2.0/libgcc.a(_arm_muldivdf3.o)
                0x0000000002001f20                __aeabi_dmul
                0x0000000002001f20                __muldf3
                0x00000000020021b0                __aeabi_ddiv
                0x00000000020021b0                __divdf3
 .text          0x00000000020023bc       0x5c /opt/devkitpro/devkitARM/bin/../lib/gcc/arm-none-eabi/10.2.0/libgcc.a(_arm_fixdfsi.o)
                0x00000000020023bc                __fixdfsi
                0x00000000020023bc                __aeabi_d2iz
 .text          0x0000000002002418      0x2ac /opt/devkitpro/devkitARM/bin/../lib/gcc/arm-none-eabi/10.2.0/libgcc.a(_arm_addsubsf3.o)
                0x0000000002002418                __aeabi_frsub
                0x0000000002002420                __subsf3
                0x0000000002002420                __aeabi_fsub
                0x0000000002002424                __aeabi_fadd
                0x0000000002002424                __addsf3
                0x00000000020025e0                __aeabi_ui2f
                0x00000000020025e0                __floatunsisf
                0x00000000020025e8                __aeabi_i2f
                0x00000000020025e8                __floatsisf
                0x0000000002002608                __floatundisf
                0x0000000002002608                __aeabi_ul2f
                0x0000000002002618                __floatdisf
                0x0000000002002618                __aeabi_l2f
 .text          0x00000000020026c4       0x5c /opt/devkitpro/devkitARM/bin/../lib/gcc/arm-none-eabi/10.2.0/libgcc.a(_arm_fixsfsi.o)
                0x00000000020026c4                __fixsfsi
                0x00000000020026c4                __aeabi_f2iz
 *(EXCLUDE_FILE(*.twl* *.vectors* *.itcm*) .stub)
 *(EXCLUDE_FILE(*.twl* *.vectors* *.itcm*) .text.*)
 .text.__do_global_dtors_aux
                0x0000000002002720       0x40 /opt/devkitpro/devkitARM/bin/../lib/gcc/arm-none-eabi/10.2.0/crtbegin.o
 .text.frame_dummy
                0x0000000002002760       0x30 /opt/devkitpro/devkitARM/bin/../lib/gcc/arm-none-eabi/10.2.0/crtbegin.o
 .text.startup  0x0000000002002790      0x528 nehe7.o
                0x0000000002002790                main
 .text.DynamicArrayInit
                0x0000000002002cb8       0x18 /opt/devkitpro/libnds/lib/libnds9.a(dynamicArray.o)
                0x0000000002002cb8                DynamicArrayInit
 .text.DynamicArrayGet
                0x0000000002002cd0       0x18 /opt/devkitpro/libnds/lib/libnds9.a(dynamicArray.o)
                0x0000000002002cd0                DynamicArrayGet
 .text.DynamicArraySet
                0x0000000002002ce8       0x48 /opt/devkitpro/libnds/lib/libnds9.a(dynamicArray.o)
                0x0000000002002ce8                DynamicArraySet
 .text.loadPCX  0x0000000002002d30      0x194 /opt/devkitpro/libnds/lib/libnds9.a(pcx.o)
                0x0000000002002d30                loadPCX
 .text.sinLutLookup
                0x0000000002002ec4       0x38 /opt/devkitpro/libnds/lib/libnds9.a(trig.o)
                0x0000000002002ec4                sinLutLookup
 .text.sinLerp  0x0000000002002efc       0x40 /opt/devkitpro/libnds/lib/libnds9.a(trig.o)
                0x0000000002002efc                sinLerp
 .text.cosLerp  0x0000000002002f3c       0x4c /opt/devkitpro/libnds/lib/libnds9.a(trig.o)
                0x0000000002002f3c                cosLerp
 .text.tanLerp  0x0000000002002f88       0xa4 /opt/devkitpro/libnds/lib/libnds9.a(trig.o)
                0x0000000002002f88                tanLerp
 .text.vramBlock__deallocateBlock.part.0
                0x000000000200302c      0x184 /opt/devkitpro/libnds/lib/libnds9.a(videoGL.o)
 .text.glRotatef32i
                0x00000000020031b0      0x2b4 /opt/devkitpro/libnds/lib/libnds9.a(videoGL.o)
                0x00000000020031b0                glRotatef32i
 .text.glMaterialf
                0x0000000002003464       0x7c /opt/devkitpro/libnds/lib/libnds9.a(videoGL.o)
                0x0000000002003464                glMaterialf
 .text.vramBlock_init
                0x00000000020034e0       0x5c /opt/devkitpro/libnds/lib/libnds9.a(videoGL.o)
                0x00000000020034e0                vramBlock_init
 .text.vramBlock__allocateBlock
                0x000000000200353c      0x178 /opt/devkitpro/libnds/lib/libnds9.a(videoGL.o)
                0x000000000200353c                vramBlock__allocateBlock
 .text.vramBlock_examineSpecial
                0x00000000020036b4      0x244 /opt/devkitpro/libnds/lib/libnds9.a(videoGL.o)
                0x00000000020036b4                vramBlock_examineSpecial
 .text.vramBlock_allocateSpecial
                0x00000000020038f8       0x6c /opt/devkitpro/libnds/lib/libnds9.a(videoGL.o)
                0x00000000020038f8                vramBlock_allocateSpecial
 .text.vramBlock_allocateBlock
                0x0000000002003964       0x30 /opt/devkitpro/libnds/lib/libnds9.a(videoGL.o)
                0x0000000002003964                vramBlock_allocateBlock
 .text.vramBlock_deallocateBlock
                0x0000000002003994       0x48 /opt/devkitpro/libnds/lib/libnds9.a(videoGL.o)
                0x0000000002003994                vramBlock_deallocateBlock
 .text.glInit_C
                0x00000000020039dc      0x1cc /opt/devkitpro/libnds/lib/libnds9.a(videoGL.o)
                0x00000000020039dc                glInit_C
 .text.glGenTextures
                0x0000000002003ba8       0x80 /opt/devkitpro/libnds/lib/libnds9.a(videoGL.o)
                0x0000000002003ba8                glGenTextures
 .text.vramGetBank
                0x0000000002003c28       0xb8 /opt/devkitpro/libnds/lib/libnds9.a(videoGL.o)
                0x0000000002003c28                vramGetBank
 .text.glBindTexture
                0x0000000002003ce0       0x60 /opt/devkitpro/libnds/lib/libnds9.a(videoGL.o)
                0x0000000002003ce0                glBindTexture
 .text.glTexImage2D
                0x0000000002003d40      0x414 /opt/devkitpro/libnds/lib/libnds9.a(videoGL.o)
                0x0000000002003d40                glTexImage2D
 .text.image8to16
                0x0000000002004154       0x54 /opt/devkitpro/libnds/lib/libnds9.a(image.o)
                0x0000000002004154                image8to16
 .text.imageDestroy
                0x00000000020041a8       0x24 /opt/devkitpro/libnds/lib/libnds9.a(image.o)
                0x00000000020041a8                imageDestroy
 .text.scanKeys
                0x00000000020041cc       0x8c /opt/devkitpro/libnds/lib/libnds9.a(keys.o)
                0x00000000020041cc                scanKeys
 .text.keysHeld
                0x0000000002004258        0xc /opt/devkitpro/libnds/lib/libnds9.a(keys.o)
                0x0000000002004258                keysHeld
 .text.keysDown
                0x0000000002004264       0x14 /opt/devkitpro/libnds/lib/libnds9.a(keys.o)
                0x0000000002004264                keysDown
 .text.initSystem
                0x0000000002004278      0x198 /opt/devkitpro/libnds/lib/libnds9.a(initSystem.o)
                0x0000000002004278                initSystem
 .text.__libnds_gtod
                0x0000000002004410       0x28 /opt/devkitpro/libnds/lib/libnds9.a(timeSupport.o)
                0x0000000002004410                __libnds_gtod
 .text.irqDummy
                0x0000000002004438        0x4 /opt/devkitpro/libnds/lib/libnds9.a(interrupts.o)
                0x0000000002004438                irqDummy
 .text.irqSet   0x000000000200443c       0x6c /opt/devkitpro/libnds/lib/libnds9.a(interrupts.o)
                0x000000000200443c                irqSet
 .text.irqInit  0x00000000020044a8       0x50 /opt/devkitpro/libnds/lib/libnds9.a(interrupts.o)
                0x00000000020044a8                irqInit
 .text.irqEnable
                0x00000000020044f8       0x64 /opt/devkitpro/libnds/lib/libnds9.a(interrupts.o)
                0x00000000020044f8                irqEnable
 .text.systemErrorExit
                0x000000000200455c        0x4 /opt/devkitpro/libnds/lib/libnds9.a(libnds_exit.arm.o)
                0x000000000200455c                systemErrorExit
 .text.__libnds_exit
                0x0000000002004560       0x5c /opt/devkitpro/libnds/lib/libnds9.a(libnds_exit.arm.o)
                0x0000000002004560                __libnds_exit
 .text.fifo_queueBlock
                0x00000000020045bc       0x44 /opt/devkitpro/libnds/lib/libnds9.a(fifosystem.o)
 .text.fifo_waitBlock
                0x0000000002004600       0x80 /opt/devkitpro/libnds/lib/libnds9.a(fifosystem.o)
 .text.fifoInternalSend.part.0
                0x0000000002004680       0xd4 /opt/devkitpro/libnds/lib/libnds9.a(fifosystem.o)
 .text.fifoInternalSendInterrupt
                0x0000000002004754       0xa8 /opt/devkitpro/libnds/lib/libnds9.a(fifosystem.o)
 .text.fifoSetValue32Handler
                0x00000000020047fc       0xd8 /opt/devkitpro/libnds/lib/libnds9.a(fifosystem.o)
                0x00000000020047fc                fifoSetValue32Handler
 .text.fifoSendValue32
                0x00000000020048d4       0x4c /opt/devkitpro/libnds/lib/libnds9.a(fifosystem.o)
                0x00000000020048d4                fifoSendValue32
 .text.fifoGetDatamsg
                0x0000000002004920       0xf4 /opt/devkitpro/libnds/lib/libnds9.a(fifosystem.o)
                0x0000000002004920                fifoGetDatamsg
 .text.fifoInternalRecvInterrupt
                0x0000000002004a14      0x380 /opt/devkitpro/libnds/lib/libnds9.a(fifosystem.o)
 .text.fifoSetDatamsgHandler
                0x0000000002004d94       0x9c /opt/devkitpro/libnds/lib/libnds9.a(fifosystem.o)
                0x0000000002004d94                fifoSetDatamsgHandler
 .text.fifoInit
                0x0000000002004e30       0xf8 /opt/devkitpro/libnds/lib/libnds9.a(fifosystem.o)
                0x0000000002004e30                fifoInit
 .text.__libnds_mpu_setup
                0x0000000002004f28      0x174 /opt/devkitpro/libnds/lib/libnds9.a(mpu_setup.o)
                0x0000000002004f28                __libnds_mpu_setup
 .text.memUncached
                0x000000000200509c       0x20 /opt/devkitpro/libnds/lib/libnds9.a(mpu_setup.o)
                0x000000000200509c                memUncached
 .text.swiWaitForVBlank
                0x00000000020050bc        0x8 /opt/devkitpro/libnds/lib/libnds9.a(IntrWait.o)
                0x00000000020050bc                swiWaitForVBlank
 .text.swiIntrWait
                0x00000000020050c4       0x70 /opt/devkitpro/libnds/lib/libnds9.a(IntrWait.o)
                0x00000000020050c4                swiIntrWait
 .text.setCpuClock
                0x0000000002005134       0x50 /opt/devkitpro/libnds/lib/libnds9.a(cpu_clock.o)
                0x0000000002005134                setCpuClock
 .text.swiSoftReset
                0x0000000002005184       0x2c /opt/devkitpro/libnds/lib/libnds9.a(swiSoftReset.o)
                0x0000000002005184                swiSoftReset
 .text.swiDelay
                0x00000000020051b0        0x4 /opt/devkitpro/libnds/lib/libnds9.a(biosCalls.o)
                0x00000000020051b0                swiDelay
 .text.vramRestorePrimaryBanks
                0x00000000020051b4        0xc /opt/devkitpro/libnds/lib/libnds9.a(video.o)
                0x00000000020051b4                vramRestorePrimaryBanks
 .text.vramDefault
                0x00000000020051c0       0xd0 /opt/devkitpro/libnds/lib/libnds9.a(video.o)
                0x00000000020051c0                vramDefault
 .text.systemValueHandler
                0x0000000002005290       0x48 /opt/devkitpro/libnds/lib/libnds9.a(system.o)
                0x0000000002005290                systemValueHandler
 .text.systemMsgHandler
                0x00000000020052d8       0x60 /opt/devkitpro/libnds/lib/libnds9.a(system.o)
                0x00000000020052d8                systemMsgHandler
 .text.powerOn  0x0000000002005338       0x2c /opt/devkitpro/libnds/lib/libnds9.a(system.o)
                0x0000000002005338                powerOn
 .text.__muldi3
                0x0000000002005364       0x1c /opt/devkitpro/devkitARM/bin/../lib/gcc/arm-none-eabi/10.2.0/libgcc.a(_muldi3.o)
                0x0000000002005364                __aeabi_lmul
                0x0000000002005364                __muldi3
 .text.calloc   0x0000000002005380       0x24 /opt/devkitpro/devkitARM/bin/../lib/gcc/arm-none-eabi/10.2.0/../../../../arm-none-eabi/lib/libg.a(lib_a-calloc.o)
                0x0000000002005380                calloc
 .text._calloc_r
                0x00000000020053a4       0x9c /opt/devkitpro/devkitARM/bin/../lib/gcc/arm-none-eabi/10.2.0/../../../../arm-none-eabi/lib/libg.a(lib_a-callocr.o)
                0x00000000020053a4                _calloc_r
 .text.__libc_init_array
                0x0000000002005440       0x88 /opt/devkitpro/devkitARM/bin/../lib/gcc/arm-none-eabi/10.2.0/../../../../arm-none-eabi/lib/libg.a(lib_a-init.o)
                0x0000000002005440                __libc_init_array
 .text.malloc   0x00000000020054c8       0x1c /opt/devkitpro/devkitARM/bin/../lib/gcc/arm-none-eabi/10.2.0/../../../../arm-none-eabi/lib/libg.a(lib_a-malloc.o)
                0x00000000020054c8                malloc
 .text.free     0x00000000020054e4       0x1c /opt/devkitpro/devkitARM/bin/../lib/gcc/arm-none-eabi/10.2.0/../../../../arm-none-eabi/lib/libg.a(lib_a-malloc.o)
                0x00000000020054e4                free
 .text._malloc_r
                0x0000000002005500      0x800 /opt/devkitpro/devkitARM/bin/../lib/gcc/arm-none-eabi/10.2.0/../../../../arm-none-eabi/lib/libg.a(lib_a-mallocr.o)
                0x0000000002005500                _malloc_r
 .text.memcpy   0x0000000002005d00      0x120 /opt/devkitpro/devkitARM/bin/../lib/gcc/arm-none-eabi/10.2.0/../../../../arm-none-eabi/lib/libg.a(lib_a-memcpy-stub.o)
                0x0000000002005d00                memcpy
 .text.memset   0x0000000002005e20      0x11c /opt/devkitpro/devkitARM/bin/../lib/gcc/arm-none-eabi/10.2.0/../../../../arm-none-eabi/lib/libg.a(lib_a-memset.o)
                0x0000000002005e20                memset
 .text.__malloc_lock
                0x0000000002005f3c       0x18 /opt/devkitpro/devkitARM/bin/../lib/gcc/arm-none-eabi/10.2.0/../../../../arm-none-eabi/lib/libg.a(lib_a-mlock.o)
                0x0000000002005f3c                __malloc_lock
 .text.__malloc_unlock
                0x0000000002005f54       0x18 /opt/devkitpro/devkitARM/bin/../lib/gcc/arm-none-eabi/10.2.0/../../../../arm-none-eabi/lib/libg.a(lib_a-mlock.o)
                0x0000000002005f54                __malloc_unlock
 .text.realloc  0x0000000002005f6c       0x24 /opt/devkitpro/devkitARM/bin/../lib/gcc/arm-none-eabi/10.2.0/../../../../arm-none-eabi/lib/libg.a(lib_a-realloc.o)
                0x0000000002005f6c                realloc
 .text._realloc_r
                0x0000000002005f90      0x5ac /opt/devkitpro/devkitARM/bin/../lib/gcc/arm-none-eabi/10.2.0/../../../../arm-none-eabi/lib/libg.a(lib_a-reallocr.o)
                0x0000000002005f90                _realloc_r
 .text._malloc_trim_r
                0x000000000200653c      0x100 /opt/devkitpro/devkitARM/bin/../lib/gcc/arm-none-eabi/10.2.0/../../../../arm-none-eabi/lib/libg.a(lib_a-freer.o)
                0x000000000200653c                _malloc_trim_r
 .text._free_r  0x000000000200663c      0x2e0 /opt/devkitpro/devkitARM/bin/../lib/gcc/arm-none-eabi/10.2.0/../../../../arm-none-eabi/lib/libg.a(lib_a-freer.o)
                0x000000000200663c                _free_r
 .text.memmove  0x000000000200691c      0x158 /opt/devkitpro/devkitARM/bin/../lib/gcc/arm-none-eabi/10.2.0/../../../../arm-none-eabi/lib/libg.a(lib_a-memmove.o)
                0x000000000200691c                memmove
 .text._sbrk_r  0x0000000002006a74       0x7c /opt/devkitpro/devkitARM/bin/../lib/gcc/arm-none-eabi/10.2.0/../../../../arm-none-eabi/lib/libsysbase.a(sbrk.o)
                0x0000000002006a74                _sbrk_r
 .text.build_argv
                0x0000000002006af0       0x80 /opt/devkitpro/devkitARM/bin/../lib/gcc/arm-none-eabi/10.2.0/../../../../arm-none-eabi/lib/libsysbase.a(build_argv.o)
                0x0000000002006af0                build_argv
 .text.__libc_lock_acquire_recursive
                0x0000000002006b70       0x18 /opt/devkitpro/devkitARM/bin/../lib/gcc/arm-none-eabi/10.2.0/../../../../arm-none-eabi/lib/libsysbase.a(syscall_support.o)
                0x0000000002006b70                __libc_lock_acquire_recursive
 .text.__libc_lock_release_recursive
                0x0000000002006b88       0x18 /opt/devkitpro/devkitARM/bin/../lib/gcc/arm-none-eabi/10.2.0/../../../../arm-none-eabi/lib/libsysbase.a(syscall_support.o)
                0x0000000002006b88                __libc_lock_release_recursive
 .text.__getreent
                0x0000000002006ba0       0x24 /opt/devkitpro/devkitARM/bin/../lib/gcc/arm-none-eabi/10.2.0/../../../../arm-none-eabi/lib/libsysbase.a(getreent.o)
                0x0000000002006ba0                __getreent
 *fill*         0x0000000002006bc4        0x4 ff
 .text.__getreent.__stub
                0x0000000002006bc8      0x10c linker stubs
 *(EXCLUDE_FILE(*.twl*) .gnu.warning)
 *(EXCLUDE_FILE(*.twl*) .gnu.linkonce.t*)
 *(.glue_7)
 .glue_7        0x0000000002006d10        0x0 linker stubs
 *(.glue_7t)
 .glue_7t       0x0000000002006d10        0x0 linker stubs
                0x0000000002006d10                . = ALIGN (0x4)

.vfp11_veneer   0x0000000002006d10        0x0
 .vfp11_veneer  0x0000000002006d10        0x0 linker stubs

.v4_bx          0x0000000002006d10        0x0
 .v4_bx         0x0000000002006d10        0x0 linker stubs

.iplt           0x0000000002006d10        0x0
 .iplt          0x0000000002006d10        0x0 /opt/devkitpro/devkitARM/bin/../lib/gcc/arm-none-eabi/10.2.0/../../../../arm-none-eabi/lib/ds_arm9_crt0.o

.fini           0x0000000002006d10       0x18
 *(.fini)
 .fini          0x0000000002006d10        0xc /opt/devkitpro/devkitARM/bin/../lib/gcc/arm-none-eabi/10.2.0/crti.o
                0x0000000002006d10                _fini
 .fini          0x0000000002006d1c        0xc /opt/devkitpro/devkitARM/bin/../lib/gcc/arm-none-eabi/10.2.0/crtn.o
                0x0000000002006d28                __text_end = .

.rodata         0x0000000002006d28     0x2688
 *(EXCLUDE_FILE(*.twl*) .rodata)
 .rodata        0x0000000002006d28       0x24 /opt/devkitpro/libnds/lib/libnds9.a(videoGL.o)
 *all.rodata*(*)
 *(EXCLUDE_FILE(*.twl*) .roda)
 *(EXCLUDE_FILE(*.twl*) .rodata.*)
 .rodata.drunkenlogo_pcx
                0x0000000002006d4c     0x2318 drunkenlogo.pcx.o
                0x0000000002006d4c                drunkenlogo_pcx
                0x0000000002009064                drunkenlogo_pcx_end
 .rodata.SIN_LUT
                0x0000000002009064      0x102 /opt/devkitpro/libnds/lib/libnds9.a(trig.o)
                0x0000000002009064                SIN_LUT
 *fill*         0x0000000002009166        0x2 ff
 .rodata.TAN_LUT
                0x0000000002009168      0x204 /opt/devkitpro/libnds/lib/libnds9.a(trig.o)
                0x0000000002009168                TAN_LUT
 .rodata.glMaterialf
                0x000000000200936c       0x44 /opt/devkitpro/libnds/lib/libnds9.a(videoGL.o)
 *(EXCLUDE_FILE(*.twl*) .gnu.linkonce.r*)
                0x00000000020093b0                . = ALIGN (0x4)

.ARM.extab
 *(.ARM.extab* .gnu.linkonce.armextab.*)
                0x00000000020093b0                __exidx_start = .

ARM.exidx
 *(.ARM.exidx* .gnu.linkonce.armexidx.*)
                0x00000000020093b0                __exidx_end = .
                0x00000000020093b0                . = ALIGN (0x4)
                0x00000000020093b0                PROVIDE (__preinit_array_start = .)

.preinit_array
 *(.preinit_array)
                0x00000000020093b0                PROVIDE (__preinit_array_end = .)
                0x00000000020093b0                PROVIDE (__init_array_start = .)

.init_array     0x00000000020093b0        0x4
 *(SORT_BY_NAME(.init_array.*))
 *(.init_array)
 .init_array    0x00000000020093b0        0x4 /opt/devkitpro/devkitARM/bin/../lib/gcc/arm-none-eabi/10.2.0/crtbegin.o
                0x00000000020093b4                PROVIDE (__init_array_end = .)
                [!provide]                        PROVIDE (__fini_array_start = .)

.fini_array     0x00000000020093b4        0x4
 *(.fini_array)
 .fini_array    0x00000000020093b4        0x4 /opt/devkitpro/devkitARM/bin/../lib/gcc/arm-none-eabi/10.2.0/crtbegin.o
 *(SORT_BY_NAME(.fini_array.*))
                [!provide]                        PROVIDE (__fini_array_end = .)

.ctors          0x00000000020093b8        0x0
 *crtbegin.o(.ctors)
 *(EXCLUDE_FILE(*crtend.o) .ctors)
 *(SORT_BY_NAME(.ctors.*))
 *(.ctors)
                0x00000000020093b8                . = ALIGN (0x4)

.dtors          0x00000000020093b8        0x0
 *crtbegin.o(.dtors)
 *(EXCLUDE_FILE(*crtend.o) .dtors)
 *(SORT_BY_NAME(.dtors.*))
 *(.dtors)
                0x00000000020093b8                . = ALIGN (0x4)

.eh_frame       0x00000000020093b8        0x4
 *(.eh_frame)
 .eh_frame      0x00000000020093b8        0x0 /opt/devkitpro/devkitARM/bin/../lib/gcc/arm-none-eabi/10.2.0/crtbegin.o
 .eh_frame      0x00000000020093b8        0x4 /opt/devkitpro/devkitARM/bin/../lib/gcc/arm-none-eabi/10.2.0/crtend.o
                0x00000000020093bc                . = ALIGN (0x4)

.rel.dyn        0x00000000020093bc        0x0
 .rel.iplt      0x00000000020093bc        0x0 /opt/devkitpro/devkitARM/bin/../lib/gcc/arm-none-eabi/10.2.0/../../../../arm-none-eabi/lib/ds_arm9_crt0.o

.gcc_except_table
                0x00000000020093bc        0x0
 *(.gcc_except_table)
                0x00000000020093bc                . = ALIGN (0x4)

.jcr
 *(.jcr)

.got
 *(.got.plt)
 *(.got)
 *(.rel.got)

.ewram          0x00000000020093bc        0x0
                0x00000000020093bc                __ewram_start = ABSOLUTE (.)
 *(.ewram)
 *ewram.*(.text)
                0x00000000020093bc                . = ALIGN (0x4)

.data           0x00000000020093bc      0x8f4
                0x00000000020093bc                __data_start = ABSOLUTE (.)
 *(EXCLUDE_FILE(*.twl*) .data)
 .data          0x00000000020093bc       0x34 nehe7.o
                0x00000000020093bc                z
                0x00000000020093c0                LightPosition
                0x00000000020093d0                LightDiffuse
                0x00000000020093e0                LightAmbient
 .data          0x00000000020093f0       0x28 /opt/devkitpro/libnds/lib/libnds9.a(mpu_setup.o)
 *(EXCLUDE_FILE(*.twl*) .data.*)
 .data.glGlob   0x0000000002009418        0x4 /opt/devkitpro/libnds/lib/libnds9.a(videoGL.o)
 .data.count    0x000000000200941c        0x1 /opt/devkitpro/libnds/lib/libnds9.a(keys.o)
 .data.delay    0x000000000200941d        0x1 /opt/devkitpro/libnds/lib/libnds9.a(keys.o)
 .data.repeat   0x000000000200941e        0x1 /opt/devkitpro/libnds/lib/libnds9.a(keys.o)
 *fill*         0x000000000200941f        0x1 ff
 .data.fifo_buffer_free
                0x0000000002009420        0x4 /opt/devkitpro/libnds/lib/libnds9.a(fifosystem.o)
                0x0000000002009420                fifo_buffer_free
 .data.fifo_freewords
                0x0000000002009424        0x4 /opt/devkitpro/libnds/lib/libnds9.a(fifosystem.o)
                0x0000000002009424                fifo_freewords
 .data.fifo_receive_queue
                0x0000000002009428        0x4 /opt/devkitpro/libnds/lib/libnds9.a(fifosystem.o)
                0x0000000002009428                fifo_receive_queue
 .data.fifo_send_queue
                0x000000000200942c        0x4 /opt/devkitpro/libnds/lib/libnds9.a(fifosystem.o)
                0x000000000200942c                fifo_send_queue
 .data.__malloc_av_
                0x0000000002009430      0x408 /opt/devkitpro/devkitARM/bin/../lib/gcc/arm-none-eabi/10.2.0/../../../../arm-none-eabi/lib/libg.a(lib_a-mallocr.o)
                0x0000000002009430                __malloc_av_
 .data.__malloc_sbrk_base
                0x0000000002009838        0x4 /opt/devkitpro/devkitARM/bin/../lib/gcc/arm-none-eabi/10.2.0/../../../../arm-none-eabi/lib/libg.a(lib_a-mallocr.o)
                0x0000000002009838                __malloc_sbrk_base
 .data.__malloc_trim_threshold
                0x000000000200983c        0x4 /opt/devkitpro/devkitARM/bin/../lib/gcc/arm-none-eabi/10.2.0/../../../../arm-none-eabi/lib/libg.a(lib_a-mallocr.o)
                0x000000000200983c                __malloc_trim_threshold
 .data.__malloc_recursive_mutex
                0x0000000002009840        0xc /opt/devkitpro/devkitARM/bin/../lib/gcc/arm-none-eabi/10.2.0/../../../../arm-none-eabi/lib/libg.a(lib_a-mlock.o)
 .data._impure_ptr
                0x000000000200984c        0x4 /opt/devkitpro/devkitARM/bin/../lib/gcc/arm-none-eabi/10.2.0/../../../../arm-none-eabi/lib/libg.a(lib_a-impure.o)
                0x000000000200984c                _impure_ptr
 *fill*         0x0000000002009850        0x0 ff
 .data.impure_data
                0x0000000002009850      0x460 /opt/devkitpro/devkitARM/bin/../lib/gcc/arm-none-eabi/10.2.0/../../../../arm-none-eabi/lib/libg.a(lib_a-impure.o)
 *(EXCLUDE_FILE(*.twl*) .gnu.linkonce.d*)
                0x0000000002009cb0                . = ALIGN (0x4)
                0x0000000002009cb0                __data_end = ABSOLUTE (.)
                0x0000000002009cb0                __bss_vma = .

.igot.plt       0x0000000002009cb0        0x0
 .igot.plt      0x0000000002009cb0        0x0 /opt/devkitpro/devkitARM/bin/../lib/gcc/arm-none-eabi/10.2.0/../../../../arm-none-eabi/lib/ds_arm9_crt0.o

.dtcm           0x0000000002ff0000        0x0 load address 0x0000000002009cb0
                0x0000000002009cb0                __dtcm_lma = LOADADDR (.dtcm)
                0x0000000002ff0000                __dtcm_start = ABSOLUTE (.)
 *(.dtcm)
 *(.dtcm.*)
                0x0000000002ff0000                . = ALIGN (0x4)
                0x0000000002ff0000                __dtcm_end = ABSOLUTE (.)

.itcm           0x0000000001000100      0x194 load address 0x0000000002009cb0
                0x0000000002009cb0                __itcm_lma = LOADADDR (.itcm)
                0x0000000001000100                __itcm_start = ABSOLUTE (.)
 *(.itcm)
 .itcm          0x0000000001000100       0xc8 /opt/devkitpro/libnds/lib/libnds9.a(interrupts.o)
                0x0000000001000100                irqTable
 .itcm          0x00000000010001c8       0xcc /opt/devkitpro/libnds/lib/libnds9.a(interruptDispatcher.o)
                0x00000000010001c8                IntrMain
 *.itcm*(.text .stub .text.*)
                0x0000000001000294                . = ALIGN (0x4)
                0x0000000001000294                __itcm_end = ABSOLUTE (.)

.vectors        0x0000000001000000        0x0 load address 0x0000000002009e44
                0x0000000002009e44                __vectors_lma = LOADADDR (.vectors)
                0x0000000001000000                __vectors_start = ABSOLUTE (.)
 *(.vectors .vectors.*)
                0x0000000001000000                . = ALIGN (0x4)
                0x0000000001000000                __vectors_end = ABSOLUTE (.)

.sbss           0x0000000002ff0000        0x0
                0x0000000002ff0000                __sbss_start = ABSOLUTE (.)
                0x0000000002ff0000                __sbss_start__ = ABSOLUTE (.)
 *(.sbss)
                0x0000000002ff0000                . = ALIGN (0x4)
                0x0000000002ff0000                __sbss_end = ABSOLUTE (.)

.bss            0x0000000002009cb0      0xb74
                0x0000000002009cb0                __bss_start = ABSOLUTE (.)
                0x0000000002009cb0                __bss_start__ = ABSOLUTE (.)
 *(EXCLUDE_FILE(*.twl*) .dynbss)
 *(EXCLUDE_FILE(*.twl*) .gnu.linkonce.b*)
 *(EXCLUDE_FILE(*.twl*) .bss*)
 .bss.completed.1
                0x0000000002009cb0        0x1 /opt/devkitpro/devkitARM/bin/../lib/gcc/arm-none-eabi/10.2.0/crtbegin.o
 *fill*         0x0000000002009cb1        0x3 
 .bss.object.0  0x0000000002009cb4       0x18 /opt/devkitpro/devkitARM/bin/../lib/gcc/arm-none-eabi/10.2.0/crtbegin.o
 .bss           0x0000000002009ccc       0x1e nehe7.o
                0x0000000002009ccc                texture
                0x0000000002009cd8                xrot
                0x0000000002009cdc                yrot
                0x0000000002009ce0                xspeed
                0x0000000002009ce4                yspeed
                0x0000000002009ce8                light
                0x0000000002009ce9                lp
 *fill*         0x0000000002009cea        0x2 
 .bss.diffuse_ambient.1
                0x0000000002009cec        0x4 /opt/devkitpro/libnds/lib/libnds9.a(videoGL.o)
 .bss.glGlobalData
                0x0000000002009cf0       0x54 /opt/devkitpro/libnds/lib/libnds9.a(videoGL.o)
                0x0000000002009cf0                glGlobalData
 .bss.specular_emission.0
                0x0000000002009d44        0x4 /opt/devkitpro/libnds/lib/libnds9.a(videoGL.o)
 .bss.keys      0x0000000002009d48        0x2 /opt/devkitpro/libnds/lib/libnds9.a(keys.o)
 .bss.keysold   0x0000000002009d4a        0x2 /opt/devkitpro/libnds/lib/libnds9.a(keys.o)
 .bss.keysrepeat
                0x0000000002009d4c        0x2 /opt/devkitpro/libnds/lib/libnds9.a(keys.o)
 .bss.__dsimode
                0x0000000002009d4e        0x1 /opt/devkitpro/libnds/lib/libnds9.a(initSystem.o)
                0x0000000002009d4e                __dsimode
 *fill*         0x0000000002009d4f        0x1 
 .bss.punixTime
                0x0000000002009d50        0x4 /opt/devkitpro/libnds/lib/libnds9.a(timeSupport.o)
                0x0000000002009d50                punixTime
 .bss.fifo_address_data
                0x0000000002009d54       0x40 /opt/devkitpro/libnds/lib/libnds9.a(fifosystem.o)
                0x0000000002009d54                fifo_address_data
 .bss.fifo_address_func
                0x0000000002009d94       0x40 /opt/devkitpro/libnds/lib/libnds9.a(fifosystem.o)
                0x0000000002009d94                fifo_address_func
 .bss.fifo_address_queue
                0x0000000002009dd4       0x40 /opt/devkitpro/libnds/lib/libnds9.a(fifosystem.o)
                0x0000000002009dd4                fifo_address_queue
 .bss.fifo_buffer
                0x0000000002009e14      0x800 /opt/devkitpro/libnds/lib/libnds9.a(fifosystem.o)
                0x0000000002009e14                fifo_buffer
 .bss.fifo_data_queue
                0x000000000200a614       0x40 /opt/devkitpro/libnds/lib/libnds9.a(fifosystem.o)
                0x000000000200a614                fifo_data_queue
 .bss.fifo_datamsg_data
                0x000000000200a654       0x40 /opt/devkitpro/libnds/lib/libnds9.a(fifosystem.o)
                0x000000000200a654                fifo_datamsg_data
 .bss.fifo_datamsg_func
                0x000000000200a694       0x40 /opt/devkitpro/libnds/lib/libnds9.a(fifosystem.o)
                0x000000000200a694                fifo_datamsg_func
 .bss.fifo_value32_data
                0x000000000200a6d4       0x40 /opt/devkitpro/libnds/lib/libnds9.a(fifosystem.o)
                0x000000000200a6d4                fifo_value32_data
 .bss.fifo_value32_func
                0x000000000200a714       0x40 /opt/devkitpro/libnds/lib/libnds9.a(fifosystem.o)
                0x000000000200a714                fifo_value32_func
 .bss.fifo_value32_queue
                0x000000000200a754       0x40 /opt/devkitpro/libnds/lib/libnds9.a(fifosystem.o)
                0x000000000200a754                fifo_value32_queue
 .bss.processing
                0x000000000200a794        0x4 /opt/devkitpro/libnds/lib/libnds9.a(fifosystem.o)
                0x000000000200a794                processing
 .bss.SDcallback
                0x000000000200a798        0x4 /opt/devkitpro/libnds/lib/libnds9.a(system.o)
 .bss.__malloc_current_mallinfo
                0x000000000200a79c       0x28 /opt/devkitpro/devkitARM/bin/../lib/gcc/arm-none-eabi/10.2.0/../../../../arm-none-eabi/lib/libg.a(lib_a-mallocr.o)
                0x000000000200a79c                __malloc_current_mallinfo
 .bss.__malloc_max_sbrked_mem
                0x000000000200a7c4        0x4 /opt/devkitpro/devkitARM/bin/../lib/gcc/arm-none-eabi/10.2.0/../../../../arm-none-eabi/lib/libg.a(lib_a-mallocr.o)
                0x000000000200a7c4                __malloc_max_sbrked_mem
 .bss.__malloc_max_total_mem
                0x000000000200a7c8        0x4 /opt/devkitpro/devkitARM/bin/../lib/gcc/arm-none-eabi/10.2.0/../../../../arm-none-eabi/lib/libg.a(lib_a-mallocr.o)
                0x000000000200a7c8                __malloc_max_total_mem
 .bss.__malloc_top_pad
                0x000000000200a7cc        0x4 /opt/devkitpro/devkitARM/bin/../lib/gcc/arm-none-eabi/10.2.0/../../../../arm-none-eabi/lib/libg.a(lib_a-mallocr.o)
                0x000000000200a7cc                __malloc_top_pad
 .bss.heap_start.0
                0x000000000200a7d0        0x4 /opt/devkitpro/devkitARM/bin/../lib/gcc/arm-none-eabi/10.2.0/../../../../arm-none-eabi/lib/libsysbase.a(sbrk.o)
 .bss.fake_heap_end
                0x000000000200a7d4        0x4 /opt/devkitpro/devkitARM/bin/../lib/gcc/arm-none-eabi/10.2.0/../../../../arm-none-eabi/lib/libsysbase.a(malloc_vars.o)
                0x000000000200a7d4                fake_heap_end
 .bss.fake_heap_start
                0x000000000200a7d8        0x4 /opt/devkitpro/devkitARM/bin/../lib/gcc/arm-none-eabi/10.2.0/../../../../arm-none-eabi/lib/libsysbase.a(malloc_vars.o)
                0x000000000200a7d8                fake_heap_start
 .bss.__syscalls
                0x000000000200a7dc       0x48 /opt/devkitpro/devkitARM/bin/../lib/gcc/arm-none-eabi/10.2.0/../../../../arm-none-eabi/lib/libsysbase.a(syscall_support.o)
                0x000000000200a7dc                __syscalls
 *(EXCLUDE_FILE(*.twl*) COMMON)
                0x000000000200a824                . = ALIGN (0x4)
                0x000000000200a824                __bss_end__ = ABSOLUTE (.)
                0x000000000200a824                __end__ = ABSOLUTE (.)

.twl            0x000000000200a824        0x0 load address 0x0000000002400000
                0x0000000002400000                __arm9i_lma__ = LOADADDR (.twl)
                0x000000000200a824                __arm9i_start__ = ABSOLUTE (.)
 *(.twl)
 *.twl*(.text .stub .text.* .gnu.linkonce.t.*)
 *.twl*(.rodata)
 *.twl*(.roda)
 *.twl*(.rodata.*)
 *.twl*(.data)
 *.twl*(.data.*)
 *.twl*(.gnu.linkonce.d*)
                0x000000000200a824                __arm9i_end__ = ABSOLUTE (.)

.twl_bss        0x000000000200a824        0x0
                0x000000000200a824                __twl_bss_start__ = ABSOLUTE (.)
 *(.twl_bss)
 *.twl*(.dynbss)
 *.twl*(.gnu.linkonce.b*)
 *.twl*(.bss*)
 *.twl*(COMMON)
                0x000000000200a824                . = ALIGN (0x4)
                0x000000000200a824                __twl_bss_end__ = ABSOLUTE (.)
                0x000000000200a824                __twl_end__ = ABSOLUTE (.)

.stab
 *(.stab)

.stabstr
 *(.stabstr)

.stab.excl
 *(.stab.excl)

.stab.exclstr
 *(.stab.exclstr)

.stab.index
 *(.stab.index)

.stab.indexstr
 *(.stab.indexstr)

.comment        0x0000000000000000       0x23
 *(.comment)
 .comment       0x0000000000000000       0x23 /opt/devkitpro/devkitARM/bin/../lib/gcc/arm-none-eabi/10.2.0/crtbegin.o
                                         0x24 (size before relaxing)
 .comment       0x0000000000000023       0x24 nehe7.o
 .comment       0x0000000000000023       0x24 /opt/devkitpro/libnds/lib/libnds9.a(dynamicArray.o)
 .comment       0x0000000000000023       0x24 /opt/devkitpro/libnds/lib/libnds9.a(pcx.o)
 .comment       0x0000000000000023       0x24 /opt/devkitpro/libnds/lib/libnds9.a(trig.o)
 .comment       0x0000000000000023       0x24 /opt/devkitpro/libnds/lib/libnds9.a(videoGL.o)
 .comment       0x0000000000000023       0x24 /opt/devkitpro/libnds/lib/libnds9.a(image.o)
 .comment       0x0000000000000023       0x24 /opt/devkitpro/libnds/lib/libnds9.a(keys.o)
 .comment       0x0000000000000023       0x24 /opt/devkitpro/libnds/lib/libnds9.a(initSystem.o)
 .comment       0x0000000000000023       0x24 /opt/devkitpro/libnds/lib/libnds9.a(timeSupport.o)
 .comment       0x0000000000000023       0x24 /opt/devkitpro/libnds/lib/libnds9.a(securearea.o)
 .comment       0x0000000000000023       0x24 /opt/devkitpro/libnds/lib/libnds9.a(interrupts.o)
 .comment       0x0000000000000023       0x24 /opt/devkitpro/libnds/lib/libnds9.a(libnds_exit.arm.o)
 .comment       0x0000000000000023       0x24 /opt/devkitpro/libnds/lib/libnds9.a(fifosystem.o)
 .comment       0x0000000000000023       0x24 /opt/devkitpro/libnds/lib/libnds9.a(video.o)
 .comment       0x0000000000000023       0x24 /opt/devkitpro/libnds/lib/libnds9.a(system.o)
 .comment       0x0000000000000023       0x24 /opt/devkitpro/devkitARM/bin/../lib/gcc/arm-none-eabi/10.2.0/libgcc.a(_muldi3.o)
 .comment       0x0000000000000023       0x24 /opt/devkitpro/devkitARM/bin/../lib/gcc/arm-none-eabi/10.2.0/../../../../arm-none-eabi/lib/libg.a(lib_a-calloc.o)
 .comment       0x0000000000000023       0x24 /opt/devkitpro/devkitARM/bin/../lib/gcc/arm-none-eabi/10.2.0/../../../../arm-none-eabi/lib/libg.a(lib_a-callocr.o)
 .comment       0x0000000000000023       0x24 /opt/devkitpro/devkitARM/bin/../lib/gcc/arm-none-eabi/10.2.0/../../../../arm-none-eabi/lib/libg.a(lib_a-init.o)
 .comment       0x0000000000000023       0x24 /opt/devkitpro/devkitARM/bin/../lib/gcc/arm-none-eabi/10.2.0/../../../../arm-none-eabi/lib/libg.a(lib_a-malloc.o)
 .comment       0x0000000000000023       0x24 /opt/devkitpro/devkitARM/bin/../lib/gcc/arm-none-eabi/10.2.0/../../../../arm-none-eabi/lib/libg.a(lib_a-mallocr.o)
 .comment       0x0000000000000023       0x24 /opt/devkitpro/devkitARM/bin/../lib/gcc/arm-none-eabi/10.2.0/../../../../arm-none-eabi/lib/libg.a(lib_a-memcpy-stub.o)
 .comment       0x0000000000000023       0x24 /opt/devkitpro/devkitARM/bin/../lib/gcc/arm-none-eabi/10.2.0/../../../../arm-none-eabi/lib/libg.a(lib_a-memset.o)
 .comment       0x0000000000000023       0x24 /opt/devkitpro/devkitARM/bin/../lib/gcc/arm-none-eabi/10.2.0/../../../../arm-none-eabi/lib/libg.a(lib_a-mlock.o)
 .comment       0x0000000000000023       0x24 /opt/devkitpro/devkitARM/bin/../lib/gcc/arm-none-eabi/10.2.0/../../../../arm-none-eabi/lib/libg.a(lib_a-realloc.o)
 .comment       0x0000000000000023       0x24 /opt/devkitpro/devkitARM/bin/../lib/gcc/arm-none-eabi/10.2.0/../../../../arm-none-eabi/lib/libg.a(lib_a-reallocr.o)
 .comment       0x0000000000000023       0x24 /opt/devkitpro/devkitARM/bin/../lib/gcc/arm-none-eabi/10.2.0/../../../../arm-none-eabi/lib/libg.a(lib_a-freer.o)
 .comment       0x0000000000000023       0x24 /opt/devkitpro/devkitARM/bin/../lib/gcc/arm-none-eabi/10.2.0/../../../../arm-none-eabi/lib/libg.a(lib_a-memmove.o)
 .comment       0x0000000000000023       0x24 /opt/devkitpro/devkitARM/bin/../lib/gcc/arm-none-eabi/10.2.0/../../../../arm-none-eabi/lib/libsysbase.a(sbrk.o)
 .comment       0x0000000000000023       0x24 /opt/devkitpro/devkitARM/bin/../lib/gcc/arm-none-eabi/10.2.0/../../../../arm-none-eabi/lib/libsysbase.a(malloc_vars.o)
 .comment       0x0000000000000023       0x24 /opt/devkitpro/devkitARM/bin/../lib/gcc/arm-none-eabi/10.2.0/../../../../arm-none-eabi/lib/libsysbase.a(build_argv.o)
 .comment       0x0000000000000023       0x24 /opt/devkitpro/devkitARM/bin/../lib/gcc/arm-none-eabi/10.2.0/../../../../arm-none-eabi/lib/libsysbase.a(syscall_support.o)
 .comment       0x0000000000000023       0x24 /opt/devkitpro/devkitARM/bin/../lib/gcc/arm-none-eabi/10.2.0/../../../../arm-none-eabi/lib/libsysbase.a(getreent.o)
 .comment       0x0000000000000023       0x24 /opt/devkitpro/devkitARM/bin/../lib/gcc/arm-none-eabi/10.2.0/../../../../arm-none-eabi/lib/libg.a(lib_a-impure.o)
 .comment       0x0000000000000023       0x24 /opt/devkitpro/devkitARM/bin/../lib/gcc/arm-none-eabi/10.2.0/crtend.o

.ARM.attributes
                0x0000000000000000       0x2d
 .ARM.attributes
                0x0000000000000000       0x21 /opt/devkitpro/devkitARM/bin/../lib/gcc/arm-none-eabi/10.2.0/../../../../arm-none-eabi/lib/ds_arm9_crt0.o
 .ARM.attributes
                0x0000000000000021       0x1c /opt/devkitpro/devkitARM/bin/../lib/gcc/arm-none-eabi/10.2.0/crti.o
 .ARM.attributes
                0x000000000000003d       0x2a /opt/devkitpro/devkitARM/bin/../lib/gcc/arm-none-eabi/10.2.0/crtbegin.o
 .ARM.attributes
                0x0000000000000067       0x14 drunkenlogo.pcx.o
 .ARM.attributes
                0x000000000000007b       0x2b nehe7.o
 .ARM.attributes
                0x00000000000000a6       0x2b /opt/devkitpro/libnds/lib/libnds9.a(dynamicArray.o)
 .ARM.attributes
                0x00000000000000d1       0x2b /opt/devkitpro/libnds/lib/libnds9.a(pcx.o)
 .ARM.attributes
                0x00000000000000fc       0x2b /opt/devkitpro/libnds/lib/libnds9.a(trig.o)
 .ARM.attributes
                0x0000000000000127       0x2b /opt/devkitpro/libnds/lib/libnds9.a(videoGL.o)
 .ARM.attributes
                0x0000000000000152       0x2b /opt/devkitpro/libnds/lib/libnds9.a(image.o)
 .ARM.attributes
                0x000000000000017d       0x2b /opt/devkitpro/libnds/lib/libnds9.a(keys.o)
 .ARM.attributes
                0x00000000000001a8       0x2b /opt/devkitpro/libnds/lib/libnds9.a(initSystem.o)
 .ARM.attributes
                0x00000000000001d3       0x2b /opt/devkitpro/libnds/lib/libnds9.a(timeSupport.o)
 .ARM.attributes
                0x00000000000001fe       0x2b /opt/devkitpro/libnds/lib/libnds9.a(securearea.o)
 .ARM.attributes
                0x0000000000000229       0x2b /opt/devkitpro/libnds/lib/libnds9.a(interrupts.o)
 .ARM.attributes
                0x0000000000000254       0x2b /opt/devkitpro/libnds/lib/libnds9.a(libnds_exit.arm.o)
 .ARM.attributes
                0x000000000000027f       0x2b /opt/devkitpro/libnds/lib/libnds9.a(fifosystem.o)
 .ARM.attributes
                0x00000000000002aa       0x21 /opt/devkitpro/libnds/lib/libnds9.a(mpu_setup.o)
 .ARM.attributes
                0x00000000000002cb       0x21 /opt/devkitpro/libnds/lib/libnds9.a(IntrWait.o)
 .ARM.attributes
                0x00000000000002ec       0x21 /opt/devkitpro/libnds/lib/libnds9.a(cpu_clock.o)
 .ARM.attributes
                0x000000000000030d       0x1b /opt/devkitpro/libnds/lib/libnds9.a(interruptDispatcher.o)
 .ARM.attributes
                0x0000000000000328       0x21 /opt/devkitpro/libnds/lib/libnds9.a(swiSoftReset.o)
 .ARM.attributes
                0x0000000000000349       0x1b /opt/devkitpro/libnds/lib/libnds9.a(biosCalls.o)
 .ARM.attributes
                0x0000000000000364       0x2b /opt/devkitpro/libnds/lib/libnds9.a(video.o)
 .ARM.attributes
                0x000000000000038f       0x2b /opt/devkitpro/libnds/lib/libnds9.a(system.o)
 .ARM.attributes
                0x00000000000003ba       0x1c /opt/devkitpro/devkitARM/bin/../lib/gcc/arm-none-eabi/10.2.0/libgcc.a(_arm_mulsf3.o)
 .ARM.attributes
                0x00000000000003d6       0x1c /opt/devkitpro/devkitARM/bin/../lib/gcc/arm-none-eabi/10.2.0/libgcc.a(_arm_addsubdf3.o)
 .ARM.attributes
                0x00000000000003f2       0x1c /opt/devkitpro/devkitARM/bin/../lib/gcc/arm-none-eabi/10.2.0/libgcc.a(_arm_muldivdf3.o)
 .ARM.attributes
                0x000000000000040e       0x1c /opt/devkitpro/devkitARM/bin/../lib/gcc/arm-none-eabi/10.2.0/libgcc.a(_arm_fixdfsi.o)
 .ARM.attributes
                0x000000000000042a       0x1c /opt/devkitpro/devkitARM/bin/../lib/gcc/arm-none-eabi/10.2.0/libgcc.a(_arm_addsubsf3.o)
 .ARM.attributes
                0x0000000000000446       0x1c /opt/devkitpro/devkitARM/bin/../lib/gcc/arm-none-eabi/10.2.0/libgcc.a(_arm_fixsfsi.o)
 .ARM.attributes
                0x0000000000000462       0x2a /opt/devkitpro/devkitARM/bin/../lib/gcc/arm-none-eabi/10.2.0/libgcc.a(_muldi3.o)
 .ARM.attributes
                0x000000000000048c       0x2a /opt/devkitpro/devkitARM/bin/../lib/gcc/arm-none-eabi/10.2.0/../../../../arm-none-eabi/lib/libg.a(lib_a-calloc.o)
 .ARM.attributes
                0x00000000000004b6       0x2a /opt/devkitpro/devkitARM/bin/../lib/gcc/arm-none-eabi/10.2.0/../../../../arm-none-eabi/lib/libg.a(lib_a-callocr.o)
 .ARM.attributes
                0x00000000000004e0       0x2a /opt/devkitpro/devkitARM/bin/../lib/gcc/arm-none-eabi/10.2.0/../../../../arm-none-eabi/lib/libg.a(lib_a-init.o)
 .ARM.attributes
                0x000000000000050a       0x2a /opt/devkitpro/devkitARM/bin/../lib/gcc/arm-none-eabi/10.2.0/../../../../arm-none-eabi/lib/libg.a(lib_a-malloc.o)
 .ARM.attributes
                0x0000000000000534       0x2a /opt/devkitpro/devkitARM/bin/../lib/gcc/arm-none-eabi/10.2.0/../../../../arm-none-eabi/lib/libg.a(lib_a-mallocr.o)
 .ARM.attributes
                0x000000000000055e       0x2a /opt/devkitpro/devkitARM/bin/../lib/gcc/arm-none-eabi/10.2.0/../../../../arm-none-eabi/lib/libg.a(lib_a-memcpy-stub.o)
 .ARM.attributes
                0x0000000000000588       0x2a /opt/devkitpro/devkitARM/bin/../lib/gcc/arm-none-eabi/10.2.0/../../../../arm-none-eabi/lib/libg.a(lib_a-memset.o)
 .ARM.attributes
                0x00000000000005b2       0x2a /opt/devkitpro/devkitARM/bin/../lib/gcc/arm-none-eabi/10.2.0/../../../../arm-none-eabi/lib/libg.a(lib_a-mlock.o)
 .ARM.attributes
                0x00000000000005dc       0x2a /opt/devkitpro/devkitARM/bin/../lib/gcc/arm-none-eabi/10.2.0/../../../../arm-none-eabi/lib/libg.a(lib_a-realloc.o)
 .ARM.attributes
                0x0000000000000606       0x2a /opt/devkitpro/devkitARM/bin/../lib/gcc/arm-none-eabi/10.2.0/../../../../arm-none-eabi/lib/libg.a(lib_a-reallocr.o)
 .ARM.attributes
                0x0000000000000630       0x2a /opt/devkitpro/devkitARM/bin/../lib/gcc/arm-none-eabi/10.2.0/../../../../arm-none-eabi/lib/libg.a(lib_a-freer.o)
 .ARM.attributes
                0x000000000000065a       0x2a /opt/devkitpro/devkitARM/bin/../lib/gcc/arm-none-eabi/10.2.0/../../../../arm-none-eabi/lib/libg.a(lib_a-memmove.o)
 .ARM.attributes
                0x0000000000000684       0x2a /opt/devkitpro/devkitARM/bin/../lib/gcc/arm-none-eabi/10.2.0/../../../../arm-none-eabi/lib/libsysbase.a(sbrk.o)
 .ARM.attributes
                0x00000000000006ae       0x30 /opt/devkitpro/devkitARM/bin/../lib/gcc/arm-none-eabi/10.2.0/../../../../arm-none-eabi/lib/libsysbase.a(malloc_vars.o)
 .ARM.attributes
                0x00000000000006de       0x2a /opt/devkitpro/devkitARM/bin/../lib/gcc/arm-none-eabi/10.2.0/../../../../arm-none-eabi/lib/libsysbase.a(build_argv.o)
 .ARM.attributes
                0x0000000000000708       0x2a /opt/devkitpro/devkitARM/bin/../lib/gcc/arm-none-eabi/10.2.0/../../../../arm-none-eabi/lib/libsysbase.a(syscall_support.o)
 .ARM.attributes
                0x0000000000000732       0x2a /opt/devkitpro/devkitARM/bin/../lib/gcc/arm-none-eabi/10.2.0/../../../../arm-none-eabi/lib/libsysbase.a(getreent.o)
 .ARM.attributes
                0x000000000000075c       0x30 /opt/devkitpro/devkitARM/bin/../lib/gcc/arm-none-eabi/10.2.0/../../../../arm-none-eabi/lib/libg.a(lib_a-impure.o)
 .ARM.attributes
                0x000000000000078c       0x30 /opt/devkitpro/devkitARM/bin/../lib/gcc/arm-none-eabi/10.2.0/crtend.o
 .ARM.attributes
                0x00000000000007bc       0x1c /opt/devkitpro/devkitARM/bin/../lib/gcc/arm-none-eabi/10.2.0/crtn.o

.debug
 *(.debug)

.line
 *(.line)

.debug_srcinfo
 *(.debug_srcinfo)

.debug_sfnames
 *(.debug_sfnames)

.debug_aranges  0x0000000000000000      0x660
 *(.debug_aranges)
 .debug_aranges
                0x0000000000000000       0x28 nehe7.o
 .debug_aranges
                0x0000000000000028       0x38 /opt/devkitpro/libnds/lib/libnds9.a(dynamicArray.o)
 .debug_aranges
                0x0000000000000060       0x20 /opt/devkitpro/libnds/lib/libnds9.a(pcx.o)
 .debug_aranges
                0x0000000000000080       0x60 /opt/devkitpro/libnds/lib/libnds9.a(trig.o)
 .debug_aranges
                0x00000000000000e0      0x140 /opt/devkitpro/libnds/lib/libnds9.a(videoGL.o)
 .debug_aranges
                0x0000000000000220       0x40 /opt/devkitpro/libnds/lib/libnds9.a(image.o)
 .debug_aranges
                0x0000000000000260       0x50 /opt/devkitpro/libnds/lib/libnds9.a(keys.o)
 .debug_aranges
                0x00000000000002b0       0x20 /opt/devkitpro/libnds/lib/libnds9.a(initSystem.o)
 .debug_aranges
                0x00000000000002d0       0x20 /opt/devkitpro/libnds/lib/libnds9.a(timeSupport.o)
 .debug_aranges
                0x00000000000002f0       0x18 /opt/devkitpro/libnds/lib/libnds9.a(securearea.o)
 .debug_aranges
                0x0000000000000308       0x50 /opt/devkitpro/libnds/lib/libnds9.a(interrupts.o)
 .debug_aranges
                0x0000000000000358       0x28 /opt/devkitpro/libnds/lib/libnds9.a(libnds_exit.arm.o)
 .debug_aranges
                0x0000000000000380       0xb0 /opt/devkitpro/libnds/lib/libnds9.a(fifosystem.o)
 .debug_aranges
                0x0000000000000430       0x30 /opt/devkitpro/libnds/lib/libnds9.a(mpu_setup.o)
 .debug_aranges
                0x0000000000000460       0x28 /opt/devkitpro/libnds/lib/libnds9.a(IntrWait.o)
 .debug_aranges
                0x0000000000000488       0x20 /opt/devkitpro/libnds/lib/libnds9.a(cpu_clock.o)
 .debug_aranges
                0x00000000000004a8       0x20 /opt/devkitpro/libnds/lib/libnds9.a(interruptDispatcher.o)
 .debug_aranges
                0x00000000000004c8       0x20 /opt/devkitpro/libnds/lib/libnds9.a(swiSoftReset.o)
 .debug_aranges
                0x00000000000004e8       0xc8 /opt/devkitpro/libnds/lib/libnds9.a(biosCalls.o)
 .debug_aranges
                0x00000000000005b0       0x48 /opt/devkitpro/libnds/lib/libnds9.a(video.o)
 .debug_aranges
                0x00000000000005f8       0x68 /opt/devkitpro/libnds/lib/libnds9.a(system.o)

.debug_pubnames
 *(.debug_pubnames)

.debug_info     0x0000000000000000     0xeb95
 *(.debug_info)
 .debug_info    0x0000000000000000     0x47dc nehe7.o
 .debug_info    0x00000000000047dc      0x273 /opt/devkitpro/libnds/lib/libnds9.a(dynamicArray.o)
 .debug_info    0x0000000000004a4f      0x4d4 /opt/devkitpro/libnds/lib/libnds9.a(pcx.o)
 .debug_info    0x0000000000004f23      0x79b /opt/devkitpro/libnds/lib/libnds9.a(trig.o)
 .debug_info    0x00000000000056be     0x38ec /opt/devkitpro/libnds/lib/libnds9.a(videoGL.o)
 .debug_info    0x0000000000008faa      0x45e /opt/devkitpro/libnds/lib/libnds9.a(image.o)
 .debug_info    0x0000000000009408      0x466 /opt/devkitpro/libnds/lib/libnds9.a(keys.o)
 .debug_info    0x000000000000986e     0x12a5 /opt/devkitpro/libnds/lib/libnds9.a(initSystem.o)
 .debug_info    0x000000000000ab13      0xa64 /opt/devkitpro/libnds/lib/libnds9.a(timeSupport.o)
 .debug_info    0x000000000000b577       0x59 /opt/devkitpro/libnds/lib/libnds9.a(securearea.o)
 .debug_info    0x000000000000b5d0      0x68f /opt/devkitpro/libnds/lib/libnds9.a(interrupts.o)
 .debug_info    0x000000000000bc5f      0x378 /opt/devkitpro/libnds/lib/libnds9.a(libnds_exit.arm.o)
 .debug_info    0x000000000000bfd7     0x189c /opt/devkitpro/libnds/lib/libnds9.a(fifosystem.o)
 .debug_info    0x000000000000d873       0x22 /opt/devkitpro/libnds/lib/libnds9.a(mpu_setup.o)
 .debug_info    0x000000000000d895       0x22 /opt/devkitpro/libnds/lib/libnds9.a(IntrWait.o)
 .debug_info    0x000000000000d8b7       0x26 /opt/devkitpro/libnds/lib/libnds9.a(cpu_clock.o)
 .debug_info    0x000000000000d8dd       0x26 /opt/devkitpro/libnds/lib/libnds9.a(interruptDispatcher.o)
 .debug_info    0x000000000000d903       0x26 /opt/devkitpro/libnds/lib/libnds9.a(swiSoftReset.o)
 .debug_info    0x000000000000d929       0x22 /opt/devkitpro/libnds/lib/libnds9.a(biosCalls.o)
 .debug_info    0x000000000000d94b      0x7c5 /opt/devkitpro/libnds/lib/libnds9.a(video.o)
 .debug_info    0x000000000000e110      0xa85 /opt/devkitpro/libnds/lib/libnds9.a(system.o)

.debug_abbrev   0x0000000000000000     0x2687
 *(.debug_abbrev)
 .debug_abbrev  0x0000000000000000      0x50d nehe7.o
 .debug_abbrev  0x000000000000050d      0x13d /opt/devkitpro/libnds/lib/libnds9.a(dynamicArray.o)
 .debug_abbrev  0x000000000000064a      0x169 /opt/devkitpro/libnds/lib/libnds9.a(pcx.o)
 .debug_abbrev  0x00000000000007b3      0x224 /opt/devkitpro/libnds/lib/libnds9.a(trig.o)
 .debug_abbrev  0x00000000000009d7      0x57e /opt/devkitpro/libnds/lib/libnds9.a(videoGL.o)
 .debug_abbrev  0x0000000000000f55      0x15f /opt/devkitpro/libnds/lib/libnds9.a(image.o)
 .debug_abbrev  0x00000000000010b4      0x1a0 /opt/devkitpro/libnds/lib/libnds9.a(keys.o)
 .debug_abbrev  0x0000000000001254      0x33f /opt/devkitpro/libnds/lib/libnds9.a(initSystem.o)
 .debug_abbrev  0x0000000000001593      0x1e5 /opt/devkitpro/libnds/lib/libnds9.a(timeSupport.o)
 .debug_abbrev  0x0000000000001778       0x47 /opt/devkitpro/libnds/lib/libnds9.a(securearea.o)
 .debug_abbrev  0x00000000000017bf      0x2dd /opt/devkitpro/libnds/lib/libnds9.a(interrupts.o)
 .debug_abbrev  0x0000000000001a9c      0x1a8 /opt/devkitpro/libnds/lib/libnds9.a(libnds_exit.arm.o)
 .debug_abbrev  0x0000000000001c44      0x491 /opt/devkitpro/libnds/lib/libnds9.a(fifosystem.o)
 .debug_abbrev  0x00000000000020d5       0x12 /opt/devkitpro/libnds/lib/libnds9.a(mpu_setup.o)
 .debug_abbrev  0x00000000000020e7       0x12 /opt/devkitpro/libnds/lib/libnds9.a(IntrWait.o)
 .debug_abbrev  0x00000000000020f9       0x14 /opt/devkitpro/libnds/lib/libnds9.a(cpu_clock.o)
 .debug_abbrev  0x000000000000210d       0x14 /opt/devkitpro/libnds/lib/libnds9.a(interruptDispatcher.o)
 .debug_abbrev  0x0000000000002121       0x14 /opt/devkitpro/libnds/lib/libnds9.a(swiSoftReset.o)
 .debug_abbrev  0x0000000000002135       0x12 /opt/devkitpro/libnds/lib/libnds9.a(biosCalls.o)
 .debug_abbrev  0x0000000000002147      0x241 /opt/devkitpro/libnds/lib/libnds9.a(video.o)
 .debug_abbrev  0x0000000000002388      0x2ff /opt/devkitpro/libnds/lib/libnds9.a(system.o)

.debug_line     0x0000000000000000     0x94ee
 *(.debug_line)
 .debug_line    0x0000000000000000     0x1cf9 nehe7.o
 .debug_line    0x0000000000001cf9      0x285 /opt/devkitpro/libnds/lib/libnds9.a(dynamicArray.o)
 .debug_line    0x0000000000001f7e      0x49c /opt/devkitpro/libnds/lib/libnds9.a(pcx.o)
 .debug_line    0x000000000000241a      0x77d /opt/devkitpro/libnds/lib/libnds9.a(trig.o)
 .debug_line    0x0000000000002b97     0x2be3 /opt/devkitpro/libnds/lib/libnds9.a(videoGL.o)
 .debug_line    0x000000000000577a      0x5e9 /opt/devkitpro/libnds/lib/libnds9.a(image.o)
 .debug_line    0x0000000000005d63      0x3ad /opt/devkitpro/libnds/lib/libnds9.a(keys.o)
 .debug_line    0x0000000000006110      0x58b /opt/devkitpro/libnds/lib/libnds9.a(initSystem.o)
 .debug_line    0x000000000000669b      0x1f0 /opt/devkitpro/libnds/lib/libnds9.a(timeSupport.o)
 .debug_line    0x000000000000688b       0x8f /opt/devkitpro/libnds/lib/libnds9.a(securearea.o)
 .debug_line    0x000000000000691a      0x569 /opt/devkitpro/libnds/lib/libnds9.a(interrupts.o)
 .debug_line    0x0000000000006e83      0x252 /opt/devkitpro/libnds/lib/libnds9.a(libnds_exit.arm.o)
 .debug_line    0x00000000000070d5     0x142b /opt/devkitpro/libnds/lib/libnds9.a(fifosystem.o)
 .debug_line    0x0000000000008500      0x13c /opt/devkitpro/libnds/lib/libnds9.a(mpu_setup.o)
 .debug_line    0x000000000000863c       0xc7 /opt/devkitpro/libnds/lib/libnds9.a(IntrWait.o)
 .debug_line    0x0000000000008703       0xb0 /opt/devkitpro/libnds/lib/libnds9.a(cpu_clock.o)
 .debug_line    0x00000000000087b3       0xd9 /opt/devkitpro/libnds/lib/libnds9.a(interruptDispatcher.o)
 .debug_line    0x000000000000888c       0xa9 /opt/devkitpro/libnds/lib/libnds9.a(swiSoftReset.o)
 .debug_line    0x0000000000008935      0x1ff /opt/devkitpro/libnds/lib/libnds9.a(biosCalls.o)
 .debug_line    0x0000000000008b34      0x4d9 /opt/devkitpro/libnds/lib/libnds9.a(video.o)
 .debug_line    0x000000000000900d      0x4e1 /opt/devkitpro/libnds/lib/libnds9.a(system.o)

.debug_frame    0x0000000000000000      0xd24
 *(.debug_frame)
 .debug_frame   0x0000000000000000       0x84 nehe7.o
 .debug_frame   0x0000000000000084       0x70 /opt/devkitpro/libnds/lib/libnds9.a(dynamicArray.o)
 .debug_frame   0x00000000000000f4       0x3c /opt/devkitpro/libnds/lib/libnds9.a(pcx.o)
 .debug_frame   0x0000000000000130       0xd8 /opt/devkitpro/libnds/lib/libnds9.a(trig.o)
 .debug_frame   0x0000000000000208      0x458 /opt/devkitpro/libnds/lib/libnds9.a(videoGL.o)
 .debug_frame   0x0000000000000660       0xc8 /opt/devkitpro/libnds/lib/libnds9.a(image.o)
 .debug_frame   0x0000000000000728       0x8c /opt/devkitpro/libnds/lib/libnds9.a(keys.o)
 .debug_frame   0x00000000000007b4       0x28 /opt/devkitpro/libnds/lib/libnds9.a(initSystem.o)
 .debug_frame   0x00000000000007dc       0x28 /opt/devkitpro/libnds/lib/libnds9.a(timeSupport.o)
 .debug_frame   0x0000000000000804       0xa4 /opt/devkitpro/libnds/lib/libnds9.a(interrupts.o)
 .debug_frame   0x00000000000008a8       0x38 /opt/devkitpro/libnds/lib/libnds9.a(libnds_exit.arm.o)
 .debug_frame   0x00000000000008e0      0x290 /opt/devkitpro/libnds/lib/libnds9.a(fifosystem.o)
 .debug_frame   0x0000000000000b70       0xbc /opt/devkitpro/libnds/lib/libnds9.a(video.o)
 .debug_frame   0x0000000000000c2c       0xf8 /opt/devkitpro/libnds/lib/libnds9.a(system.o)

.debug_str      0x0000000000000000     0x3d49
 *(.debug_str)
 .debug_str     0x0000000000000000     0x10fe nehe7.o
                                       0x1232 (size before relaxing)
 .debug_str     0x00000000000010fe      0x1be /opt/devkitpro/libnds/lib/libnds9.a(dynamicArray.o)
                                        0x29e (size before relaxing)
 .debug_str     0x00000000000012bc       0xf8 /opt/devkitpro/libnds/lib/libnds9.a(pcx.o)
                                        0x31a (size before relaxing)
 .debug_str     0x00000000000013b4       0xfc /opt/devkitpro/libnds/lib/libnds9.a(trig.o)
                                        0x2e7 (size before relaxing)
 .debug_str     0x00000000000014b0      0xe27 /opt/devkitpro/libnds/lib/libnds9.a(videoGL.o)
                                       0x1721 (size before relaxing)
 .debug_str     0x00000000000022d7       0x9e /opt/devkitpro/libnds/lib/libnds9.a(image.o)
                                        0x2b6 (size before relaxing)
 .debug_str     0x0000000000002375      0x18e /opt/devkitpro/libnds/lib/libnds9.a(keys.o)
                                        0x420 (size before relaxing)
 .debug_str     0x0000000000002503      0x911 /opt/devkitpro/libnds/lib/libnds9.a(initSystem.o)
                                        0xc4b (size before relaxing)
 .debug_str     0x0000000000002e14       0x7e /opt/devkitpro/libnds/lib/libnds9.a(timeSupport.o)
                                        0x689 (size before relaxing)
 .debug_str     0x0000000000002e92       0x7f /opt/devkitpro/libnds/lib/libnds9.a(securearea.o)
                                        0x16e (size before relaxing)
 .debug_str     0x0000000000002f11      0x193 /opt/devkitpro/libnds/lib/libnds9.a(interrupts.o)
                                        0x48d (size before relaxing)
 .debug_str     0x00000000000030a4      0x123 /opt/devkitpro/libnds/lib/libnds9.a(libnds_exit.arm.o)
                                        0x3e5 (size before relaxing)
 .debug_str     0x00000000000031c7      0x4a1 /opt/devkitpro/libnds/lib/libnds9.a(fifosystem.o)
                                        0x894 (size before relaxing)
 .debug_str     0x0000000000003668       0x7a /opt/devkitpro/libnds/lib/libnds9.a(mpu_setup.o)
                                         0xce (size before relaxing)
 .debug_str     0x00000000000036e2       0x6d /opt/devkitpro/libnds/lib/libnds9.a(IntrWait.o)
                                         0xcd (size before relaxing)
 .debug_str     0x000000000000374f       0x6e /opt/devkitpro/libnds/lib/libnds9.a(cpu_clock.o)
                                         0xce (size before relaxing)
 .debug_str     0x00000000000037bd       0x73 /opt/devkitpro/libnds/lib/libnds9.a(interruptDispatcher.o)
                                         0xd3 (size before relaxing)
 .debug_str     0x0000000000003830       0x6c /opt/devkitpro/libnds/lib/libnds9.a(swiSoftReset.o)
                                         0xcc (size before relaxing)
 .debug_str     0x000000000000389c       0x69 /opt/devkitpro/libnds/lib/libnds9.a(biosCalls.o)
                                         0xc9 (size before relaxing)
 .debug_str     0x0000000000003905       0xb8 /opt/devkitpro/libnds/lib/libnds9.a(video.o)
                                        0xc53 (size before relaxing)
 .debug_str     0x00000000000039bd      0x38c /opt/devkitpro/libnds/lib/libnds9.a(system.o)
                                        0x791 (size before relaxing)

.debug_loc      0x0000000000000000     0xabb4
 *(.debug_loc)
 .debug_loc     0x0000000000000000     0x3a7f nehe7.o
 .debug_loc     0x0000000000003a7f      0x20c /opt/devkitpro/libnds/lib/libnds9.a(dynamicArray.o)
 .debug_loc     0x0000000000003c8b      0x5ac /opt/devkitpro/libnds/lib/libnds9.a(pcx.o)
 .debug_loc     0x0000000000004237      0xbe6 /opt/devkitpro/libnds/lib/libnds9.a(trig.o)
 .debug_loc     0x0000000000004e1d     0x39bf /opt/devkitpro/libnds/lib/libnds9.a(videoGL.o)
 .debug_loc     0x00000000000087dc      0x469 /opt/devkitpro/libnds/lib/libnds9.a(image.o)
 .debug_loc     0x0000000000008c45       0x15 /opt/devkitpro/libnds/lib/libnds9.a(keys.o)
 .debug_loc     0x0000000000008c5a       0xf0 /opt/devkitpro/libnds/lib/libnds9.a(initSystem.o)
 .debug_loc     0x0000000000008d4a       0x25 /opt/devkitpro/libnds/lib/libnds9.a(timeSupport.o)
 .debug_loc     0x0000000000008d6f      0x26c /opt/devkitpro/libnds/lib/libnds9.a(interrupts.o)
 .debug_loc     0x0000000000008fdb       0x64 /opt/devkitpro/libnds/lib/libnds9.a(libnds_exit.arm.o)
 .debug_loc     0x000000000000903f     0x168e /opt/devkitpro/libnds/lib/libnds9.a(fifosystem.o)
 .debug_loc     0x000000000000a6cd      0x2e5 /opt/devkitpro/libnds/lib/libnds9.a(video.o)
 .debug_loc     0x000000000000a9b2      0x202 /opt/devkitpro/libnds/lib/libnds9.a(system.o)

.debug_macinfo
 *(.debug_macinfo)

.debug_weaknames
 *(.debug_weaknames)

.debug_funcnames
 *(.debug_funcnames)

.debug_typenames
 *(.debug_typenames)

.debug_varnames
 *(.debug_varnames)

.stack          0x0000000000080000        0x0
                0x0000000000080000                _stack = .
 *(.stack)
LOAD /opt/devkitpro/devkitARM/bin/../lib/gcc/arm-none-eabi/10.2.0/../../../../arm-none-eabi/lib/ds_arm9_crt0.o
LOAD /opt/devkitpro/devkitARM/bin/../lib/gcc/arm-none-eabi/10.2.0/crti.o
LOAD /opt/devkitpro/devkitARM/bin/../lib/gcc/arm-none-eabi/10.2.0/crtbegin.o
LOAD drunkenlogo.pcx.o
LOAD nehe7.o
LOAD /opt/devkitpro/libnds/lib/libnds9.a
LOAD /opt/devkitpro/devkitARM/bin/../lib/gcc/arm-none-eabi/10.2.0/../../../../arm-none-eabi/lib/libstdc++.a
LOAD /opt/devkitpro/devkitARM/bin/../lib/gcc/arm-none-eabi/10.2.0/../../../../arm-none-eabi/lib/libm.a
START GROUP
LOAD /opt/devkitpro/devkitARM/bin/../lib/gcc/arm-none-eabi/10.2.0/libgcc.a
LOAD /opt/devkitpro/devkitARM/bin/../lib/gcc/arm-none-eabi/10.2.0/../../../../arm-none-eabi/lib/libg.a
LOAD /opt/devkitpro/devkitARM/bin/../lib/gcc/arm-none-eabi/10.2.0/../../../../arm-none-eabi/lib/libc.a
LOAD /opt/devkitpro/devkitARM/bin/../lib/gcc/arm-none-eabi/10.2.0/../../../../arm-none-eabi/lib/libsysbase.a
END GROUP
LOAD /opt/devkitpro/devkitARM/bin/../lib/gcc/arm-none-eabi/10.2.0/crtend.o
LOAD /opt/devkitpro/devkitARM/bin/../lib/gcc/arm-none-eabi/10.2.0/crtn.o
OUTPUT(/home/dealmengor/projects/upv/aev/upv_aev--nintendo_practices/pra--01/desarrollo_NDS/Graphics/3D/nehe/lesson07/lesson07.elf elf32-littlearm)
LOAD linker stubs

.debug_ranges   0x0000000000000000     0x20b0
 .debug_ranges  0x0000000000000000      0xdf8 nehe7.o
 .debug_ranges  0x0000000000000df8       0x28 /opt/devkitpro/libnds/lib/libnds9.a(dynamicArray.o)
 .debug_ranges  0x0000000000000e20       0x28 /opt/devkitpro/libnds/lib/libnds9.a(pcx.o)
 .debug_ranges  0x0000000000000e48       0xf0 /opt/devkitpro/libnds/lib/libnds9.a(trig.o)
 .debug_ranges  0x0000000000000f38      0x940 /opt/devkitpro/libnds/lib/libnds9.a(videoGL.o)
 .debug_ranges  0x0000000000001878       0x30 /opt/devkitpro/libnds/lib/libnds9.a(image.o)
 .debug_ranges  0x00000000000018a8       0x58 /opt/devkitpro/libnds/lib/libnds9.a(keys.o)
 .debug_ranges  0x0000000000001900       0x10 /opt/devkitpro/libnds/lib/libnds9.a(initSystem.o)
 .debug_ranges  0x0000000000001910       0x10 /opt/devkitpro/libnds/lib/libnds9.a(timeSupport.o)
 .debug_ranges  0x0000000000001920      0x100 /opt/devkitpro/libnds/lib/libnds9.a(interrupts.o)
 .debug_ranges  0x0000000000001a20       0x18 /opt/devkitpro/libnds/lib/libnds9.a(libnds_exit.arm.o)
 .debug_ranges  0x0000000000001a38      0x4c8 /opt/devkitpro/libnds/lib/libnds9.a(fifosystem.o)
 .debug_ranges  0x0000000000001f00       0x28 /opt/devkitpro/libnds/lib/libnds9.a(mpu_setup.o)
 .debug_ranges  0x0000000000001f28       0x20 /opt/devkitpro/libnds/lib/libnds9.a(IntrWait.o)
 .debug_ranges  0x0000000000001f48       0xc0 /opt/devkitpro/libnds/lib/libnds9.a(biosCalls.o)
 .debug_ranges  0x0000000000002008       0x50 /opt/devkitpro/libnds/lib/libnds9.a(video.o)
 .debug_ranges  0x0000000000002058       0x58 /opt/devkitpro/libnds/lib/libnds9.a(system.o)
