Archive member included to satisfy reference by file (symbol)

/opt/devkitpro/libnds/lib/libnds9.a(sprite_alloc.o)
                              template.o (oamAllocateGfx)
/opt/devkitpro/libnds/lib/libnds9.a(sprite.o)
                              template.o (oamInit)
/opt/devkitpro/libnds/lib/libnds9.a(keys.o)
                              template.o (scanKeys)
/opt/devkitpro/libnds/lib/libnds9.a(initSystem.o)
                              /opt/devkitpro/devkitARM/bin/../lib/gcc/arm-none-eabi/10.2.0/../../../../arm-none-eabi/lib/thumb/ds_arm9_crt0.o (initSystem)
/opt/devkitpro/libnds/lib/libnds9.a(timeSupport.o)
                              /opt/devkitpro/libnds/lib/libnds9.a(initSystem.o) (__libnds_gtod)
/opt/devkitpro/libnds/lib/libnds9.a(securearea.o)
                              /opt/devkitpro/devkitARM/bin/../lib/gcc/arm-none-eabi/10.2.0/../../../../arm-none-eabi/lib/thumb/ds_arm9_crt0.o (__secure_area__)
/opt/devkitpro/libnds/lib/libnds9.a(interrupts.o)
                              /opt/devkitpro/libnds/lib/libnds9.a(initSystem.o) (irqInit)
/opt/devkitpro/libnds/lib/libnds9.a(libnds_exit.arm.o)
                              /opt/devkitpro/devkitARM/bin/../lib/gcc/arm-none-eabi/10.2.0/../../../../arm-none-eabi/lib/thumb/ds_arm9_crt0.o (__libnds_exit)
/opt/devkitpro/libnds/lib/libnds9.a(fifosystem.o)
                              /opt/devkitpro/libnds/lib/libnds9.a(initSystem.o) (fifoSetValue32Handler)
/opt/devkitpro/libnds/lib/libnds9.a(dcache.o)
                              /opt/devkitpro/libnds/lib/libnds9.a(sprite.o) (DC_FlushRange)
/opt/devkitpro/libnds/lib/libnds9.a(mpu_setup.o)
                              /opt/devkitpro/devkitARM/bin/../lib/gcc/arm-none-eabi/10.2.0/../../../../arm-none-eabi/lib/thumb/ds_arm9_crt0.o (__libnds_mpu_setup)
/opt/devkitpro/libnds/lib/libnds9.a(IntrWait.o)
                              template.o (swiWaitForVBlank)
/opt/devkitpro/libnds/lib/libnds9.a(cpu_clock.o)
                              /opt/devkitpro/libnds/lib/libnds9.a(initSystem.o) (setCpuClock)
/opt/devkitpro/libnds/lib/libnds9.a(interruptDispatcher.o)
                              /opt/devkitpro/libnds/lib/libnds9.a(interrupts.o) (IntrMain)
/opt/devkitpro/libnds/lib/libnds9.a(swiSoftReset.o)
                              /opt/devkitpro/libnds/lib/libnds9.a(fifosystem.o) (swiSoftReset)
/opt/devkitpro/libnds/lib/libnds9.a(video.o)
                              /opt/devkitpro/libnds/lib/libnds9.a(initSystem.o) (vramDefault)
/opt/devkitpro/libnds/lib/libnds9.a(system.o)
                              /opt/devkitpro/libnds/lib/libnds9.a(initSystem.o) (systemValueHandler)
/opt/devkitpro/libnds/lib/libnds9.a(trig.o)
                              /opt/devkitpro/libnds/lib/libnds9.a(sprite.o) (sinLerp)
/opt/devkitpro/libnds/lib/libnds9.a(biosCalls.o)
                              /opt/devkitpro/libnds/lib/libnds9.a(system.o) (swiDelay)
/opt/devkitpro/devkitARM/bin/../lib/gcc/arm-none-eabi/10.2.0/../../../../arm-none-eabi/lib/thumb/libg.a(lib_a-bsearch.o)
                              /opt/devkitpro/libnds/lib/libnds9.a(trig.o) (bsearch)
/opt/devkitpro/devkitARM/bin/../lib/gcc/arm-none-eabi/10.2.0/../../../../arm-none-eabi/lib/thumb/libg.a(lib_a-init.o)
                              /opt/devkitpro/devkitARM/bin/../lib/gcc/arm-none-eabi/10.2.0/../../../../arm-none-eabi/lib/thumb/ds_arm9_crt0.o (__libc_init_array)
/opt/devkitpro/devkitARM/bin/../lib/gcc/arm-none-eabi/10.2.0/../../../../arm-none-eabi/lib/thumb/libg.a(lib_a-malloc.o)
                              /opt/devkitpro/libnds/lib/libnds9.a(sprite_alloc.o) (malloc)
/opt/devkitpro/devkitARM/bin/../lib/gcc/arm-none-eabi/10.2.0/../../../../arm-none-eabi/lib/thumb/libg.a(lib_a-mallocr.o)
                              /opt/devkitpro/devkitARM/bin/../lib/gcc/arm-none-eabi/10.2.0/../../../../arm-none-eabi/lib/thumb/libg.a(lib_a-malloc.o) (_malloc_r)
/opt/devkitpro/devkitARM/bin/../lib/gcc/arm-none-eabi/10.2.0/../../../../arm-none-eabi/lib/thumb/libg.a(lib_a-memcpy-stub.o)
                              /opt/devkitpro/libnds/lib/libnds9.a(fifosystem.o) (memcpy)
/opt/devkitpro/devkitARM/bin/../lib/gcc/arm-none-eabi/10.2.0/../../../../arm-none-eabi/lib/thumb/libg.a(lib_a-memset.o)
                              template.o (memset)
/opt/devkitpro/devkitARM/bin/../lib/gcc/arm-none-eabi/10.2.0/../../../../arm-none-eabi/lib/thumb/libg.a(lib_a-mlock.o)
                              /opt/devkitpro/devkitARM/bin/../lib/gcc/arm-none-eabi/10.2.0/../../../../arm-none-eabi/lib/thumb/libg.a(lib_a-mallocr.o) (__malloc_lock)
/opt/devkitpro/devkitARM/bin/../lib/gcc/arm-none-eabi/10.2.0/../../../../arm-none-eabi/lib/thumb/libg.a(lib_a-realloc.o)
                              /opt/devkitpro/libnds/lib/libnds9.a(sprite_alloc.o) (realloc)
/opt/devkitpro/devkitARM/bin/../lib/gcc/arm-none-eabi/10.2.0/../../../../arm-none-eabi/lib/thumb/libg.a(lib_a-reallocr.o)
                              /opt/devkitpro/devkitARM/bin/../lib/gcc/arm-none-eabi/10.2.0/../../../../arm-none-eabi/lib/thumb/libg.a(lib_a-realloc.o) (_realloc_r)
/opt/devkitpro/devkitARM/bin/../lib/gcc/arm-none-eabi/10.2.0/../../../../arm-none-eabi/lib/thumb/libg.a(lib_a-freer.o)
                              /opt/devkitpro/devkitARM/bin/../lib/gcc/arm-none-eabi/10.2.0/../../../../arm-none-eabi/lib/thumb/libg.a(lib_a-malloc.o) (_free_r)
/opt/devkitpro/devkitARM/bin/../lib/gcc/arm-none-eabi/10.2.0/../../../../arm-none-eabi/lib/thumb/libg.a(lib_a-memmove.o)
                              /opt/devkitpro/devkitARM/bin/../lib/gcc/arm-none-eabi/10.2.0/../../../../arm-none-eabi/lib/thumb/libg.a(lib_a-reallocr.o) (memmove)
/opt/devkitpro/devkitARM/bin/../lib/gcc/arm-none-eabi/10.2.0/../../../../arm-none-eabi/lib/thumb/libsysbase.a(sbrk.o)
                              /opt/devkitpro/devkitARM/bin/../lib/gcc/arm-none-eabi/10.2.0/../../../../arm-none-eabi/lib/thumb/libg.a(lib_a-mallocr.o) (_sbrk_r)
/opt/devkitpro/devkitARM/bin/../lib/gcc/arm-none-eabi/10.2.0/../../../../arm-none-eabi/lib/thumb/libsysbase.a(malloc_vars.o)
                              /opt/devkitpro/devkitARM/bin/../lib/gcc/arm-none-eabi/10.2.0/../../../../arm-none-eabi/lib/thumb/ds_arm9_crt0.o (fake_heap_start)
/opt/devkitpro/devkitARM/bin/../lib/gcc/arm-none-eabi/10.2.0/../../../../arm-none-eabi/lib/thumb/libsysbase.a(build_argv.o)
                              /opt/devkitpro/devkitARM/bin/../lib/gcc/arm-none-eabi/10.2.0/../../../../arm-none-eabi/lib/thumb/ds_arm9_crt0.o (build_argv)
/opt/devkitpro/devkitARM/bin/../lib/gcc/arm-none-eabi/10.2.0/../../../../arm-none-eabi/lib/thumb/libsysbase.a(syscall_support.o)
                              /opt/devkitpro/devkitARM/bin/../lib/gcc/arm-none-eabi/10.2.0/../../../../arm-none-eabi/lib/thumb/libg.a(lib_a-mlock.o) (__libc_lock_acquire_recursive)
/opt/devkitpro/devkitARM/bin/../lib/gcc/arm-none-eabi/10.2.0/../../../../arm-none-eabi/lib/thumb/libsysbase.a(getreent.o)
                              /opt/devkitpro/devkitARM/bin/../lib/gcc/arm-none-eabi/10.2.0/../../../../arm-none-eabi/lib/thumb/libg.a(lib_a-malloc.o) (__getreent)
/opt/devkitpro/devkitARM/bin/../lib/gcc/arm-none-eabi/10.2.0/../../../../arm-none-eabi/lib/thumb/libg.a(lib_a-impure.o)
                              /opt/devkitpro/devkitARM/bin/../lib/gcc/arm-none-eabi/10.2.0/../../../../arm-none-eabi/lib/thumb/libsysbase.a(getreent.o) (_impure_ptr)

Discarded input sections

 .text          0x0000000000000000        0x0 /opt/devkitpro/devkitARM/bin/../lib/gcc/arm-none-eabi/10.2.0/../../../../arm-none-eabi/lib/thumb/ds_arm9_crt0.o
 .data          0x0000000000000000        0x0 /opt/devkitpro/devkitARM/bin/../lib/gcc/arm-none-eabi/10.2.0/../../../../arm-none-eabi/lib/thumb/ds_arm9_crt0.o
 .bss           0x0000000000000000        0x0 /opt/devkitpro/devkitARM/bin/../lib/gcc/arm-none-eabi/10.2.0/../../../../arm-none-eabi/lib/thumb/ds_arm9_crt0.o
 .text          0x0000000000000000        0x0 /opt/devkitpro/devkitARM/bin/../lib/gcc/arm-none-eabi/10.2.0/thumb/crti.o
 .data          0x0000000000000000        0x0 /opt/devkitpro/devkitARM/bin/../lib/gcc/arm-none-eabi/10.2.0/thumb/crti.o
 .bss           0x0000000000000000        0x0 /opt/devkitpro/devkitARM/bin/../lib/gcc/arm-none-eabi/10.2.0/thumb/crti.o
 .text          0x0000000000000000        0x0 /opt/devkitpro/devkitARM/bin/../lib/gcc/arm-none-eabi/10.2.0/thumb/crtbegin.o
 .data          0x0000000000000000        0x0 /opt/devkitpro/devkitARM/bin/../lib/gcc/arm-none-eabi/10.2.0/thumb/crtbegin.o
 .bss           0x0000000000000000        0x0 /opt/devkitpro/devkitARM/bin/../lib/gcc/arm-none-eabi/10.2.0/thumb/crtbegin.o
 .data.__dso_handle
                0x0000000000000000        0x4 /opt/devkitpro/devkitARM/bin/../lib/gcc/arm-none-eabi/10.2.0/thumb/crtbegin.o
 .text          0x0000000000000000        0x0 woman.o
 .data          0x0000000000000000        0x0 woman.o
 .bss           0x0000000000000000        0x0 woman.o
 .text          0x0000000000000000        0x0 man.o
 .data          0x0000000000000000        0x0 man.o
 .bss           0x0000000000000000        0x0 man.o
 .data          0x0000000000000000        0x0 template.o
 .bss           0x0000000000000000        0x0 template.o
 .text          0x0000000000000000        0x0 /opt/devkitpro/libnds/lib/libnds9.a(sprite_alloc.o)
 .data          0x0000000000000000        0x0 /opt/devkitpro/libnds/lib/libnds9.a(sprite_alloc.o)
 .bss           0x0000000000000000        0x0 /opt/devkitpro/libnds/lib/libnds9.a(sprite_alloc.o)
 .text.oamFreeGfx
                0x0000000000000000      0x438 /opt/devkitpro/libnds/lib/libnds9.a(sprite_alloc.o)
 .text.oamCountFragments
                0x0000000000000000       0x7c /opt/devkitpro/libnds/lib/libnds9.a(sprite_alloc.o)
 .text          0x0000000000000000        0x0 /opt/devkitpro/libnds/lib/libnds9.a(sprite.o)
 .data          0x0000000000000000        0x0 /opt/devkitpro/libnds/lib/libnds9.a(sprite.o)
 .bss           0x0000000000000000        0x0 /opt/devkitpro/libnds/lib/libnds9.a(sprite.o)
 .text.oamDisable
                0x0000000000000000       0x2c /opt/devkitpro/libnds/lib/libnds9.a(sprite.o)
 .text.oamEnable
                0x0000000000000000       0x24 /opt/devkitpro/libnds/lib/libnds9.a(sprite.o)
 .text.oamClear
                0x0000000000000000       0x24 /opt/devkitpro/libnds/lib/libnds9.a(sprite.o)
 .text.oamRotateScale
                0x0000000000000000       0x4c /opt/devkitpro/libnds/lib/libnds9.a(sprite.o)
 .text          0x0000000000000000        0x0 /opt/devkitpro/libnds/lib/libnds9.a(keys.o)
 .data          0x0000000000000000        0x0 /opt/devkitpro/libnds/lib/libnds9.a(keys.o)
 .bss           0x0000000000000000        0x0 /opt/devkitpro/libnds/lib/libnds9.a(keys.o)
 .text.keysDown
                0x0000000000000000       0x14 /opt/devkitpro/libnds/lib/libnds9.a(keys.o)
 .text.keysDownRepeat
                0x0000000000000000       0x10 /opt/devkitpro/libnds/lib/libnds9.a(keys.o)
 .text.keysSetRepeat
                0x0000000000000000       0x24 /opt/devkitpro/libnds/lib/libnds9.a(keys.o)
 .text.keysUp   0x0000000000000000       0x18 /opt/devkitpro/libnds/lib/libnds9.a(keys.o)
 .text.keysCurrent
                0x0000000000000000       0x38 /opt/devkitpro/libnds/lib/libnds9.a(keys.o)
 .text          0x0000000000000000        0x0 /opt/devkitpro/libnds/lib/libnds9.a(initSystem.o)
 .data          0x0000000000000000        0x0 /opt/devkitpro/libnds/lib/libnds9.a(initSystem.o)
 .bss           0x0000000000000000        0x0 /opt/devkitpro/libnds/lib/libnds9.a(initSystem.o)
 .text          0x0000000000000000        0x0 /opt/devkitpro/libnds/lib/libnds9.a(timeSupport.o)
 .data          0x0000000000000000        0x0 /opt/devkitpro/libnds/lib/libnds9.a(timeSupport.o)
 .bss           0x0000000000000000        0x0 /opt/devkitpro/libnds/lib/libnds9.a(timeSupport.o)
 .text          0x0000000000000000        0x0 /opt/devkitpro/libnds/lib/libnds9.a(securearea.o)
 .data          0x0000000000000000        0x0 /opt/devkitpro/libnds/lib/libnds9.a(securearea.o)
 .bss           0x0000000000000000        0x0 /opt/devkitpro/libnds/lib/libnds9.a(securearea.o)
 .text          0x0000000000000000        0x0 /opt/devkitpro/libnds/lib/libnds9.a(interrupts.o)
 .data          0x0000000000000000        0x0 /opt/devkitpro/libnds/lib/libnds9.a(interrupts.o)
 .bss           0x0000000000000000        0x0 /opt/devkitpro/libnds/lib/libnds9.a(interrupts.o)
 .text.irqInitHandler
                0x0000000000000000       0x28 /opt/devkitpro/libnds/lib/libnds9.a(interrupts.o)
 .text.irqDisable
                0x0000000000000000       0x64 /opt/devkitpro/libnds/lib/libnds9.a(interrupts.o)
 .text.irqClear
                0x0000000000000000       0x38 /opt/devkitpro/libnds/lib/libnds9.a(interrupts.o)
 .text          0x0000000000000000        0x0 /opt/devkitpro/libnds/lib/libnds9.a(libnds_exit.arm.o)
 .data          0x0000000000000000        0x0 /opt/devkitpro/libnds/lib/libnds9.a(libnds_exit.arm.o)
 .bss           0x0000000000000000        0x0 /opt/devkitpro/libnds/lib/libnds9.a(libnds_exit.arm.o)
 .text          0x0000000000000000        0x0 /opt/devkitpro/libnds/lib/libnds9.a(fifosystem.o)
 .data          0x0000000000000000        0x0 /opt/devkitpro/libnds/lib/libnds9.a(fifosystem.o)
 .bss           0x0000000000000000        0x0 /opt/devkitpro/libnds/lib/libnds9.a(fifosystem.o)
 .text.fifoSendAddress
                0x0000000000000000       0x38 /opt/devkitpro/libnds/lib/libnds9.a(fifosystem.o)
 .text.fifoSendDatamsg
                0x0000000000000000       0x90 /opt/devkitpro/libnds/lib/libnds9.a(fifosystem.o)
 .text.fifoGetAddress
                0x0000000000000000       0x70 /opt/devkitpro/libnds/lib/libnds9.a(fifosystem.o)
 .text.fifoSetAddressHandler
                0x0000000000000000       0x78 /opt/devkitpro/libnds/lib/libnds9.a(fifosystem.o)
 .text.fifoGetValue32
                0x0000000000000000       0x70 /opt/devkitpro/libnds/lib/libnds9.a(fifosystem.o)
 .text.fifoCheckAddress
                0x0000000000000000       0x24 /opt/devkitpro/libnds/lib/libnds9.a(fifosystem.o)
 .text.fifoCheckDatamsg
                0x0000000000000000       0x24 /opt/devkitpro/libnds/lib/libnds9.a(fifosystem.o)
 .text.fifoCheckDatamsgLength
                0x0000000000000000       0x30 /opt/devkitpro/libnds/lib/libnds9.a(fifosystem.o)
 .text.fifoCheckValue32
                0x0000000000000000       0x24 /opt/devkitpro/libnds/lib/libnds9.a(fifosystem.o)
 .text          0x0000000000000000        0x0 /opt/devkitpro/libnds/lib/libnds9.a(dcache.o)
 .data          0x0000000000000000        0x0 /opt/devkitpro/libnds/lib/libnds9.a(dcache.o)
 .bss           0x0000000000000000        0x0 /opt/devkitpro/libnds/lib/libnds9.a(dcache.o)
 .text.DC_FlushAll
                0x0000000000000000       0x2c /opt/devkitpro/libnds/lib/libnds9.a(dcache.o)
 .text.DC_InvalidateAll
                0x0000000000000000        0xc /opt/devkitpro/libnds/lib/libnds9.a(dcache.o)
 .text.DC_InvalidateRange
                0x0000000000000000       0x2c /opt/devkitpro/libnds/lib/libnds9.a(dcache.o)
 .text          0x0000000000000000        0x0 /opt/devkitpro/libnds/lib/libnds9.a(mpu_setup.o)
 .bss           0x0000000000000000        0x0 /opt/devkitpro/libnds/lib/libnds9.a(mpu_setup.o)
 .text.memCached
                0x0000000000000000       0x20 /opt/devkitpro/libnds/lib/libnds9.a(mpu_setup.o)
 .text          0x0000000000000000        0x0 /opt/devkitpro/libnds/lib/libnds9.a(IntrWait.o)
 .data          0x0000000000000000        0x0 /opt/devkitpro/libnds/lib/libnds9.a(IntrWait.o)
 .bss           0x0000000000000000        0x0 /opt/devkitpro/libnds/lib/libnds9.a(IntrWait.o)
 .text          0x0000000000000000        0x0 /opt/devkitpro/libnds/lib/libnds9.a(cpu_clock.o)
 .data          0x0000000000000000        0x0 /opt/devkitpro/libnds/lib/libnds9.a(cpu_clock.o)
 .bss           0x0000000000000000        0x0 /opt/devkitpro/libnds/lib/libnds9.a(cpu_clock.o)
 .itcm          0x0000000000000000        0x0 /opt/devkitpro/libnds/lib/libnds9.a(cpu_clock.o)
 .text          0x0000000000000000        0x0 /opt/devkitpro/libnds/lib/libnds9.a(interruptDispatcher.o)
 .data          0x0000000000000000        0x0 /opt/devkitpro/libnds/lib/libnds9.a(interruptDispatcher.o)
 .bss           0x0000000000000000        0x0 /opt/devkitpro/libnds/lib/libnds9.a(interruptDispatcher.o)
 .text          0x0000000000000000        0x0 /opt/devkitpro/libnds/lib/libnds9.a(swiSoftReset.o)
 .data          0x0000000000000000        0x0 /opt/devkitpro/libnds/lib/libnds9.a(swiSoftReset.o)
 .bss           0x0000000000000000        0x0 /opt/devkitpro/libnds/lib/libnds9.a(swiSoftReset.o)
 .text          0x0000000000000000        0x0 /opt/devkitpro/libnds/lib/libnds9.a(video.o)
 .data          0x0000000000000000        0x0 /opt/devkitpro/libnds/lib/libnds9.a(video.o)
 .bss           0x0000000000000000        0x0 /opt/devkitpro/libnds/lib/libnds9.a(video.o)
 .text.vramSetPrimaryBanks
                0x0000000000000000       0x44 /opt/devkitpro/libnds/lib/libnds9.a(video.o)
 .text.vramSetMainBanks
                0x0000000000000000       0x44 /opt/devkitpro/libnds/lib/libnds9.a(video.o)
 .text.vramSetBanks_EFG
                0x0000000000000000       0x38 /opt/devkitpro/libnds/lib/libnds9.a(video.o)
 .text.vramRestorePrimaryBanks
                0x0000000000000000        0xc /opt/devkitpro/libnds/lib/libnds9.a(video.o)
 .text.vramRestoreMainBanks
                0x0000000000000000        0xc /opt/devkitpro/libnds/lib/libnds9.a(video.o)
 .text.vramRestoreBanks_EFG
                0x0000000000000000        0xc /opt/devkitpro/libnds/lib/libnds9.a(video.o)
 .text.setBrightness
                0x0000000000000000       0x40 /opt/devkitpro/libnds/lib/libnds9.a(video.o)
 .text          0x0000000000000000        0x0 /opt/devkitpro/libnds/lib/libnds9.a(system.o)
 .data          0x0000000000000000        0x0 /opt/devkitpro/libnds/lib/libnds9.a(system.o)
 .bss           0x0000000000000000        0x0 /opt/devkitpro/libnds/lib/libnds9.a(system.o)
 .text.setSDcallback
                0x0000000000000000        0xc /opt/devkitpro/libnds/lib/libnds9.a(system.o)
 .text.systemSleep
                0x0000000000000000       0x18 /opt/devkitpro/libnds/lib/libnds9.a(system.o)
 .text.powerOff
                0x0000000000000000       0x28 /opt/devkitpro/libnds/lib/libnds9.a(system.o)
 .text.ledBlink
                0x0000000000000000       0x10 /opt/devkitpro/libnds/lib/libnds9.a(system.o)
 .text.getBatteryLevel
                0x0000000000000000       0x20 /opt/devkitpro/libnds/lib/libnds9.a(system.o)
 .text.enableSlot1
                0x0000000000000000       0x1c /opt/devkitpro/libnds/lib/libnds9.a(system.o)
 .text.disableSlot1
                0x0000000000000000       0x1c /opt/devkitpro/libnds/lib/libnds9.a(system.o)
 .text          0x0000000000000000        0x0 /opt/devkitpro/libnds/lib/libnds9.a(trig.o)
 .data          0x0000000000000000        0x0 /opt/devkitpro/libnds/lib/libnds9.a(trig.o)
 .bss           0x0000000000000000        0x0 /opt/devkitpro/libnds/lib/libnds9.a(trig.o)
 .text.asinComp
                0x0000000000000000       0x24 /opt/devkitpro/libnds/lib/libnds9.a(trig.o)
 .text.sinLutLookup
                0x0000000000000000       0x38 /opt/devkitpro/libnds/lib/libnds9.a(trig.o)
 .text.sinLerp  0x0000000000000000       0x40 /opt/devkitpro/libnds/lib/libnds9.a(trig.o)
 .text.cosLerp  0x0000000000000000       0x4c /opt/devkitpro/libnds/lib/libnds9.a(trig.o)
 .text.tanLutLookup
                0x0000000000000000       0x34 /opt/devkitpro/libnds/lib/libnds9.a(trig.o)
 .text.tanLerp  0x0000000000000000       0xa4 /opt/devkitpro/libnds/lib/libnds9.a(trig.o)
 .text.asinLerp
                0x0000000000000000       0x98 /opt/devkitpro/libnds/lib/libnds9.a(trig.o)
 .text.acosLerp
                0x0000000000000000       0xa4 /opt/devkitpro/libnds/lib/libnds9.a(trig.o)
 .text.atanComp
                0x0000000000000000       0x24 /opt/devkitpro/libnds/lib/libnds9.a(trig.o)
 .rodata.SIN_LUT
                0x0000000000000000      0x102 /opt/devkitpro/libnds/lib/libnds9.a(trig.o)
 .rodata.TAN_LUT
                0x0000000000000000      0x204 /opt/devkitpro/libnds/lib/libnds9.a(trig.o)
 .debug_info    0x0000000000000000      0x79b /opt/devkitpro/libnds/lib/libnds9.a(trig.o)
 .debug_abbrev  0x0000000000000000      0x224 /opt/devkitpro/libnds/lib/libnds9.a(trig.o)
 .debug_loc     0x0000000000000000      0xbe6 /opt/devkitpro/libnds/lib/libnds9.a(trig.o)
 .debug_aranges
                0x0000000000000000       0x60 /opt/devkitpro/libnds/lib/libnds9.a(trig.o)
 .debug_ranges  0x0000000000000000       0xf0 /opt/devkitpro/libnds/lib/libnds9.a(trig.o)
 .debug_line    0x0000000000000000      0x77d /opt/devkitpro/libnds/lib/libnds9.a(trig.o)
 .debug_str     0x0000000000000000      0x2e7 /opt/devkitpro/libnds/lib/libnds9.a(trig.o)
 .comment       0x0000000000000000       0x24 /opt/devkitpro/libnds/lib/libnds9.a(trig.o)
 .debug_frame   0x0000000000000000       0xd8 /opt/devkitpro/libnds/lib/libnds9.a(trig.o)
 .ARM.attributes
                0x0000000000000000       0x2b /opt/devkitpro/libnds/lib/libnds9.a(trig.o)
 .text          0x0000000000000000        0x0 /opt/devkitpro/libnds/lib/libnds9.a(biosCalls.o)
 .data          0x0000000000000000        0x0 /opt/devkitpro/libnds/lib/libnds9.a(biosCalls.o)
 .bss           0x0000000000000000        0x0 /opt/devkitpro/libnds/lib/libnds9.a(biosCalls.o)
 .text.swiSleep
                0x0000000000000000        0x4 /opt/devkitpro/libnds/lib/libnds9.a(biosCalls.o)
 .text.swiChangeSoundBias
                0x0000000000000000        0x4 /opt/devkitpro/libnds/lib/libnds9.a(biosCalls.o)
 .text.swiDivide
                0x0000000000000000        0x4 /opt/devkitpro/libnds/lib/libnds9.a(biosCalls.o)
 .text.swiRemainder
                0x0000000000000000        0x8 /opt/devkitpro/libnds/lib/libnds9.a(biosCalls.o)
 .text.swiDivMod
                0x0000000000000000        0xc /opt/devkitpro/libnds/lib/libnds9.a(biosCalls.o)
 .text.swiCopy  0x0000000000000000        0x4 /opt/devkitpro/libnds/lib/libnds9.a(biosCalls.o)
 .text.swiFastCopy
                0x0000000000000000        0x4 /opt/devkitpro/libnds/lib/libnds9.a(biosCalls.o)
 .text.swiSqrt  0x0000000000000000        0x4 /opt/devkitpro/libnds/lib/libnds9.a(biosCalls.o)
 .text.swiCRC16
                0x0000000000000000        0x4 /opt/devkitpro/libnds/lib/libnds9.a(biosCalls.o)
 .text.swiIsDebugger
                0x0000000000000000        0x4 /opt/devkitpro/libnds/lib/libnds9.a(biosCalls.o)
 .text.swiUnpackBits
                0x0000000000000000        0x4 /opt/devkitpro/libnds/lib/libnds9.a(biosCalls.o)
 .text.swiDecompressLZSSWram
                0x0000000000000000        0x4 /opt/devkitpro/libnds/lib/libnds9.a(biosCalls.o)
 .text.swiDecompressLZSSVramNTR
                0x0000000000000000        0x4 /opt/devkitpro/libnds/lib/libnds9.a(biosCalls.o)
 .text.swiDecompressLZSSVramTWL
                0x0000000000000000        0x4 /opt/devkitpro/libnds/lib/libnds9.a(biosCalls.o)
 .text.swiDecompressHuffman
                0x0000000000000000        0x4 /opt/devkitpro/libnds/lib/libnds9.a(biosCalls.o)
 .text.swiDecompressRLEWram
                0x0000000000000000        0x4 /opt/devkitpro/libnds/lib/libnds9.a(biosCalls.o)
 .text.swiDecompressRLEVram
                0x0000000000000000        0x4 /opt/devkitpro/libnds/lib/libnds9.a(biosCalls.o)
 .text.swiWaitForIRQ
                0x0000000000000000        0x4 /opt/devkitpro/libnds/lib/libnds9.a(biosCalls.o)
 .text.swiDecodeDelta8
                0x0000000000000000        0x4 /opt/devkitpro/libnds/lib/libnds9.a(biosCalls.o)
 .text.swiDecodeDelta16
                0x0000000000000000        0x4 /opt/devkitpro/libnds/lib/libnds9.a(biosCalls.o)
 .text.swiSetHaltCR
                0x0000000000000000        0x4 /opt/devkitpro/libnds/lib/libnds9.a(biosCalls.o)
 .text          0x0000000000000000        0x0 /opt/devkitpro/devkitARM/bin/../lib/gcc/arm-none-eabi/10.2.0/../../../../arm-none-eabi/lib/thumb/libg.a(lib_a-bsearch.o)
 .data          0x0000000000000000        0x0 /opt/devkitpro/devkitARM/bin/../lib/gcc/arm-none-eabi/10.2.0/../../../../arm-none-eabi/lib/thumb/libg.a(lib_a-bsearch.o)
 .bss           0x0000000000000000        0x0 /opt/devkitpro/devkitARM/bin/../lib/gcc/arm-none-eabi/10.2.0/../../../../arm-none-eabi/lib/thumb/libg.a(lib_a-bsearch.o)
 .text.bsearch  0x0000000000000000       0x60 /opt/devkitpro/devkitARM/bin/../lib/gcc/arm-none-eabi/10.2.0/../../../../arm-none-eabi/lib/thumb/libg.a(lib_a-bsearch.o)
 .comment       0x0000000000000000       0x24 /opt/devkitpro/devkitARM/bin/../lib/gcc/arm-none-eabi/10.2.0/../../../../arm-none-eabi/lib/thumb/libg.a(lib_a-bsearch.o)
 .ARM.attributes
                0x0000000000000000       0x2a /opt/devkitpro/devkitARM/bin/../lib/gcc/arm-none-eabi/10.2.0/../../../../arm-none-eabi/lib/thumb/libg.a(lib_a-bsearch.o)
 .text          0x0000000000000000        0x0 /opt/devkitpro/devkitARM/bin/../lib/gcc/arm-none-eabi/10.2.0/../../../../arm-none-eabi/lib/thumb/libg.a(lib_a-init.o)
 .data          0x0000000000000000        0x0 /opt/devkitpro/devkitARM/bin/../lib/gcc/arm-none-eabi/10.2.0/../../../../arm-none-eabi/lib/thumb/libg.a(lib_a-init.o)
 .bss           0x0000000000000000        0x0 /opt/devkitpro/devkitARM/bin/../lib/gcc/arm-none-eabi/10.2.0/../../../../arm-none-eabi/lib/thumb/libg.a(lib_a-init.o)
 .text          0x0000000000000000        0x0 /opt/devkitpro/devkitARM/bin/../lib/gcc/arm-none-eabi/10.2.0/../../../../arm-none-eabi/lib/thumb/libg.a(lib_a-malloc.o)
 .data          0x0000000000000000        0x0 /opt/devkitpro/devkitARM/bin/../lib/gcc/arm-none-eabi/10.2.0/../../../../arm-none-eabi/lib/thumb/libg.a(lib_a-malloc.o)
 .bss           0x0000000000000000        0x0 /opt/devkitpro/devkitARM/bin/../lib/gcc/arm-none-eabi/10.2.0/../../../../arm-none-eabi/lib/thumb/libg.a(lib_a-malloc.o)
 .text          0x0000000000000000        0x0 /opt/devkitpro/devkitARM/bin/../lib/gcc/arm-none-eabi/10.2.0/../../../../arm-none-eabi/lib/thumb/libg.a(lib_a-mallocr.o)
 .data          0x0000000000000000        0x0 /opt/devkitpro/devkitARM/bin/../lib/gcc/arm-none-eabi/10.2.0/../../../../arm-none-eabi/lib/thumb/libg.a(lib_a-mallocr.o)
 .bss           0x0000000000000000        0x0 /opt/devkitpro/devkitARM/bin/../lib/gcc/arm-none-eabi/10.2.0/../../../../arm-none-eabi/lib/thumb/libg.a(lib_a-mallocr.o)
 .text          0x0000000000000000        0x0 /opt/devkitpro/devkitARM/bin/../lib/gcc/arm-none-eabi/10.2.0/../../../../arm-none-eabi/lib/thumb/libg.a(lib_a-memcpy-stub.o)
 .data          0x0000000000000000        0x0 /opt/devkitpro/devkitARM/bin/../lib/gcc/arm-none-eabi/10.2.0/../../../../arm-none-eabi/lib/thumb/libg.a(lib_a-memcpy-stub.o)
 .bss           0x0000000000000000        0x0 /opt/devkitpro/devkitARM/bin/../lib/gcc/arm-none-eabi/10.2.0/../../../../arm-none-eabi/lib/thumb/libg.a(lib_a-memcpy-stub.o)
 .text          0x0000000000000000        0x0 /opt/devkitpro/devkitARM/bin/../lib/gcc/arm-none-eabi/10.2.0/../../../../arm-none-eabi/lib/thumb/libg.a(lib_a-memset.o)
 .data          0x0000000000000000        0x0 /opt/devkitpro/devkitARM/bin/../lib/gcc/arm-none-eabi/10.2.0/../../../../arm-none-eabi/lib/thumb/libg.a(lib_a-memset.o)
 .bss           0x0000000000000000        0x0 /opt/devkitpro/devkitARM/bin/../lib/gcc/arm-none-eabi/10.2.0/../../../../arm-none-eabi/lib/thumb/libg.a(lib_a-memset.o)
 .text          0x0000000000000000        0x0 /opt/devkitpro/devkitARM/bin/../lib/gcc/arm-none-eabi/10.2.0/../../../../arm-none-eabi/lib/thumb/libg.a(lib_a-mlock.o)
 .data          0x0000000000000000        0x0 /opt/devkitpro/devkitARM/bin/../lib/gcc/arm-none-eabi/10.2.0/../../../../arm-none-eabi/lib/thumb/libg.a(lib_a-mlock.o)
 .bss           0x0000000000000000        0x0 /opt/devkitpro/devkitARM/bin/../lib/gcc/arm-none-eabi/10.2.0/../../../../arm-none-eabi/lib/thumb/libg.a(lib_a-mlock.o)
 .text          0x0000000000000000        0x0 /opt/devkitpro/devkitARM/bin/../lib/gcc/arm-none-eabi/10.2.0/../../../../arm-none-eabi/lib/thumb/libg.a(lib_a-realloc.o)
 .data          0x0000000000000000        0x0 /opt/devkitpro/devkitARM/bin/../lib/gcc/arm-none-eabi/10.2.0/../../../../arm-none-eabi/lib/thumb/libg.a(lib_a-realloc.o)
 .bss           0x0000000000000000        0x0 /opt/devkitpro/devkitARM/bin/../lib/gcc/arm-none-eabi/10.2.0/../../../../arm-none-eabi/lib/thumb/libg.a(lib_a-realloc.o)
 .text          0x0000000000000000        0x0 /opt/devkitpro/devkitARM/bin/../lib/gcc/arm-none-eabi/10.2.0/../../../../arm-none-eabi/lib/thumb/libg.a(lib_a-reallocr.o)
 .data          0x0000000000000000        0x0 /opt/devkitpro/devkitARM/bin/../lib/gcc/arm-none-eabi/10.2.0/../../../../arm-none-eabi/lib/thumb/libg.a(lib_a-reallocr.o)
 .bss           0x0000000000000000        0x0 /opt/devkitpro/devkitARM/bin/../lib/gcc/arm-none-eabi/10.2.0/../../../../arm-none-eabi/lib/thumb/libg.a(lib_a-reallocr.o)
 .text          0x0000000000000000        0x0 /opt/devkitpro/devkitARM/bin/../lib/gcc/arm-none-eabi/10.2.0/../../../../arm-none-eabi/lib/thumb/libg.a(lib_a-freer.o)
 .data          0x0000000000000000        0x0 /opt/devkitpro/devkitARM/bin/../lib/gcc/arm-none-eabi/10.2.0/../../../../arm-none-eabi/lib/thumb/libg.a(lib_a-freer.o)
 .bss           0x0000000000000000        0x0 /opt/devkitpro/devkitARM/bin/../lib/gcc/arm-none-eabi/10.2.0/../../../../arm-none-eabi/lib/thumb/libg.a(lib_a-freer.o)
 .text          0x0000000000000000        0x0 /opt/devkitpro/devkitARM/bin/../lib/gcc/arm-none-eabi/10.2.0/../../../../arm-none-eabi/lib/thumb/libg.a(lib_a-memmove.o)
 .data          0x0000000000000000        0x0 /opt/devkitpro/devkitARM/bin/../lib/gcc/arm-none-eabi/10.2.0/../../../../arm-none-eabi/lib/thumb/libg.a(lib_a-memmove.o)
 .bss           0x0000000000000000        0x0 /opt/devkitpro/devkitARM/bin/../lib/gcc/arm-none-eabi/10.2.0/../../../../arm-none-eabi/lib/thumb/libg.a(lib_a-memmove.o)
 .text          0x0000000000000000        0x0 /opt/devkitpro/devkitARM/bin/../lib/gcc/arm-none-eabi/10.2.0/../../../../arm-none-eabi/lib/thumb/libsysbase.a(sbrk.o)
 .data          0x0000000000000000        0x0 /opt/devkitpro/devkitARM/bin/../lib/gcc/arm-none-eabi/10.2.0/../../../../arm-none-eabi/lib/thumb/libsysbase.a(sbrk.o)
 .bss           0x0000000000000000        0x0 /opt/devkitpro/devkitARM/bin/../lib/gcc/arm-none-eabi/10.2.0/../../../../arm-none-eabi/lib/thumb/libsysbase.a(sbrk.o)
 .text          0x0000000000000000        0x0 /opt/devkitpro/devkitARM/bin/../lib/gcc/arm-none-eabi/10.2.0/../../../../arm-none-eabi/lib/thumb/libsysbase.a(malloc_vars.o)
 .data          0x0000000000000000        0x0 /opt/devkitpro/devkitARM/bin/../lib/gcc/arm-none-eabi/10.2.0/../../../../arm-none-eabi/lib/thumb/libsysbase.a(malloc_vars.o)
 .bss           0x0000000000000000        0x0 /opt/devkitpro/devkitARM/bin/../lib/gcc/arm-none-eabi/10.2.0/../../../../arm-none-eabi/lib/thumb/libsysbase.a(malloc_vars.o)
 .text          0x0000000000000000        0x0 /opt/devkitpro/devkitARM/bin/../lib/gcc/arm-none-eabi/10.2.0/../../../../arm-none-eabi/lib/thumb/libsysbase.a(build_argv.o)
 .data          0x0000000000000000        0x0 /opt/devkitpro/devkitARM/bin/../lib/gcc/arm-none-eabi/10.2.0/../../../../arm-none-eabi/lib/thumb/libsysbase.a(build_argv.o)
 .bss           0x0000000000000000        0x0 /opt/devkitpro/devkitARM/bin/../lib/gcc/arm-none-eabi/10.2.0/../../../../arm-none-eabi/lib/thumb/libsysbase.a(build_argv.o)
 .text          0x0000000000000000        0x0 /opt/devkitpro/devkitARM/bin/../lib/gcc/arm-none-eabi/10.2.0/../../../../arm-none-eabi/lib/thumb/libsysbase.a(syscall_support.o)
 .data          0x0000000000000000        0x0 /opt/devkitpro/devkitARM/bin/../lib/gcc/arm-none-eabi/10.2.0/../../../../arm-none-eabi/lib/thumb/libsysbase.a(syscall_support.o)
 .bss           0x0000000000000000        0x0 /opt/devkitpro/devkitARM/bin/../lib/gcc/arm-none-eabi/10.2.0/../../../../arm-none-eabi/lib/thumb/libsysbase.a(syscall_support.o)
 .text.__libc_lock_init
                0x0000000000000000       0x1c /opt/devkitpro/devkitARM/bin/../lib/gcc/arm-none-eabi/10.2.0/../../../../arm-none-eabi/lib/thumb/libsysbase.a(syscall_support.o)
 .text.__libc_lock_acquire
                0x0000000000000000       0x1c /opt/devkitpro/devkitARM/bin/../lib/gcc/arm-none-eabi/10.2.0/../../../../arm-none-eabi/lib/thumb/libsysbase.a(syscall_support.o)
 .text.__libc_lock_try_acquire
                0x0000000000000000       0x24 /opt/devkitpro/devkitARM/bin/../lib/gcc/arm-none-eabi/10.2.0/../../../../arm-none-eabi/lib/thumb/libsysbase.a(syscall_support.o)
 .text.__libc_lock_release
                0x0000000000000000       0x1c /opt/devkitpro/devkitARM/bin/../lib/gcc/arm-none-eabi/10.2.0/../../../../arm-none-eabi/lib/thumb/libsysbase.a(syscall_support.o)
 .text.__libc_lock_close
                0x0000000000000000       0x1c /opt/devkitpro/devkitARM/bin/../lib/gcc/arm-none-eabi/10.2.0/../../../../arm-none-eabi/lib/thumb/libsysbase.a(syscall_support.o)
 .text.__libc_lock_init_recursive
                0x0000000000000000       0x1c /opt/devkitpro/devkitARM/bin/../lib/gcc/arm-none-eabi/10.2.0/../../../../arm-none-eabi/lib/thumb/libsysbase.a(syscall_support.o)
 .text.__libc_lock_try_acquire_recursive
                0x0000000000000000       0x24 /opt/devkitpro/devkitARM/bin/../lib/gcc/arm-none-eabi/10.2.0/../../../../arm-none-eabi/lib/thumb/libsysbase.a(syscall_support.o)
 .text.__libc_lock_close_recursive
                0x0000000000000000       0x1c /opt/devkitpro/devkitARM/bin/../lib/gcc/arm-none-eabi/10.2.0/../../../../arm-none-eabi/lib/thumb/libsysbase.a(syscall_support.o)
 .text          0x0000000000000000        0x0 /opt/devkitpro/devkitARM/bin/../lib/gcc/arm-none-eabi/10.2.0/../../../../arm-none-eabi/lib/thumb/libsysbase.a(getreent.o)
 .data          0x0000000000000000        0x0 /opt/devkitpro/devkitARM/bin/../lib/gcc/arm-none-eabi/10.2.0/../../../../arm-none-eabi/lib/thumb/libsysbase.a(getreent.o)
 .bss           0x0000000000000000        0x0 /opt/devkitpro/devkitARM/bin/../lib/gcc/arm-none-eabi/10.2.0/../../../../arm-none-eabi/lib/thumb/libsysbase.a(getreent.o)
 .text          0x0000000000000000        0x0 /opt/devkitpro/devkitARM/bin/../lib/gcc/arm-none-eabi/10.2.0/../../../../arm-none-eabi/lib/thumb/libg.a(lib_a-impure.o)
 .data          0x0000000000000000        0x0 /opt/devkitpro/devkitARM/bin/../lib/gcc/arm-none-eabi/10.2.0/../../../../arm-none-eabi/lib/thumb/libg.a(lib_a-impure.o)
 .bss           0x0000000000000000        0x0 /opt/devkitpro/devkitARM/bin/../lib/gcc/arm-none-eabi/10.2.0/../../../../arm-none-eabi/lib/thumb/libg.a(lib_a-impure.o)
 .rodata._global_impure_ptr
                0x0000000000000000        0x4 /opt/devkitpro/devkitARM/bin/../lib/gcc/arm-none-eabi/10.2.0/../../../../arm-none-eabi/lib/thumb/libg.a(lib_a-impure.o)
 .text          0x0000000000000000        0x0 /opt/devkitpro/devkitARM/bin/../lib/gcc/arm-none-eabi/10.2.0/thumb/crtend.o
 .data          0x0000000000000000        0x0 /opt/devkitpro/devkitARM/bin/../lib/gcc/arm-none-eabi/10.2.0/thumb/crtend.o
 .bss           0x0000000000000000        0x0 /opt/devkitpro/devkitARM/bin/../lib/gcc/arm-none-eabi/10.2.0/thumb/crtend.o
 .text          0x0000000000000000        0x0 /opt/devkitpro/devkitARM/bin/../lib/gcc/arm-none-eabi/10.2.0/thumb/crtn.o
 .data          0x0000000000000000        0x0 /opt/devkitpro/devkitARM/bin/../lib/gcc/arm-none-eabi/10.2.0/thumb/crtn.o
 .bss           0x0000000000000000        0x0 /opt/devkitpro/devkitARM/bin/../lib/gcc/arm-none-eabi/10.2.0/thumb/crtn.o

Memory Configuration

Name             Origin             Length             Attributes
ewram            0x0000000002000000 0x0000000000380000
dtcm             0x0000000002ff0000 0x0000000000004000
vectors          0x0000000001000000 0x0000000000000100
itcm             0x0000000001000100 0x0000000000007f00
*default*        0x0000000000000000 0xffffffffffffffff

Linker script and memory map

                0x0000000002380000                __ewram_end = (ORIGIN (ewram) + LENGTH (ewram))
                0x0000000002380000                __eheap_end = (ORIGIN (ewram) + LENGTH (ewram))
                0x0000000002ff4000                __dtcm_top = (ORIGIN (dtcm) + LENGTH (dtcm))
                0x0000000002ff3ff8                __irq_flags = (__dtcm_top - 0x8)
                0x0000000002ff3ffc                __irq_vector = (__dtcm_top - 0x4)
                0x0000000002ff3f00                __sp_svc = (__dtcm_top - 0x100)
                0x0000000002ff3e00                __sp_irq = (__sp_svc - 0x100)
                0x0000000002ff3d00                __sp_usr = (__sp_irq - 0x100)

.secure         0x0000000002000000      0x800
 *(.secure)
 .secure        0x0000000002000000      0x800 /opt/devkitpro/libnds/lib/libnds9.a(securearea.o)
                0x0000000002000000                __secure_area__

.crt0           0x0000000002000800      0x300
                0x0000000002000800                __text_start = .
 *(.crt0)
 .crt0          0x0000000002000800      0x300 /opt/devkitpro/devkitARM/bin/../lib/gcc/arm-none-eabi/10.2.0/../../../../arm-none-eabi/lib/thumb/ds_arm9_crt0.o
                0x0000000002000800                _start
                0x0000000002000b00                . = ALIGN (0x4)

.plt
 *(.plt)

.init           0x0000000002000b00        0xc
 *(SORT_NONE(.init))
 .init          0x0000000002000b00        0x4 /opt/devkitpro/devkitARM/bin/../lib/gcc/arm-none-eabi/10.2.0/thumb/crti.o
                0x0000000002000b00                _init
 .init          0x0000000002000b04        0x8 /opt/devkitpro/devkitARM/bin/../lib/gcc/arm-none-eabi/10.2.0/thumb/crtn.o

.text           0x0000000002000b10     0x2d28
 *(EXCLUDE_FILE(*.twl* *.vectors* *.itcm*) .text)
 .text          0x0000000002000b10       0xd4 template.o
                0x0000000002000b10                animateMan
                0x0000000002000b4c                initMan
                0x0000000002000b6c                animateWoman
                0x0000000002000b7c                initWoman
 *(EXCLUDE_FILE(*.twl* *.vectors* *.itcm*) .stub)
 *(EXCLUDE_FILE(*.twl* *.vectors* *.itcm*) .text.*)
 .text.__do_global_dtors_aux
                0x0000000002000be4       0x2c /opt/devkitpro/devkitARM/bin/../lib/gcc/arm-none-eabi/10.2.0/thumb/crtbegin.o
 .text.frame_dummy
                0x0000000002000c10       0x24 /opt/devkitpro/devkitARM/bin/../lib/gcc/arm-none-eabi/10.2.0/thumb/crtbegin.o
 .text.startup  0x0000000002000c34      0x284 template.o
                0x0000000002000c34                main
 .text.oamAllocReset
                0x0000000002000eb8       0x1c /opt/devkitpro/libnds/lib/libnds9.a(sprite_alloc.o)
                0x0000000002000eb8                oamAllocReset
 .text.oamAllocateGfx
                0x0000000002000ed4      0x510 /opt/devkitpro/libnds/lib/libnds9.a(sprite_alloc.o)
                0x0000000002000ed4                oamAllocateGfx
 .text.oamInit  0x00000000020013e4      0x118 /opt/devkitpro/libnds/lib/libnds9.a(sprite.o)
                0x00000000020013e4                oamInit
 .text.oamGetGfxPtr
                0x00000000020014fc       0x38 /opt/devkitpro/libnds/lib/libnds9.a(sprite.o)
                0x00000000020014fc                oamGetGfxPtr
 .text.oamGfxPtrToOffset
                0x0000000002001534       0x34 /opt/devkitpro/libnds/lib/libnds9.a(sprite.o)
                0x0000000002001534                oamGfxPtrToOffset
 .text.oamSet   0x0000000002001568      0x11c /opt/devkitpro/libnds/lib/libnds9.a(sprite.o)
                0x0000000002001568                oamSet
 .text.oamUpdate
                0x0000000002001684       0x60 /opt/devkitpro/libnds/lib/libnds9.a(sprite.o)
                0x0000000002001684                oamUpdate
 .text.scanKeys
                0x00000000020016e4       0x8c /opt/devkitpro/libnds/lib/libnds9.a(keys.o)
                0x00000000020016e4                scanKeys
 .text.keysHeld
                0x0000000002001770        0xc /opt/devkitpro/libnds/lib/libnds9.a(keys.o)
                0x0000000002001770                keysHeld
 .text.initSystem
                0x000000000200177c      0x198 /opt/devkitpro/libnds/lib/libnds9.a(initSystem.o)
                0x000000000200177c                initSystem
 .text.__libnds_gtod
                0x0000000002001914       0x28 /opt/devkitpro/libnds/lib/libnds9.a(timeSupport.o)
                0x0000000002001914                __libnds_gtod
 .text.irqDummy
                0x000000000200193c        0x4 /opt/devkitpro/libnds/lib/libnds9.a(interrupts.o)
                0x000000000200193c                irqDummy
 .text.irqSet   0x0000000002001940       0x6c /opt/devkitpro/libnds/lib/libnds9.a(interrupts.o)
                0x0000000002001940                irqSet
 .text.irqInit  0x00000000020019ac       0x50 /opt/devkitpro/libnds/lib/libnds9.a(interrupts.o)
                0x00000000020019ac                irqInit
 .text.irqEnable
                0x00000000020019fc       0x64 /opt/devkitpro/libnds/lib/libnds9.a(interrupts.o)
                0x00000000020019fc                irqEnable
 .text.systemErrorExit
                0x0000000002001a60        0x4 /opt/devkitpro/libnds/lib/libnds9.a(libnds_exit.arm.o)
                0x0000000002001a60                systemErrorExit
 .text.__libnds_exit
                0x0000000002001a64       0x5c /opt/devkitpro/libnds/lib/libnds9.a(libnds_exit.arm.o)
                0x0000000002001a64                __libnds_exit
 .text.fifo_queueBlock
                0x0000000002001ac0       0x44 /opt/devkitpro/libnds/lib/libnds9.a(fifosystem.o)
 .text.fifo_waitBlock
                0x0000000002001b04       0x80 /opt/devkitpro/libnds/lib/libnds9.a(fifosystem.o)
 .text.fifoInternalSend.part.0
                0x0000000002001b84       0xd4 /opt/devkitpro/libnds/lib/libnds9.a(fifosystem.o)
 .text.fifoInternalSendInterrupt
                0x0000000002001c58       0xa8 /opt/devkitpro/libnds/lib/libnds9.a(fifosystem.o)
 .text.fifoSetValue32Handler
                0x0000000002001d00       0xd8 /opt/devkitpro/libnds/lib/libnds9.a(fifosystem.o)
                0x0000000002001d00                fifoSetValue32Handler
 .text.fifoSendValue32
                0x0000000002001dd8       0x4c /opt/devkitpro/libnds/lib/libnds9.a(fifosystem.o)
                0x0000000002001dd8                fifoSendValue32
 .text.fifoGetDatamsg
                0x0000000002001e24       0xf4 /opt/devkitpro/libnds/lib/libnds9.a(fifosystem.o)
                0x0000000002001e24                fifoGetDatamsg
 .text.fifoInternalRecvInterrupt
                0x0000000002001f18      0x380 /opt/devkitpro/libnds/lib/libnds9.a(fifosystem.o)
 .text.fifoSetDatamsgHandler
                0x0000000002002298       0x9c /opt/devkitpro/libnds/lib/libnds9.a(fifosystem.o)
                0x0000000002002298                fifoSetDatamsgHandler
 .text.fifoInit
                0x0000000002002334       0xf8 /opt/devkitpro/libnds/lib/libnds9.a(fifosystem.o)
                0x0000000002002334                fifoInit
 .text.DC_FlushRange
                0x000000000200242c       0x24 /opt/devkitpro/libnds/lib/libnds9.a(dcache.o)
                0x000000000200242c                DC_FlushRange
 .text.__libnds_mpu_setup
                0x0000000002002450      0x174 /opt/devkitpro/libnds/lib/libnds9.a(mpu_setup.o)
                0x0000000002002450                __libnds_mpu_setup
 .text.memUncached
                0x00000000020025c4       0x20 /opt/devkitpro/libnds/lib/libnds9.a(mpu_setup.o)
                0x00000000020025c4                memUncached
 .text.swiWaitForVBlank
                0x00000000020025e4        0x8 /opt/devkitpro/libnds/lib/libnds9.a(IntrWait.o)
                0x00000000020025e4                swiWaitForVBlank
 .text.swiIntrWait
                0x00000000020025ec       0x70 /opt/devkitpro/libnds/lib/libnds9.a(IntrWait.o)
                0x00000000020025ec                swiIntrWait
 .text.setCpuClock
                0x000000000200265c       0x50 /opt/devkitpro/libnds/lib/libnds9.a(cpu_clock.o)
                0x000000000200265c                setCpuClock
 .text.swiSoftReset
                0x00000000020026ac       0x2c /opt/devkitpro/libnds/lib/libnds9.a(swiSoftReset.o)
                0x00000000020026ac                swiSoftReset
 .text.vramDefault
                0x00000000020026d8       0xd0 /opt/devkitpro/libnds/lib/libnds9.a(video.o)
                0x00000000020026d8                vramDefault
 .text.systemValueHandler
                0x00000000020027a8       0x48 /opt/devkitpro/libnds/lib/libnds9.a(system.o)
                0x00000000020027a8                systemValueHandler
 .text.systemMsgHandler
                0x00000000020027f0       0x60 /opt/devkitpro/libnds/lib/libnds9.a(system.o)
                0x00000000020027f0                systemMsgHandler
 .text.powerOn  0x0000000002002850       0x2c /opt/devkitpro/libnds/lib/libnds9.a(system.o)
                0x0000000002002850                powerOn
 .text.swiDelay
                0x000000000200287c        0x4 /opt/devkitpro/libnds/lib/libnds9.a(biosCalls.o)
                0x000000000200287c                swiDelay
 .text.__libc_init_array
                0x0000000002002880       0x50 /opt/devkitpro/devkitARM/bin/../lib/gcc/arm-none-eabi/10.2.0/../../../../arm-none-eabi/lib/thumb/libg.a(lib_a-init.o)
                0x0000000002002880                __libc_init_array
 .text.malloc   0x00000000020028d0       0x14 /opt/devkitpro/devkitARM/bin/../lib/gcc/arm-none-eabi/10.2.0/../../../../arm-none-eabi/lib/thumb/libg.a(lib_a-malloc.o)
                0x00000000020028d0                malloc
 .text.free     0x00000000020028e4       0x14 /opt/devkitpro/devkitARM/bin/../lib/gcc/arm-none-eabi/10.2.0/../../../../arm-none-eabi/lib/thumb/libg.a(lib_a-malloc.o)
                0x00000000020028e4                free
 .text._malloc_r
                0x00000000020028f8      0x59c /opt/devkitpro/devkitARM/bin/../lib/gcc/arm-none-eabi/10.2.0/../../../../arm-none-eabi/lib/thumb/libg.a(lib_a-mallocr.o)
                0x00000000020028f8                _malloc_r
 .text.memcpy   0x0000000002002e94       0xa8 /opt/devkitpro/devkitARM/bin/../lib/gcc/arm-none-eabi/10.2.0/../../../../arm-none-eabi/lib/thumb/libg.a(lib_a-memcpy-stub.o)
                0x0000000002002e94                memcpy
 .text.memset   0x0000000002002f3c       0xb0 /opt/devkitpro/devkitARM/bin/../lib/gcc/arm-none-eabi/10.2.0/../../../../arm-none-eabi/lib/thumb/libg.a(lib_a-memset.o)
                0x0000000002002f3c                memset
 .text.__malloc_lock
                0x0000000002002fec       0x14 /opt/devkitpro/devkitARM/bin/../lib/gcc/arm-none-eabi/10.2.0/../../../../arm-none-eabi/lib/thumb/libg.a(lib_a-mlock.o)
                0x0000000002002fec                __malloc_lock
 .text.__malloc_unlock
                0x0000000002003000       0x14 /opt/devkitpro/devkitARM/bin/../lib/gcc/arm-none-eabi/10.2.0/../../../../arm-none-eabi/lib/thumb/libg.a(lib_a-mlock.o)
                0x0000000002003000                __malloc_unlock
 .text.realloc  0x0000000002003014       0x18 /opt/devkitpro/devkitARM/bin/../lib/gcc/arm-none-eabi/10.2.0/../../../../arm-none-eabi/lib/thumb/libg.a(lib_a-realloc.o)
                0x0000000002003014                realloc
 .text._realloc_r
                0x000000000200302c      0x38c /opt/devkitpro/devkitARM/bin/../lib/gcc/arm-none-eabi/10.2.0/../../../../arm-none-eabi/lib/thumb/libg.a(lib_a-reallocr.o)
                0x000000000200302c                _realloc_r
 .text._malloc_trim_r
                0x00000000020033b8       0xa0 /opt/devkitpro/devkitARM/bin/../lib/gcc/arm-none-eabi/10.2.0/../../../../arm-none-eabi/lib/thumb/libg.a(lib_a-freer.o)
                0x00000000020033b8                _malloc_trim_r
 .text._free_r  0x0000000002003458      0x1e0 /opt/devkitpro/devkitARM/bin/../lib/gcc/arm-none-eabi/10.2.0/../../../../arm-none-eabi/lib/thumb/libg.a(lib_a-freer.o)
                0x0000000002003458                _free_r
 .text.memmove  0x0000000002003638       0xbc /opt/devkitpro/devkitARM/bin/../lib/gcc/arm-none-eabi/10.2.0/../../../../arm-none-eabi/lib/thumb/libg.a(lib_a-memmove.o)
                0x0000000002003638                memmove
 .text._sbrk_r  0x00000000020036f4       0x54 /opt/devkitpro/devkitARM/bin/../lib/gcc/arm-none-eabi/10.2.0/../../../../arm-none-eabi/lib/thumb/libsysbase.a(sbrk.o)
                0x00000000020036f4                _sbrk_r
 .text.build_argv
                0x0000000002003748       0x4c /opt/devkitpro/devkitARM/bin/../lib/gcc/arm-none-eabi/10.2.0/../../../../arm-none-eabi/lib/thumb/libsysbase.a(build_argv.o)
                0x0000000002003748                build_argv
 .text.__libc_lock_acquire_recursive
                0x0000000002003794       0x1c /opt/devkitpro/devkitARM/bin/../lib/gcc/arm-none-eabi/10.2.0/../../../../arm-none-eabi/lib/thumb/libsysbase.a(syscall_support.o)
                0x0000000002003794                __libc_lock_acquire_recursive
 .text.__libc_lock_release_recursive
                0x00000000020037b0       0x1c /opt/devkitpro/devkitARM/bin/../lib/gcc/arm-none-eabi/10.2.0/../../../../arm-none-eabi/lib/thumb/libsysbase.a(syscall_support.o)
                0x00000000020037b0                __libc_lock_release_recursive
 .text.__getreent
                0x00000000020037cc       0x28 /opt/devkitpro/devkitARM/bin/../lib/gcc/arm-none-eabi/10.2.0/../../../../arm-none-eabi/lib/thumb/libsysbase.a(getreent.o)
                0x00000000020037cc                __getreent
 *fill*         0x00000000020037f4        0x4 ff
 .text.__getreent.__stub
                0x00000000020037f8       0x3c linker stubs
 *(EXCLUDE_FILE(*.twl*) .gnu.warning)
 *(EXCLUDE_FILE(*.twl*) .gnu.linkonce.t*)
 *(.glue_7)
 .glue_7        0x0000000002003838        0x0 linker stubs
 *(.glue_7t)
 .glue_7t       0x0000000002003838        0x0 linker stubs
                0x0000000002003838                . = ALIGN (0x4)

.vfp11_veneer   0x0000000002003838        0x0
 .vfp11_veneer  0x0000000002003838        0x0 linker stubs

.v4_bx          0x0000000002003838        0x0
 .v4_bx         0x0000000002003838        0x0 linker stubs

.iplt           0x0000000002003838        0x0
 .iplt          0x0000000002003838        0x0 /opt/devkitpro/devkitARM/bin/../lib/gcc/arm-none-eabi/10.2.0/../../../../arm-none-eabi/lib/thumb/ds_arm9_crt0.o

.fini           0x0000000002003838        0xc
 *(.fini)
 .fini          0x0000000002003838        0x4 /opt/devkitpro/devkitARM/bin/../lib/gcc/arm-none-eabi/10.2.0/thumb/crti.o
                0x0000000002003838                _fini
 .fini          0x000000000200383c        0x8 /opt/devkitpro/devkitARM/bin/../lib/gcc/arm-none-eabi/10.2.0/thumb/crtn.o
                0x0000000002003844                __text_end = .

.rodata         0x0000000002003844     0x6400
 *(EXCLUDE_FILE(*.twl*) .rodata)
 .rodata        0x0000000002003844     0x3200 woman.o
                0x0000000002003844                womanTiles
                0x0000000002006844                womanPal
 .rodata        0x0000000002006a44     0x3200 man.o
                0x0000000002006a44                manTiles
                0x0000000002009a44                manPal
 *all.rodata*(*)
 *(EXCLUDE_FILE(*.twl*) .roda)
 *(EXCLUDE_FILE(*.twl*) .rodata.*)
 *(EXCLUDE_FILE(*.twl*) .gnu.linkonce.r*)
                0x0000000002009c44                . = ALIGN (0x4)

.ARM.extab
 *(.ARM.extab* .gnu.linkonce.armextab.*)
                0x0000000002009c44                __exidx_start = .

ARM.exidx
 *(.ARM.exidx* .gnu.linkonce.armexidx.*)
                0x0000000002009c44                __exidx_end = .
                0x0000000002009c44                . = ALIGN (0x4)
                0x0000000002009c44                PROVIDE (__preinit_array_start = .)

.preinit_array
 *(.preinit_array)
                0x0000000002009c44                PROVIDE (__preinit_array_end = .)
                0x0000000002009c44                PROVIDE (__init_array_start = .)

.init_array     0x0000000002009c44        0x4
 *(SORT_BY_NAME(.init_array.*))
 *(.init_array)
 .init_array    0x0000000002009c44        0x4 /opt/devkitpro/devkitARM/bin/../lib/gcc/arm-none-eabi/10.2.0/thumb/crtbegin.o
                0x0000000002009c48                PROVIDE (__init_array_end = .)
                [!provide]                        PROVIDE (__fini_array_start = .)

.fini_array     0x0000000002009c48        0x4
 *(.fini_array)
 .fini_array    0x0000000002009c48        0x4 /opt/devkitpro/devkitARM/bin/../lib/gcc/arm-none-eabi/10.2.0/thumb/crtbegin.o
 *(SORT_BY_NAME(.fini_array.*))
                [!provide]                        PROVIDE (__fini_array_end = .)

.ctors          0x0000000002009c4c        0x0
 *crtbegin.o(.ctors)
 *(EXCLUDE_FILE(*crtend.o) .ctors)
 *(SORT_BY_NAME(.ctors.*))
 *(.ctors)
                0x0000000002009c4c                . = ALIGN (0x4)

.dtors          0x0000000002009c4c        0x0
 *crtbegin.o(.dtors)
 *(EXCLUDE_FILE(*crtend.o) .dtors)
 *(SORT_BY_NAME(.dtors.*))
 *(.dtors)
                0x0000000002009c4c                . = ALIGN (0x4)

.eh_frame       0x0000000002009c4c        0x4
 *(.eh_frame)
 .eh_frame      0x0000000002009c4c        0x0 /opt/devkitpro/devkitARM/bin/../lib/gcc/arm-none-eabi/10.2.0/thumb/crtbegin.o
 .eh_frame      0x0000000002009c4c        0x4 /opt/devkitpro/devkitARM/bin/../lib/gcc/arm-none-eabi/10.2.0/thumb/crtend.o
                0x0000000002009c50                . = ALIGN (0x4)

.rel.dyn        0x0000000002009c50        0x0
 .rel.iplt      0x0000000002009c50        0x0 /opt/devkitpro/devkitARM/bin/../lib/gcc/arm-none-eabi/10.2.0/../../../../arm-none-eabi/lib/thumb/ds_arm9_crt0.o

.gcc_except_table
                0x0000000002009c50        0x0
 *(.gcc_except_table)
                0x0000000002009c50                . = ALIGN (0x4)

.jcr
 *(.jcr)

.got
 *(.got.plt)
 *(.got)
 *(.rel.got)

.ewram          0x0000000002009c50        0x0
                0x0000000002009c50                __ewram_start = ABSOLUTE (.)
 *(.ewram)
 *ewram.*(.text)
                0x0000000002009c50                . = ALIGN (0x4)

.data           0x0000000002009c50      0x8f0
                0x0000000002009c50                __data_start = ABSOLUTE (.)
 *(EXCLUDE_FILE(*.twl*) .data)
 .data          0x0000000002009c50       0x28 /opt/devkitpro/libnds/lib/libnds9.a(mpu_setup.o)
 *(EXCLUDE_FILE(*.twl*) .data.*)
 .data.oamMain  0x0000000002009c78       0x18 /opt/devkitpro/libnds/lib/libnds9.a(sprite.o)
                0x0000000002009c78                oamMain
 .data.oamSub   0x0000000002009c90       0x18 /opt/devkitpro/libnds/lib/libnds9.a(sprite.o)
                0x0000000002009c90                oamSub
 .data.count    0x0000000002009ca8        0x1 /opt/devkitpro/libnds/lib/libnds9.a(keys.o)
 .data.delay    0x0000000002009ca9        0x1 /opt/devkitpro/libnds/lib/libnds9.a(keys.o)
 .data.repeat   0x0000000002009caa        0x1 /opt/devkitpro/libnds/lib/libnds9.a(keys.o)
 *fill*         0x0000000002009cab        0x1 ff
 .data.fifo_buffer_free
                0x0000000002009cac        0x4 /opt/devkitpro/libnds/lib/libnds9.a(fifosystem.o)
                0x0000000002009cac                fifo_buffer_free
 .data.fifo_freewords
                0x0000000002009cb0        0x4 /opt/devkitpro/libnds/lib/libnds9.a(fifosystem.o)
                0x0000000002009cb0                fifo_freewords
 .data.fifo_receive_queue
                0x0000000002009cb4        0x4 /opt/devkitpro/libnds/lib/libnds9.a(fifosystem.o)
                0x0000000002009cb4                fifo_receive_queue
 .data.fifo_send_queue
                0x0000000002009cb8        0x4 /opt/devkitpro/libnds/lib/libnds9.a(fifosystem.o)
                0x0000000002009cb8                fifo_send_queue
 .data.__malloc_av_
                0x0000000002009cbc      0x408 /opt/devkitpro/devkitARM/bin/../lib/gcc/arm-none-eabi/10.2.0/../../../../arm-none-eabi/lib/thumb/libg.a(lib_a-mallocr.o)
                0x0000000002009cbc                __malloc_av_
 .data.__malloc_sbrk_base
                0x000000000200a0c4        0x4 /opt/devkitpro/devkitARM/bin/../lib/gcc/arm-none-eabi/10.2.0/../../../../arm-none-eabi/lib/thumb/libg.a(lib_a-mallocr.o)
                0x000000000200a0c4                __malloc_sbrk_base
 .data.__malloc_trim_threshold
                0x000000000200a0c8        0x4 /opt/devkitpro/devkitARM/bin/../lib/gcc/arm-none-eabi/10.2.0/../../../../arm-none-eabi/lib/thumb/libg.a(lib_a-mallocr.o)
                0x000000000200a0c8                __malloc_trim_threshold
 .data.__malloc_recursive_mutex
                0x000000000200a0cc        0xc /opt/devkitpro/devkitARM/bin/../lib/gcc/arm-none-eabi/10.2.0/../../../../arm-none-eabi/lib/thumb/libg.a(lib_a-mlock.o)
 .data._impure_ptr
                0x000000000200a0d8        0x4 /opt/devkitpro/devkitARM/bin/../lib/gcc/arm-none-eabi/10.2.0/../../../../arm-none-eabi/lib/thumb/libg.a(lib_a-impure.o)
                0x000000000200a0d8                _impure_ptr
 *fill*         0x000000000200a0dc        0x4 ff
 .data.impure_data
                0x000000000200a0e0      0x460 /opt/devkitpro/devkitARM/bin/../lib/gcc/arm-none-eabi/10.2.0/../../../../arm-none-eabi/lib/thumb/libg.a(lib_a-impure.o)
 *(EXCLUDE_FILE(*.twl*) .gnu.linkonce.d*)
                0x000000000200a540                . = ALIGN (0x4)
                0x000000000200a540                __data_end = ABSOLUTE (.)
                0x000000000200a540                __bss_vma = .

.igot.plt       0x000000000200a540        0x0
 .igot.plt      0x000000000200a540        0x0 /opt/devkitpro/devkitARM/bin/../lib/gcc/arm-none-eabi/10.2.0/../../../../arm-none-eabi/lib/thumb/ds_arm9_crt0.o

.dtcm           0x0000000002ff0000        0x0 load address 0x000000000200a540
                0x000000000200a540                __dtcm_lma = LOADADDR (.dtcm)
                0x0000000002ff0000                __dtcm_start = ABSOLUTE (.)
 *(.dtcm)
 *(.dtcm.*)
                0x0000000002ff0000                . = ALIGN (0x4)
                0x0000000002ff0000                __dtcm_end = ABSOLUTE (.)

.itcm           0x0000000001000100      0x194 load address 0x000000000200a540
                0x000000000200a540                __itcm_lma = LOADADDR (.itcm)
                0x0000000001000100                __itcm_start = ABSOLUTE (.)
 *(.itcm)
 .itcm          0x0000000001000100       0xc8 /opt/devkitpro/libnds/lib/libnds9.a(interrupts.o)
                0x0000000001000100                irqTable
 .itcm          0x00000000010001c8       0xcc /opt/devkitpro/libnds/lib/libnds9.a(interruptDispatcher.o)
                0x00000000010001c8                IntrMain
 *.itcm*(.text .stub .text.*)
                0x0000000001000294                . = ALIGN (0x4)
                0x0000000001000294                __itcm_end = ABSOLUTE (.)

.vectors        0x0000000001000000        0x0 load address 0x000000000200a6d4
                0x000000000200a6d4                __vectors_lma = LOADADDR (.vectors)
                0x0000000001000000                __vectors_start = ABSOLUTE (.)
 *(.vectors .vectors.*)
                0x0000000001000000                . = ALIGN (0x4)
                0x0000000001000000                __vectors_end = ABSOLUTE (.)

.sbss           0x0000000002ff0000        0x0
                0x0000000002ff0000                __sbss_start = ABSOLUTE (.)
                0x0000000002ff0000                __sbss_start__ = ABSOLUTE (.)
 *(.sbss)
                0x0000000002ff0000                . = ALIGN (0x4)
                0x0000000002ff0000                __sbss_end = ABSOLUTE (.)

.bss            0x000000000200a540     0x12f8
                0x000000000200a540                __bss_start = ABSOLUTE (.)
                0x000000000200a540                __bss_start__ = ABSOLUTE (.)
 *(EXCLUDE_FILE(*.twl*) .dynbss)
 *(EXCLUDE_FILE(*.twl*) .gnu.linkonce.b*)
 *(EXCLUDE_FILE(*.twl*) .bss*)
 .bss.completed.1
                0x000000000200a540        0x1 /opt/devkitpro/devkitARM/bin/../lib/gcc/arm-none-eabi/10.2.0/thumb/crtbegin.o
 *fill*         0x000000000200a541        0x3 
 .bss.object.0  0x000000000200a544       0x18 /opt/devkitpro/devkitARM/bin/../lib/gcc/arm-none-eabi/10.2.0/thumb/crtbegin.o
 .bss.OamMemory
                0x000000000200a55c      0x400 /opt/devkitpro/libnds/lib/libnds9.a(sprite.o)
                0x000000000200a55c                OamMemory
 .bss.OamMemorySub
                0x000000000200a95c      0x400 /opt/devkitpro/libnds/lib/libnds9.a(sprite.o)
                0x000000000200a95c                OamMemorySub
 .bss.keys      0x000000000200ad5c        0x2 /opt/devkitpro/libnds/lib/libnds9.a(keys.o)
 .bss.keysold   0x000000000200ad5e        0x2 /opt/devkitpro/libnds/lib/libnds9.a(keys.o)
 .bss.keysrepeat
                0x000000000200ad60        0x2 /opt/devkitpro/libnds/lib/libnds9.a(keys.o)
 .bss.__dsimode
                0x000000000200ad62        0x1 /opt/devkitpro/libnds/lib/libnds9.a(initSystem.o)
                0x000000000200ad62                __dsimode
 *fill*         0x000000000200ad63        0x1 
 .bss.punixTime
                0x000000000200ad64        0x4 /opt/devkitpro/libnds/lib/libnds9.a(timeSupport.o)
                0x000000000200ad64                punixTime
 .bss.fifo_address_data
                0x000000000200ad68       0x40 /opt/devkitpro/libnds/lib/libnds9.a(fifosystem.o)
                0x000000000200ad68                fifo_address_data
 .bss.fifo_address_func
                0x000000000200ada8       0x40 /opt/devkitpro/libnds/lib/libnds9.a(fifosystem.o)
                0x000000000200ada8                fifo_address_func
 .bss.fifo_address_queue
                0x000000000200ade8       0x40 /opt/devkitpro/libnds/lib/libnds9.a(fifosystem.o)
                0x000000000200ade8                fifo_address_queue
 .bss.fifo_buffer
                0x000000000200ae28      0x800 /opt/devkitpro/libnds/lib/libnds9.a(fifosystem.o)
                0x000000000200ae28                fifo_buffer
 .bss.fifo_data_queue
                0x000000000200b628       0x40 /opt/devkitpro/libnds/lib/libnds9.a(fifosystem.o)
                0x000000000200b628                fifo_data_queue
 .bss.fifo_datamsg_data
                0x000000000200b668       0x40 /opt/devkitpro/libnds/lib/libnds9.a(fifosystem.o)
                0x000000000200b668                fifo_datamsg_data
 .bss.fifo_datamsg_func
                0x000000000200b6a8       0x40 /opt/devkitpro/libnds/lib/libnds9.a(fifosystem.o)
                0x000000000200b6a8                fifo_datamsg_func
 .bss.fifo_value32_data
                0x000000000200b6e8       0x40 /opt/devkitpro/libnds/lib/libnds9.a(fifosystem.o)
                0x000000000200b6e8                fifo_value32_data
 .bss.fifo_value32_func
                0x000000000200b728       0x40 /opt/devkitpro/libnds/lib/libnds9.a(fifosystem.o)
                0x000000000200b728                fifo_value32_func
 .bss.fifo_value32_queue
                0x000000000200b768       0x40 /opt/devkitpro/libnds/lib/libnds9.a(fifosystem.o)
                0x000000000200b768                fifo_value32_queue
 .bss.processing
                0x000000000200b7a8        0x4 /opt/devkitpro/libnds/lib/libnds9.a(fifosystem.o)
                0x000000000200b7a8                processing
 .bss.SDcallback
                0x000000000200b7ac        0x4 /opt/devkitpro/libnds/lib/libnds9.a(system.o)
 .bss.__malloc_current_mallinfo
                0x000000000200b7b0       0x28 /opt/devkitpro/devkitARM/bin/../lib/gcc/arm-none-eabi/10.2.0/../../../../arm-none-eabi/lib/thumb/libg.a(lib_a-mallocr.o)
                0x000000000200b7b0                __malloc_current_mallinfo
 .bss.__malloc_max_sbrked_mem
                0x000000000200b7d8        0x4 /opt/devkitpro/devkitARM/bin/../lib/gcc/arm-none-eabi/10.2.0/../../../../arm-none-eabi/lib/thumb/libg.a(lib_a-mallocr.o)
                0x000000000200b7d8                __malloc_max_sbrked_mem
 .bss.__malloc_max_total_mem
                0x000000000200b7dc        0x4 /opt/devkitpro/devkitARM/bin/../lib/gcc/arm-none-eabi/10.2.0/../../../../arm-none-eabi/lib/thumb/libg.a(lib_a-mallocr.o)
                0x000000000200b7dc                __malloc_max_total_mem
 .bss.__malloc_top_pad
                0x000000000200b7e0        0x4 /opt/devkitpro/devkitARM/bin/../lib/gcc/arm-none-eabi/10.2.0/../../../../arm-none-eabi/lib/thumb/libg.a(lib_a-mallocr.o)
                0x000000000200b7e0                __malloc_top_pad
 .bss.heap_start.0
                0x000000000200b7e4        0x4 /opt/devkitpro/devkitARM/bin/../lib/gcc/arm-none-eabi/10.2.0/../../../../arm-none-eabi/lib/thumb/libsysbase.a(sbrk.o)
 .bss.fake_heap_end
                0x000000000200b7e8        0x4 /opt/devkitpro/devkitARM/bin/../lib/gcc/arm-none-eabi/10.2.0/../../../../arm-none-eabi/lib/thumb/libsysbase.a(malloc_vars.o)
                0x000000000200b7e8                fake_heap_end
 .bss.fake_heap_start
                0x000000000200b7ec        0x4 /opt/devkitpro/devkitARM/bin/../lib/gcc/arm-none-eabi/10.2.0/../../../../arm-none-eabi/lib/thumb/libsysbase.a(malloc_vars.o)
                0x000000000200b7ec                fake_heap_start
 .bss.__syscalls
                0x000000000200b7f0       0x48 /opt/devkitpro/devkitARM/bin/../lib/gcc/arm-none-eabi/10.2.0/../../../../arm-none-eabi/lib/thumb/libsysbase.a(syscall_support.o)
                0x000000000200b7f0                __syscalls
 *(EXCLUDE_FILE(*.twl*) COMMON)
                0x000000000200b838                . = ALIGN (0x4)
                0x000000000200b838                __bss_end__ = ABSOLUTE (.)
                0x000000000200b838                __end__ = ABSOLUTE (.)

.twl            0x000000000200b838        0x0 load address 0x0000000002400000
                0x0000000002400000                __arm9i_lma__ = LOADADDR (.twl)
                0x000000000200b838                __arm9i_start__ = ABSOLUTE (.)
 *(.twl)
 *.twl*(.text .stub .text.* .gnu.linkonce.t.*)
 *.twl*(.rodata)
 *.twl*(.roda)
 *.twl*(.rodata.*)
 *.twl*(.data)
 *.twl*(.data.*)
 *.twl*(.gnu.linkonce.d*)
                0x000000000200b838                __arm9i_end__ = ABSOLUTE (.)

.twl_bss        0x000000000200b838        0x0
                0x000000000200b838                __twl_bss_start__ = ABSOLUTE (.)
 *(.twl_bss)
 *.twl*(.dynbss)
 *.twl*(.gnu.linkonce.b*)
 *.twl*(.bss*)
 *.twl*(COMMON)
                0x000000000200b838                . = ALIGN (0x4)
                0x000000000200b838                __twl_bss_end__ = ABSOLUTE (.)
                0x000000000200b838                __twl_end__ = ABSOLUTE (.)

.stab
 *(.stab)

.stabstr
 *(.stabstr)

.stab.excl
 *(.stab.excl)

.stab.exclstr
 *(.stab.exclstr)

.stab.index
 *(.stab.index)

.stab.indexstr
 *(.stab.indexstr)

.comment        0x0000000000000000       0x23
 *(.comment)
 .comment       0x0000000000000000       0x23 /opt/devkitpro/devkitARM/bin/../lib/gcc/arm-none-eabi/10.2.0/thumb/crtbegin.o
                                         0x24 (size before relaxing)
 .comment       0x0000000000000023       0x24 template.o
 .comment       0x0000000000000023       0x24 /opt/devkitpro/libnds/lib/libnds9.a(sprite_alloc.o)
 .comment       0x0000000000000023       0x24 /opt/devkitpro/libnds/lib/libnds9.a(sprite.o)
 .comment       0x0000000000000023       0x24 /opt/devkitpro/libnds/lib/libnds9.a(keys.o)
 .comment       0x0000000000000023       0x24 /opt/devkitpro/libnds/lib/libnds9.a(initSystem.o)
 .comment       0x0000000000000023       0x24 /opt/devkitpro/libnds/lib/libnds9.a(timeSupport.o)
 .comment       0x0000000000000023       0x24 /opt/devkitpro/libnds/lib/libnds9.a(securearea.o)
 .comment       0x0000000000000023       0x24 /opt/devkitpro/libnds/lib/libnds9.a(interrupts.o)
 .comment       0x0000000000000023       0x24 /opt/devkitpro/libnds/lib/libnds9.a(libnds_exit.arm.o)
 .comment       0x0000000000000023       0x24 /opt/devkitpro/libnds/lib/libnds9.a(fifosystem.o)
 .comment       0x0000000000000023       0x24 /opt/devkitpro/libnds/lib/libnds9.a(video.o)
 .comment       0x0000000000000023       0x24 /opt/devkitpro/libnds/lib/libnds9.a(system.o)
 .comment       0x0000000000000023       0x24 /opt/devkitpro/devkitARM/bin/../lib/gcc/arm-none-eabi/10.2.0/../../../../arm-none-eabi/lib/thumb/libg.a(lib_a-init.o)
 .comment       0x0000000000000023       0x24 /opt/devkitpro/devkitARM/bin/../lib/gcc/arm-none-eabi/10.2.0/../../../../arm-none-eabi/lib/thumb/libg.a(lib_a-malloc.o)
 .comment       0x0000000000000023       0x24 /opt/devkitpro/devkitARM/bin/../lib/gcc/arm-none-eabi/10.2.0/../../../../arm-none-eabi/lib/thumb/libg.a(lib_a-mallocr.o)
 .comment       0x0000000000000023       0x24 /opt/devkitpro/devkitARM/bin/../lib/gcc/arm-none-eabi/10.2.0/../../../../arm-none-eabi/lib/thumb/libg.a(lib_a-memcpy-stub.o)
 .comment       0x0000000000000023       0x24 /opt/devkitpro/devkitARM/bin/../lib/gcc/arm-none-eabi/10.2.0/../../../../arm-none-eabi/lib/thumb/libg.a(lib_a-memset.o)
 .comment       0x0000000000000023       0x24 /opt/devkitpro/devkitARM/bin/../lib/gcc/arm-none-eabi/10.2.0/../../../../arm-none-eabi/lib/thumb/libg.a(lib_a-mlock.o)
 .comment       0x0000000000000023       0x24 /opt/devkitpro/devkitARM/bin/../lib/gcc/arm-none-eabi/10.2.0/../../../../arm-none-eabi/lib/thumb/libg.a(lib_a-realloc.o)
 .comment       0x0000000000000023       0x24 /opt/devkitpro/devkitARM/bin/../lib/gcc/arm-none-eabi/10.2.0/../../../../arm-none-eabi/lib/thumb/libg.a(lib_a-reallocr.o)
 .comment       0x0000000000000023       0x24 /opt/devkitpro/devkitARM/bin/../lib/gcc/arm-none-eabi/10.2.0/../../../../arm-none-eabi/lib/thumb/libg.a(lib_a-freer.o)
 .comment       0x0000000000000023       0x24 /opt/devkitpro/devkitARM/bin/../lib/gcc/arm-none-eabi/10.2.0/../../../../arm-none-eabi/lib/thumb/libg.a(lib_a-memmove.o)
 .comment       0x0000000000000023       0x24 /opt/devkitpro/devkitARM/bin/../lib/gcc/arm-none-eabi/10.2.0/../../../../arm-none-eabi/lib/thumb/libsysbase.a(sbrk.o)
 .comment       0x0000000000000023       0x24 /opt/devkitpro/devkitARM/bin/../lib/gcc/arm-none-eabi/10.2.0/../../../../arm-none-eabi/lib/thumb/libsysbase.a(malloc_vars.o)
 .comment       0x0000000000000023       0x24 /opt/devkitpro/devkitARM/bin/../lib/gcc/arm-none-eabi/10.2.0/../../../../arm-none-eabi/lib/thumb/libsysbase.a(build_argv.o)
 .comment       0x0000000000000023       0x24 /opt/devkitpro/devkitARM/bin/../lib/gcc/arm-none-eabi/10.2.0/../../../../arm-none-eabi/lib/thumb/libsysbase.a(syscall_support.o)
 .comment       0x0000000000000023       0x24 /opt/devkitpro/devkitARM/bin/../lib/gcc/arm-none-eabi/10.2.0/../../../../arm-none-eabi/lib/thumb/libsysbase.a(getreent.o)
 .comment       0x0000000000000023       0x24 /opt/devkitpro/devkitARM/bin/../lib/gcc/arm-none-eabi/10.2.0/../../../../arm-none-eabi/lib/thumb/libg.a(lib_a-impure.o)
 .comment       0x0000000000000023       0x24 /opt/devkitpro/devkitARM/bin/../lib/gcc/arm-none-eabi/10.2.0/thumb/crtend.o

.ARM.attributes
                0x0000000000000000       0x2d
 .ARM.attributes
                0x0000000000000000       0x21 /opt/devkitpro/devkitARM/bin/../lib/gcc/arm-none-eabi/10.2.0/../../../../arm-none-eabi/lib/thumb/ds_arm9_crt0.o
 .ARM.attributes
                0x0000000000000021       0x1c /opt/devkitpro/devkitARM/bin/../lib/gcc/arm-none-eabi/10.2.0/thumb/crti.o
 .ARM.attributes
                0x000000000000003d       0x2a /opt/devkitpro/devkitARM/bin/../lib/gcc/arm-none-eabi/10.2.0/thumb/crtbegin.o
 .ARM.attributes
                0x0000000000000067       0x1a woman.o
 .ARM.attributes
                0x0000000000000081       0x1a man.o
 .ARM.attributes
                0x000000000000009b       0x27 template.o
 .ARM.attributes
                0x00000000000000c2       0x2b /opt/devkitpro/libnds/lib/libnds9.a(sprite_alloc.o)
 .ARM.attributes
                0x00000000000000ed       0x2b /opt/devkitpro/libnds/lib/libnds9.a(sprite.o)
 .ARM.attributes
                0x0000000000000118       0x2b /opt/devkitpro/libnds/lib/libnds9.a(keys.o)
 .ARM.attributes
                0x0000000000000143       0x2b /opt/devkitpro/libnds/lib/libnds9.a(initSystem.o)
 .ARM.attributes
                0x000000000000016e       0x2b /opt/devkitpro/libnds/lib/libnds9.a(timeSupport.o)
 .ARM.attributes
                0x0000000000000199       0x2b /opt/devkitpro/libnds/lib/libnds9.a(securearea.o)
 .ARM.attributes
                0x00000000000001c4       0x2b /opt/devkitpro/libnds/lib/libnds9.a(interrupts.o)
 .ARM.attributes
                0x00000000000001ef       0x2b /opt/devkitpro/libnds/lib/libnds9.a(libnds_exit.arm.o)
 .ARM.attributes
                0x000000000000021a       0x2b /opt/devkitpro/libnds/lib/libnds9.a(fifosystem.o)
 .ARM.attributes
                0x0000000000000245       0x1b /opt/devkitpro/libnds/lib/libnds9.a(dcache.o)
 .ARM.attributes
                0x0000000000000260       0x21 /opt/devkitpro/libnds/lib/libnds9.a(mpu_setup.o)
 .ARM.attributes
                0x0000000000000281       0x21 /opt/devkitpro/libnds/lib/libnds9.a(IntrWait.o)
 .ARM.attributes
                0x00000000000002a2       0x21 /opt/devkitpro/libnds/lib/libnds9.a(cpu_clock.o)
 .ARM.attributes
                0x00000000000002c3       0x1b /opt/devkitpro/libnds/lib/libnds9.a(interruptDispatcher.o)
 .ARM.attributes
                0x00000000000002de       0x21 /opt/devkitpro/libnds/lib/libnds9.a(swiSoftReset.o)
 .ARM.attributes
                0x00000000000002ff       0x2b /opt/devkitpro/libnds/lib/libnds9.a(video.o)
 .ARM.attributes
                0x000000000000032a       0x2b /opt/devkitpro/libnds/lib/libnds9.a(system.o)
 .ARM.attributes
                0x0000000000000355       0x1b /opt/devkitpro/libnds/lib/libnds9.a(biosCalls.o)
 .ARM.attributes
                0x0000000000000370       0x2a /opt/devkitpro/devkitARM/bin/../lib/gcc/arm-none-eabi/10.2.0/../../../../arm-none-eabi/lib/thumb/libg.a(lib_a-init.o)
 .ARM.attributes
                0x000000000000039a       0x2a /opt/devkitpro/devkitARM/bin/../lib/gcc/arm-none-eabi/10.2.0/../../../../arm-none-eabi/lib/thumb/libg.a(lib_a-malloc.o)
 .ARM.attributes
                0x00000000000003c4       0x2a /opt/devkitpro/devkitARM/bin/../lib/gcc/arm-none-eabi/10.2.0/../../../../arm-none-eabi/lib/thumb/libg.a(lib_a-mallocr.o)
 .ARM.attributes
                0x00000000000003ee       0x2a /opt/devkitpro/devkitARM/bin/../lib/gcc/arm-none-eabi/10.2.0/../../../../arm-none-eabi/lib/thumb/libg.a(lib_a-memcpy-stub.o)
 .ARM.attributes
                0x0000000000000418       0x2a /opt/devkitpro/devkitARM/bin/../lib/gcc/arm-none-eabi/10.2.0/../../../../arm-none-eabi/lib/thumb/libg.a(lib_a-memset.o)
 .ARM.attributes
                0x0000000000000442       0x2a /opt/devkitpro/devkitARM/bin/../lib/gcc/arm-none-eabi/10.2.0/../../../../arm-none-eabi/lib/thumb/libg.a(lib_a-mlock.o)
 .ARM.attributes
                0x000000000000046c       0x2a /opt/devkitpro/devkitARM/bin/../lib/gcc/arm-none-eabi/10.2.0/../../../../arm-none-eabi/lib/thumb/libg.a(lib_a-realloc.o)
 .ARM.attributes
                0x0000000000000496       0x2a /opt/devkitpro/devkitARM/bin/../lib/gcc/arm-none-eabi/10.2.0/../../../../arm-none-eabi/lib/thumb/libg.a(lib_a-reallocr.o)
 .ARM.attributes
                0x00000000000004c0       0x2a /opt/devkitpro/devkitARM/bin/../lib/gcc/arm-none-eabi/10.2.0/../../../../arm-none-eabi/lib/thumb/libg.a(lib_a-freer.o)
 .ARM.attributes
                0x00000000000004ea       0x2a /opt/devkitpro/devkitARM/bin/../lib/gcc/arm-none-eabi/10.2.0/../../../../arm-none-eabi/lib/thumb/libg.a(lib_a-memmove.o)
 .ARM.attributes
                0x0000000000000514       0x2a /opt/devkitpro/devkitARM/bin/../lib/gcc/arm-none-eabi/10.2.0/../../../../arm-none-eabi/lib/thumb/libsysbase.a(sbrk.o)
 .ARM.attributes
                0x000000000000053e       0x30 /opt/devkitpro/devkitARM/bin/../lib/gcc/arm-none-eabi/10.2.0/../../../../arm-none-eabi/lib/thumb/libsysbase.a(malloc_vars.o)
 .ARM.attributes
                0x000000000000056e       0x2a /opt/devkitpro/devkitARM/bin/../lib/gcc/arm-none-eabi/10.2.0/../../../../arm-none-eabi/lib/thumb/libsysbase.a(build_argv.o)
 .ARM.attributes
                0x0000000000000598       0x2a /opt/devkitpro/devkitARM/bin/../lib/gcc/arm-none-eabi/10.2.0/../../../../arm-none-eabi/lib/thumb/libsysbase.a(syscall_support.o)
 .ARM.attributes
                0x00000000000005c2       0x2a /opt/devkitpro/devkitARM/bin/../lib/gcc/arm-none-eabi/10.2.0/../../../../arm-none-eabi/lib/thumb/libsysbase.a(getreent.o)
 .ARM.attributes
                0x00000000000005ec       0x30 /opt/devkitpro/devkitARM/bin/../lib/gcc/arm-none-eabi/10.2.0/../../../../arm-none-eabi/lib/thumb/libg.a(lib_a-impure.o)
 .ARM.attributes
                0x000000000000061c       0x30 /opt/devkitpro/devkitARM/bin/../lib/gcc/arm-none-eabi/10.2.0/thumb/crtend.o
 .ARM.attributes
                0x000000000000064c       0x1c /opt/devkitpro/devkitARM/bin/../lib/gcc/arm-none-eabi/10.2.0/thumb/crtn.o

.debug
 *(.debug)

.line
 *(.line)

.debug_srcinfo
 *(.debug_srcinfo)

.debug_sfnames
 *(.debug_sfnames)

.debug_aranges  0x0000000000000000      0x4f8
 *(.debug_aranges)
 .debug_aranges
                0x0000000000000000       0x28 template.o
 .debug_aranges
                0x0000000000000028       0x38 /opt/devkitpro/libnds/lib/libnds9.a(sprite_alloc.o)
 .debug_aranges
                0x0000000000000060       0x60 /opt/devkitpro/libnds/lib/libnds9.a(sprite.o)
 .debug_aranges
                0x00000000000000c0       0x50 /opt/devkitpro/libnds/lib/libnds9.a(keys.o)
 .debug_aranges
                0x0000000000000110       0x20 /opt/devkitpro/libnds/lib/libnds9.a(initSystem.o)
 .debug_aranges
                0x0000000000000130       0x20 /opt/devkitpro/libnds/lib/libnds9.a(timeSupport.o)
 .debug_aranges
                0x0000000000000150       0x18 /opt/devkitpro/libnds/lib/libnds9.a(securearea.o)
 .debug_aranges
                0x0000000000000168       0x50 /opt/devkitpro/libnds/lib/libnds9.a(interrupts.o)
 .debug_aranges
                0x00000000000001b8       0x28 /opt/devkitpro/libnds/lib/libnds9.a(libnds_exit.arm.o)
 .debug_aranges
                0x00000000000001e0       0xb0 /opt/devkitpro/libnds/lib/libnds9.a(fifosystem.o)
 .debug_aranges
                0x0000000000000290       0x38 /opt/devkitpro/libnds/lib/libnds9.a(dcache.o)
 .debug_aranges
                0x00000000000002c8       0x30 /opt/devkitpro/libnds/lib/libnds9.a(mpu_setup.o)
 .debug_aranges
                0x00000000000002f8       0x28 /opt/devkitpro/libnds/lib/libnds9.a(IntrWait.o)
 .debug_aranges
                0x0000000000000320       0x20 /opt/devkitpro/libnds/lib/libnds9.a(cpu_clock.o)
 .debug_aranges
                0x0000000000000340       0x20 /opt/devkitpro/libnds/lib/libnds9.a(interruptDispatcher.o)
 .debug_aranges
                0x0000000000000360       0x20 /opt/devkitpro/libnds/lib/libnds9.a(swiSoftReset.o)
 .debug_aranges
                0x0000000000000380       0x48 /opt/devkitpro/libnds/lib/libnds9.a(video.o)
 .debug_aranges
                0x00000000000003c8       0x68 /opt/devkitpro/libnds/lib/libnds9.a(system.o)
 .debug_aranges
                0x0000000000000430       0xc8 /opt/devkitpro/libnds/lib/libnds9.a(biosCalls.o)

.debug_pubnames
 *(.debug_pubnames)

.debug_info     0x0000000000000000     0x9704
 *(.debug_info)
 .debug_info    0x0000000000000000     0x1424 template.o
 .debug_info    0x0000000000001424     0x1d8b /opt/devkitpro/libnds/lib/libnds9.a(sprite_alloc.o)
 .debug_info    0x00000000000031af      0xda6 /opt/devkitpro/libnds/lib/libnds9.a(sprite.o)
 .debug_info    0x0000000000003f55      0x466 /opt/devkitpro/libnds/lib/libnds9.a(keys.o)
 .debug_info    0x00000000000043bb     0x12a5 /opt/devkitpro/libnds/lib/libnds9.a(initSystem.o)
 .debug_info    0x0000000000005660      0xa64 /opt/devkitpro/libnds/lib/libnds9.a(timeSupport.o)
 .debug_info    0x00000000000060c4       0x59 /opt/devkitpro/libnds/lib/libnds9.a(securearea.o)
 .debug_info    0x000000000000611d      0x68f /opt/devkitpro/libnds/lib/libnds9.a(interrupts.o)
 .debug_info    0x00000000000067ac      0x378 /opt/devkitpro/libnds/lib/libnds9.a(libnds_exit.arm.o)
 .debug_info    0x0000000000006b24     0x189c /opt/devkitpro/libnds/lib/libnds9.a(fifosystem.o)
 .debug_info    0x00000000000083c0       0x22 /opt/devkitpro/libnds/lib/libnds9.a(dcache.o)
 .debug_info    0x00000000000083e2       0x22 /opt/devkitpro/libnds/lib/libnds9.a(mpu_setup.o)
 .debug_info    0x0000000000008404       0x22 /opt/devkitpro/libnds/lib/libnds9.a(IntrWait.o)
 .debug_info    0x0000000000008426       0x26 /opt/devkitpro/libnds/lib/libnds9.a(cpu_clock.o)
 .debug_info    0x000000000000844c       0x26 /opt/devkitpro/libnds/lib/libnds9.a(interruptDispatcher.o)
 .debug_info    0x0000000000008472       0x26 /opt/devkitpro/libnds/lib/libnds9.a(swiSoftReset.o)
 .debug_info    0x0000000000008498      0x7c5 /opt/devkitpro/libnds/lib/libnds9.a(video.o)
 .debug_info    0x0000000000008c5d      0xa85 /opt/devkitpro/libnds/lib/libnds9.a(system.o)
 .debug_info    0x00000000000096e2       0x22 /opt/devkitpro/libnds/lib/libnds9.a(biosCalls.o)

.debug_abbrev   0x0000000000000000     0x20ef
 *(.debug_abbrev)
 .debug_abbrev  0x0000000000000000      0x425 template.o
 .debug_abbrev  0x0000000000000425      0x361 /opt/devkitpro/libnds/lib/libnds9.a(sprite_alloc.o)
 .debug_abbrev  0x0000000000000786      0x384 /opt/devkitpro/libnds/lib/libnds9.a(sprite.o)
 .debug_abbrev  0x0000000000000b0a      0x1a0 /opt/devkitpro/libnds/lib/libnds9.a(keys.o)
 .debug_abbrev  0x0000000000000caa      0x33f /opt/devkitpro/libnds/lib/libnds9.a(initSystem.o)
 .debug_abbrev  0x0000000000000fe9      0x1e5 /opt/devkitpro/libnds/lib/libnds9.a(timeSupport.o)
 .debug_abbrev  0x00000000000011ce       0x47 /opt/devkitpro/libnds/lib/libnds9.a(securearea.o)
 .debug_abbrev  0x0000000000001215      0x2dd /opt/devkitpro/libnds/lib/libnds9.a(interrupts.o)
 .debug_abbrev  0x00000000000014f2      0x1a8 /opt/devkitpro/libnds/lib/libnds9.a(libnds_exit.arm.o)
 .debug_abbrev  0x000000000000169a      0x491 /opt/devkitpro/libnds/lib/libnds9.a(fifosystem.o)
 .debug_abbrev  0x0000000000001b2b       0x12 /opt/devkitpro/libnds/lib/libnds9.a(dcache.o)
 .debug_abbrev  0x0000000000001b3d       0x12 /opt/devkitpro/libnds/lib/libnds9.a(mpu_setup.o)
 .debug_abbrev  0x0000000000001b4f       0x12 /opt/devkitpro/libnds/lib/libnds9.a(IntrWait.o)
 .debug_abbrev  0x0000000000001b61       0x14 /opt/devkitpro/libnds/lib/libnds9.a(cpu_clock.o)
 .debug_abbrev  0x0000000000001b75       0x14 /opt/devkitpro/libnds/lib/libnds9.a(interruptDispatcher.o)
 .debug_abbrev  0x0000000000001b89       0x14 /opt/devkitpro/libnds/lib/libnds9.a(swiSoftReset.o)
 .debug_abbrev  0x0000000000001b9d      0x241 /opt/devkitpro/libnds/lib/libnds9.a(video.o)
 .debug_abbrev  0x0000000000001dde      0x2ff /opt/devkitpro/libnds/lib/libnds9.a(system.o)
 .debug_abbrev  0x00000000000020dd       0x12 /opt/devkitpro/libnds/lib/libnds9.a(biosCalls.o)

.debug_line     0x0000000000000000     0x5ebd
 *(.debug_line)
 .debug_line    0x0000000000000000      0x7bf template.o
 .debug_line    0x00000000000007bf     0x16fc /opt/devkitpro/libnds/lib/libnds9.a(sprite_alloc.o)
 .debug_line    0x0000000000001ebb      0x797 /opt/devkitpro/libnds/lib/libnds9.a(sprite.o)
 .debug_line    0x0000000000002652      0x3ad /opt/devkitpro/libnds/lib/libnds9.a(keys.o)
 .debug_line    0x00000000000029ff      0x58b /opt/devkitpro/libnds/lib/libnds9.a(initSystem.o)
 .debug_line    0x0000000000002f8a      0x1f0 /opt/devkitpro/libnds/lib/libnds9.a(timeSupport.o)
 .debug_line    0x000000000000317a       0x8f /opt/devkitpro/libnds/lib/libnds9.a(securearea.o)
 .debug_line    0x0000000000003209      0x569 /opt/devkitpro/libnds/lib/libnds9.a(interrupts.o)
 .debug_line    0x0000000000003772      0x252 /opt/devkitpro/libnds/lib/libnds9.a(libnds_exit.arm.o)
 .debug_line    0x00000000000039c4     0x142b /opt/devkitpro/libnds/lib/libnds9.a(fifosystem.o)
 .debug_line    0x0000000000004def       0xe0 /opt/devkitpro/libnds/lib/libnds9.a(dcache.o)
 .debug_line    0x0000000000004ecf      0x13c /opt/devkitpro/libnds/lib/libnds9.a(mpu_setup.o)
 .debug_line    0x000000000000500b       0xc7 /opt/devkitpro/libnds/lib/libnds9.a(IntrWait.o)
 .debug_line    0x00000000000050d2       0xb0 /opt/devkitpro/libnds/lib/libnds9.a(cpu_clock.o)
 .debug_line    0x0000000000005182       0xd9 /opt/devkitpro/libnds/lib/libnds9.a(interruptDispatcher.o)
 .debug_line    0x000000000000525b       0xa9 /opt/devkitpro/libnds/lib/libnds9.a(swiSoftReset.o)
 .debug_line    0x0000000000005304      0x4d9 /opt/devkitpro/libnds/lib/libnds9.a(video.o)
 .debug_line    0x00000000000057dd      0x4e1 /opt/devkitpro/libnds/lib/libnds9.a(system.o)
 .debug_line    0x0000000000005cbe      0x1ff /opt/devkitpro/libnds/lib/libnds9.a(biosCalls.o)

.debug_frame    0x0000000000000000      0x828
 *(.debug_frame)
 .debug_frame   0x0000000000000000       0xa0 template.o
 .debug_frame   0x00000000000000a0       0x9c /opt/devkitpro/libnds/lib/libnds9.a(sprite_alloc.o)
 .debug_frame   0x000000000000013c       0xf0 /opt/devkitpro/libnds/lib/libnds9.a(sprite.o)
 .debug_frame   0x000000000000022c       0x8c /opt/devkitpro/libnds/lib/libnds9.a(keys.o)
 .debug_frame   0x00000000000002b8       0x28 /opt/devkitpro/libnds/lib/libnds9.a(initSystem.o)
 .debug_frame   0x00000000000002e0       0x28 /opt/devkitpro/libnds/lib/libnds9.a(timeSupport.o)
 .debug_frame   0x0000000000000308       0xa4 /opt/devkitpro/libnds/lib/libnds9.a(interrupts.o)
 .debug_frame   0x00000000000003ac       0x38 /opt/devkitpro/libnds/lib/libnds9.a(libnds_exit.arm.o)
 .debug_frame   0x00000000000003e4      0x290 /opt/devkitpro/libnds/lib/libnds9.a(fifosystem.o)
 .debug_frame   0x0000000000000674       0xbc /opt/devkitpro/libnds/lib/libnds9.a(video.o)
 .debug_frame   0x0000000000000730       0xf8 /opt/devkitpro/libnds/lib/libnds9.a(system.o)

.debug_str      0x0000000000000000     0x32ca
 *(.debug_str)
 .debug_str     0x0000000000000000      0xda0 template.o
                                        0xe61 (size before relaxing)
 .debug_str     0x0000000000000da0      0x250 /opt/devkitpro/libnds/lib/libnds9.a(sprite_alloc.o)
                                        0x7d7 (size before relaxing)
 .debug_str     0x0000000000000ff0      0x162 /opt/devkitpro/libnds/lib/libnds9.a(sprite.o)
                                        0x870 (size before relaxing)
 .debug_str     0x0000000000001152      0x197 /opt/devkitpro/libnds/lib/libnds9.a(keys.o)
                                        0x420 (size before relaxing)
 .debug_str     0x00000000000012e9      0x850 /opt/devkitpro/libnds/lib/libnds9.a(initSystem.o)
                                        0xc4b (size before relaxing)
 .debug_str     0x0000000000001b39       0x7e /opt/devkitpro/libnds/lib/libnds9.a(timeSupport.o)
                                        0x689 (size before relaxing)
 .debug_str     0x0000000000001bb7       0x7f /opt/devkitpro/libnds/lib/libnds9.a(securearea.o)
                                        0x16e (size before relaxing)
 .debug_str     0x0000000000001c36      0x193 /opt/devkitpro/libnds/lib/libnds9.a(interrupts.o)
                                        0x48d (size before relaxing)
 .debug_str     0x0000000000001dc9      0x1db /opt/devkitpro/libnds/lib/libnds9.a(libnds_exit.arm.o)
                                        0x3e5 (size before relaxing)
 .debug_str     0x0000000000001fa4      0x4af /opt/devkitpro/libnds/lib/libnds9.a(fifosystem.o)
                                        0x894 (size before relaxing)
 .debug_str     0x0000000000002453       0x70 /opt/devkitpro/libnds/lib/libnds9.a(dcache.o)
                                         0xc4 (size before relaxing)
 .debug_str     0x00000000000024c3       0x6e /opt/devkitpro/libnds/lib/libnds9.a(mpu_setup.o)
                                         0xce (size before relaxing)
 .debug_str     0x0000000000002531       0x6d /opt/devkitpro/libnds/lib/libnds9.a(IntrWait.o)
                                         0xcd (size before relaxing)
 .debug_str     0x000000000000259e       0x6e /opt/devkitpro/libnds/lib/libnds9.a(cpu_clock.o)
                                         0xce (size before relaxing)
 .debug_str     0x000000000000260c       0x73 /opt/devkitpro/libnds/lib/libnds9.a(interruptDispatcher.o)
                                         0xd3 (size before relaxing)
 .debug_str     0x000000000000267f       0x6c /opt/devkitpro/libnds/lib/libnds9.a(swiSoftReset.o)
                                         0xcc (size before relaxing)
 .debug_str     0x00000000000026eb      0x7e7 /opt/devkitpro/libnds/lib/libnds9.a(video.o)
                                        0xc53 (size before relaxing)
 .debug_str     0x0000000000002ed2      0x38f /opt/devkitpro/libnds/lib/libnds9.a(system.o)
                                        0x791 (size before relaxing)
 .debug_str     0x0000000000003261       0x69 /opt/devkitpro/libnds/lib/libnds9.a(biosCalls.o)
                                         0xc9 (size before relaxing)

.debug_loc      0x0000000000000000     0x4acb
 *(.debug_loc)
 .debug_loc     0x0000000000000000      0x698 template.o
 .debug_loc     0x0000000000000698     0x1c9e /opt/devkitpro/libnds/lib/libnds9.a(sprite_alloc.o)
 .debug_loc     0x0000000000002336      0x826 /opt/devkitpro/libnds/lib/libnds9.a(sprite.o)
 .debug_loc     0x0000000000002b5c       0x15 /opt/devkitpro/libnds/lib/libnds9.a(keys.o)
 .debug_loc     0x0000000000002b71       0xf0 /opt/devkitpro/libnds/lib/libnds9.a(initSystem.o)
 .debug_loc     0x0000000000002c61       0x25 /opt/devkitpro/libnds/lib/libnds9.a(timeSupport.o)
 .debug_loc     0x0000000000002c86      0x26c /opt/devkitpro/libnds/lib/libnds9.a(interrupts.o)
 .debug_loc     0x0000000000002ef2       0x64 /opt/devkitpro/libnds/lib/libnds9.a(libnds_exit.arm.o)
 .debug_loc     0x0000000000002f56     0x168e /opt/devkitpro/libnds/lib/libnds9.a(fifosystem.o)
 .debug_loc     0x00000000000045e4      0x2e5 /opt/devkitpro/libnds/lib/libnds9.a(video.o)
 .debug_loc     0x00000000000048c9      0x202 /opt/devkitpro/libnds/lib/libnds9.a(system.o)

.debug_macinfo
 *(.debug_macinfo)

.debug_weaknames
 *(.debug_weaknames)

.debug_funcnames
 *(.debug_funcnames)

.debug_typenames
 *(.debug_typenames)

.debug_varnames
 *(.debug_varnames)

.stack          0x0000000000080000        0x0
                0x0000000000080000                _stack = .
 *(.stack)
LOAD /opt/devkitpro/devkitARM/bin/../lib/gcc/arm-none-eabi/10.2.0/../../../../arm-none-eabi/lib/thumb/ds_arm9_crt0.o
LOAD /opt/devkitpro/devkitARM/bin/../lib/gcc/arm-none-eabi/10.2.0/thumb/crti.o
LOAD /opt/devkitpro/devkitARM/bin/../lib/gcc/arm-none-eabi/10.2.0/thumb/crtbegin.o
LOAD woman.o
LOAD man.o
LOAD template.o
LOAD /opt/devkitpro/libnds/lib/libnds9.a
START GROUP
LOAD /opt/devkitpro/devkitARM/bin/../lib/gcc/arm-none-eabi/10.2.0/thumb/libgcc.a
LOAD /opt/devkitpro/devkitARM/bin/../lib/gcc/arm-none-eabi/10.2.0/../../../../arm-none-eabi/lib/thumb/libg.a
LOAD /opt/devkitpro/devkitARM/bin/../lib/gcc/arm-none-eabi/10.2.0/../../../../arm-none-eabi/lib/thumb/libc.a
LOAD /opt/devkitpro/devkitARM/bin/../lib/gcc/arm-none-eabi/10.2.0/../../../../arm-none-eabi/lib/thumb/libsysbase.a
END GROUP
LOAD /opt/devkitpro/devkitARM/bin/../lib/gcc/arm-none-eabi/10.2.0/thumb/crtend.o
LOAD /opt/devkitpro/devkitARM/bin/../lib/gcc/arm-none-eabi/10.2.0/thumb/crtn.o
OUTPUT(/home/dealmengor/projects/upv/aev/upv_aev--nintendo_practices/pra--01/desarrollo_NDS/Graphics/Sprites/animate_simple/animate_simple.elf elf32-littlearm)
LOAD linker stubs

.debug_ranges   0x0000000000000000     0x1800
 .debug_ranges  0x0000000000000000      0x140 template.o
 .debug_ranges  0x0000000000000140      0xde0 /opt/devkitpro/libnds/lib/libnds9.a(sprite_alloc.o)
 .debug_ranges  0x0000000000000f20       0xa8 /opt/devkitpro/libnds/lib/libnds9.a(sprite.o)
 .debug_ranges  0x0000000000000fc8       0x58 /opt/devkitpro/libnds/lib/libnds9.a(keys.o)
 .debug_ranges  0x0000000000001020       0x10 /opt/devkitpro/libnds/lib/libnds9.a(initSystem.o)
 .debug_ranges  0x0000000000001030       0x10 /opt/devkitpro/libnds/lib/libnds9.a(timeSupport.o)
 .debug_ranges  0x0000000000001040      0x100 /opt/devkitpro/libnds/lib/libnds9.a(interrupts.o)
 .debug_ranges  0x0000000000001140       0x18 /opt/devkitpro/libnds/lib/libnds9.a(libnds_exit.arm.o)
 .debug_ranges  0x0000000000001158      0x4c8 /opt/devkitpro/libnds/lib/libnds9.a(fifosystem.o)
 .debug_ranges  0x0000000000001620       0x30 /opt/devkitpro/libnds/lib/libnds9.a(dcache.o)
 .debug_ranges  0x0000000000001650       0x28 /opt/devkitpro/libnds/lib/libnds9.a(mpu_setup.o)
 .debug_ranges  0x0000000000001678       0x20 /opt/devkitpro/libnds/lib/libnds9.a(IntrWait.o)
 .debug_ranges  0x0000000000001698       0x50 /opt/devkitpro/libnds/lib/libnds9.a(video.o)
 .debug_ranges  0x00000000000016e8       0x58 /opt/devkitpro/libnds/lib/libnds9.a(system.o)
 .debug_ranges  0x0000000000001740       0xc0 /opt/devkitpro/libnds/lib/libnds9.a(biosCalls.o)
