Archive member included to satisfy reference by file (symbol)

/opt/devkitpro/libnds/lib/libfilesystem.a(nitrofs.o)
                              directory.o (nitroFSInit)
/opt/devkitpro/libnds/lib/libfat.a(libfat.o)
                              /opt/devkitpro/libnds/lib/libfilesystem.a(nitrofs.o) (fatInitDefault)
/opt/devkitpro/libnds/lib/libfat.a(disc.o)
                              /opt/devkitpro/libnds/lib/libfat.a(libfat.o) (_FAT_disc_interfaces)
/opt/devkitpro/libnds/lib/libfat.a(fatfile.o)
                              /opt/devkitpro/libnds/lib/libfat.a(libfat.o) (_FAT_open_r)
/opt/devkitpro/libnds/lib/libfat.a(cache.o)
                              /opt/devkitpro/libnds/lib/libfat.a(fatfile.o) (_FAT_cache_readSectors)
/opt/devkitpro/libnds/lib/libfat.a(fatdir.o)
                              /opt/devkitpro/libnds/lib/libfat.a(libfat.o) (_FAT_stat_r)
/opt/devkitpro/libnds/lib/libfat.a(directory.o)
                              /opt/devkitpro/libnds/lib/libfat.a(fatfile.o) (_FAT_directory_entryGetCluster)
/opt/devkitpro/libnds/lib/libfat.a(partition.o)
                              /opt/devkitpro/libnds/lib/libfat.a(libfat.o) (_FAT_partition_destructor)
/opt/devkitpro/libnds/lib/libfat.a(lock.o)
                              /opt/devkitpro/libnds/lib/libfat.a(partition.o) (_FAT_lock_init)
/opt/devkitpro/libnds/lib/libfat.a(filetime.o)
                              /opt/devkitpro/libnds/lib/libfat.a(fatfile.o) (_FAT_filetime_getTimeFromRTC)
/opt/devkitpro/libnds/lib/libfat.a(file_allocation_table.o)
                              /opt/devkitpro/libnds/lib/libfat.a(fatfile.o) (_FAT_fat_nextCluster)
/opt/devkitpro/libnds/lib/libnds9.a(console.o)
                              directory.o (consoleDemoInit)
/opt/devkitpro/libnds/lib/libnds9.a(keys.o)
                              directory.o (scanKeys)
/opt/devkitpro/libnds/lib/libnds9.a(dldi.o)
                              /opt/devkitpro/libnds/lib/libfat.a(disc.o) (dldiGetInternal)
/opt/devkitpro/libnds/lib/libnds9.a(initSystem.o)
                              /opt/devkitpro/devkitARM/bin/../lib/gcc/arm-none-eabi/10.2.0/../../../../arm-none-eabi/lib/thumb/ds_arm9_crt0.o (initSystem)
/opt/devkitpro/libnds/lib/libnds9.a(timeSupport.o)
                              /opt/devkitpro/libnds/lib/libnds9.a(initSystem.o) (__libnds_gtod)
/opt/devkitpro/libnds/lib/libnds9.a(securearea.o)
                              /opt/devkitpro/devkitARM/bin/../lib/gcc/arm-none-eabi/10.2.0/../../../../arm-none-eabi/lib/thumb/ds_arm9_crt0.o (__secure_area__)
/opt/devkitpro/libnds/lib/libnds9.a(interrupts.o)
                              /opt/devkitpro/libnds/lib/libnds9.a(initSystem.o) (irqInit)
/opt/devkitpro/libnds/lib/libnds9.a(libnds_exit.arm.o)
                              /opt/devkitpro/devkitARM/bin/../lib/gcc/arm-none-eabi/10.2.0/../../../../arm-none-eabi/lib/thumb/ds_arm9_crt0.o (__libnds_exit)
/opt/devkitpro/libnds/lib/libnds9.a(card.o)
                              /opt/devkitpro/libnds/lib/libfilesystem.a(nitrofs.o) (cardParamCommand)
/opt/devkitpro/libnds/lib/libnds9.a(fifosystem.o)
                              /opt/devkitpro/libnds/lib/libnds9.a(initSystem.o) (fifoSetValue32Handler)
/opt/devkitpro/libnds/lib/libnds9.a(dldi_stub.o)
                              /opt/devkitpro/libnds/lib/libnds9.a(dldi.o) (_io_dldi_stub)
/opt/devkitpro/libnds/lib/libnds9.a(mpu_setup.o)
                              /opt/devkitpro/devkitARM/bin/../lib/gcc/arm-none-eabi/10.2.0/../../../../arm-none-eabi/lib/thumb/ds_arm9_crt0.o (__libnds_mpu_setup)
/opt/devkitpro/libnds/lib/libnds9.a(IntrWait.o)
                              directory.o (swiWaitForVBlank)
/opt/devkitpro/libnds/lib/libnds9.a(cpu_clock.o)
                              /opt/devkitpro/libnds/lib/libnds9.a(initSystem.o) (setCpuClock)
/opt/devkitpro/libnds/lib/libnds9.a(interruptDispatcher.o)
                              /opt/devkitpro/libnds/lib/libnds9.a(interrupts.o) (IntrMain)
/opt/devkitpro/libnds/lib/libnds9.a(debugprint.o)
                              /opt/devkitpro/libnds/lib/libnds9.a(console.o) (nocashWrite)
/opt/devkitpro/libnds/lib/libnds9.a(swiSoftReset.o)
                              /opt/devkitpro/libnds/lib/libnds9.a(fifosystem.o) (swiSoftReset)
/opt/devkitpro/libnds/lib/libnds9.a(biosCalls.o)
                              /opt/devkitpro/libnds/lib/libnds9.a(card.o) (swiDelay)
/opt/devkitpro/libnds/lib/libnds9.a(default_font.bin.o)
                              /opt/devkitpro/libnds/lib/libnds9.a(console.o) (default_font_bin)
/opt/devkitpro/libnds/lib/libnds9.a(background.o)
                              /opt/devkitpro/libnds/lib/libnds9.a(console.o) (bgState)
/opt/devkitpro/libnds/lib/libnds9.a(video.o)
                              /opt/devkitpro/libnds/lib/libnds9.a(initSystem.o) (vramDefault)
/opt/devkitpro/libnds/lib/libnds9.a(system.o)
                              /opt/devkitpro/libnds/lib/libnds9.a(initSystem.o) (systemValueHandler)
/opt/devkitpro/libnds/lib/libnds9.a(trig.o)
[...]
Memory Configuration

Name             Origin             Length             Attributes
ewram            0x0000000002000000 0x0000000000380000
dtcm             0x0000000002ff0000 0x0000000000004000
vectors          0x0000000001000000 0x0000000000000100
itcm             0x0000000001000100 0x0000000000007f00
*default*        0x0000000000000000 0xffffffffffffffff

Linker script and memory map

                0x0000000002380000                __ewram_end = (ORIGIN (ewram) + LENGTH (ewram))
                0x0000000002380000                __eheap_end = (ORIGIN (ewram) + LENGTH (ewram))
                0x0000000002ff4000                __dtcm_top = (ORIGIN (dtcm) + LENGTH (dtcm))
                0x0000000002ff3ff8                __irq_flags = (__dtcm_top - 0x8)
                0x0000000002ff3ffc                __irq_vector = (__dtcm_top - 0x4)
                0x0000000002ff3f00                __sp_svc = (__dtcm_top - 0x100)
                0x0000000002ff3e00                __sp_irq = (__sp_svc - 0x100)
                0x0000000002ff3d00                __sp_usr = (__sp_irq - 0x100)

.secure         0x0000000002000000      0x800
 *(.secure)
 .secure        0x0000000002000000      0x800 /opt/devkitpro/libnds/lib/libnds9.a(securearea.o)
                0x0000000002000000                __secure_area__

.crt0           0x0000000002000800      0x300
                0x0000000002000800                __text_start = .
 *(.crt0)
 .crt0          0x0000000002000800      0x300 /opt/devkitpro/devkitARM/bin/../lib/gcc/arm-none-eabi/10.2.0/../../../../arm-none-eabi/lib/thumb/ds_arm9_crt0.o
                0x0000000002000800                _start
                0x0000000002000b00                . = ALIGN (0x4)

.plt
 *(.plt)

.init           0x0000000002000b00        0xc
 *(SORT_NONE(.init))
 .init          0x0000000002000b00        0x4 /opt/devkitpro/devkitARM/bin/../lib/gcc/arm-none-eabi/10.2.0/thumb/crti.o
                0x0000000002000b00                _init
 .init          0x0000000002000b04        0x8 /opt/devkitpro/devkitARM/bin/../lib/gcc/arm-none-eabi/10.2.0/thumb/crtn.o

.text           0x0000000002000b40    0x1c678
 *(EXCLUDE_FILE(*.twl* *.vectors* *.itcm*) .text)
 .text          0x0000000002000b40      0x104 directory.o
                0x0000000002000b40                dirlist
 *fill*         0x0000000002000c44       0x3c ff
 .text          0x0000000002000c80     0x4000 /opt/devkitpro/libnds/lib/libnds9.a(dldi_stub.o)
                0x0000000002000c80                _io_dldi_stub
 .text          0x0000000002004c80      0x11c /opt/devkitpro/devkitARM/bin/../lib/gcc/arm-none-eabi/10.2.0/thumb/libgcc.a(_udivsi3.o)
                0x0000000002004c80                __udivsi3
                0x0000000002004c80                __aeabi_uidiv
                0x0000000002004d7c                __aeabi_uidivmod
 .text          0x0000000002004d9c      0x150 /opt/devkitpro/devkitARM/bin/../lib/gcc/arm-none-eabi/10.2.0/thumb/libgcc.a(_divsi3.o)
                0x0000000002004d9c                __aeabi_idiv
                0x0000000002004d9c                __divsi3
                0x0000000002004ecc                __aeabi_idivmod
 .text          0x0000000002004eec        0x4 /opt/devkitpro/devkitARM/bin/../lib/gcc/arm-none-eabi/10.2.0/thumb/libgcc.a(_dvmd_tls.o)
                0x0000000002004eec                __aeabi_ldiv0
                0x0000000002004eec                __aeabi_idiv0
 .text          0x0000000002004ef0       0xd4 /opt/devkitpro/devkitARM/bin/../lib/gcc/arm-none-eabi/10.2.0/thumb/libgcc.a(_aeabi_ldivmod.o)
                0x0000000002004ef0                __aeabi_ldivmod
 .text          0x0000000002004fc4       0x28 /opt/devkitpro/devkitARM/bin/../lib/gcc/arm-none-eabi/10.2.0/thumb/libgcc.a(_clzdi2.o)
                0x0000000002004fc4                __clzdi2
 .text          0x0000000002004fec       0x48 /opt/devkitpro/devkitARM/bin/../lib/gcc/arm-none-eabi/10.2.0/thumb/libgcc.a(_clzsi2.o)
                0x0000000002004fec                __clzsi2
 .text          0x0000000002005034      0x224 /opt/devkitpro/devkitARM/bin/../lib/gcc/arm-none-eabi/10.2.0/../../../../arm-none-eabi/lib/thumb/libg.a(lib_a-strcmp.o)
                0x0000000002005034                strcmp
 .text          0x0000000002005258       0x14 /opt/devkitpro/devkitARM/bin/../lib/gcc/arm-none-eabi/10.2.0/thumb/libgcc.a(_thumb1_case_uqi.o)
                0x0000000002005258                __gnu_thumb1_case_uqi
 .text          0x000000000200526c       0x14 /opt/devkitpro/devkitARM/bin/../lib/gcc/arm-none-eabi/10.2.0/thumb/libgcc.a(_thumb1_case_uhi.o)
                0x000000000200526c                __gnu_thumb1_case_uhi
 .text          0x0000000002005280      0x424 /opt/devkitpro/devkitARM/bin/../lib/gcc/arm-none-eabi/10.2.0/thumb/libgcc.a(_arm_addsubdf3.o)
                0x0000000002005280                __aeabi_drsub
                0x0000000002005288                __aeabi_dsub
                0x0000000002005288                __subdf3
                0x000000000200528c                __adddf3
                0x000000000200528c                __aeabi_dadd
                0x000000000200559c                __aeabi_ui2d
                0x000000000200559c                __floatunsidf
                0x00000000020055c0                __floatsidf
                0x00000000020055c0                __aeabi_i2d
                0x00000000020055e8                __extendsfdf2
                0x00000000020055e8                __aeabi_f2d
                0x0000000002005630                __aeabi_ul2d
                0x0000000002005630                __floatundidf
                0x0000000002005644                __floatdidf
                0x0000000002005644                __aeabi_l2d
 .text          0x00000000020056a4      0x49c /opt/devkitpro/devkitARM/bin/../lib/gcc/arm-none-eabi/10.2.0/thumb/libgcc.a(_arm_muldivdf3.o)
                0x00000000020056a4                __aeabi_dmul
                0x00000000020056a4                __muldf3
                0x0000000002005934                __aeabi_ddiv
                0x0000000002005934                __divdf3
 .text          0x0000000002005b40      0x144 /opt/devkitpro/devkitARM/bin/../lib/gcc/arm-none-eabi/10.2.0/thumb/libgcc.a(_arm_cmpdf2.o)
                0x0000000002005b40                __gtdf2
                0x0000000002005b40                __gedf2
                0x0000000002005b48                __ltdf2
                0x0000000002005b48                __ledf2
                0x0000000002005b50                __cmpdf2
                0x0000000002005b50                __eqdf2
                0x0000000002005b50                __nedf2
                0x0000000002005bd8                __aeabi_cdrcmple
                0x0000000002005bf4                __aeabi_cdcmple
                0x0000000002005bf4                __aeabi_cdcmpeq
                0x0000000002005c0c                __aeabi_dcmpeq
                0x0000000002005c24                __aeabi_dcmplt
                0x0000000002005c3c                __aeabi_dcmple
                0x0000000002005c54                __aeabi_dcmpge
                0x0000000002005c6c                __aeabi_dcmpgt
 .text          0x0000000002005c84       0x38 /opt/devkitpro/devkitARM/bin/../lib/gcc/arm-none-eabi/10.2.0/thumb/libgcc.a(_arm_unorddf2.o)
                0x0000000002005c84                __aeabi_dcmpun
                0x0000000002005c84                __unorddf2
 .text          0x0000000002005cbc       0x5c /opt/devkitpro/devkitARM/bin/../lib/gcc/arm-none-eabi/10.2.0/thumb/libgcc.a(_arm_fixdfsi.o)
                0x0000000002005cbc                __fixdfsi
                0x0000000002005cbc                __aeabi_d2iz
 .text          0x0000000002005d18       0x3c /opt/devkitpro/devkitARM/bin/../lib/gcc/arm-none-eabi/10.2.0/thumb/libgcc.a(_aeabi_uldivmod.o)
                0x0000000002005d18                __aeabi_uldivmod
 *(EXCLUDE_FILE(*.twl* *.vectors* *.itcm*) .stub)
 *(EXCLUDE_FILE(*.twl* *.vectors* *.itcm*) .text.*)
 .text.__do_global_dtors_aux
                0x0000000002005d54       0x2c /opt/devkitpro/devkitARM/bin/../lib/gcc/arm-none-eabi/10.2.0/thumb/crtbegin.o
 .text.frame_dummy
                0x0000000002005d80       0x24 /opt/devkitpro/devkitARM/bin/../lib/gcc/arm-none-eabi/10.2.0/thumb/crtbegin.o
 .text.startup  0x0000000002005da4       0xc8 directory.o
                0x0000000002005da4                main
 .text.nitroFSDirClose
                0x0000000002005e6c        0x4 /opt/devkitpro/libnds/lib/libfilesystem.a(nitrofs.o)
 .text.nitroFSSeek
                0x0000000002005e70       0x78 /opt/devkitpro/libnds/lib/libfilesystem.a(nitrofs.o)
 .text.nitroFSFstat
                0x0000000002005ee8       0x10 /opt/devkitpro/libnds/lib/libfilesystem.a(nitrofs.o)
 .text.nitroSubReadBlock
                0x0000000002005ef8       0x54 /opt/devkitpro/libnds/lib/libfilesystem.a(nitrofs.o)
 .text.nitroSubReadCard
                0x0000000002005f4c       0xb0 /opt/devkitpro/libnds/lib/libfilesystem.a(nitrofs.o)
 .text.nitroFSClose
                0x0000000002005ffc        0x4 /opt/devkitpro/libnds/lib/libfilesystem.a(nitrofs.o)
 .text.nitroDirReset
                0x0000000002006000       0x9c /opt/devkitpro/libnds/lib/libfilesystem.a(nitrofs.o)
 .text.nitroFSRead
                0x000000000200609c       0xbc /opt/devkitpro/libnds/lib/libfilesystem.a(nitrofs.o)
 .text.nitroFSDirNext
                0x0000000002006158      0x30c /opt/devkitpro/libnds/lib/libfilesystem.a(nitrofs.o)
 .text.nitroFSDirOpen
                0x0000000002006464       0xe0 /opt/devkitpro/libnds/lib/libfilesystem.a(nitrofs.o)
 .text.nitroFSChdir
                0x0000000002006544       0x30 /opt/devkitpro/libnds/lib/libfilesystem.a(nitrofs.o)
 .text.nitroFSOpen
                0x0000000002006574       0xc4 /opt/devkitpro/libnds/lib/libfilesystem.a(nitrofs.o)
 .text.nitroFSstat
                0x0000000002006638       0x68 /opt/devkitpro/libnds/lib/libfilesystem.a(nitrofs.o)
 .text.nitroFSInit
                0x00000000020066a0      0x12c /opt/devkitpro/libnds/lib/libfilesystem.a(nitrofs.o)
                0x00000000020066a0                nitroFSInit
 .text.fatMount.part.0
                0x00000000020067cc       0xa0 /opt/devkitpro/libnds/lib/libfat.a(libfat.o)
 .text.fatMount
                0x000000000200686c       0x3c /opt/devkitpro/libnds/lib/libfat.a(libfat.o)
                0x000000000200686c                fatMount
 .text.fatInit  0x00000000020068a8      0x130 /opt/devkitpro/libnds/lib/libfat.a(libfat.o)
                0x00000000020068a8                fatInit
 .text.fatInitDefault
                0x00000000020069d8        0xc /opt/devkitpro/libnds/lib/libfat.a(libfat.o)
                0x00000000020069d8                fatInitDefault
 .text._FAT_check_position_for_next_cluster.part.0
                0x00000000020069e4       0x68 /opt/devkitpro/libnds/lib/libfat.a(fatfile.o)
 .text._FAT_syncToDisc.part.0
                0x0000000002006a4c       0xd4 /opt/devkitpro/libnds/lib/libfat.a(fatfile.o)
 .text._FAT_file_extend_r
                0x0000000002006b20      0x208 /opt/devkitpro/libnds/lib/libfat.a(fatfile.o)
 .text._FAT_open_r
                0x0000000002006d28      0x2d4 /opt/devkitpro/libnds/lib/libfat.a(fatfile.o)
                0x0000000002006d28                _FAT_open_r
 .text._FAT_close_r
                0x0000000002006ffc       0x74 /opt/devkitpro/libnds/lib/libfat.a(fatfile.o)
                0x0000000002006ffc                _FAT_close_r
 .text._FAT_read_r
                0x0000000002007070      0x398 /opt/devkitpro/libnds/lib/libfat.a(fatfile.o)
                0x0000000002007070                _FAT_read_r
 .text._FAT_write_r
                0x0000000002007408      0x53c /opt/devkitpro/libnds/lib/libfat.a(fatfile.o)
                0x0000000002007408                _FAT_write_r
 .text._FAT_seek_r
                0x0000000002007944      0x194 /opt/devkitpro/libnds/lib/libfat.a(fatfile.o)
                0x0000000002007944                _FAT_seek_r
 .text._FAT_fstat_r
                0x0000000002007ad8       0x8c /opt/devkitpro/libnds/lib/libfat.a(fatfile.o)
                0x0000000002007ad8                _FAT_fstat_r
 .text._FAT_ftruncate_r
                0x0000000002007b64      0x16c /opt/devkitpro/libnds/lib/libfat.a(fatfile.o)
                0x0000000002007b64                _FAT_ftruncate_r
 .text._FAT_fsync_r
                0x0000000002007cd0       0x44 /opt/devkitpro/libnds/lib/libfat.a(fatfile.o)
                0x0000000002007cd0                _FAT_fsync_r
 .text._FAT_cache_getPage
                0x0000000002007d14       0xf0 /opt/devkitpro/libnds/lib/libfat.a(cache.o)
 .text._FAT_cache_constructor
                0x0000000002007e04       0x90 /opt/devkitpro/libnds/lib/libfat.a(cache.o)
                0x0000000002007e04                _FAT_cache_constructor
 .text._FAT_cache_readSectors
                0x0000000002007e94       0x60 /opt/devkitpro/libnds/lib/libfat.a(cache.o)
                0x0000000002007e94                _FAT_cache_readSectors
 .text._FAT_cache_readPartialSector
                0x0000000002007ef4       0x3c /opt/devkitpro/libnds/lib/libfat.a(cache.o)
                0x0000000002007ef4                _FAT_cache_readPartialSector
 .text._FAT_cache_readLittleEndianValue
                0x0000000002007f30       0x70 /opt/devkitpro/libnds/lib/libfat.a(cache.o)
                0x0000000002007f30                _FAT_cache_readLittleEndianValue
 .text._FAT_cache_writePartialSector
                0x0000000002007fa0       0x4c /opt/devkitpro/libnds/lib/libfat.a(cache.o)
                0x0000000002007fa0                _FAT_cache_writePartialSector
 .text._FAT_cache_writeLittleEndianValue
                0x0000000002007fec       0x8c /opt/devkitpro/libnds/lib/libfat.a(cache.o)
                0x0000000002007fec                _FAT_cache_writeLittleEndianValue
 .text._FAT_cache_eraseWritePartialSector
                0x0000000002008078       0x60 /opt/devkitpro/libnds/lib/libfat.a(cache.o)
                0x0000000002008078                _FAT_cache_eraseWritePartialSector
 .text._FAT_cache_writeSectors
                0x00000000020080d8       0x80 /opt/devkitpro/libnds/lib/libfat.a(cache.o)
                0x00000000020080d8                _FAT_cache_writeSectors
 .text._FAT_cache_flush
                0x0000000002008158       0x40 /opt/devkitpro/libnds/lib/libfat.a(cache.o)
                0x0000000002008158                _FAT_cache_flush
 .text._FAT_stat_r
                0x0000000002008198       0x90 /opt/devkitpro/libnds/lib/libfat.a(fatdir.o)
                0x0000000002008198                _FAT_stat_r
 .text._FAT_link_r
                0x0000000002008228        0xc /opt/devkitpro/libnds/lib/libfat.a(fatdir.o)
                0x0000000002008228                _FAT_link_r
 .text._FAT_unlink_r
                0x0000000002008234      0x184 /opt/devkitpro/libnds/lib/libfat.a(fatdir.o)
                0x0000000002008234                _FAT_unlink_r
 .text._FAT_chdir_r
                0x00000000020083b8       0x70 /opt/devkitpro/libnds/lib/libfat.a(fatdir.o)
                0x00000000020083b8                _FAT_chdir_r
 .text._FAT_rename_r
                0x0000000002008428      0x1c4 /opt/devkitpro/libnds/lib/libfat.a(fatdir.o)
                0x0000000002008428                _FAT_rename_r
 .text._FAT_mkdir_r
                0x00000000020085ec      0x244 /opt/devkitpro/libnds/lib/libfat.a(fatdir.o)
                0x00000000020085ec                _FAT_mkdir_r
 .text._FAT_statvfs_r
                0x0000000002008830       0x78 /opt/devkitpro/libnds/lib/libfat.a(fatdir.o)
                0x0000000002008830                _FAT_statvfs_r
 .text._FAT_diropen_r
                0x00000000020088a8       0xb0 /opt/devkitpro/libnds/lib/libfat.a(fatdir.o)
                0x00000000020088a8                _FAT_diropen_r
 .text._FAT_dirreset_r
                0x0000000002008958       0x4c /opt/devkitpro/libnds/lib/libfat.a(fatdir.o)
                0x0000000002008958                _FAT_dirreset_r
 .text._FAT_dirnext_r
                0x00000000020089a4       0x7c /opt/devkitpro/libnds/lib/libfat.a(fatdir.o)
                0x00000000020089a4                _FAT_dirnext_r
 .text._FAT_dirclose_r
                0x0000000002008a20       0x20 /opt/devkitpro/libnds/lib/libfat.a(fatdir.o)
                0x0000000002008a20                _FAT_dirclose_r
 .text._FAT_directory_entryGetAlias
                0x0000000002008a40       0xc8 /opt/devkitpro/libnds/lib/libfat.a(directory.o)
 .text._FAT_directory_incrementDirEntryPosition
                0x0000000002008b08       0x80 /opt/devkitpro/libnds/lib/libfat.a(directory.o)
 .text._FAT_directory_mbsncasecmp
                0x0000000002008b88       0xa8 /opt/devkitpro/libnds/lib/libfat.a(directory.o)
 .text._FAT_directory_ucs2tombs.constprop.0
                0x0000000002008c30       0x90 /opt/devkitpro/libnds/lib/libfat.a(directory.o)
 .text._FAT_directory_entryGetCluster
                0x0000000002008cc0       0x20 /opt/devkitpro/libnds/lib/libfat.a(directory.o)
                0x0000000002008cc0                _FAT_directory_entryGetCluster
 .text._FAT_directory_getNextEntry
                0x0000000002008ce0      0x23c /opt/devkitpro/libnds/lib/libfat.a(directory.o)
                0x0000000002008ce0                _FAT_directory_getNextEntry
 .text._FAT_directory_entryExists
                0x0000000002008f1c       0x80 /opt/devkitpro/libnds/lib/libfat.a(directory.o)
 .text._FAT_directory_getFirstEntry
                0x0000000002008f9c       0x20 /opt/devkitpro/libnds/lib/libfat.a(directory.o)
                0x0000000002008f9c                _FAT_directory_getFirstEntry
 .text._FAT_directory_getRootEntry
                0x0000000002008fbc       0x60 /opt/devkitpro/libnds/lib/libfat.a(directory.o)
                0x0000000002008fbc                _FAT_directory_getRootEntry
 .text._FAT_directory_entryFromPosition
                0x000000000200901c      0x150 /opt/devkitpro/libnds/lib/libfat.a(directory.o)
                0x000000000200901c                _FAT_directory_entryFromPosition
 .text._FAT_directory_entryFromPath
                0x000000000200916c      0x248 /opt/devkitpro/libnds/lib/libfat.a(directory.o)
                0x000000000200916c                _FAT_directory_entryFromPath
 .text._FAT_directory_removeEntry
                0x00000000020093b4       0xd8 /opt/devkitpro/libnds/lib/libfat.a(directory.o)
                0x00000000020093b4                _FAT_directory_removeEntry
 .text._FAT_directory_addEntry
                0x000000000200948c      0x808 /opt/devkitpro/libnds/lib/libfat.a(directory.o)
                0x000000000200948c                _FAT_directory_addEntry
 .text._FAT_directory_chdir
                0x0000000002009c94       0x3c /opt/devkitpro/libnds/lib/libfat.a(directory.o)
                0x0000000002009c94                _FAT_directory_chdir
 .text._FAT_directory_entryStat
                0x0000000002009cd0       0xe4 /opt/devkitpro/libnds/lib/libfat.a(directory.o)
                0x0000000002009cd0                _FAT_directory_entryStat
 .text.isValidMBR
                0x0000000002009db4       0x5c /opt/devkitpro/libnds/lib/libfat.a(partition.o)
 .text._FAT_updateFS_INFO
                0x0000000002009e10       0x54 /opt/devkitpro/libnds/lib/libfat.a(partition.o)
 .text.FindFirstValidPartition_buf.part.0
                0x0000000002009e64      0x11c /opt/devkitpro/libnds/lib/libfat.a(partition.o)
 .text._FAT_partition_getPartitionFromPath
                0x0000000002009f80       0x10 /opt/devkitpro/libnds/lib/libfat.a(partition.o)
                0x0000000002009f80                _FAT_partition_getPartitionFromPath
 .text._FAT_partition_createFSinfo
                0x0000000002009f90       0x50 /opt/devkitpro/libnds/lib/libfat.a(partition.o)
                0x0000000002009f90                _FAT_partition_createFSinfo
 .text._FAT_partition_readFSinfo.part.0
                0x0000000002009fe0       0x74 /opt/devkitpro/libnds/lib/libfat.a(partition.o)
 .text._FAT_partition_constructor_buf
                0x000000000200a054      0x2e8 /opt/devkitpro/libnds/lib/libfat.a(partition.o)
                0x000000000200a054                _FAT_partition_constructor_buf
 .text._FAT_partition_constructor
                0x000000000200a33c       0x40 /opt/devkitpro/libnds/lib/libfat.a(partition.o)
                0x000000000200a33c                _FAT_partition_constructor
 .text._FAT_partition_readFSinfo
                0x000000000200a37c       0x10 /opt/devkitpro/libnds/lib/libfat.a(partition.o)
                0x000000000200a37c                _FAT_partition_readFSinfo
 .text._FAT_lock_init
                0x000000000200a38c        0x4 /opt/devkitpro/libnds/lib/libfat.a(lock.o)
                0x000000000200a38c                _FAT_lock_init
 .text._FAT_lock
                0x000000000200a390        0x4 /opt/devkitpro/libnds/lib/libfat.a(lock.o)
                0x000000000200a390                _FAT_lock
 .text._FAT_unlock
                0x000000000200a394        0x4 /opt/devkitpro/libnds/lib/libfat.a(lock.o)
                0x000000000200a394                _FAT_unlock
 .text._FAT_filetime_getTimeFromRTC
                0x000000000200a398       0x44 /opt/devkitpro/libnds/lib/libfat.a(filetime.o)
                0x000000000200a398                _FAT_filetime_getTimeFromRTC
 .text._FAT_filetime_getDateFromRTC
                0x000000000200a3dc       0x44 /opt/devkitpro/libnds/lib/libfat.a(filetime.o)
                0x000000000200a3dc                _FAT_filetime_getDateFromRTC
 .text._FAT_filetime_to_time_t
                0x000000000200a420       0x38 /opt/devkitpro/libnds/lib/libfat.a(filetime.o)
                0x000000000200a420                _FAT_filetime_to_time_t
 .text._FAT_fat_writeFatEntry.part.0.isra.0
                0x000000000200a458      0x12c /opt/devkitpro/libnds/lib/libfat.a(file_allocation_table.o)
 .text._FAT_fat_nextCluster
                0x000000000200a584      0x108 /opt/devkitpro/libnds/lib/libfat.a(file_allocation_table.o)
                0x000000000200a584                _FAT_fat_nextCluster
 .text._FAT_fat_linkFreeCluster
                0x000000000200a68c       0xac /opt/devkitpro/libnds/lib/libfat.a(file_allocation_table.o)
                0x000000000200a68c                _FAT_fat_linkFreeCluster
 .text._FAT_fat_linkFreeClusterCleared
                0x000000000200a738       0x68 /opt/devkitpro/libnds/lib/libfat.a(file_allocation_table.o)
                0x000000000200a738                _FAT_fat_linkFreeClusterCleared
 .text._FAT_fat_clearLinks
                0x000000000200a7a0       0x7c /opt/devkitpro/libnds/lib/libfat.a(file_allocation_table.o)
                0x000000000200a7a0                _FAT_fat_clearLinks
 .text._FAT_fat_trimChain
                0x000000000200a81c       0x80 /opt/devkitpro/libnds/lib/libfat.a(file_allocation_table.o)
                0x000000000200a81c                _FAT_fat_trimChain
 .text._FAT_fat_lastCluster
                0x000000000200a89c       0x34 /opt/devkitpro/libnds/lib/libfat.a(file_allocation_table.o)
                0x000000000200a89c                _FAT_fat_lastCluster
 .text._FAT_fat_freeClusterCount
                0x000000000200a8d0       0x2c /opt/devkitpro/libnds/lib/libfat.a(file_allocation_table.o)
                0x000000000200a8d0                _FAT_fat_freeClusterCount
 .text.newRow   0x000000000200a8fc       0xb0 /opt/devkitpro/libnds/lib/libnds9.a(console.o)
 .text.consolePrintChar
                0x000000000200a9ac       0xec /opt/devkitpro/libnds/lib/libnds9.a(console.o)
                0x000000000200a9ac                consolePrintChar
 .text.con_write
                0x000000000200aa98      0x374 /opt/devkitpro/libnds/lib/libnds9.a(console.o)
                0x000000000200aa98                con_write
 .text.consoleLoadFont
                0x000000000200ae0c      0x2a8 /opt/devkitpro/libnds/lib/libnds9.a(console.o)
                0x000000000200ae0c                consoleLoadFont
 .text.consoleInit
                0x000000000200b0b4      0x194 /opt/devkitpro/libnds/lib/libnds9.a(console.o)
                0x000000000200b0b4                consoleInit
 .text.consoleDemoInit
                0x000000000200b248       0x40 /opt/devkitpro/libnds/lib/libnds9.a(console.o)
                0x000000000200b248                consoleDemoInit
 .text.scanKeys
                0x000000000200b288       0x8c /opt/devkitpro/libnds/lib/libnds9.a(keys.o)
                0x000000000200b288                scanKeys
 .text.keysDown
                0x000000000200b314       0x14 /opt/devkitpro/libnds/lib/libnds9.a(keys.o)
                0x000000000200b314                keysDown
 .text.dldiGetInternal
                0x000000000200b328       0x34 /opt/devkitpro/libnds/lib/libnds9.a(dldi.o)
                0x000000000200b328                dldiGetInternal
 .text.get_io_dsisd
                0x000000000200b35c       0x24 /opt/devkitpro/libnds/lib/libnds9.a(dldi.o)
                0x000000000200b35c                get_io_dsisd
 .text.initSystem
                0x000000000200b380      0x198 /opt/devkitpro/libnds/lib/libnds9.a(initSystem.o)
                0x000000000200b380                initSystem
 .text.__libnds_gtod
                0x000000000200b518       0x28 /opt/devkitpro/libnds/lib/libnds9.a(timeSupport.o)
                0x000000000200b518                __libnds_gtod
 .text.irqDummy
                0x000000000200b540        0x4 /opt/devkitpro/libnds/lib/libnds9.a(interrupts.o)
                0x000000000200b540                irqDummy
 .text.irqSet   0x000000000200b544       0x6c /opt/devkitpro/libnds/lib/libnds9.a(interrupts.o)
                0x000000000200b544                irqSet
 .text.irqInit  0x000000000200b5b0       0x50 /opt/devkitpro/libnds/lib/libnds9.a(interrupts.o)
                0x000000000200b5b0                irqInit
 .text.irqEnable
                0x000000000200b600       0x64 /opt/devkitpro/libnds/lib/libnds9.a(interrupts.o)
                0x000000000200b600                irqEnable
 .text.systemErrorExit
                0x000000000200b664        0x4 /opt/devkitpro/libnds/lib/libnds9.a(libnds_exit.arm.o)
                0x000000000200b664                systemErrorExit
 .text.__libnds_exit
                0x000000000200b668       0x5c /opt/devkitpro/libnds/lib/libnds9.a(libnds_exit.arm.o)
                0x000000000200b668                __libnds_exit
 .text.cardPolledTransfer
                0x000000000200b6c4       0x54 /opt/devkitpro/libnds/lib/libnds9.a(card.o)
                0x000000000200b6c4                cardPolledTransfer
 .text.cardParamCommand
                0x000000000200b718       0x34 /opt/devkitpro/libnds/lib/libnds9.a(card.o)
                0x000000000200b718                cardParamCommand
 .text.fifo_queueBlock
                0x000000000200b74c       0x44 /opt/devkitpro/libnds/lib/libnds9.a(fifosystem.o)
 .text.fifo_waitBlock
                0x000000000200b790       0x80 /opt/devkitpro/libnds/lib/libnds9.a(fifosystem.o)
 .text.fifoInternalSend.part.0
                0x000000000200b810       0xd4 /opt/devkitpro/libnds/lib/libnds9.a(fifosystem.o)
 .text.fifoInternalSendInterrupt
                0x000000000200b8e4       0xa8 /opt/devkitpro/libnds/lib/libnds9.a(fifosystem.o)
 .text.fifoSetValue32Handler
                0x000000000200b98c       0xd8 /opt/devkitpro/libnds/lib/libnds9.a(fifosystem.o)
                0x000000000200b98c                fifoSetValue32Handler
 .text.fifoSendValue32
                0x000000000200ba64       0x4c /opt/devkitpro/libnds/lib/libnds9.a(fifosystem.o)
                0x000000000200ba64                fifoSendValue32
 .text.fifoSendDatamsg
                0x000000000200bab0       0x90 /opt/devkitpro/libnds/lib/libnds9.a(fifosystem.o)
                0x000000000200bab0                fifoSendDatamsg
 .text.fifoGetValue32
                0x000000000200bb40       0x70 /opt/devkitpro/libnds/lib/libnds9.a(fifosystem.o)
                0x000000000200bb40                fifoGetValue32
 .text.fifoGetDatamsg
                0x000000000200bbb0       0xf4 /opt/devkitpro/libnds/lib/libnds9.a(fifosystem.o)
                0x000000000200bbb0                fifoGetDatamsg
 .text.fifoInternalRecvInterrupt
                0x000000000200bca4      0x380 /opt/devkitpro/libnds/lib/libnds9.a(fifosystem.o)
 .text.fifoSetDatamsgHandler
                0x000000000200c024       0x9c /opt/devkitpro/libnds/lib/libnds9.a(fifosystem.o)
                0x000000000200c024                fifoSetDatamsgHandler
 .text.fifoCheckValue32
                0x000000000200c0c0       0x24 /opt/devkitpro/libnds/lib/libnds9.a(fifosystem.o)
                0x000000000200c0c0                fifoCheckValue32
 .text.fifoInit
                0x000000000200c0e4       0xf8 /opt/devkitpro/libnds/lib/libnds9.a(fifosystem.o)
                0x000000000200c0e4                fifoInit
 .text.__libnds_mpu_setup
                0x000000000200c1dc      0x174 /opt/devkitpro/libnds/lib/libnds9.a(mpu_setup.o)
                0x000000000200c1dc                __libnds_mpu_setup
 .text.memUncached
                0x000000000200c350       0x20 /opt/devkitpro/libnds/lib/libnds9.a(mpu_setup.o)
                0x000000000200c350                memUncached
 .text.swiWaitForVBlank
                0x000000000200c370        0x8 /opt/devkitpro/libnds/lib/libnds9.a(IntrWait.o)
                0x000000000200c370                swiWaitForVBlank
 .text.swiIntrWait
                0x000000000200c378       0x70 /opt/devkitpro/libnds/lib/libnds9.a(IntrWait.o)
                0x000000000200c378                swiIntrWait
 .text.setCpuClock
                0x000000000200c3e8       0x50 /opt/devkitpro/libnds/lib/libnds9.a(cpu_clock.o)
                0x000000000200c3e8                setCpuClock
 .text.swiSoftReset
                0x000000000200c438       0x2c /opt/devkitpro/libnds/lib/libnds9.a(swiSoftReset.o)
                0x000000000200c438                swiSoftReset
 .text.swiDelay
                0x000000000200c464        0x4 /opt/devkitpro/libnds/lib/libnds9.a(biosCalls.o)
                0x000000000200c464                swiDelay
 .text.checkIfText
                0x000000000200c468       0x5c /opt/devkitpro/libnds/lib/libnds9.a(background.o)
                0x000000000200c468                checkIfText
 .text.bgUpdate
                0x000000000200c4c4       0xf4 /opt/devkitpro/libnds/lib/libnds9.a(background.o)
                0x000000000200c4c4                bgUpdate
 .text.bgInit_call
                0x000000000200c5b8       0xc4 /opt/devkitpro/libnds/lib/libnds9.a(background.o)
                0x000000000200c5b8                bgInit_call
 .text.bgInitSub_call
                0x000000000200c67c       0xcc /opt/devkitpro/libnds/lib/libnds9.a(background.o)
                0x000000000200c67c                bgInitSub_call
 .text.vramDefault
                0x000000000200c748       0xd0 /opt/devkitpro/libnds/lib/libnds9.a(video.o)
                0x000000000200c748                vramDefault
 .text.systemValueHandler
                0x000000000200c818       0x48 /opt/devkitpro/libnds/lib/libnds9.a(system.o)
                0x000000000200c818                systemValueHandler
 .text.systemMsgHandler
                0x000000000200c860       0x60 /opt/devkitpro/libnds/lib/libnds9.a(system.o)
                0x000000000200c860                systemMsgHandler
 .text.powerOn  0x000000000200c8c0       0x2c /opt/devkitpro/libnds/lib/libnds9.a(system.o)
                0x000000000200c8c0                powerOn
 .text.sinLutLookup
                0x000000000200c8ec       0x38 /opt/devkitpro/libnds/lib/libnds9.a(trig.o)
                0x000000000200c8ec                sinLutLookup
 .text.sinLerp  0x000000000200c924       0x40 /opt/devkitpro/libnds/lib/libnds9.a(trig.o)
                0x000000000200c924                sinLerp
 .text.cosLerp  0x000000000200c964       0x4c /opt/devkitpro/libnds/lib/libnds9.a(trig.o)
                0x000000000200c964                cosLerp
 .text.DC_FlushRange
                0x000000000200c9b0       0x24 /opt/devkitpro/libnds/lib/libnds9.a(dcache.o)
                0x000000000200c9b0                DC_FlushRange
 .text.__muldi3
                0x000000000200c9d4       0x54 /opt/devkitpro/devkitARM/bin/../lib/gcc/arm-none-eabi/10.2.0/thumb/libgcc.a(_muldi3.o)
                0x000000000200c9d4                __aeabi_lmul
                0x000000000200c9d4                __muldi3
 .text.__udivmoddi4
                0x000000000200ca28      0x19c /opt/devkitpro/devkitARM/bin/../lib/gcc/arm-none-eabi/10.2.0/thumb/libgcc.a(_udivmoddi4.o)
                0x000000000200ca28                __udivmoddi4
 .text.calloc   0x000000000200cbc4       0x18 /opt/devkitpro/devkitARM/bin/../lib/gcc/arm-none-eabi/10.2.0/../../../../arm-none-eabi/lib/thumb/libg.a(lib_a-calloc.o)
                0x000000000200cbc4                calloc
 .text._calloc_r
                0x000000000200cbdc       0x60 /opt/devkitpro/devkitARM/bin/../lib/gcc/arm-none-eabi/10.2.0/../../../../arm-none-eabi/lib/thumb/libg.a(lib_a-callocr.o)
                0x000000000200cbdc                _calloc_r
 .text._fclose_r
                0x000000000200cc3c       0xe8 /opt/devkitpro/devkitARM/bin/../lib/gcc/arm-none-eabi/10.2.0/../../../../arm-none-eabi/lib/thumb/libg.a(lib_a-fclose.o)
                0x000000000200cc3c                _fclose_r
 .text.fclose   0x000000000200cd24       0x14 /opt/devkitpro/devkitARM/bin/../lib/gcc/arm-none-eabi/10.2.0/../../../../arm-none-eabi/lib/thumb/libg.a(lib_a-fclose.o)
                0x000000000200cd24                fclose
 .text.__sflush_r
                0x000000000200cd38      0x1c0 /opt/devkitpro/devkitARM/bin/../lib/gcc/arm-none-eabi/10.2.0/../../../../arm-none-eabi/lib/thumb/libg.a(lib_a-fflush.o)
                0x000000000200cd38                __sflush_r
 .text._fflush_r
                0x000000000200cef8       0x70 /opt/devkitpro/devkitARM/bin/../lib/gcc/arm-none-eabi/10.2.0/../../../../arm-none-eabi/lib/thumb/libg.a(lib_a-fflush.o)
                0x000000000200cef8                _fflush_r
 .text.fflush   0x000000000200cf68       0x2c /opt/devkitpro/devkitARM/bin/../lib/gcc/arm-none-eabi/10.2.0/../../../../arm-none-eabi/lib/thumb/libg.a(lib_a-fflush.o)
                0x000000000200cf68                fflush
 .text._cleanup_r
                0x000000000200cf94       0x14 /opt/devkitpro/devkitARM/bin/../lib/gcc/arm-none-eabi/10.2.0/../../../../arm-none-eabi/lib/thumb/libg.a(lib_a-findfp.o)
                0x000000000200cf94                _cleanup_r
 .text.__sinit  0x000000000200cfa8      0x124 /opt/devkitpro/devkitARM/bin/../lib/gcc/arm-none-eabi/10.2.0/../../../../arm-none-eabi/lib/thumb/libg.a(lib_a-findfp.o)
                0x000000000200cfa8                __sinit
 .text.__sfp    0x000000000200d0cc       0xdc /opt/devkitpro/devkitARM/bin/../lib/gcc/arm-none-eabi/10.2.0/../../../../arm-none-eabi/lib/thumb/libg.a(lib_a-findfp.o)
                0x000000000200d0cc                __sfp
 .text.__sfp_lock_acquire
                0x000000000200d1a8       0x14 /opt/devkitpro/devkitARM/bin/../lib/gcc/arm-none-eabi/10.2.0/../../../../arm-none-eabi/lib/thumb/libg.a(lib_a-findfp.o)
                0x000000000200d1a8                __sfp_lock_acquire
 .text.__sfp_lock_release
                0x000000000200d1bc       0x14 /opt/devkitpro/devkitARM/bin/../lib/gcc/arm-none-eabi/10.2.0/../../../../arm-none-eabi/lib/thumb/libg.a(lib_a-findfp.o)
                0x000000000200d1bc                __sfp_lock_release
 .text._fopen_r
                0x000000000200d1d0       0xb8 /opt/devkitpro/devkitARM/bin/../lib/gcc/arm-none-eabi/10.2.0/../../../../arm-none-eabi/lib/thumb/libg.a(lib_a-fopen.o)
                0x000000000200d1d0                _fopen_r
 .text.fopen    0x000000000200d288       0x18 /opt/devkitpro/devkitARM/bin/../lib/gcc/arm-none-eabi/10.2.0/../../../../arm-none-eabi/lib/thumb/libg.a(lib_a-fopen.o)
                0x000000000200d288                fopen
 .text._fread_r
                0x000000000200d2a0      0x1f0 /opt/devkitpro/devkitARM/bin/../lib/gcc/arm-none-eabi/10.2.0/../../../../arm-none-eabi/lib/thumb/libg.a(lib_a-fread.o)
                0x000000000200d2a0                _fread_r
 .text.fread    0x000000000200d490       0x24 /opt/devkitpro/devkitARM/bin/../lib/gcc/arm-none-eabi/10.2.0/../../../../arm-none-eabi/lib/thumb/libg.a(lib_a-fread.o)
                0x000000000200d490                fread
 .text._malloc_trim_r
                0x000000000200d4b4       0xa0 /opt/devkitpro/devkitARM/bin/../lib/gcc/arm-none-eabi/10.2.0/../../../../arm-none-eabi/lib/thumb/libg.a(lib_a-freer.o)
                0x000000000200d4b4                _malloc_trim_r
 .text._free_r  0x000000000200d554      0x1e0 /opt/devkitpro/devkitARM/bin/../lib/gcc/arm-none-eabi/10.2.0/../../../../arm-none-eabi/lib/thumb/libg.a(lib_a-freer.o)
                0x000000000200d554                _free_r
 .text._fseek_r
                0x000000000200d734       0x18 /opt/devkitpro/devkitARM/bin/../lib/gcc/arm-none-eabi/10.2.0/../../../../arm-none-eabi/lib/thumb/libg.a(lib_a-fseek.o)
                0x000000000200d734                _fseek_r
 .text.fseek    0x000000000200d74c       0x24 /opt/devkitpro/devkitARM/bin/../lib/gcc/arm-none-eabi/10.2.0/../../../../arm-none-eabi/lib/thumb/libg.a(lib_a-fseek.o)
                0x000000000200d74c                fseek
 .text._fseeko_r
                0x000000000200d770      0x39c /opt/devkitpro/devkitARM/bin/../lib/gcc/arm-none-eabi/10.2.0/../../../../arm-none-eabi/lib/thumb/libg.a(lib_a-fseeko.o)
                0x000000000200d770                _fseeko_r
 .text.ftell    0x000000000200db0c       0x24 /opt/devkitpro/devkitARM/bin/../lib/gcc/arm-none-eabi/10.2.0/../../../../arm-none-eabi/lib/thumb/libg.a(lib_a-ftell.o)
                0x000000000200db0c                ftell
 .text._ftello_r
                0x000000000200db30      0x118 /opt/devkitpro/devkitARM/bin/../lib/gcc/arm-none-eabi/10.2.0/../../../../arm-none-eabi/lib/thumb/libg.a(lib_a-ftello.o)
                0x000000000200db30                _ftello_r
 .text._fwalk   0x000000000200dc48       0x48 /opt/devkitpro/devkitARM/bin/../lib/gcc/arm-none-eabi/10.2.0/../../../../arm-none-eabi/lib/thumb/libg.a(lib_a-fwalk.o)
                0x000000000200dc48                _fwalk
 .text._fwalk_reent
                0x000000000200dc90       0x50 /opt/devkitpro/devkitARM/bin/../lib/gcc/arm-none-eabi/10.2.0/../../../../arm-none-eabi/lib/thumb/libg.a(lib_a-fwalk.o)
                0x000000000200dc90                _fwalk_reent
 .text.__libc_init_array
                0x000000000200dce0       0x50 /opt/devkitpro/devkitARM/bin/../lib/gcc/arm-none-eabi/10.2.0/../../../../arm-none-eabi/lib/thumb/libg.a(lib_a-init.o)
                0x000000000200dce0                __libc_init_array
 .text.iprintf  0x000000000200dd30       0x24 /opt/devkitpro/devkitARM/bin/../lib/gcc/arm-none-eabi/10.2.0/../../../../arm-none-eabi/lib/thumb/libg.a(lib_a-iprintf.o)
                0x000000000200dd30                iprintf
 .text.localtime_r
                0x000000000200dd54      0x244 /opt/devkitpro/devkitARM/bin/../lib/gcc/arm-none-eabi/10.2.0/../../../../arm-none-eabi/lib/thumb/libg.a(lib_a-lcltime_r.o)
                0x000000000200dd54                localtime_r
 .text.__locale_mb_cur_max
                0x000000000200df98       0x10 /opt/devkitpro/devkitARM/bin/../lib/gcc/arm-none-eabi/10.2.0/../../../../arm-none-eabi/lib/thumb/libg.a(lib_a-locale.o)
                0x000000000200df98                __locale_mb_cur_max
 .text.__smakebuf_r
                0x000000000200dfa8       0xec /opt/devkitpro/devkitARM/bin/../lib/gcc/arm-none-eabi/10.2.0/../../../../arm-none-eabi/lib/thumb/libg.a(lib_a-makebuf.o)
                0x000000000200dfa8                __smakebuf_r
 .text.__swhatbuf_r
                0x000000000200e094       0x64 /opt/devkitpro/devkitARM/bin/../lib/gcc/arm-none-eabi/10.2.0/../../../../arm-none-eabi/lib/thumb/libg.a(lib_a-makebuf.o)
                0x000000000200e094                __swhatbuf_r
 .text.malloc   0x000000000200e0f8       0x14 /opt/devkitpro/devkitARM/bin/../lib/gcc/arm-none-eabi/10.2.0/../../../../arm-none-eabi/lib/thumb/libg.a(lib_a-malloc.o)
                0x000000000200e0f8                malloc
 .text.free     0x000000000200e10c       0x14 /opt/devkitpro/devkitARM/bin/../lib/gcc/arm-none-eabi/10.2.0/../../../../arm-none-eabi/lib/thumb/libg.a(lib_a-malloc.o)
                0x000000000200e10c                free
 .text._malloc_r
                0x000000000200e120      0x59c /opt/devkitpro/devkitARM/bin/../lib/gcc/arm-none-eabi/10.2.0/../../../../arm-none-eabi/lib/thumb/libg.a(lib_a-mallocr.o)
                0x000000000200e120                _malloc_r
 .text._mbrtowc_r
                0x000000000200e6bc       0x60 /opt/devkitpro/devkitARM/bin/../lib/gcc/arm-none-eabi/10.2.0/../../../../arm-none-eabi/lib/thumb/libg.a(lib_a-mbrtowc.o)
                0x000000000200e6bc                _mbrtowc_r
 .text.mbrtowc  0x000000000200e71c       0x80 /opt/devkitpro/devkitARM/bin/../lib/gcc/arm-none-eabi/10.2.0/../../../../arm-none-eabi/lib/thumb/libg.a(lib_a-mbrtowc.o)
                0x000000000200e71c                mbrtowc
 .text.mbsrtowcs
                0x000000000200e79c       0x28 /opt/devkitpro/devkitARM/bin/../lib/gcc/arm-none-eabi/10.2.0/../../../../arm-none-eabi/lib/thumb/libg.a(lib_a-mbsrtowcs.o)
                0x000000000200e79c                mbsrtowcs
 .text.__utf8_mbtowc
                0x000000000200e7c4      0x280 /opt/devkitpro/devkitARM/bin/../lib/gcc/arm-none-eabi/10.2.0/../../../../arm-none-eabi/lib/thumb/libg.a(lib_a-mbtowc_r.o)
                0x000000000200e7c4                __utf8_mbtowc
 .text.memcmp   0x000000000200ea44       0x4c /opt/devkitpro/devkitARM/bin/../lib/gcc/arm-none-eabi/10.2.0/../../../../arm-none-eabi/lib/thumb/libg.a(lib_a-memcmp.o)
                0x000000000200ea44                memcmp
 .text.memcpy   0x000000000200ea90       0xa8 /opt/devkitpro/devkitARM/bin/../lib/gcc/arm-none-eabi/10.2.0/../../../../arm-none-eabi/lib/thumb/libg.a(lib_a-memcpy-stub.o)
                0x000000000200ea90                memcpy
 .text.memmove  0x000000000200eb38       0xbc /opt/devkitpro/devkitARM/bin/../lib/gcc/arm-none-eabi/10.2.0/../../../../arm-none-eabi/lib/thumb/libg.a(lib_a-memmove.o)
                0x000000000200eb38                memmove
 .text.memset   0x000000000200ebf4       0xb0 /opt/devkitpro/devkitARM/bin/../lib/gcc/arm-none-eabi/10.2.0/../../../../arm-none-eabi/lib/thumb/libg.a(lib_a-memset.o)
                0x000000000200ebf4                memset
 .text.validate_structure
                0x000000000200eca4      0x1e8 /opt/devkitpro/devkitARM/bin/../lib/gcc/arm-none-eabi/10.2.0/../../../../arm-none-eabi/lib/thumb/libg.a(lib_a-mktime.o)
 .text.mktime   0x000000000200ee8c      0x450 /opt/devkitpro/devkitARM/bin/../lib/gcc/arm-none-eabi/10.2.0/../../../../arm-none-eabi/lib/thumb/libg.a(lib_a-mktime.o)
                0x000000000200ee8c                mktime
 .text.__malloc_lock
                0x000000000200f2dc       0x14 /opt/devkitpro/devkitARM/bin/../lib/gcc/arm-none-eabi/10.2.0/../../../../arm-none-eabi/lib/thumb/libg.a(lib_a-mlock.o)
                0x000000000200f2dc                __malloc_lock
 .text.__malloc_unlock
                0x000000000200f2f0       0x14 /opt/devkitpro/devkitARM/bin/../lib/gcc/arm-none-eabi/10.2.0/../../../../arm-none-eabi/lib/thumb/libg.a(lib_a-mlock.o)
                0x000000000200f2f0                __malloc_unlock
 .text.printf   0x000000000200f304       0x24 /opt/devkitpro/devkitARM/bin/../lib/gcc/arm-none-eabi/10.2.0/../../../../arm-none-eabi/lib/thumb/libg.a(lib_a-printf.o)
                0x000000000200f304                printf
 .text._puts_r  0x000000000200f328       0x80 /opt/devkitpro/devkitARM/bin/../lib/gcc/arm-none-eabi/10.2.0/../../../../arm-none-eabi/lib/thumb/libg.a(lib_a-puts.o)
                0x000000000200f328                _puts_r
 .text.puts     0x000000000200f3a8       0x14 /opt/devkitpro/devkitARM/bin/../lib/gcc/arm-none-eabi/10.2.0/../../../../arm-none-eabi/lib/thumb/libg.a(lib_a-puts.o)
                0x000000000200f3a8                puts
 .text.lflush   0x000000000200f3bc       0x20 /opt/devkitpro/devkitARM/bin/../lib/gcc/arm-none-eabi/10.2.0/../../../../arm-none-eabi/lib/thumb/libg.a(lib_a-refill.o)
 .text.__srefill_r
                0x000000000200f3dc      0x118 /opt/devkitpro/devkitARM/bin/../lib/gcc/arm-none-eabi/10.2.0/../../../../arm-none-eabi/lib/thumb/libg.a(lib_a-refill.o)
                0x000000000200f3dc                __srefill_r
 .text.setvbuf  0x000000000200f4f4      0x1ac /opt/devkitpro/devkitARM/bin/../lib/gcc/arm-none-eabi/10.2.0/../../../../arm-none-eabi/lib/thumb/libg.a(lib_a-setvbuf.o)
                0x000000000200f4f4                setvbuf
 .text.siscanf  0x000000000200f6a0       0x4c /opt/devkitpro/devkitARM/bin/../lib/gcc/arm-none-eabi/10.2.0/../../../../arm-none-eabi/lib/thumb/libg.a(lib_a-siscanf.o)
                0x000000000200f6a0                siscanf
 .text.sprintf  0x000000000200f6ec       0x40 /opt/devkitpro/devkitARM/bin/../lib/gcc/arm-none-eabi/10.2.0/../../../../arm-none-eabi/lib/thumb/libg.a(lib_a-sprintf.o)
                0x000000000200f6ec                sprintf
 .text.__sread  0x000000000200f72c       0x34 /opt/devkitpro/devkitARM/bin/../lib/gcc/arm-none-eabi/10.2.0/../../../../arm-none-eabi/lib/thumb/libg.a(lib_a-stdio.o)
                0x000000000200f72c                __sread
 .text.__seofread
                0x000000000200f760        0x4 /opt/devkitpro/devkitARM/bin/../lib/gcc/arm-none-eabi/10.2.0/../../../../arm-none-eabi/lib/thumb/libg.a(lib_a-stdio.o)
                0x000000000200f760                __seofread
 .text.__swrite
                0x000000000200f764       0x54 /opt/devkitpro/devkitARM/bin/../lib/gcc/arm-none-eabi/10.2.0/../../../../arm-none-eabi/lib/thumb/libg.a(lib_a-stdio.o)
                0x000000000200f764                __swrite
 .text.__sseek  0x000000000200f7b8       0x40 /opt/devkitpro/devkitARM/bin/../lib/gcc/arm-none-eabi/10.2.0/../../../../arm-none-eabi/lib/thumb/libg.a(lib_a-stdio.o)
                0x000000000200f7b8                __sseek
 .text.__sclose
                0x000000000200f7f8       0x10 /opt/devkitpro/devkitARM/bin/../lib/gcc/arm-none-eabi/10.2.0/../../../../arm-none-eabi/lib/thumb/libg.a(lib_a-stdio.o)
                0x000000000200f7f8                __sclose
 .text.stpcpy   0x000000000200f808       0x50 /opt/devkitpro/devkitARM/bin/../lib/gcc/arm-none-eabi/10.2.0/../../../../arm-none-eabi/lib/thumb/libg.a(lib_a-stpcpy.o)
                0x000000000200f808                stpcpy
 .text.strcasecmp
                0x000000000200f858       0x48 /opt/devkitpro/devkitARM/bin/../lib/gcc/arm-none-eabi/10.2.0/../../../../arm-none-eabi/lib/thumb/libg.a(lib_a-strcasecmp.o)
                0x000000000200f858                strcasecmp
 .text.strchr   0x000000000200f8a0       0xc8 /opt/devkitpro/devkitARM/bin/../lib/gcc/arm-none-eabi/10.2.0/../../../../arm-none-eabi/lib/thumb/libg.a(lib_a-strchr.o)
                0x000000000200f8a0                strchr
 .text.strcpy   0x000000000200f968       0x10 /opt/devkitpro/devkitARM/bin/../lib/gcc/arm-none-eabi/10.2.0/../../../../arm-none-eabi/lib/thumb/libg.a(lib_a-strcpy.o)
                0x000000000200f968                strcpy
 .text.strdup   0x000000000200f978       0x14 /opt/devkitpro/devkitARM/bin/../lib/gcc/arm-none-eabi/10.2.0/../../../../arm-none-eabi/lib/thumb/libg.a(lib_a-strdup.o)
                0x000000000200f978                strdup
 .text._strdup_r
                0x000000000200f98c       0x2c /opt/devkitpro/devkitARM/bin/../lib/gcc/arm-none-eabi/10.2.0/../../../../arm-none-eabi/lib/thumb/libg.a(lib_a-strdup_r.o)
                0x000000000200f98c                _strdup_r
 .text.strlen   0x000000000200f9b8       0x60 /opt/devkitpro/devkitARM/bin/../lib/gcc/arm-none-eabi/10.2.0/../../../../arm-none-eabi/lib/thumb/libg.a(lib_a-strlen-stub.o)
                0x000000000200f9b8                strlen
 .text.strncasecmp
                0x000000000200fa18       0x54 /opt/devkitpro/devkitARM/bin/../lib/gcc/arm-none-eabi/10.2.0/../../../../arm-none-eabi/lib/thumb/libg.a(lib_a-strncasecmp.o)
                0x000000000200fa18                strncasecmp
 .text.strncmp  0x000000000200fa6c       0x78 /opt/devkitpro/devkitARM/bin/../lib/gcc/arm-none-eabi/10.2.0/../../../../arm-none-eabi/lib/thumb/libg.a(lib_a-strncmp.o)
                0x000000000200fa6c                strncmp
 .text.strncpy  0x000000000200fae4       0x74 /opt/devkitpro/devkitARM/bin/../lib/gcc/arm-none-eabi/10.2.0/../../../../arm-none-eabi/lib/thumb/libg.a(lib_a-strncpy.o)
                0x000000000200fae4                strncpy
 .text.strnlen  0x000000000200fb58       0x28 /opt/devkitpro/devkitARM/bin/../lib/gcc/arm-none-eabi/10.2.0/../../../../arm-none-eabi/lib/thumb/libg.a(lib_a-strnlen.o)
                0x000000000200fb58                strnlen
 .text.strpbrk  0x000000000200fb80       0x40 /opt/devkitpro/devkitARM/bin/../lib/gcc/arm-none-eabi/10.2.0/../../../../arm-none-eabi/lib/thumb/libg.a(lib_a-strpbrk.o)
                0x000000000200fb80                strpbrk
 .text.strrchr  0x000000000200fbc0       0x2c /opt/devkitpro/devkitARM/bin/../lib/gcc/arm-none-eabi/10.2.0/../../../../arm-none-eabi/lib/thumb/libg.a(lib_a-strrchr.o)
                0x000000000200fbc0                strrchr
 .text._strtol_l.part.0
                0x000000000200fbec      0x150 /opt/devkitpro/devkitARM/bin/../lib/gcc/arm-none-eabi/10.2.0/../../../../arm-none-eabi/lib/thumb/libg.a(lib_a-strtol.o)
 .text._strtol_r
                0x000000000200fd3c       0x20 /opt/devkitpro/devkitARM/bin/../lib/gcc/arm-none-eabi/10.2.0/../../../../arm-none-eabi/lib/thumb/libg.a(lib_a-strtol.o)
                0x000000000200fd3c                _strtol_r
 .text.get_arg  0x000000000200fd5c       0x32 /opt/devkitpro/devkitARM/bin/../lib/gcc/arm-none-eabi/10.2.0/../../../../arm-none-eabi/lib/thumb/libg.a(lib_a-svfiscanf.o)
 .text._sungetc_r
                0x000000000200fd8e       0x7e /opt/devkitpro/devkitARM/bin/../lib/gcc/arm-none-eabi/10.2.0/../../../../arm-none-eabi/lib/thumb/libg.a(lib_a-svfiscanf.o)
                0x000000000200fd8e                _sungetc_r
 .text.__ssrefill_r
                0x000000000200fe0c       0x42 /opt/devkitpro/devkitARM/bin/../lib/gcc/arm-none-eabi/10.2.0/../../../../arm-none-eabi/lib/thumb/libg.a(lib_a-svfiscanf.o)
                0x000000000200fe0c                __ssrefill_r
 .text._sfread_r
                0x000000000200fe4e       0x8a /opt/devkitpro/devkitARM/bin/../lib/gcc/arm-none-eabi/10.2.0/../../../../arm-none-eabi/lib/thumb/libg.a(lib_a-svfiscanf.o)
                0x000000000200fe4e                _sfread_r
 .text.__ssvfiscanf_r
                0x000000000200fed8     0x1b6c /opt/devkitpro/devkitARM/bin/../lib/gcc/arm-none-eabi/10.2.0/../../../../arm-none-eabi/lib/thumb/libg.a(lib_a-svfiscanf.o)
                0x000000000200fed8                __ssvfiscanf_r
 .text.get_arg  0x0000000002011a44      0x3f0 /opt/devkitpro/devkitARM/bin/../lib/gcc/arm-none-eabi/10.2.0/../../../../arm-none-eabi/lib/thumb/libg.a(lib_a-svfprintf.o)
 .text._svfprintf_r
                0x0000000002011e34     0x2498 /opt/devkitpro/devkitARM/bin/../lib/gcc/arm-none-eabi/10.2.0/../../../../arm-none-eabi/lib/thumb/libg.a(lib_a-svfprintf.o)
                0x0000000002011e34                _svfprintf_r
 .text.lseek    0x00000000020142cc       0x24 /opt/devkitpro/devkitARM/bin/../lib/gcc/arm-none-eabi/10.2.0/../../../../arm-none-eabi/lib/thumb/libg.a(lib_a-syslseek.o)
                0x00000000020142cc                lseek
 .text.open     0x00000000020142f0       0x28 /opt/devkitpro/devkitARM/bin/../lib/gcc/arm-none-eabi/10.2.0/../../../../arm-none-eabi/lib/thumb/libg.a(lib_a-sysopen.o)
                0x00000000020142f0                open
 .text.read     0x0000000002014318       0x1c /opt/devkitpro/devkitARM/bin/../lib/gcc/arm-none-eabi/10.2.0/../../../../arm-none-eabi/lib/thumb/libg.a(lib_a-sysread.o)
                0x0000000002014318                read
 .text.time     0x0000000002014334       0x34 /opt/devkitpro/devkitARM/bin/../lib/gcc/arm-none-eabi/10.2.0/../../../../arm-none-eabi/lib/thumb/libg.a(lib_a-time.o)
                0x0000000002014334                time
 .text.towlower
                0x0000000002014368       0x10 /opt/devkitpro/devkitARM/bin/../lib/gcc/arm-none-eabi/10.2.0/../../../../arm-none-eabi/lib/thumb/libg.a(lib_a-towlower.o)
                0x0000000002014368                towlower
 .text.towupper
                0x0000000002014378       0x10 /opt/devkitpro/devkitARM/bin/../lib/gcc/arm-none-eabi/10.2.0/../../../../arm-none-eabi/lib/thumb/libg.a(lib_a-towupper.o)
                0x0000000002014378                towupper
 .text.__tzcalc_limits
                0x0000000002014388      0x1a8 /opt/devkitpro/devkitARM/bin/../lib/gcc/arm-none-eabi/10.2.0/../../../../arm-none-eabi/lib/thumb/libg.a(lib_a-tzcalc_limits.o)
                0x0000000002014388                __tzcalc_limits
 .text.__tz_lock
                0x0000000002014530       0x14 /opt/devkitpro/devkitARM/bin/../lib/gcc/arm-none-eabi/10.2.0/../../../../arm-none-eabi/lib/thumb/libg.a(lib_a-tzlock.o)
                0x0000000002014530                __tz_lock
 .text.__tz_unlock
                0x0000000002014544       0x14 /opt/devkitpro/devkitARM/bin/../lib/gcc/arm-none-eabi/10.2.0/../../../../arm-none-eabi/lib/thumb/libg.a(lib_a-tzlock.o)
                0x0000000002014544                __tz_unlock
 .text._tzset_unlocked
                0x0000000002014558       0x10 /opt/devkitpro/devkitARM/bin/../lib/gcc/arm-none-eabi/10.2.0/../../../../arm-none-eabi/lib/thumb/libg.a(lib_a-tzset.o)
                0x0000000002014558                _tzset_unlocked
 .text._tzset_unlocked_r
                0x0000000002014568      0x360 /opt/devkitpro/devkitARM/bin/../lib/gcc/arm-none-eabi/10.2.0/../../../../arm-none-eabi/lib/thumb/libg.a(lib_a-tzset_r.o)
                0x0000000002014568                _tzset_unlocked_r
 .text.__submore
                0x00000000020148c8       0x88 /opt/devkitpro/devkitARM/bin/../lib/gcc/arm-none-eabi/10.2.0/../../../../arm-none-eabi/lib/thumb/libg.a(lib_a-ungetc.o)
                0x00000000020148c8                __submore
 .text.get_arg  0x0000000002014950      0x3f0 /opt/devkitpro/devkitARM/bin/../lib/gcc/arm-none-eabi/10.2.0/../../../../arm-none-eabi/lib/thumb/libg.a(lib_a-vfiprintf.o)
 .text.__sprint_r
                0x0000000002014d40       0x20 /opt/devkitpro/devkitARM/bin/../lib/gcc/arm-none-eabi/10.2.0/../../../../arm-none-eabi/lib/thumb/libg.a(lib_a-vfiprintf.o)
                0x0000000002014d40                __sprint_r
 .text._vfiprintf_r
                0x0000000002014d60     0x1800 /opt/devkitpro/devkitARM/bin/../lib/gcc/arm-none-eabi/10.2.0/../../../../arm-none-eabi/lib/thumb/libg.a(lib_a-vfiprintf.o)
                0x0000000002014d60                _vfiprintf_r
 .text.__sbprintf
                0x0000000002016560       0x8c /opt/devkitpro/devkitARM/bin/../lib/gcc/arm-none-eabi/10.2.0/../../../../arm-none-eabi/lib/thumb/libg.a(lib_a-vfiprintf.o)
 .text.get_arg  0x00000000020165ec      0x3f0 /opt/devkitpro/devkitARM/bin/../lib/gcc/arm-none-eabi/10.2.0/../../../../arm-none-eabi/lib/thumb/libg.a(lib_a-vfprintf.o)
 .text._vfprintf_r
                0x00000000020169dc     0x2520 /opt/devkitpro/devkitARM/bin/../lib/gcc/arm-none-eabi/10.2.0/../../../../arm-none-eabi/lib/thumb/libg.a(lib_a-vfprintf.o)
                0x00000000020169dc                _vfprintf_r
 .text.__sbprintf
                0x0000000002018efc       0x8c /opt/devkitpro/devkitARM/bin/../lib/gcc/arm-none-eabi/10.2.0/../../../../arm-none-eabi/lib/thumb/libg.a(lib_a-vfprintf.o)
 .text._wcrtomb_r
                0x0000000002018f88       0x5c /opt/devkitpro/devkitARM/bin/../lib/gcc/arm-none-eabi/10.2.0/../../../../arm-none-eabi/lib/thumb/libg.a(lib_a-wcrtomb.o)
                0x0000000002018f88                _wcrtomb_r
 .text.wcrtomb  0x0000000002018fe4       0x74 /opt/devkitpro/devkitARM/bin/../lib/gcc/arm-none-eabi/10.2.0/../../../../arm-none-eabi/lib/thumb/libg.a(lib_a-wcrtomb.o)
                0x0000000002018fe4                wcrtomb
 .text._wcsrtombs_r
                0x0000000002019058       0x1c /opt/devkitpro/devkitARM/bin/../lib/gcc/arm-none-eabi/10.2.0/../../../../arm-none-eabi/lib/thumb/libg.a(lib_a-wcsrtombs.o)
                0x0000000002019058                _wcsrtombs_r
 .text.wctob    0x0000000002019074       0x48 /opt/devkitpro/devkitARM/bin/../lib/gcc/arm-none-eabi/10.2.0/../../../../arm-none-eabi/lib/thumb/libg.a(lib_a-wctob.o)
                0x0000000002019074                wctob
 .text.__utf8_wctomb
                0x00000000020190bc       0xb4 /opt/devkitpro/devkitARM/bin/../lib/gcc/arm-none-eabi/10.2.0/../../../../arm-none-eabi/lib/thumb/libg.a(lib_a-wctomb_r.o)
                0x00000000020190bc                __utf8_wctomb
 .text.__swsetup_r
                0x0000000002019170       0xe4 /opt/devkitpro/devkitARM/bin/../lib/gcc/arm-none-eabi/10.2.0/../../../../arm-none-eabi/lib/thumb/libg.a(lib_a-wsetup.o)
                0x0000000002019170                __swsetup_r
 .text.div      0x0000000002019254       0x34 /opt/devkitpro/devkitARM/bin/../lib/gcc/arm-none-eabi/10.2.0/../../../../arm-none-eabi/lib/thumb/libg.a(lib_a-div.o)
                0x0000000002019254                div
 .text.quorem   0x0000000002019288      0x14c /opt/devkitpro/devkitARM/bin/../lib/gcc/arm-none-eabi/10.2.0/../../../../arm-none-eabi/lib/thumb/libg.a(lib_a-dtoa.o)
 .text._dtoa_r  0x00000000020193d4      0xff0 /opt/devkitpro/devkitARM/bin/../lib/gcc/arm-none-eabi/10.2.0/../../../../arm-none-eabi/lib/thumb/libg.a(lib_a-dtoa.o)
                0x00000000020193d4                _dtoa_r
 .text.__errno  0x000000000201a3c4        0xc /opt/devkitpro/devkitARM/bin/../lib/gcc/arm-none-eabi/10.2.0/../../../../arm-none-eabi/lib/thumb/libg.a(lib_a-errno.o)
                0x000000000201a3c4                __errno
 .text.__sflags
                0x000000000201a3d0       0xa4 /opt/devkitpro/devkitARM/bin/../lib/gcc/arm-none-eabi/10.2.0/../../../../arm-none-eabi/lib/thumb/libg.a(lib_a-flags.o)
                0x000000000201a3d0                __sflags
 .text.__sfvwrite_r
                0x000000000201a474      0x324 /opt/devkitpro/devkitARM/bin/../lib/gcc/arm-none-eabi/10.2.0/../../../../arm-none-eabi/lib/thumb/libg.a(lib_a-fvwrite.o)
                0x000000000201a474                __sfvwrite_r
 .text._findenv_r
                0x000000000201a798       0x94 /opt/devkitpro/devkitARM/bin/../lib/gcc/arm-none-eabi/10.2.0/../../../../arm-none-eabi/lib/thumb/libg.a(lib_a-getenv_r.o)
                0x000000000201a798                _findenv_r
 .text._getenv_r
                0x000000000201a82c       0x10 /opt/devkitpro/devkitARM/bin/../lib/gcc/arm-none-eabi/10.2.0/../../../../arm-none-eabi/lib/thumb/libg.a(lib_a-getenv_r.o)
                0x000000000201a82c                _getenv_r
 .text.__gettzinfo
                0x000000000201a83c        0x8 /opt/devkitpro/devkitARM/bin/../lib/gcc/arm-none-eabi/10.2.0/../../../../arm-none-eabi/lib/thumb/libg.a(lib_a-gettzinfo.o)
                0x000000000201a83c                __gettzinfo
 .text.gmtime_r
                0x000000000201a844      0x1d8 /opt/devkitpro/devkitARM/bin/../lib/gcc/arm-none-eabi/10.2.0/../../../../arm-none-eabi/lib/thumb/libg.a(lib_a-gmtime_r.o)
                0x000000000201a844                gmtime_r
 .text.iswspace
                0x000000000201aa1c       0x10 /opt/devkitpro/devkitARM/bin/../lib/gcc/arm-none-eabi/10.2.0/../../../../arm-none-eabi/lib/thumb/libg.a(lib_a-iswspace.o)
                0x000000000201aa1c                iswspace
 .text._localeconv_r
                0x000000000201aa2c        0x8 /opt/devkitpro/devkitARM/bin/../lib/gcc/arm-none-eabi/10.2.0/../../../../arm-none-eabi/lib/thumb/libg.a(lib_a-localeconv.o)
                0x000000000201aa2c                _localeconv_r
 .text._mbsnrtowcs_r
                0x000000000201aa34       0xc0 /opt/devkitpro/devkitARM/bin/../lib/gcc/arm-none-eabi/10.2.0/../../../../arm-none-eabi/lib/thumb/libg.a(lib_a-mbsnrtowcs.o)
                0x000000000201aa34                _mbsnrtowcs_r
 .text.memchr   0x000000000201aaf4       0x78 /opt/devkitpro/devkitARM/bin/../lib/gcc/arm-none-eabi/10.2.0/../../../../arm-none-eabi/lib/thumb/libg.a(lib_a-memchr-stub.o)
                0x000000000201aaf4                memchr
 .text._Balloc  0x000000000201ab6c       0x54 /opt/devkitpro/devkitARM/bin/../lib/gcc/arm-none-eabi/10.2.0/../../../../arm-none-eabi/lib/thumb/libg.a(lib_a-mprec.o)
                0x000000000201ab6c                _Balloc
 .text._Bfree   0x000000000201abc0       0x14 /opt/devkitpro/devkitARM/bin/../lib/gcc/arm-none-eabi/10.2.0/../../../../arm-none-eabi/lib/thumb/libg.a(lib_a-mprec.o)
                0x000000000201abc0                _Bfree
 .text.__multadd
                0x000000000201abd4       0xac /opt/devkitpro/devkitARM/bin/../lib/gcc/arm-none-eabi/10.2.0/../../../../arm-none-eabi/lib/thumb/libg.a(lib_a-mprec.o)
                0x000000000201abd4                __multadd
 .text.__hi0bits
                0x000000000201ac80       0x38 /opt/devkitpro/devkitARM/bin/../lib/gcc/arm-none-eabi/10.2.0/../../../../arm-none-eabi/lib/thumb/libg.a(lib_a-mprec.o)
                0x000000000201ac80                __hi0bits
 .text.__lo0bits
                0x000000000201acb8       0x5c /opt/devkitpro/devkitARM/bin/../lib/gcc/arm-none-eabi/10.2.0/../../../../arm-none-eabi/lib/thumb/libg.a(lib_a-mprec.o)
                0x000000000201acb8                __lo0bits
 .text.__i2b    0x000000000201ad14       0x64 /opt/devkitpro/devkitARM/bin/../lib/gcc/arm-none-eabi/10.2.0/../../../../arm-none-eabi/lib/thumb/libg.a(lib_a-mprec.o)
                0x000000000201ad14                __i2b
 .text.__multiply
                0x000000000201ad78      0x1a8 /opt/devkitpro/devkitARM/bin/../lib/gcc/arm-none-eabi/10.2.0/../../../../arm-none-eabi/lib/thumb/libg.a(lib_a-mprec.o)
                0x000000000201ad78                __multiply
 .text.__pow5mult
                0x000000000201af20       0xdc /opt/devkitpro/devkitARM/bin/../lib/gcc/arm-none-eabi/10.2.0/../../../../arm-none-eabi/lib/thumb/libg.a(lib_a-mprec.o)
                0x000000000201af20                __pow5mult
 .text.__lshift
                0x000000000201affc      0x100 /opt/devkitpro/devkitARM/bin/../lib/gcc/arm-none-eabi/10.2.0/../../../../arm-none-eabi/lib/thumb/libg.a(lib_a-mprec.o)
                0x000000000201affc                __lshift
 .text.__mcmp   0x000000000201b0fc       0x38 /opt/devkitpro/devkitARM/bin/../lib/gcc/arm-none-eabi/10.2.0/../../../../arm-none-eabi/lib/thumb/libg.a(lib_a-mprec.o)
                0x000000000201b0fc                __mcmp
 .text.__mdiff  0x000000000201b134      0x190 /opt/devkitpro/devkitARM/bin/../lib/gcc/arm-none-eabi/10.2.0/../../../../arm-none-eabi/lib/thumb/libg.a(lib_a-mprec.o)
                0x000000000201b134                __mdiff
 .text.__d2b    0x000000000201b2c4       0xdc /opt/devkitpro/devkitARM/bin/../lib/gcc/arm-none-eabi/10.2.0/../../../../arm-none-eabi/lib/thumb/libg.a(lib_a-mprec.o)
                0x000000000201b2c4                __d2b
 .text.realloc  0x000000000201b3a0       0x18 /opt/devkitpro/devkitARM/bin/../lib/gcc/arm-none-eabi/10.2.0/../../../../arm-none-eabi/lib/thumb/libg.a(lib_a-realloc.o)
                0x000000000201b3a0                realloc
 .text._realloc_r
                0x000000000201b3b8      0x38c /opt/devkitpro/devkitARM/bin/../lib/gcc/arm-none-eabi/10.2.0/../../../../arm-none-eabi/lib/thumb/libg.a(lib_a-reallocr.o)
                0x000000000201b3b8                _realloc_r
 .text.__sccl   0x000000000201b744       0x90 /opt/devkitpro/devkitARM/bin/../lib/gcc/arm-none-eabi/10.2.0/../../../../arm-none-eabi/lib/thumb/libg.a(lib_a-sccl.o)
                0x000000000201b744                __sccl
 .text.frexp    0x000000000201b7d4       0x68 /opt/devkitpro/devkitARM/bin/../lib/gcc/arm-none-eabi/10.2.0/../../../../arm-none-eabi/lib/thumb/libg.a(lib_a-s_frexp.o)
                0x000000000201b7d4                frexp
 .text._strtoll_l.constprop.0
                0x000000000201b83c      0x1ac /opt/devkitpro/devkitARM/bin/../lib/gcc/arm-none-eabi/10.2.0/../../../../arm-none-eabi/lib/thumb/libg.a(lib_a-strtoll.o)
 .text._strtoll_r
                0x000000000201b9e8        0xc /opt/devkitpro/devkitARM/bin/../lib/gcc/arm-none-eabi/10.2.0/../../../../arm-none-eabi/lib/thumb/libg.a(lib_a-strtoll.o)
                0x000000000201b9e8                _strtoll_r
 .text._strtoull_l.constprop.0
                0x000000000201b9f4      0x1c8 /opt/devkitpro/devkitARM/bin/../lib/gcc/arm-none-eabi/10.2.0/../../../../arm-none-eabi/lib/thumb/libg.a(lib_a-strtoull.o)
 .text._strtoull_r
                0x000000000201bbbc        0xc /opt/devkitpro/devkitARM/bin/../lib/gcc/arm-none-eabi/10.2.0/../../../../arm-none-eabi/lib/thumb/libg.a(lib_a-strtoull.o)
                0x000000000201bbbc                _strtoull_r
 .text._strtoul_l.constprop.0
                0x000000000201bbc8      0x148 /opt/devkitpro/devkitARM/bin/../lib/gcc/arm-none-eabi/10.2.0/../../../../arm-none-eabi/lib/thumb/libg.a(lib_a-strtoul.o)
 .text._strtoul_r
                0x000000000201bd10        0xc /opt/devkitpro/devkitARM/bin/../lib/gcc/arm-none-eabi/10.2.0/../../../../arm-none-eabi/lib/thumb/libg.a(lib_a-strtoul.o)
                0x000000000201bd10                _strtoul_r
 .text.strtoul  0x000000000201bd1c       0x1c /opt/devkitpro/devkitARM/bin/../lib/gcc/arm-none-eabi/10.2.0/../../../../arm-none-eabi/lib/thumb/libg.a(lib_a-strtoul.o)
                0x000000000201bd1c                strtoul
 .text.__ssprint_r
                0x000000000201bd38      0x124 /opt/devkitpro/devkitARM/bin/../lib/gcc/arm-none-eabi/10.2.0/../../../../arm-none-eabi/lib/thumb/libg.a(lib_a-svfiprintf.o)
                0x000000000201bd38                __ssprint_r
 .text.towctrans
                0x000000000201be5c       0x28 /opt/devkitpro/devkitARM/bin/../lib/gcc/arm-none-eabi/10.2.0/../../../../arm-none-eabi/lib/thumb/libg.a(lib_a-towctrans.o)
                0x000000000201be5c                towctrans
 .text._wcsnrtombs_l
                0x000000000201be84      0x138 /opt/devkitpro/devkitARM/bin/../lib/gcc/arm-none-eabi/10.2.0/../../../../arm-none-eabi/lib/thumb/libg.a(lib_a-wcsnrtombs.o)
                0x000000000201be84                _wcsnrtombs_l
 .text._wcsnrtombs_r
                0x000000000201bfbc       0x30 /opt/devkitpro/devkitARM/bin/../lib/gcc/arm-none-eabi/10.2.0/../../../../arm-none-eabi/lib/thumb/libg.a(lib_a-wcsnrtombs.o)
                0x000000000201bfbc                _wcsnrtombs_r
 .text.__assert_func
                0x000000000201bfec       0x40 /opt/devkitpro/devkitARM/bin/../lib/gcc/arm-none-eabi/10.2.0/../../../../arm-none-eabi/lib/thumb/libg.a(lib_a-assert.o)
                0x000000000201bfec                __assert_func
 .text.__env_lock
                0x000000000201c02c       0x14 /opt/devkitpro/devkitARM/bin/../lib/gcc/arm-none-eabi/10.2.0/../../../../arm-none-eabi/lib/thumb/libg.a(lib_a-envlock.o)
                0x000000000201c02c                __env_lock
 .text.__env_unlock
                0x000000000201c040       0x14 /opt/devkitpro/devkitARM/bin/../lib/gcc/arm-none-eabi/10.2.0/../../../../arm-none-eabi/lib/thumb/libg.a(lib_a-envlock.o)
                0x000000000201c040                __env_unlock
 .text.fiprintf
                0x000000000201c054       0x28 /opt/devkitpro/devkitARM/bin/../lib/gcc/arm-none-eabi/10.2.0/../../../../arm-none-eabi/lib/thumb/libg.a(lib_a-fiprintf.o)
                0x000000000201c054                fiprintf
 .text.iswspace_l
                0x000000000201c07c       0x2c /opt/devkitpro/devkitARM/bin/../lib/gcc/arm-none-eabi/10.2.0/../../../../arm-none-eabi/lib/thumb/libg.a(lib_a-iswspace_l.o)
                0x000000000201c07c                iswspace_l
 .text.__jp2uc  0x000000000201c0a8      0x164 /opt/devkitpro/devkitARM/bin/../lib/gcc/arm-none-eabi/10.2.0/../../../../arm-none-eabi/lib/thumb/libg.a(lib_a-jp2uc.o)
 .text._jp2uc_l
                0x000000000201c20c       0x6c /opt/devkitpro/devkitARM/bin/../lib/gcc/arm-none-eabi/10.2.0/../../../../arm-none-eabi/lib/thumb/libg.a(lib_a-jp2uc.o)
                0x000000000201c20c                _jp2uc_l
 .text._uc2jp_l
                0x000000000201c278       0x4c /opt/devkitpro/devkitARM/bin/../lib/gcc/arm-none-eabi/10.2.0/../../../../arm-none-eabi/lib/thumb/libg.a(lib_a-jp2uc.o)
                0x000000000201c278                _uc2jp_l
 .text.towctrans_l
                0x000000000201c2c4      0x1b4 /opt/devkitpro/devkitARM/bin/../lib/gcc/arm-none-eabi/10.2.0/../../../../arm-none-eabi/lib/thumb/libg.a(lib_a-towctrans_l.o)
                0x000000000201c2c4                towctrans_l
 .text.abort    0x000000000201c478       0x10 /opt/devkitpro/devkitARM/bin/../lib/gcc/arm-none-eabi/10.2.0/../../../../arm-none-eabi/lib/thumb/libg.a(lib_a-abort.o)
                0x000000000201c478                abort
 .text.category
                0x000000000201c488       0x54 /opt/devkitpro/devkitARM/bin/../lib/gcc/arm-none-eabi/10.2.0/../../../../arm-none-eabi/lib/thumb/libg.a(lib_a-categories.o)
                0x000000000201c488                category
 .text._raise_r
                0x000000000201c4dc       0x64 /opt/devkitpro/devkitARM/bin/../lib/gcc/arm-none-eabi/10.2.0/../../../../arm-none-eabi/lib/thumb/libg.a(lib_a-signal.o)
                0x000000000201c4dc                _raise_r
 .text.raise    0x000000000201c540       0x14 /opt/devkitpro/devkitARM/bin/../lib/gcc/arm-none-eabi/10.2.0/../../../../arm-none-eabi/lib/thumb/libg.a(lib_a-signal.o)
                0x000000000201c540                raise
 .text.null_write
                0x000000000201c554        0x4 /opt/devkitpro/devkitARM/bin/../lib/gcc/arm-none-eabi/10.2.0/../../../../arm-none-eabi/lib/thumb/libsysbase.a(iosupport.o)
 .text.setDefaultDevice
                0x000000000201c558       0x10 /opt/devkitpro/devkitARM/bin/../lib/gcc/arm-none-eabi/10.2.0/../../../../arm-none-eabi/lib/thumb/libsysbase.a(iosupport.o)
                0x000000000201c558                setDefaultDevice
 .text.FindDevice
                0x000000000201c568       0x98 /opt/devkitpro/devkitARM/bin/../lib/gcc/arm-none-eabi/10.2.0/../../../../arm-none-eabi/lib/thumb/libsysbase.a(iosupport.o)
                0x000000000201c568                FindDevice
 .text.AddDevice
                0x000000000201c600       0x78 /opt/devkitpro/devkitARM/bin/../lib/gcc/arm-none-eabi/10.2.0/../../../../arm-none-eabi/lib/thumb/libsysbase.a(iosupport.o)
                0x000000000201c600                AddDevice
 .text.GetDeviceOpTab
                0x000000000201c678       0x20 /opt/devkitpro/devkitARM/bin/../lib/gcc/arm-none-eabi/10.2.0/../../../../arm-none-eabi/lib/thumb/libsysbase.a(iosupport.o)
                0x000000000201c678                GetDeviceOpTab
 .text._fstat_r
                0x000000000201c698       0x4c /opt/devkitpro/devkitARM/bin/../lib/gcc/arm-none-eabi/10.2.0/../../../../arm-none-eabi/lib/thumb/libsysbase.a(fstat.o)
                0x000000000201c698                _fstat_r
 .text._getpid_r
                0x000000000201c6e4        0xc /opt/devkitpro/devkitARM/bin/../lib/gcc/arm-none-eabi/10.2.0/../../../../arm-none-eabi/lib/thumb/libsysbase.a(getpid.o)
                0x000000000201c6e4                _getpid_r
 .text._gettimeofday_r
                0x000000000201c6f0       0x28 /opt/devkitpro/devkitARM/bin/../lib/gcc/arm-none-eabi/10.2.0/../../../../arm-none-eabi/lib/thumb/libsysbase.a(gettod.o)
                0x000000000201c6f0                _gettimeofday_r
 .text._isatty_r
                0x000000000201c718        0x4 /opt/devkitpro/devkitARM/bin/../lib/gcc/arm-none-eabi/10.2.0/../../../../arm-none-eabi/lib/thumb/libsysbase.a(isatty.o)
                0x000000000201c718                _isatty_r
 .text._kill_r  0x000000000201c71c        0xc /opt/devkitpro/devkitARM/bin/../lib/gcc/arm-none-eabi/10.2.0/../../../../arm-none-eabi/lib/thumb/libsysbase.a(kill.o)
                0x000000000201c71c                _kill_r
 .text._lseek_r
                0x000000000201c728       0x5c /opt/devkitpro/devkitARM/bin/../lib/gcc/arm-none-eabi/10.2.0/../../../../arm-none-eabi/lib/thumb/libsysbase.a(lseek.o)
                0x000000000201c728                _lseek_r
 .text._open_r  0x000000000201c784       0x9c /opt/devkitpro/devkitARM/bin/../lib/gcc/arm-none-eabi/10.2.0/../../../../arm-none-eabi/lib/thumb/libsysbase.a(open.o)
                0x000000000201c784                _open_r
 .text._read_r  0x000000000201c820       0x50 /opt/devkitpro/devkitARM/bin/../lib/gcc/arm-none-eabi/10.2.0/../../../../arm-none-eabi/lib/thumb/libsysbase.a(read.o)
                0x000000000201c820                _read_r
 .text._sbrk_r  0x000000000201c870       0x54 /opt/devkitpro/devkitARM/bin/../lib/gcc/arm-none-eabi/10.2.0/../../../../arm-none-eabi/lib/thumb/libsysbase.a(sbrk.o)
                0x000000000201c870                _sbrk_r
 .text._write_r
                0x000000000201c8c4       0x50 /opt/devkitpro/devkitARM/bin/../lib/gcc/arm-none-eabi/10.2.0/../../../../arm-none-eabi/lib/thumb/libsysbase.a(write.o)
                0x000000000201c8c4                _write_r
 .text._exit    0x000000000201c914       0x18 /opt/devkitpro/devkitARM/bin/../lib/gcc/arm-none-eabi/10.2.0/../../../../arm-none-eabi/lib/thumb/libsysbase.a(_exit.o)
                0x000000000201c914                _exit
 .text._concatenate_path
                0x000000000201c92c      0x128 /opt/devkitpro/devkitARM/bin/../lib/gcc/arm-none-eabi/10.2.0/../../../../arm-none-eabi/lib/thumb/libsysbase.a(chdir.o)
                0x000000000201c92c                _concatenate_path
 .text.chdir    0x000000000201ca54       0xec /opt/devkitpro/devkitARM/bin/../lib/gcc/arm-none-eabi/10.2.0/../../../../arm-none-eabi/lib/thumb/libsysbase.a(chdir.o)
                0x000000000201ca54                chdir
 .text.getcwd   0x000000000201cb40       0x60 /opt/devkitpro/devkitARM/bin/../lib/gcc/arm-none-eabi/10.2.0/../../../../arm-none-eabi/lib/thumb/libsysbase.a(chdir.o)
                0x000000000201cb40                getcwd
 .text.build_argv
                0x000000000201cba0       0x4c /opt/devkitpro/devkitARM/bin/../lib/gcc/arm-none-eabi/10.2.0/../../../../arm-none-eabi/lib/thumb/libsysbase.a(build_argv.o)
                0x000000000201cba0                build_argv
 .text.__flockfile
                0x000000000201cbec       0x10 /opt/devkitpro/devkitARM/bin/../lib/gcc/arm-none-eabi/10.2.0/../../../../arm-none-eabi/lib/thumb/libsysbase.a(flock.o)
                0x000000000201cbec                __flockfile
 .text.__funlockfile
                0x000000000201cbfc       0x10 /opt/devkitpro/devkitARM/bin/../lib/gcc/arm-none-eabi/10.2.0/../../../../arm-none-eabi/lib/thumb/libsysbase.a(flock.o)
                0x000000000201cbfc                __funlockfile
 .text.__libc_lock_acquire
                0x000000000201cc0c       0x1c /opt/devkitpro/devkitARM/bin/../lib/gcc/arm-none-eabi/10.2.0/../../../../arm-none-eabi/lib/thumb/libsysbase.a(syscall_support.o)
                0x000000000201cc0c                __libc_lock_acquire
 .text.__libc_lock_release
                0x000000000201cc28       0x1c /opt/devkitpro/devkitARM/bin/../lib/gcc/arm-none-eabi/10.2.0/../../../../arm-none-eabi/lib/thumb/libsysbase.a(syscall_support.o)
                0x000000000201cc28                __libc_lock_release
 .text.__libc_lock_init_recursive
                0x000000000201cc44       0x1c /opt/devkitpro/devkitARM/bin/../lib/gcc/arm-none-eabi/10.2.0/../../../../arm-none-eabi/lib/thumb/libsysbase.a(syscall_support.o)
                0x000000000201cc44                __libc_lock_init_recursive
 .text.__libc_lock_acquire_recursive
                0x000000000201cc60       0x1c /opt/devkitpro/devkitARM/bin/../lib/gcc/arm-none-eabi/10.2.0/../../../../arm-none-eabi/lib/thumb/libsysbase.a(syscall_support.o)
                0x000000000201cc60                __libc_lock_acquire_recursive
 .text.__libc_lock_release_recursive
                0x000000000201cc7c       0x1c /opt/devkitpro/devkitARM/bin/../lib/gcc/arm-none-eabi/10.2.0/../../../../arm-none-eabi/lib/thumb/libsysbase.a(syscall_support.o)
                0x000000000201cc7c                __libc_lock_release_recursive
 .text.__libc_lock_close_recursive
                0x000000000201cc98       0x1c /opt/devkitpro/devkitARM/bin/../lib/gcc/arm-none-eabi/10.2.0/../../../../arm-none-eabi/lib/thumb/libsysbase.a(syscall_support.o)
                0x000000000201cc98                __libc_lock_close_recursive
 .text.__release_handle
                0x000000000201ccb4       0x68 /opt/devkitpro/devkitARM/bin/../lib/gcc/arm-none-eabi/10.2.0/../../../../arm-none-eabi/lib/thumb/libsysbase.a(handle_manager.o)
                0x000000000201ccb4                __release_handle
 .text.__alloc_handle
                0x000000000201cd1c       0x80 /opt/devkitpro/devkitARM/bin/../lib/gcc/arm-none-eabi/10.2.0/../../../../arm-none-eabi/lib/thumb/libsysbase.a(handle_manager.o)
                0x000000000201cd1c                __alloc_handle
 .text.__get_handle
                0x000000000201cd9c       0x34 /opt/devkitpro/devkitARM/bin/../lib/gcc/arm-none-eabi/10.2.0/../../../../arm-none-eabi/lib/thumb/libsysbase.a(handle_manager.o)
                0x000000000201cd9c                __get_handle
 .text._close_r
                0x000000000201cdd0       0xb8 /opt/devkitpro/devkitARM/bin/../lib/gcc/arm-none-eabi/10.2.0/../../../../arm-none-eabi/lib/thumb/libsysbase.a(handle_manager.o)
                0x000000000201cdd0                _close_r
 .text.__dirnext
                0x000000000201ce88       0x58 /opt/devkitpro/devkitARM/bin/../lib/gcc/arm-none-eabi/10.2.0/../../../../arm-none-eabi/lib/thumb/libsysbase.a(dirent.o)
 .text.opendir  0x000000000201cee0       0xb8 /opt/devkitpro/devkitARM/bin/../lib/gcc/arm-none-eabi/10.2.0/../../../../arm-none-eabi/lib/thumb/libsysbase.a(dirent.o)
                0x000000000201cee0                opendir
 .text.closedir
                0x000000000201cf98       0x68 /opt/devkitpro/devkitARM/bin/../lib/gcc/arm-none-eabi/10.2.0/../../../../arm-none-eabi/lib/thumb/libsysbase.a(dirent.o)
                0x000000000201cf98                closedir
 .text.readdir  0x000000000201d000       0x84 /opt/devkitpro/devkitARM/bin/../lib/gcc/arm-none-eabi/10.2.0/../../../../arm-none-eabi/lib/thumb/libsysbase.a(dirent.o)
                0x000000000201d000                readdir
 .text.__getreent
                0x000000000201d084       0x28 /opt/devkitpro/devkitARM/bin/../lib/gcc/arm-none-eabi/10.2.0/../../../../arm-none-eabi/lib/thumb/libsysbase.a(getreent.o)
                0x000000000201d084                __getreent
 *fill*         0x000000000201d0ac        0x4 ff
 .text.__getreent.__stub
                0x000000000201d0b0       0xf8 linker stubs
 *(EXCLUDE_FILE(*.twl*) .gnu.warning)
 *(EXCLUDE_FILE(*.twl*) .gnu.linkonce.t*)
 *(.glue_7)
 .glue_7        0x000000000201d1b8        0x0 linker stubs
 *(.glue_7t)
 .glue_7t       0x000000000201d1b8        0x0 linker stubs
                0x000000000201d1b8                . = ALIGN (0x4)

.vfp11_veneer   0x000000000201d1b8        0x0
 .vfp11_veneer  0x000000000201d1b8        0x0 linker stubs

.v4_bx          0x000000000201d1b8        0x0
 .v4_bx         0x000000000201d1b8        0x0 linker stubs

.iplt           0x000000000201d1b8        0x0
 .iplt          0x000000000201d1b8        0x0 /opt/devkitpro/devkitARM/bin/../lib/gcc/arm-none-eabi/10.2.0/../../../../arm-none-eabi/lib/thumb/ds_arm9_crt0.o

.fini           0x000000000201d1b8        0xc
 *(.fini)
 .fini          0x000000000201d1b8        0x4 /opt/devkitpro/devkitARM/bin/../lib/gcc/arm-none-eabi/10.2.0/thumb/crti.o
                0x000000000201d1b8                _fini
 .fini          0x000000000201d1bc        0x8 /opt/devkitpro/devkitARM/bin/../lib/gcc/arm-none-eabi/10.2.0/thumb/crtn.o
                0x000000000201d1c4                __text_end = .

.rodata         0x000000000201d1e0     0x9300
 *(EXCLUDE_FILE(*.twl*) .rodata)
 *all.rodata*(*)
 *(EXCLUDE_FILE(*.twl*) .roda)
 *(EXCLUDE_FILE(*.twl*) .rodata.*)
 .rodata.str1.4
                0x000000000201d1e0      0x112 directory.o
                                        0x116 (size before relaxing)
 *fill*         0x000000000201d2f2        0x2 ff
 .rodata.nitroFSInit.str1.4
                0x000000000201d2f4        0x8 /opt/devkitpro/libnds/lib/libfilesystem.a(nitrofs.o)
 .rodata.str1.4
                0x000000000201d2fc        0xe /opt/devkitpro/libnds/lib/libfilesystem.a(nitrofs.o)
 *fill*         0x000000000201d30a        0x2 ff
 .rodata.fatMount.part.0.str1.4
                0x000000000201d30c        0x2 /opt/devkitpro/libnds/lib/libfat.a(libfat.o)
 *fill*         0x000000000201d30e        0x2 ff
 .rodata.fatInit.str1.4
                0x000000000201d310        0x3 /opt/devkitpro/libnds/lib/libfat.a(libfat.o)
 *fill*         0x000000000201d313        0x1 ff
 .rodata.str1.4
                0x000000000201d314        0x4 /opt/devkitpro/libnds/lib/libfat.a(libfat.o)
 .rodata.dotab_fat
                0x000000000201d318       0x70 /opt/devkitpro/libnds/lib/libfat.a(libfat.o)
 .rodata.str1.4
                0x000000000201d388        0x3 /opt/devkitpro/libnds/lib/libfat.a(disc.o)
                                          0x8 (size before relaxing)
 *fill*         0x000000000201d38b        0x1 ff
 .rodata._FAT_disc_interfaces
                0x000000000201d38c       0x18 /opt/devkitpro/libnds/lib/libfat.a(disc.o)
                0x000000000201d38c                _FAT_disc_interfaces
 .rodata._FAT_directory_entryFromPath.str1.4
                0x000000000201d3a4        0x7 /opt/devkitpro/libnds/lib/libfat.a(directory.o)
 .rodata.ILLEGAL_ALIAS_CHARACTERS
                0x000000000201d3a4       0x12 /opt/devkitpro/libnds/lib/libfat.a(directory.o)
 *fill*         0x000000000201d3b6        0x2 ff
 .rodata.ILLEGAL_LFN_CHARACTERS
                0x000000000201d3b8        0xa /opt/devkitpro/libnds/lib/libfat.a(directory.o)
 *fill*         0x000000000201d3c2        0x2 ff
 .rodata.LFN_offset_table
                0x000000000201d3c4       0x34 /opt/devkitpro/libnds/lib/libfat.a(directory.o)
 .rodata.FAT_SIG
                0x000000000201d3f8        0x3 /opt/devkitpro/libnds/lib/libfat.a(partition.o)
 *fill*         0x000000000201d3fb        0x1 ff
 .rodata.FS_TWL_SIG
                0x000000000201d3fc        0x8 /opt/devkitpro/libnds/lib/libfat.a(partition.o)
 .rodata.con_write.str1.4
                0x000000000201d404       0x30 /opt/devkitpro/libnds/lib/libnds9.a(console.o)
 .rodata.con_write
                0x000000000201d434       0xd4 /opt/devkitpro/libnds/lib/libnds9.a(console.o)
 .rodata.str1.4
                0x000000000201d508       0x14 /opt/devkitpro/libnds/lib/libnds9.a(console.o)
 .rodata.dotab_stdout
                0x000000000201d51c       0x70 /opt/devkitpro/libnds/lib/libnds9.a(console.o)
 *fill*         0x000000000201d58c       0x14 ff
 .rodata.default_font_bin
                0x000000000201d5a0     0x2000 /opt/devkitpro/libnds/lib/libnds9.a(default_font.bin.o)
                0x000000000201d5a0                default_font_bin
                0x000000000201f5a0                default_font_bin_end
 .rodata.SIN_LUT
                0x000000000201f5a0      0x102 /opt/devkitpro/libnds/lib/libnds9.a(trig.o)
                0x000000000201f5a0                SIN_LUT
 *fill*         0x000000000201f6a2        0x2 ff
 .rodata._ctype_
                0x000000000201f6a4      0x101 /opt/devkitpro/devkitARM/bin/../lib/gcc/arm-none-eabi/10.2.0/../../../../arm-none-eabi/lib/thumb/libg.a(lib_a-ctype_.o)
                0x000000000201f6a4                _ctype_
 *fill*         0x000000000201f7a5        0x3 ff
 .rodata._global_impure_ptr
                0x000000000201f7a8        0x4 /opt/devkitpro/devkitARM/bin/../lib/gcc/arm-none-eabi/10.2.0/../../../../arm-none-eabi/lib/thumb/libg.a(lib_a-impure.o)
                0x000000000201f7a8                _global_impure_ptr
 .rodata.str1.4
                0x000000000201f7ac       0x44 /opt/devkitpro/devkitARM/bin/../lib/gcc/arm-none-eabi/10.2.0/../../../../arm-none-eabi/lib/thumb/libg.a(lib_a-locale.o)
                                         0x4c (size before relaxing)
 .rodata._mbrtowc_r.str1.4
                0x000000000201f7f0        0x1 /opt/devkitpro/devkitARM/bin/../lib/gcc/arm-none-eabi/10.2.0/../../../../arm-none-eabi/lib/thumb/libg.a(lib_a-mbrtowc.o)
 .rodata.DAYS_IN_MONTH
                0x000000000201f7f0       0x30 /opt/devkitpro/devkitARM/bin/../lib/gcc/arm-none-eabi/10.2.0/../../../../arm-none-eabi/lib/thumb/libg.a(lib_a-mktime.o)
 .rodata._DAYS_BEFORE_MONTH
                0x000000000201f820       0x30 /opt/devkitpro/devkitARM/bin/../lib/gcc/arm-none-eabi/10.2.0/../../../../arm-none-eabi/lib/thumb/libg.a(lib_a-mktime.o)
 .rodata.__month_lengths
                0x000000000201f850       0x60 /opt/devkitpro/devkitARM/bin/../lib/gcc/arm-none-eabi/10.2.0/../../../../arm-none-eabi/lib/thumb/libg.a(lib_a-month_lengths.o)
                0x000000000201f850                __month_lengths
 .rodata._puts_r.str1.4
                0x000000000201f8b0       0x44 /opt/devkitpro/devkitARM/bin/../lib/gcc/arm-none-eabi/10.2.0/../../../../arm-none-eabi/lib/thumb/libg.a(lib_a-puts.o)
                                          0x2 (size before relaxing)
 .rodata.basefix.0
                0x000000000201f8b0       0x22 /opt/devkitpro/devkitARM/bin/../lib/gcc/arm-none-eabi/10.2.0/../../../../arm-none-eabi/lib/thumb/libg.a(lib_a-svfiscanf.o)
 .rodata._svfprintf_r.str1.1
                0x000000000201f8d2       0x3b /opt/devkitpro/devkitARM/bin/../lib/gcc/arm-none-eabi/10.2.0/../../../../arm-none-eabi/lib/thumb/libg.a(lib_a-svfprintf.o)
 *fill*         0x000000000201f90d        0x3 ff
 .rodata.blanks.1
                0x000000000201f910       0x10 /opt/devkitpro/devkitARM/bin/../lib/gcc/arm-none-eabi/10.2.0/../../../../arm-none-eabi/lib/thumb/libg.a(lib_a-svfprintf.o)
 .rodata.zeroes.0
                0x000000000201f920       0x10 /opt/devkitpro/devkitARM/bin/../lib/gcc/arm-none-eabi/10.2.0/../../../../arm-none-eabi/lib/thumb/libg.a(lib_a-svfprintf.o)
 .rodata._tzset_unlocked_r.str1.4
                0x000000000201f930       0x53 /opt/devkitpro/devkitARM/bin/../lib/gcc/arm-none-eabi/10.2.0/../../../../arm-none-eabi/lib/thumb/libg.a(lib_a-tzset_r.o)
 .rodata.str1.4
                0x000000000201f983        0x4 /opt/devkitpro/devkitARM/bin/../lib/gcc/arm-none-eabi/10.2.0/../../../../arm-none-eabi/lib/thumb/libg.a(lib_a-tzvars.o)
 .rodata._vfiprintf_r.str1.1
                0x000000000201f983       0x29 /opt/devkitpro/devkitARM/bin/../lib/gcc/arm-none-eabi/10.2.0/../../../../arm-none-eabi/lib/thumb/libg.a(lib_a-vfiprintf.o)
 *fill*         0x000000000201f983        0x1 ff
 .rodata.blanks.1
                0x000000000201f984       0x10 /opt/devkitpro/devkitARM/bin/../lib/gcc/arm-none-eabi/10.2.0/../../../../arm-none-eabi/lib/thumb/libg.a(lib_a-vfiprintf.o)
 .rodata.zeroes.0
                0x000000000201f994       0x10 /opt/devkitpro/devkitARM/bin/../lib/gcc/arm-none-eabi/10.2.0/../../../../arm-none-eabi/lib/thumb/libg.a(lib_a-vfiprintf.o)
 .rodata._vfprintf_r.str1.1
                0x000000000201f9a4       0x3b /opt/devkitpro/devkitARM/bin/../lib/gcc/arm-none-eabi/10.2.0/../../../../arm-none-eabi/lib/thumb/libg.a(lib_a-vfprintf.o)
 .rodata.blanks.1
                0x000000000201f9a4       0x10 /opt/devkitpro/devkitARM/bin/../lib/gcc/arm-none-eabi/10.2.0/../../../../arm-none-eabi/lib/thumb/libg.a(lib_a-vfprintf.o)
 .rodata.zeroes.0
                0x000000000201f9b4       0x10 /opt/devkitpro/devkitARM/bin/../lib/gcc/arm-none-eabi/10.2.0/../../../../arm-none-eabi/lib/thumb/libg.a(lib_a-vfprintf.o)
 .rodata._dtoa_r.str1.4
                0x000000000201f9c4       0x64 /opt/devkitpro/devkitARM/bin/../lib/gcc/arm-none-eabi/10.2.0/../../../../arm-none-eabi/lib/thumb/libg.a(lib_a-dtoa.o)
 .rodata.__multadd.str1.4
                0x000000000201fa28       0x3d /opt/devkitpro/devkitARM/bin/../lib/gcc/arm-none-eabi/10.2.0/../../../../arm-none-eabi/lib/thumb/libg.a(lib_a-mprec.o)
                                         0x51 (size before relaxing)
 *fill*         0x000000000201fa65        0x3 ff
 .rodata.__mprec_bigtens
                0x000000000201fa68       0x28 /opt/devkitpro/devkitARM/bin/../lib/gcc/arm-none-eabi/10.2.0/../../../../arm-none-eabi/lib/thumb/libg.a(lib_a-mprec.o)
                0x000000000201fa68                __mprec_bigtens
 .rodata.__mprec_tens
                0x000000000201fa90       0xc8 /opt/devkitpro/devkitARM/bin/../lib/gcc/arm-none-eabi/10.2.0/../../../../arm-none-eabi/lib/thumb/libg.a(lib_a-mprec.o)
                0x000000000201fa90                __mprec_tens
 .rodata.p05.0  0x000000000201fb58        0xc /opt/devkitpro/devkitARM/bin/../lib/gcc/arm-none-eabi/10.2.0/../../../../arm-none-eabi/lib/thumb/libg.a(lib_a-mprec.o)
 .rodata.__action_table
                0x000000000201fb64       0x6c /opt/devkitpro/devkitARM/bin/../lib/gcc/arm-none-eabi/10.2.0/../../../../arm-none-eabi/lib/thumb/libg.a(lib_a-svfiprintf.o)
                0x000000000201fb64                __action_table
 .rodata.__chclass
                0x000000000201fbd0      0x100 /opt/devkitpro/devkitARM/bin/../lib/gcc/arm-none-eabi/10.2.0/../../../../arm-none-eabi/lib/thumb/libg.a(lib_a-svfiprintf.o)
                0x000000000201fbd0                __chclass
 .rodata.__state_table
                0x000000000201fcd0       0x6c /opt/devkitpro/devkitARM/bin/../lib/gcc/arm-none-eabi/10.2.0/../../../../arm-none-eabi/lib/thumb/libg.a(lib_a-svfiprintf.o)
                0x000000000201fcd0                __state_table
 .rodata.__assert_func.str1.4
                0x000000000201fd3c       0x3f /opt/devkitpro/devkitARM/bin/../lib/gcc/arm-none-eabi/10.2.0/../../../../arm-none-eabi/lib/thumb/libg.a(lib_a-assert.o)
                                         0x43 (size before relaxing)
 *fill*         0x000000000201fd7b        0x1 ff
 .rodata.__jp2uc
                0x000000000201fd7c       0x20 /opt/devkitpro/devkitARM/bin/../lib/gcc/arm-none-eabi/10.2.0/../../../../arm-none-eabi/lib/thumb/libg.a(lib_a-jp2uc.o)
 .rodata._jp2uc_l.str1.4
                0x000000000201fd9c       0x12 /opt/devkitpro/devkitARM/bin/../lib/gcc/arm-none-eabi/10.2.0/../../../../arm-none-eabi/lib/thumb/libg.a(lib_a-jp2uc.o)
 *fill*         0x000000000201fdae        0x2 ff
 .rodata.a1     0x000000000201fdb0       0xbc /opt/devkitpro/devkitARM/bin/../lib/gcc/arm-none-eabi/10.2.0/../../../../arm-none-eabi/lib/thumb/libg.a(lib_a-jp2uc.o)
 .rodata.a2     0x000000000201fe6c       0xbc /opt/devkitpro/devkitARM/bin/../lib/gcc/arm-none-eabi/10.2.0/../../../../arm-none-eabi/lib/thumb/libg.a(lib_a-jp2uc.o)
 .rodata.a3     0x000000000201ff28       0x5b /opt/devkitpro/devkitARM/bin/../lib/gcc/arm-none-eabi/10.2.0/../../../../arm-none-eabi/lib/thumb/libg.a(lib_a-jp2uc.o)
 *fill*         0x000000000201ff83        0x1 ff
 .rodata.a6     0x000000000201ff84       0x70 /opt/devkitpro/devkitARM/bin/../lib/gcc/arm-none-eabi/10.2.0/../../../../arm-none-eabi/lib/thumb/libg.a(lib_a-jp2uc.o)
 .rodata.a7     0x000000000201fff4       0xa2 /opt/devkitpro/devkitARM/bin/../lib/gcc/arm-none-eabi/10.2.0/../../../../arm-none-eabi/lib/thumb/libg.a(lib_a-jp2uc.o)
 *fill*         0x0000000002020096        0x2 ff
 .rodata.a8     0x0000000002020098       0x40 /opt/devkitpro/devkitARM/bin/../lib/gcc/arm-none-eabi/10.2.0/../../../../arm-none-eabi/lib/thumb/libg.a(lib_a-jp2uc.o)
 .rodata.b02cf  0x00000000020200d8     0x172a /opt/devkitpro/devkitARM/bin/../lib/gcc/arm-none-eabi/10.2.0/../../../../arm-none-eabi/lib/thumb/libg.a(lib_a-jp2uc.o)
 *fill*         0x0000000002021802        0x2 ff
 .rodata.d02f4  0x0000000002021804     0x1a7c /opt/devkitpro/devkitARM/bin/../lib/gcc/arm-none-eabi/10.2.0/../../../../arm-none-eabi/lib/thumb/libg.a(lib_a-jp2uc.o)
 .rodata.categories
                0x0000000002023280     0x31e6 /opt/devkitpro/devkitARM/bin/../lib/gcc/arm-none-eabi/10.2.0/../../../../arm-none-eabi/lib/thumb/libg.a(lib_a-categories.o)
 *fill*         0x0000000002026466        0x2 ff
 .rodata.AddDevice.str1.4
                0x0000000002026468        0x8 /opt/devkitpro/devkitARM/bin/../lib/gcc/arm-none-eabi/10.2.0/../../../../arm-none-eabi/lib/thumb/libsysbase.a(iosupport.o)
 .rodata.dotab_stdnull
                0x0000000002026470       0x70 /opt/devkitpro/devkitARM/bin/../lib/gcc/arm-none-eabi/10.2.0/../../../../arm-none-eabi/lib/thumb/libsysbase.a(iosupport.o)
                0x0000000002026470                dotab_stdnull
 *(EXCLUDE_FILE(*.twl*) .gnu.linkonce.r*)
                0x00000000020264e0                . = ALIGN (0x4)

.ARM.extab
 *(.ARM.extab* .gnu.linkonce.armextab.*)
                0x00000000020264e0                __exidx_start = .

ARM.exidx
 *(.ARM.exidx* .gnu.linkonce.armexidx.*)
                0x00000000020264e0                __exidx_end = .
                0x00000000020264e0                . = ALIGN (0x4)
                0x00000000020264e0                PROVIDE (__preinit_array_start = .)

.preinit_array
 *(.preinit_array)
                0x00000000020264e0                PROVIDE (__preinit_array_end = .)
                0x00000000020264e0                PROVIDE (__init_array_start = .)

.init_array     0x00000000020264e0        0x4
 *(SORT_BY_NAME(.init_array.*))
 *(.init_array)
 .init_array    0x00000000020264e0        0x4 /opt/devkitpro/devkitARM/bin/../lib/gcc/arm-none-eabi/10.2.0/thumb/crtbegin.o
                0x00000000020264e4                PROVIDE (__init_array_end = .)
                [!provide]                        PROVIDE (__fini_array_start = .)

.fini_array     0x00000000020264e4        0x4
 *(.fini_array)
 .fini_array    0x00000000020264e4        0x4 /opt/devkitpro/devkitARM/bin/../lib/gcc/arm-none-eabi/10.2.0/thumb/crtbegin.o
 *(SORT_BY_NAME(.fini_array.*))
                [!provide]                        PROVIDE (__fini_array_end = .)

.ctors          0x00000000020264e8        0x0
 *crtbegin.o(.ctors)
 *(EXCLUDE_FILE(*crtend.o) .ctors)
 *(SORT_BY_NAME(.ctors.*))
 *(.ctors)
                0x00000000020264e8                . = ALIGN (0x4)

.dtors          0x00000000020264e8        0x0
 *crtbegin.o(.dtors)
 *(EXCLUDE_FILE(*crtend.o) .dtors)
 *(SORT_BY_NAME(.dtors.*))
 *(.dtors)
                0x00000000020264e8                . = ALIGN (0x4)

.eh_frame       0x00000000020264e8        0x4
 *(.eh_frame)
 .eh_frame      0x00000000020264e8        0x0 /opt/devkitpro/devkitARM/bin/../lib/gcc/arm-none-eabi/10.2.0/thumb/crtbegin.o